Skipping already converted PDF: 37-Morgan Stanley-Beijing Reacts to Weak Growth， EU Reacts to Beijing-260628.pdf -> /home/runner/work/rpt_edit/rpt_edit/xhs_notes/dropbox/260630/shard_7/0002-37-Morgan-Stanley-Beijing-Reacts-to-Weak-Growth--EU-Reacts-to-Beijing-26062
Skipping already converted PDF: 38-Bernstein-U.S. Machinery：Construction & Rental Equipment： May Dodge Construction Starts and the latest mega project starts-260629.pdf -> /home/runner/work/rpt_edit/rpt_edit/xhs_notes/dropbox/260630/shard_7/0003-38-Bernstein-U.S.-Machinery-Construction---Rental-Equipment--May-Dodge-Cons
Found 41 total PDFs; shard 7/40 has 5 PDFs, skips 2 already converted, will process 3 PDFs with batch_size=5.
Running batch 1: 3 PDFs
Found 3 PDFs. MinerU token slots available=2.
MinerU attempt 1/4 using MINER_U_2: submitting 3 PDF(s).
Uploading PDF to MinerU: /tmp/pdf_batch_001_4yhq_has/pdfs/0001-36-Goldman Sachs-Government Doubles Down on AI Support and Price Stabilization- Funded by AI-Boom Windfalls-260630.pdf
Uploading PDF to MinerU: /tmp/pdf_batch_001_4yhq_has/pdfs/0004-39-Morgan Stanley-AI-s Insatiable Appetite for Memory-260628.pdf
Uploading PDF to MinerU: /tmp/pdf_batch_001_4yhq_has/pdfs/0005-40-Morgan Stanley-ASEAN Telecoms - Data Centers- Beneficiaries of the New Computing Paradigm-260629.pdf
MinerU attempt 1 using MINER_U_2 batch_id=029fd156-3d2b-4fbd-a6f6-03a96a25e97b
MinerU states: pending, done, pending
MinerU states: failed, done, done
1 PDF(s) remain incomplete after attempt 1.
MinerU attempt 2/4 using MINER_U: submitting 1 PDF(s).
Uploading PDF to MinerU: /tmp/pdf_batch_001_4yhq_has/pdfs/0001-36-Goldman Sachs-Government Doubles Down on AI Support and Price Stabilization- Funded by AI-Boom Windfalls-260630.pdf
MinerU attempt 2 using MINER_U batch_id=382ab626-6899-435e-861c-03ad85291821
MinerU states: pending
MinerU states: failed
1 PDF(s) remain incomplete after attempt 2.
MinerU attempt 3/4 using MINER_U_2: submitting 1 PDF(s).
Uploading PDF to MinerU: /tmp/pdf_batch_001_4yhq_has/pdfs/0001-36-Goldman Sachs-Government Doubles Down on AI Support and Price Stabilization- Funded by AI-Boom Windfalls-260630.pdf
MinerU attempt 3 using MINER_U_2 batch_id=7225c9f8-abea-4b52-9755-00a981a021af
MinerU states: waiting-file
MinerU states: failed
1 PDF(s) remain incomplete after attempt 3.
MinerU attempt 4/4 using MINER_U: submitting 1 PDF(s).
Uploading PDF to MinerU: /tmp/pdf_batch_001_4yhq_has/pdfs/0001-36-Goldman Sachs-Government Doubles Down on AI Support and Price Stabilization- Funded by AI-Boom Windfalls-260630.pdf
MinerU attempt 4 using MINER_U batch_id=47c83bf0-e3f6-416f-97a2-8465fee3deef
MinerU states: waiting-file
MinerU states: failed
1 PDF(s) remain incomplete after attempt 4.
Skipping PDF after MinerU retry exhaustion: 0001-36-Goldman Sachs-Government Doubles Down on AI Support and Price Stabilization- Funded by AI-Boom Windfalls-260630.pdf
/home/runner/work/rpt_edit/rpt_edit/scripts/pdf_to_xhs_batch.py:277: DeprecationWarning: Image.Image.getdata is deprecated and will be removed in Pillow 14 (2027-10-15). Use get_flattened_data instead.
  pixels = list(gray.getdata())
Skip non-chart visual asset aa346543112d7891221a39726bf0047b1a5d5ebce91eea53f05ec17552ed8f1b.jpg: score=0;square_without_chart_hint,edge:0.35,contrast
Skip non-chart visual asset 8b75da7f7df5d2e305ea97fa49f322b2c79d8d62e9f484c8e1726c57846f009a.jpg: score=-100;too_small:901x168
Skip non-chart visual asset e7a42cd7e33630009cb946468c00d13b2240b62ff9e73f48064a6e613e13b060.jpg: score=0;square_without_chart_hint,edge:0.28,contrast
Skip non-chart visual asset 881a4a23f30d3e45eb7f0f537ea56ae7b45a20315364778df1b7c74cdbeae227.jpg: score=0;square_without_chart_hint,edge:0.14,large
Skip non-chart visual asset f69295fbff35fe280219ab87f67451165ff661f443ef83120fbe52c547adb1e6.jpg: score=1;large
Skip non-chart visual asset f790b31f366f08475fa2027c6f94fc8b26392e1f4aebda0e63285e5ae00d579e.jpg: score=-100;too_small:226x214
Skip non-chart visual asset cbf55c202440813ac14c814e80d1c8b8c6864e63e3716a41c590a57338907a26.jpg: score=1;chart_ratio,square_without_chart_hint,edge:0.31,contrast
Skip non-chart visual asset 769d01335e1eb576bb53053fa7cfc432b4248775c2fda88349ec4ec20039e335.jpg: score=-100;too_small:518x134
Skip non-chart visual asset 9f90c8c6a5b8bc7216a5349fc63972de0a24b4f9810f7dd083ae61d4ba6e3e97.jpg: score=-2;odd_ratio:6.68,large
Skip non-chart visual asset 186d3a36e2d329b17f038239ff434bcf5ac82d266bc867ac071fbad4a9b5db39.jpg: score=-100;too_small:449x217
Skip non-chart visual asset acf60d8cf5428312773072c340fdc80420e4ab12c95af44596652ec34afd2d65.jpg: score=-100;too_small:151x82
Skip non-chart visual asset 63be5d5fdffd76f8c4361948db8efe9c0899cc6f765d24f6412b25ec24b3a4d3.jpg: score=-100;too_small:232x228
Skip non-chart visual asset 7937961144b008142be714c81bc4a55778e1b1a03c8839a03fb5097fbbae894e.jpg: score=-100;too_small:192x187
Skip non-chart visual asset 6667d6bbf2244e90a95ee829f5d22d5a922a7cd8e8c85b56bcca5eaf622b4282.jpg: score=-1;odd_ratio:7.90,edge:0.25
Skip non-chart visual asset 0b6543ce3386868837333f1f7479ae2a2d4dbb54543dd1adff9abaf571ab5505.jpg: score=-100;too_small:449x215
Skip non-chart visual asset f467158434d8131798976b86e527e110bae876572296ccdb85a91afe9d14c69c.jpg: score=2;chart_ratio,square_without_chart_hint,edge:0.20,contrast,large
Skip non-chart visual asset c45273fde970217c38a6393cd6a80d56660eebb863584805ddcf376e68923645.jpg: score=-100;too_small:256x248
Skip non-chart visual asset 58a519bbfda59d0427e18544bf667fe673d24e16733cd8fd570103c4d65c2950.jpg: score=-100;too_small:143x71
Skip non-chart visual asset 5bf4aa3242fb0d6fa6c5ac7d3806e40710e471a1b4020fe5d59ea453f6a2e5bf.jpg: score=-100;too_small:148x81
Skip non-chart visual asset 3aabb40806168325b74ab19f258883f39762732f02c65c10490307a74eba558d.jpg: score=-100;too_small:624x84
Done. Results written to /home/runner/work/rpt_edit/rpt_edit/xhs_notes/dropbox/260630/shard_7; successful_reports=2; mineru_timed_out=False; mineru_attempts=4
All batches completed successfully. Generated 6 report directories.
