Found 36 total PDFs; shard 6/40 has 5 PDFs, skips 0 already converted, will process 5 PDFs with batch_size=5.
Running batch 1: 5 PDFs
Found 5 PDFs.
Uploading PDF to MinerU: /tmp/pdf_batch_001_u97fxsb9/pdfs/0001-31-MS-US Technology Large-Cap Institutional Ownership 1Q26 Mega-Cap Tech Under-Ownership Narrows-260519.pdf
Uploading PDF to MinerU: /tmp/pdf_batch_001_u97fxsb9/pdfs/0002-32-Morgan Stanley-China Autos - Shared Mobility-Europe Marketing Feedback-Global Auto Shake-up-260518.pdf
Uploading PDF to MinerU: /tmp/pdf_batch_001_u97fxsb9/pdfs/0003-33-Morgan Stanley-Investor Presentation-Electronic Components- Renewed Focus on ValueAdded N. American Smartphone Components Plus AI Computing-260519.pdf
Uploading PDF to MinerU: /tmp/pdf_batch_001_u97fxsb9/pdfs/0004-34-Morgan Stanley-Tech Bytes-LTAs - How They Are Affecting Memory-260518.pdf
Uploading PDF to MinerU: /tmp/pdf_batch_001_u97fxsb9/pdfs/0005-35-Bernstein-Midcap Research-Nice European Small and Midcap conference- 10 questions for management-260519.pdf
MinerU batch_id=1ec6bea3-8451-41f1-85cd-564fe1f4f78f
MinerU states: running, running, pending, pending, waiting-file
MinerU states: running, done, running, running, running
MinerU states: running, done, running, running, running
MinerU states: running, done, running, running, running
MinerU states: running, done, running, running, running
MinerU states: running, done, running, done, running
MinerU states: running, done, running, done, running
MinerU states: running, done, running, done, done
MinerU states: running, done, running, done, done
MinerU states: running, done, running, done, done
MinerU states: running, done, running, done, done
MinerU states: running, done, running, done, done
MinerU states: done, done, done, done, done
Done. Results written to /home/runner/work/rpt_edit/rpt_edit/xhs_notes/dropbox/260520/shard_6
All batches completed successfully.
