Found 27 total PDFs; shard 3/40 has 5 PDFs, skips 0 already converted, will process 5 PDFs with batch_size=5.
Running batch 1: 5 PDFs
Found 5 PDFs. MinerU token slots available=2.
MinerU attempt 1/4 using MINER_U_2: submitting 5 PDF(s).
Uploading PDF to MinerU: /tmp/pdf_batch_001_njqmshvv/pdfs/0001-16-Morgan Stanley-Burberry -BRBY.L--Addressing Investor Pushback- Stay Overweight-260717.pdf
Uploading PDF to MinerU: /tmp/pdf_batch_001_njqmshvv/pdfs/0002-17-Jefferies-Lithium Value Chain Survey- Momentum Soft- Outlook Deteriorates-260717.pdf
Uploading PDF to MinerU: /tmp/pdf_batch_001_njqmshvv/pdfs/0003-18-Morgan Stanley-Biopharma-A picture is worth a thousand words-260717.pdf
Uploading PDF to MinerU: /tmp/pdf_batch_001_njqmshvv/pdfs/0004-19-Morgan Stanley-China Healthcare-China Biotech Valuation and Liquidity Monthly-260717.pdf
Uploading PDF to MinerU: /tmp/pdf_batch_001_njqmshvv/pdfs/0005-20-Morgan Stanley-LVMH-LVMH.PA-Champagne exports accelerated in 2Q26-260717.pdf
MinerU attempt 1 using MINER_U_2 batch_id=2892650e-de26-4e6e-b168-406606f26d35
MinerU states: running, running, running, pending, pending
MinerU states: done, done, running, running, running
MinerU states: done, done, running, done, done
MinerU states: done, done, running, done, done
MinerU states: done, done, running, done, done
MinerU states: done, done, running, done, done
MinerU states: done, done, done, done, done
/home/runner/work/rpt_edit/rpt_edit/scripts/pdf_to_xhs_batch.py:292: DeprecationWarning: Image.Image.getdata is deprecated and will be removed in Pillow 14 (2027-10-15). Use get_flattened_data instead.
  pixels = list(gray.getdata())
Skip non-chart visual asset 2922caa26b36ad7e3988e1ec23dce274b32c399cf973f408dc405ce0d6ffe241.jpg: score=1;large
Skip non-chart visual asset 9d1f586a5493e9df90ecb05647b48e0a78b8dccd46dd1a37f93460756aacf7aa.jpg: score=-100;too_small:276x173
Skip non-chart visual asset a6b9e873299a4c3552388badacf44383e3e5898be1cb582852397aecd5321d11.jpg: score=0;odd_ratio:5.88,edge:0.18,large
Skip non-chart visual asset b72c3d5a47c84a536da5b51b2a7113afd2f37ea582ba08d4c1c164b1a20d6cec.jpg: score=1;chart_ratio
Skip non-chart visual asset 939844d3c8577a9f24f738f50ed47f428b4d1762fa30ea2cb404e746475bf9e8.jpg: score=1;large
Skip non-chart visual asset b11b4ca45583b0cf6e8b9f3ea4ccafbd7db22b0e9087bc5f5c387a2bc7ad1314.jpg: score=0;square_without_chart_hint,edge:0.37,large
Skip non-chart visual asset fa13393f0e00ade91a67ce50b73bca90730a504c2647aac9b1a777df1da54e98.jpg: score=-1;chart_ratio,low_edge:0.04
Skip non-chart visual asset f771fde4fa0bbb53d299a3b7d91813cec1f01facdad2679c9dabf84bce96a998.jpg: score=2;chart_ratio,large
Skip non-chart visual asset 184c312c6568fb4e46c7c8350398b2302c2382d3bcf5ec86c083e797d2f6b30d.jpg: score=1;odd_ratio:5.38,edge:0.23,contrast,large
Skip non-chart visual asset ab39567dbc51570dcce33cfd6b26a18897242c0999b3f1ec3505755db44c16e3.jpg: score=1;large
Skip non-chart visual asset 9cf896eee2f89d55fbc0f4dd7137dcf108d9a383b2a6474fd9068007714646c6.jpg: score=0;square_without_chart_hint,edge:0.28,large
Skip non-chart visual asset faa40d3c3e539816d172bc62874ec2ab9e2e7f876f933ee9d7413e71b6eaf122.jpg: score=2;chart_ratio,large
Skip non-chart visual asset 7ed1a34004ad7cd5f416e77298ce5c38cd1ef476ea8dc6043a50abb74551b24e.jpg: score=2;chart_ratio,large
Skip non-chart visual asset 9e0c1ddaeea4219d7222493f0f65c574126c59da1decc1095405a8c27a5dd87b.jpg: score=1;large
Skip non-chart visual asset f1c7ca8613d1ae8ae21a05f9d194c4cb4c4aeaf648881ba37cd2bf6ade91e78b.jpg: score=-100;too_small:518x137
Skip non-chart visual asset 89e1f84da718a043633ade5480287224cb5e1d3de52a17199ec0a46c52e95798.jpg: score=-1;odd_ratio:6.73,edge:0.13
Skip non-chart visual asset d87f5f654467bcfbec1766fa65f35a69708cc90fe18fe4b4603c9bfcb51e3dc3.jpg: score=0;square_without_chart_hint,edge:0.32,large
Skip non-chart visual asset 4def873463926e60093a060e617e0e4586246f5879a779e15cb267443c504428.jpg: score=-100;too_small:420x217
Skip non-chart visual asset 6a0e1283f7e94e8a42e110c45d4216f1fb4937f1765cce39b4f62e20951685b7.jpg: score=2;chart_ratio,square_without_chart_hint,edge:0.12,contrast,large
Skip non-chart visual asset 3ea18e648b74301da86faec17ba0386a8142012bb2ab4d278fec12667699110a.jpg: score=0;chart_ratio,square_without_chart_hint,edge:0.38
Skip non-chart visual asset d35b5dc4dd0a06d253b923059c297d1cd1ec4bf7ac6299c4eb462eaad5231e5c.jpg: score=1;large
Done. Results written to /home/runner/work/rpt_edit/rpt_edit/xhs_notes/dropbox/260719/shard_3; successful_reports=5; mineru_timed_out=False; mineru_attempts=1
All batches completed successfully. Generated 5 report directories.
