Found 39 total PDFs; shard 4/40 has 5 PDFs, skips 0 already converted, will process 5 PDFs with batch_size=5.
Running batch 1: 5 PDFs
Found 5 PDFs.
Uploading PDF to MinerU: /tmp/pdf_batch_001_v2vq5615/pdfs/0001-21-Bernstein-India Industrials and Infrastructure- India Energy Security--1Coal Gasification- The color of energy doesn-t matter anymore...-260514.pdf
Uploading PDF to MinerU: /tmp/pdf_batch_001_v2vq5615/pdfs/0002-22-Bernstein-Weekend Healthcare Pulse- Prescription for AI- Google Health takes the lead-260515.pdf
Uploading PDF to MinerU: /tmp/pdf_batch_001_v2vq5615/pdfs/0003-23-Bernstein-U.S. SMID-Cap Software Cybersecurity- Is FTNT upside surprise a signal for other vendors--260514.pdf
Uploading PDF to MinerU: /tmp/pdf_batch_001_v2vq5615/pdfs/0004-24-Bernstein-US Communications Infrastructure Data Centers- What a top-tier data center market looks like- including the DLR and EQIX footprints-260515.pdf
Uploading PDF to MinerU: /tmp/pdf_batch_001_v2vq5615/pdfs/0005-25-Goldman Sachs-Americas Technology INTERNET Q1-26 EPS Review- Where to from Here- Recapping Takeaways - Debates- Focus Stocks Going Forward-260514.pdf
MinerU batch_id=ef9abbd4-b42a-4015-8da3-335fc49d046e
MinerU states: pending, pending, pending, pending, waiting-file
MinerU states: running, running, running, running, running
MinerU states: running, done, running, running, running
MinerU states: running, done, running, running, running
MinerU states: running, done, running, done, running
MinerU states: running, done, running, done, running
MinerU states: running, done, running, done, running
MinerU states: done, done, running, done, running
MinerU states: done, done, running, done, running
MinerU states: done, done, running, done, running
MinerU states: done, done, done, done, running
MinerU states: done, done, done, done, running
MinerU states: done, done, done, done, running
MinerU states: done, done, done, done, running
MinerU states: done, done, done, done, running
MinerU states: done, done, done, done, done
Done. Results written to /home/runner/work/rpt_edit/rpt_edit/xhs_notes/dropbox/260515/shard_4
All batches completed successfully.
