Found 91 total PDFs; shard 6/40 has 5 PDFs, skips 0 already converted, will process 5 PDFs with batch_size=5.
Running batch 1: 5 PDFs
Found 5 PDFs. MinerU token slots available=4.
MinerU attempt 1/4 using MINER_U_3: submitting 5 PDF(s).
Uploading PDF to MinerU: /tmp/pdf_batch_001_ra0b1ft1/pdfs/0001-31-Goldman Sachs-Japan Healthcare- Roche Galderma 2Q results read-across- Chugai-s global products solid overall- Buy-260724.pdf
Uploading PDF to MinerU: /tmp/pdf_batch_001_ra0b1ft1/pdfs/0002-32-Goldman Sachs-Japan Semiconductor Capital Equipment- Intel 2Q read-across- Significantly raises capex outlook- we highlight Buy-rated Lasertec TEL-260724.pdf
Uploading PDF to MinerU: /tmp/pdf_batch_001_ra0b1ft1/pdfs/0003-33-Goldman Sachs-International Business Machines Corp. -IBM.US-- Ticks down guidance on mainframe pushouts- execution needs to improve for the stock to work-260722.pdf
Uploading PDF to MinerU: /tmp/pdf_batch_001_ra0b1ft1/pdfs/0004-34-Goldman Sachs-MiniMax Group -0100.HK- Takeaways from Founder CEO meeting- Pursuing ultimate price-to-performance- reiterate Buy-260724.pdf
Uploading PDF to MinerU: /tmp/pdf_batch_001_ra0b1ft1/pdfs/0005-35-Goldman Sachs-Mitsubishi Electric -6503.T-- Announces AI sensor JV with Sony- to boost sensor space for physical AI- aligns with FA digital strategy- Buy-260722.pdf
MinerU attempt 1 using MINER_U_3 batch_id=be84def1-7431-4d8f-a0d8-bba7ff26eef0
MinerU states: done, done, done, done, pending
MinerU states: done, done, done, done, done
Skip non-chart visual asset c7376d525e33f8454d8075c73de06ff3fdec58ac0662156e9062f6f24c5c1c83.jpg: score=-100;too_small:1156x106
MinerU images did not look like charts; keeping only the title card and letting downstream AI fill body images.
/home/runner/work/rpt_edit/rpt_edit/scripts/pdf_to_xhs_batch.py:307: DeprecationWarning: Image.Image.getdata is deprecated and will be removed in Pillow 14 (2027-10-15). Use get_flattened_data instead.
  pixels = list(gray.getdata())
Skip non-chart visual asset 12db02b41b8950c16e4ee3da25085033b6282ea82f93d2eccf01a15bf545fe42.jpg: score=-100;too_small:1162x115
Skip non-chart visual asset 53e37596d328dd8192da1d77d486f9634e8f841ba39ee5f63450b4204415434c.jpg: score=0;odd_ratio:6.20,edge:0.24,contrast
Skip non-chart visual asset 538512d89e7521d3cf5075cff13e643c6eaf82f20f1c20c33bab833e87e51d09.jpg: score=-100;too_small:465x165
Skip non-chart visual asset f19ce2e4d63202a0ddbe801c51affe800e47d280d1e3dd5d07f12697a9f398dd.jpg: score=0;chart_ratio,square_without_chart_hint,edge:0.28
Skip non-chart visual asset 097bdbf1589d0931ab1f59fdb6e281b63d46e43759be7150244f579c69e996be.jpg: score=-100;too_small:1159x110
Neutralized WeChat title while keeping the report: 高盛：IBM下调全年指引，硬件与软件收入结构变化影响市场定价 -> 高盛：软件行业数据与主题变化观察
Skip non-chart visual asset 17d1ff6b6b27e8dbaf20be75febf09a26fdf8f218b79353504647b4f4407b46c.jpg: score=0;square_without_chart_hint,edge:0.32,large
Skip non-chart visual asset 7493b14d74594e761722021b4d70dbc397ec04cb2b40b14bccf2567e2c2c40cc.jpg: score=1;chart_ratio,square_without_chart_hint,edge:0.25,large
Skip non-chart visual asset 9b12e4896841593ef6f5880f944609c2496144922a0969af1390f0910459f46f.jpg: score=1;chart_ratio,square_without_chart_hint,edge:0.32,large
Skip non-chart visual asset bed4c040961adaca4bb9a8e5f899b971b31ff6ad2f1402ce4ae614602467e59e.jpg: score=2;chart_ratio,square_without_chart_hint,edge:0.30,contrast,large
Skip non-chart visual asset dec5f8cb76de747e62b0a40930a69a444bedca0fd2fb19272a987fc4c474aa2f.jpg: score=-100;too_small:1159x106
Skip non-chart visual asset fbb4d6186974d29f11b153fea8be56578c13af83cc7479306403e23092c44a6a.jpg: score=-100;too_small:509x126
Skip non-chart visual asset fae6f708bd388f582053f5d8383c19357262bc5492964027a6752a3967651baa.jpg: score=2;edge:0.33
Skip non-chart visual asset 37311796ee0739913a9733cd5ca83b7d496f555f356bde5d37d659fb27a81356.jpg: score=-100;too_small:1156x109
Done. Results written to /home/runner/work/rpt_edit/rpt_edit/xhs_notes/dropbox/260724/shard_6; successful_reports=5; mineru_timed_out=False; mineru_attempts=1
All batches completed successfully. Generated 5 report directories.
