Found 34 total PDFs; shard 6/40 has 4 PDFs, skips 0 already converted, will process 4 PDFs with batch_size=5.
Running batch 1: 4 PDFs
Found 4 PDFs. MinerU token slots available=2.
MinerU attempt 1/4 using MINER_U_2: submitting 4 PDF(s).
Uploading PDF to MinerU: /tmp/pdf_batch_001_xq2uak7f/pdfs/0001-32-Nomura-China Internet - New Media-Takeaways from air travel expert call-260706.pdf
Uploading PDF to MinerU: /tmp/pdf_batch_001_xq2uak7f/pdfs/0002-33-Nomura-China Internet - New Media-Takeaways from TikTok shop logistics expert call-260706.pdf
Uploading PDF to MinerU: /tmp/pdf_batch_001_xq2uak7f/pdfs/0003-34-UBS-Memory Semis Monthly July -26 Edition-Further pricing upside amidst LTA negotiations-260703.pdf
Uploading PDF to MinerU: /tmp/pdf_batch_001_xq2uak7f/pdfs/0004-35-Nomura-USD CNY fix model-Projection- 6.7853-260706.pdf
MinerU attempt 1 using MINER_U_2 batch_id=8ad59046-5309-4e6d-abc6-02ab23e1eced
MinerU states: running, pending, running, waiting-file
MinerU states: done, done, running, done
MinerU states: done, done, done, done
/home/runner/work/rpt_edit/rpt_edit/scripts/pdf_to_xhs_batch.py:285: DeprecationWarning: Image.Image.getdata is deprecated and will be removed in Pillow 14 (2027-10-15). Use get_flattened_data instead.
  pixels = list(gray.getdata())
Skip non-chart visual asset ee53f4a95710a4e69454e0179181640c5ce9f0970981eaf9f3ee27b5126d9329.jpg: score=-100;too_small:1409x85
Skip non-chart visual asset 62f592252654895a848c953d08a1b6b4000decca8b72f75d1fa526b92bddddfe.jpg: score=-100;too_small:1409x85
Skip non-chart visual asset a2ad0d932b7c37c6fbfc809066d20d9ae3ba5685cdf27f6d0a38e12bb1ec28bb.jpg: score=1;chart_ratio,square_without_chart_hint,edge:0.31,large
Skip non-chart visual asset 369292ead3193e22fb0cdb3f7f8778b24004e7ff7542d8ba7e19258243673e66.jpg: score=1;chart_ratio,square_without_chart_hint,edge:0.19,large
Skip non-chart visual asset d1c7df0529391ded5531f244353e87ce005c23b636c575adeee797ab6fdb5e1b.jpg: score=-1;odd_ratio:7.42,edge:0.23
Skip non-chart visual asset 168629c46def4a0d8717d0c85f1d2617cef748e77edd533357ad288719235468.jpg: score=0;square_without_chart_hint,edge:0.27,large
Skip non-chart visual asset f43b817f3423cccff9215d57d205bb5bf0d8295bf8aa728fd30b0ae69938f010.jpg: score=0;odd_ratio:5.23,edge:0.26,large
Skip non-chart visual asset 33a167e2f6ec7b3fdf4980add1cfcd518453d7811e1c9514f5db1f6cd5d57f23.jpg: score=1;chart_ratio,square_without_chart_hint,edge:0.13,contrast
Skip non-chart visual asset 15e70fcb01f0bc7f7d6091dde56babd4496d5318c903ad32ac600f5db3d04df2.jpg: score=0;square_without_chart_hint,edge:0.28,large
Skip non-chart visual asset 296b588a3cf08a9cd888c1c4b064faaf87b1aa289246bd98f602d5a3f97f9763.jpg: score=0;odd_ratio:5.34,edge:0.19,large
Skip non-chart visual asset 3d368fdc3d1ce620427f97ee80b88ae0f831f78abf6e12cd88cd24909d114789.jpg: score=1;chart_ratio,square_without_chart_hint,edge:0.13,contrast
Skip non-chart visual asset ed71e0d41104bbcbdc5842a4af585d9a7eb0a99988fb2dce523b7af0274e80d8.jpg: score=1;chart_ratio,square_without_chart_hint,edge:0.12,contrast
Skip non-chart visual asset 904f8bba257469081889539e824e2d56cc3858038dd9966eeb1aaa87f7deec4b.jpg: score=-1;odd_ratio:7.12,edge:0.24
Skip non-chart visual asset cb43694edccdf221f9f84a01610892ea36bb3dd5a8baa7fb9ad8ac283a85d9d7.jpg: score=0;square_without_chart_hint,edge:0.26,large
Skip non-chart visual asset 0f7ab9ee5058105679ad62f22ecd2d0df14fb79c1dc6b4f91f8a96cef673d9ba.jpg: score=0;odd_ratio:5.04,edge:0.20,large
Skip non-chart visual asset 41c18a0ae157b0f4d4702399b9c48c4ec9b65f72441c6a7828b2ae2455a81c2b.jpg: score=1;chart_ratio
Skip non-chart visual asset a82fbb10cbdf28b35bc927dce5abb59f59170f38e188df0a27e1abcc60dca4b8.jpg: score=-1;odd_ratio:7.01,edge:0.22
Skip non-chart visual asset 4a3d759ab62823b3c06271658122ea45a48fe30c32e2fa946764760469e93afe.jpg: score=1;chart_ratio,square_without_chart_hint,edge:0.11,contrast
Skip non-chart visual asset 6a6fbd93092335964af92ac17a90c98541f323057c2e5dc13595e4eaf8bc029f.jpg: score=-1;square_without_chart_hint,edge:0.35
Skip non-chart visual asset b4002e1a826850ab0420ad4bf8e90f9fe19f48542e5460f30902f53560b89c11.jpg: score=-100;too_small:293x618
Skip non-chart visual asset 5173abc6cd329ed0d56cb7015aebe1dc2007ca162c54dfc7c9e42d0927a62fb8.jpg: score=0;odd_ratio:7.58,edge:0.28,contrast
Skip non-chart visual asset 8a0d5dea53ecd0d1d5b4b94b1c5212fe6f23fe302b75070c06b709147f5c7c56.jpg: score=-1;odd_ratio:7.53,edge:0.24
Skip non-chart visual asset 381e26f92fa4ed945e1596363e66f0323bf11805ccc4a09f320acf0e22b1baff.jpg: score=1;chart_ratio,square_without_chart_hint,edge:0.15,contrast
Skip non-chart visual asset fe09f7c65e4d7b5da7444fba0816ff89feee057c04624d034fa1629ce2dc0ebc.jpg: score=-1;odd_ratio:7.55,edge:0.24
Skip non-chart visual asset e216bdbfedc3cc8a20822ecc6fbfa40ee4caf2f0a53b02f87982475191f1fc88.jpg: score=-1;odd_ratio:6.76,edge:0.21
Skip non-chart visual asset 366252755d6725c2994baa4c6f060d5e8203b1f09cb848a2e8d4a83068b70943.jpg: score=-100;too_small:1412x159
Skip non-chart visual asset 06629380162d182f6604215da4fc45a431b893efe3358e42915f9dbf24a68fdd.jpg: score=1;chart_ratio,square_without_chart_hint,edge:0.18,large
Done. Results written to /home/runner/work/rpt_edit/rpt_edit/xhs_notes/dropbox/260706/shard_6; successful_reports=4; mineru_timed_out=False; mineru_attempts=1
All batches completed successfully. Generated 4 report directories.
