Found 78 total PDFs; shard 13/40 has 5 PDFs, skips 0 already converted, will process 5 PDFs with batch_size=5.
Running batch 1: 5 PDFs
Found 5 PDFs. MinerU token slots available=2.
MinerU attempt 1/4 using MINER_U_2: submitting 5 PDF(s).
Uploading PDF to MinerU: /tmp/pdf_batch_001_svnsy178/pdfs/0001-66-Morgan Stanley-Refiners -Golden Age-- Pushback - Feedback-260720.pdf
Uploading PDF to MinerU: /tmp/pdf_batch_001_svnsy178/pdfs/0002-67-Morgan Stanley-Tesla Inc-TSLA.US--Rolling Through the Sunshine State-260721.pdf
Uploading PDF to MinerU: /tmp/pdf_batch_001_svnsy178/pdfs/0003-68-Morgan Stanley-SpaceX-SPCX.US-Stefan-Boltzmann-Das ist super cool-260721.pdf
Uploading PDF to MinerU: /tmp/pdf_batch_001_svnsy178/pdfs/0004-69-Morgan Stanley-Semiconductors-Disti Survey 2Q-26- Broadly Holding Up-260720.pdf
Uploading PDF to MinerU: /tmp/pdf_batch_001_svnsy178/pdfs/0005-70-Morgan Stanley-US Rates Strategy-Option Menu - Trade Ideas for Your Rates View-260720.pdf
MinerU attempt 1 using MINER_U_2 batch_id=6d890465-5639-4426-a335-f73ed99e35c5
MinerU states: pending, pending, pending, pending, pending
MinerU states: pending, pending, pending, pending, pending
MinerU states: pending, pending, pending, pending, pending
MinerU states: pending, pending, pending, pending, pending
MinerU states: running, running, running, running, running
MinerU states: done, done, running, running, done
MinerU states: done, done, done, done, done
/home/runner/work/rpt_edit/rpt_edit/scripts/pdf_to_xhs_batch.py:293: DeprecationWarning: Image.Image.getdata is deprecated and will be removed in Pillow 14 (2027-10-15). Use get_flattened_data instead.
  pixels = list(gray.getdata())
Skip non-chart visual asset 953ffbca1e823945e25eee4e1a1df5afdf9d3eaaf8613850adc7263b47889404.jpg: score=-100;too_small:531x118
Skip non-chart visual asset 9afb5083c18d714046e0f55f2a38ae5a28e4dec0dd745ab753d71377d0044a79.jpg: score=-100;too_small:515x132
Skip non-chart visual asset 409628e923faba956e265793269404b1912146d8626355bacb1d4c518aaafa74.jpg: score=-100;too_small:529x84
Skip non-chart visual asset 7dfd36dd8e2a7c7d65e3123a01e790fd0f7cbb9870f7ce32ad8f6cfc479e42fa.jpg: score=-100;too_small:531x114
Skip non-chart visual asset 244f195d3086feece5ac80f43f7b92ac434fa1b1b6cbb234d9076a25e3f56912.jpg: score=1;large
Skip non-chart visual asset e26b84044f02f329eba03a6c980caa2246d975e9224de55c4496a89539cbcebb.jpg: score=-100;too_small:529x81
Skip non-chart visual asset 037892166a28325aecbb69e4f3e55b5fe61c9d2ede29fe08d71bc9ba097fc72f.jpg: score=-100;too_small:529x84
Skip non-chart visual asset c4d848978a1f6274aec7033f841792dfe4056cc102e6fc3854b025c87dba2c7d.jpg: score=-100;too_small:531x118
Skip non-chart visual asset f24ba1b803cb875a2922ef9e8d46bded442bcb21f4061a520542bdcaf9c982c1.jpg: score=-100;too_small:529x87
Neutralized WeChat title while keeping the report: 摩根士丹利：炼油行业供需缺口与利润率重估 -> 摩根士丹利：研究主题与行业变化观察
Skip non-chart visual asset dd759d5dffab1059e076f06ceaeedf543ecfd0ef6371860c349ed18646148a6f.jpg: score=-2;square_without_chart_hint,contrast
Skip non-chart visual asset 19c7106ca4b78a5bed674e59967dcf58e7b85092f6067c9a41331d4fa968937f.jpg: score=1;large
Skip non-chart visual asset ff5101296f9384b32f634af71bf29173cffeeced65dca6ef3cd434473a95e2ab.jpg: score=-3;square_without_chart_hint
Skip non-chart visual asset a6028df2024be824c32ce100053cb6a0de8e2d066dba3f2a92abd5c1d176326d.jpg: score=1;chart_ratio,square_without_chart_hint,edge:0.22,large
Skip non-chart visual asset 77c9228c2667d3183ad59a47a7323dde3a9c0df7f2f3430e722b1c94e8a4d499.jpg: score=2;chart_ratio,square_without_chart_hint,edge:0.40,contrast,large
Skip non-chart visual asset 62e474c38fad0a063c8ddab12561b1c481da43a2f77ba6f4ef5c65ba92897ac3.jpg: score=1;chart_ratio,square_without_chart_hint,edge:0.27,contrast
Skip non-chart visual asset fb9ef47e83d9a7a71f22b4de6c83875198b09ac72d55e1ae9e8b5b4b87f11536.jpg: score=-100;too_small:201x253
Skip non-chart visual asset 5334bb75dec5fd538988202d7327a189fbeffc4040bdf2fd6f6f7dd0d5565697.jpg: score=0;square_without_chart_hint,edge:0.20,contrast
Skip non-chart visual asset 3c704f4240eaddb6d536ad4833be73939aef6fb52a2a40d54f3f33426547ca08.jpg: score=-100;too_small:48x42
Skip non-chart visual asset 9aa89a43d69484208dba98f5c27eaa526c0c6716f73595078d5e8278822c64d5.jpg: score=-100;too_small:529x128
Skip non-chart visual asset b3539dd9f1442958376504e3800ee216c070593768f44937b91727c2fdc322e4.jpg: score=0;square_without_chart_hint,edge:0.16,large
Skip non-chart visual asset 63a11f0f0aeaa17e3e0afa6cae24805fe7f4786635b48d2799426d0ee9e4b893.jpg: score=-100;too_small:48x49
Skip non-chart visual asset b1a1c38e816a043644e3d8e6f4a913c01369af74406ca5d6ac8093f4059f7923.jpg: score=2;chart_ratio,square_without_chart_hint,edge:0.21,contrast,large
Skip non-chart visual asset 5057cbd6934ac00a559d33278308f50db9b893f25a2483476aa69f5c8f5ce8f1.jpg: score=-100;too_small:51x48
Skip non-chart visual asset 402401ea57bfaeeec705114e254d421684897814513e6afca3c4cbdf034a0fff.jpg: score=-100;too_small:207x234
Skip non-chart visual asset ec03770550347734655a6db796f0fed4325b7a7a2de191f15f1d2174dc55bbd9.jpg: score=-100;too_small:529x167
Skip non-chart visual asset fb68927eeccc66501ca3244fe1b13c3436a63d0ccb9757e1e623fb8768446783.jpg: score=-100;too_small:529x159
Skip non-chart visual asset b2fb5b3b9c09a0b11cf950bfd2ac6e9a73b2c134a9f7b21472b7f0e797fe4204.jpg: score=2;chart_ratio,square_without_chart_hint,edge:0.24,contrast,large
Skip non-chart visual asset 3705574e924ed9f344362393586f73b078e3a6c0f14ce439cb212dc0b3093684.jpg: score=-100;too_small:46x45
Skip non-chart visual asset 802b38e70a37e969ecb216dae3c7266e6ad379e7b3955df8ac260b9e74538851.jpg: score=1;large
Skip non-chart visual asset ce0c34921152158599bb3cbb4e6dbe27613172b4166dead3efa8e9dffaa890aa.jpg: score=1;chart_ratio,square_without_chart_hint,edge:0.23,contrast
Skip non-chart visual asset 22a7836691a95233ff4b69d9e31dc2985cf05baad2af78b8487868ab553823a9.jpg: score=2;chart_ratio,large
Skip non-chart visual asset 5fba0cbec4c1cdbeaa5aae7949558bc68bbf34e5fa31c4f61f314010c7968e06.jpg: score=-100;too_small:1301x137
Skip non-chart visual asset 2870bbf729b0f9616927ad52f29bff15d1cc7db80c72f3c42b95d295ac3655df.jpg: score=2;chart_ratio,square_without_chart_hint,edge:0.35,contrast,large
Skip non-chart visual asset 0eb3e4595f1a430c5c352d3769190fa1b46d5aa829d926bcc94b921013bfe820.jpg: score=2;chart_ratio,square_without_chart_hint,edge:0.26,contrast,large
Neutralized WeChat title while keeping the report: 摩根士丹利：SpaceX太空AI散热非物理瓶颈 -> 摩根士丹利：AI技术与行业应用观察
Skip non-chart visual asset 89983feae1778add2154139f65f84f166f5c821f3f7ab4d65a1b001c7d54d7f0.jpg: score=2;chart_ratio,large
Skip non-chart visual asset 22a9df88334189d5a98229fc2667745dc57f44ed520bc2a90d4e60348efdee0d.jpg: score=-1;odd_ratio:7.13,edge:0.11
Skip non-chart visual asset be14fc9d0df8ebb403a0c824b17509f3185fab507e1980ccf59ce2fb75555f92.jpg: score=-1;square_without_chart_hint,edge:0.12
Skip non-chart visual asset a5d0fb1a5ba637d1121d7c3e3701388165ebfe718d034a732c4719fd078f253b.jpg: score=-100;too_small:417x179
Skip non-chart visual asset 9299c9148bfd91b32e198111791bd27ab30f5a5240fdd36257b430ea9e9c4d3d.jpg: score=-100;too_small:437x109
Skip non-chart visual asset b45be38e4965986f0e84971096c152da7552028de269b7eed3a94d8dd8b2c0f8.jpg: score=2;chart_ratio,contrast
Skip non-chart visual asset 4b3d12199ae5f6198b2b8689e6d39ac5b527a4c4f7a2c71e9d739d3501d51b02.jpg: score=-100;too_small:504x112
Skip non-chart visual asset 4055d8c4db7ecd22f9ba8721d0665c71e58dcde3add21f3d14b23ac70f23a024.jpg: score=-100;too_small:449x167
Skip non-chart visual asset a8150739dc5bdb70e5da3b6c357c7d8c6c6aec51dc1bbc98ad37dac11ec39b51.jpg: score=1;chart_ratio,square_without_chart_hint,edge:0.23,large
Skip non-chart visual asset d2ee34eb76d8e5fd34b300c2e7875b14c961b4dfa977b4b722b2b27338f544d4.jpg: score=1;large
Skip non-chart visual asset 29457e11ee3683db42668064120d68ba04a2196c33fb034f5186082988c91680.jpg: score=-100;too_small:451x68
Skip non-chart visual asset 1d4ffb45acaa7a21e1664142401996b7d9dc8cd7c7b1b8a19d68b5d6a9d4e806.jpg: score=1;chart_ratio,square_without_chart_hint,edge:0.22,large
Skip non-chart visual asset dd8213e8c489828014af8562aa10bebef4eb785dbf2fd84cf0673f54455c3940.jpg: score=0;chart_ratio,square_without_chart_hint,edge:0.15
Skip non-chart visual asset 7289e91657fa7feeed958e776ef1019985af62584eb8e016c43b76b3036c46ab.jpg: score=1;chart_ratio,square_without_chart_hint,edge:0.23,contrast
Skip non-chart visual asset e2c926818cd7e8917f6d580775bd50a2dbf806c56df55c138da803dd61f3f0a8.jpg: score=0;chart_ratio,square_without_chart_hint,edge:0.19
Skip non-chart visual asset f6a17527c9d733d99a0206f8310b1383e0bce09ea18b2d582fa7ec8454e6b7d4.jpg: score=1;chart_ratio,square_without_chart_hint,edge:0.25,contrast
Skip non-chart visual asset 5684fea61a8b87faa9760e06866f899d6dbd84c4010a6c43ddbf87606f709214.jpg: score=0;chart_ratio,square_without_chart_hint,edge:0.20
Skip non-chart visual asset 2dda318bf2ff8a6130acb07ca4c0b09d0590c72baff1eaf0c0c23205b0f8988e.jpg: score=0;chart_ratio,square_without_chart_hint,edge:0.14
Skip non-chart visual asset a980fe129104619bf01a0a4fab9ca67a26b83d94b7b7cb36995bd68c964a6015.jpg: score=0;chart_ratio,square_without_chart_hint,edge:0.18
Skip non-chart visual asset 2577cf38e387e8ef5f950f9e5bf2174141c1218e2ee23204a91e08eff35c1ed6.jpg: score=1;chart_ratio,square_without_chart_hint,edge:0.30,contrast
Skip non-chart visual asset e7dbaaf4161c688f16305a8fe3c96ed16c99b96bf87ff75fb2a20cb770ec918f.jpg: score=0;chart_ratio,square_without_chart_hint,edge:0.20
Skip non-chart visual asset 8d6d4f380719d474023ff1d7a1d359ed5f25b69579fedf6f8fd9b1b9704a3722.jpg: score=0;chart_ratio,square_without_chart_hint,edge:0.18
Skip non-chart visual asset 4fe3019b51923c4cd630ebd2eb15034ff93a42ec8d0c8b3829bfed75ed932285.jpg: score=0;chart_ratio,square_without_chart_hint,edge:0.20
Skip non-chart visual asset a51050632c0f41097f41cc355fea2b924b65fae35fc273284585d4d6a7cd36f5.jpg: score=1;chart_ratio,square_without_chart_hint,edge:0.24,contrast
Skip non-chart visual asset bc41cfd0a5be9415a2f90b0f76bcf4a56c51acfc86233d18a2552c4c37ae5187.jpg: score=0;chart_ratio,square_without_chart_hint,edge:0.15
Skip non-chart visual asset 846d1c08a8b66208426977beca88cc6c173c6cac8c95c7022e80f3afe827c432.jpg: score=0;chart_ratio,square_without_chart_hint,edge:0.18
Skip non-chart visual asset 4d4221a104f3d2a2fa05c840401c403d96d81992e86ccc4c1ada33db70dafe1c.jpg: score=1;large
Skip non-chart visual asset c0599ca62c07b200e33b41ad897b28dab41102192ebb1c39ca35b97ced78031a.jpg: score=0;chart_ratio,square_without_chart_hint,edge:0.16
Skip non-chart visual asset d86674d578c0c71db5df24bafacae8f6d0542deeb0117edacfc862ffe145c457.jpg: score=0;chart_ratio,square_without_chart_hint,edge:0.15
Skip non-chart visual asset 25afaef2aa8e2e21ccd88f140e8d7e4af60d518be3b1e354d9e4a526ad65c27f.jpg: score=-100;too_small:509x107
Done. Results written to /home/runner/work/rpt_edit/rpt_edit/xhs_notes/dropbox/260722/shard_13; successful_reports=5; mineru_timed_out=False; mineru_attempts=1
All batches completed successfully. Generated 5 report directories.
