Found 78 total PDFs; shard 9/40 has 5 PDFs, skips 0 already converted, will process 5 PDFs with batch_size=5.
Running batch 1: 5 PDFs
Found 5 PDFs. MinerU token slots available=2.
MinerU attempt 1/4 using MINER_U_2: submitting 5 PDF(s).
Uploading PDF to MinerU: /tmp/pdf_batch_001_zlcc3aa1/pdfs/0001-46-Jefferies-Meta Platforms-META.US-Vision Mini Dive- When AI Moves to the Face-260720.pdf
Uploading PDF to MinerU: /tmp/pdf_batch_001_zlcc3aa1/pdfs/0002-47-Jefferies-China-s Tech Leadership- Our 10 Best Charts-260720.pdf
Uploading PDF to MinerU: /tmp/pdf_batch_001_zlcc3aa1/pdfs/0003-48-Jefferies-China -PRC- - Internet-7 Takeaways Post K3 Release- Connect The Dots on Models- Cloud - Applications-260720.pdf
Uploading PDF to MinerU: /tmp/pdf_batch_001_zlcc3aa1/pdfs/0004-49-Jefferies-Snowflake-SNOW.US-Databricks Sets the Bar- SNOW-s Turn to Rerate-260720.pdf
Uploading PDF to MinerU: /tmp/pdf_batch_001_zlcc3aa1/pdfs/0005-50-Morgan Stanley-Asia Summer School- S. Korea Batteries-260720.pdf
MinerU attempt 1 using MINER_U_2 batch_id=f43ed9fe-96e0-444f-b074-791ad80c13b8
MinerU states: running, running, running, running, waiting-file
MinerU states: running, running, done, running, running
MinerU states: done, done, done, done, done
/home/runner/work/rpt_edit/rpt_edit/scripts/pdf_to_xhs_batch.py:293: DeprecationWarning: Image.Image.getdata is deprecated and will be removed in Pillow 14 (2027-10-15). Use get_flattened_data instead.
  pixels = list(gray.getdata())
Skip non-chart visual asset 1871e5c1754af4bf4f170cc4bf6fc4956001610af1fa0b63a18baa7a1ac47dbe.jpg: score=1;square_without_chart_hint,edge:0.16,contrast,large
Skip non-chart visual asset acf1bdc78801e31e4b216a64eb0c7879fb34e83ec57ef2c149150570d48a4fc4.jpg: score=0;odd_ratio:5.88,edge:0.19,large
Skip non-chart visual asset ed3a716594a85eb83beeb16b076871db7620f07cae684c568cde493c0fe79a50.jpg: score=2;chart_ratio,large
Skip non-chart visual asset 325a98c4a6875c49e0f0bff1ae643ce0c3d8afc39a1b17bd67096cb06595a68c.jpg: score=2;chart_ratio,large
Skip non-chart visual asset 318adbca78fed9c9540befeb4b94a0c0d0606858f8b73aed4b132c1ae1420ebf.jpg: score=-4;square_without_chart_hint,low_edge:0.04,large
Skip non-chart visual asset 743847d8ba3bb7bb7602b4a64bd76db19ba10d2bf76293689a0bdc31f297794e.jpg: score=-100;too_small:407x101
Skip non-chart visual asset 2a5d948b88c9f3d1dbe23c99c6b6d1c9cae49c819975b54c9678785a070d1886.jpg: score=1;square_without_chart_hint,edge:0.29,contrast,large
Skip non-chart visual asset 174bc78d819abfed98acf9d8dd6d6a5d9b3365dd5fd88d3a33066e557c5cdb6f.jpg: score=2;edge:0.24
Skip non-chart visual asset 5e334d462728d9552805916bb2425385b57a42fa28a43d15cde165b1b87d730a.jpg: score=-100;too_small:414x137
Neutralized WeChat title while keeping the report: 杰富瑞：MetaAI眼镜硬件收入机会140至180亿美元 -> 杰富瑞：MetaAI眼镜硬件与AI及近期数据观察
Skip non-chart visual asset 3e1a0219fb89557b1991ec0ff9f47faeafe773a832ffca4e6a5793681da93cd0.jpg: score=-100;too_small:206x245
Skip non-chart visual asset 213fce359977512aea03f19e02322edda2a928f624a0632c702a977d4e0b7b92.jpg: score=-100;too_small:210x243
Skip non-chart visual asset 5e1e694597621e32a1d2322c2b6bd22c2c83bf2660c87328ad06ee47f1066351.jpg: score=-100;too_small:196x245
Skip non-chart visual asset d49a263f27e46566f235239908339cd4acbd50f891ba09e3b10c2214f461bc0f.jpg: score=1;square_without_chart_hint,edge:0.41,contrast,large
Skip non-chart visual asset ccc8752fcb16c18ad46bfbdc347d23efe245b15ae303cd3fe3217a75f4350061.jpg: score=2;chart_ratio,large
Skip non-chart visual asset 84c0b52b4c76e39ce169ae50e53095ce0df77ba8d0ed695eee4a7d397f1997bf.jpg: score=0;odd_ratio:5.88,edge:0.16,large
Skip non-chart visual asset ec3bbd2dfd7b1ff1534d30d05fcff40c2693ca3a72088a916a401d3ee408ad1c.jpg: score=1;chart_ratio
Skip non-chart visual asset d39cd73bf2b27b2244ec99fd76ea01e06add9149106718c150cfba5f2c8d72ed.jpg: score=2;chart_ratio,large
Skip non-chart visual asset f259225e684d11913e6e24406e58cf1d5a046d4d0fdbe9d0402e9501294ba54c.jpg: score=-100;too_small:201x246
Skip non-chart visual asset 1770f39787d2bf61acea62ffb8b6636db3c5774174c7024f31ad20737e8d8176.jpg: score=-100;too_small:210x245
Skip non-chart visual asset dc363cb768cf3bb4daabf6b5bbde579bdbdf7868405841b0c7ce422f1b191db5.jpg: score=-100;too_small:201x245
Skip non-chart visual asset 5a16bc8e5e8aaab08183c6e33dec3616d110498d26aa8feea8752aa871c01d94.jpg: score=-100;too_small:203x243
Skip non-chart visual asset 3cc2d4a298f804916f73bf0e010fc85459a0ae0a78041c0a996e5541f6789e4e.jpg: score=-100;too_small:201x243
Neutralized WeChat title while keeping the report: 杰富瑞：中国科技领导力-十张关键数据图表 -> 杰富瑞：研究主题与行业变化观察
Skip non-chart visual asset f96c52ab2011595f59b15defd84c91bce6b076f4eb1237bff33961cd7c1ca302.jpg: score=2;chart_ratio,large
Skip non-chart visual asset 785432bae0f6b5581177bd124331187c63b14faf8c80c184bbdeb80c9a62d0cb.jpg: score=1;chart_ratio
Skip non-chart visual asset a51f81540523176957807ce7667028460d79eb8b6812905b9ff041f832a6a857.jpg: score=2;chart_ratio,contrast
Skip non-chart visual asset 3dd54ac2e14b4f4b1a918d7b08ec1cf96b1c42757e44560a43dcda6fee100a5b.jpg: score=1;chart_ratio
Skip non-chart visual asset 802ab08146a626aaabc5e3bb2d18661f71ef318273a70cd45d5a25f483f0f887.jpg: score=-1;odd_ratio:5.80,edge:0.17
Skip non-chart visual asset dab5eb83834d016f7b70d684460270dbc31b18347f37346c6a93f9849a0ad3f7.jpg: score=1;chart_ratio
Skip non-chart visual asset 12736c3fb1f984b39935ee8cca1d5d726333f2a9312886fa53e779fe1b917aaf.jpg: score=1;chart_ratio
Skip non-chart visual asset e3443364a7f8785b18ebc7f70894df72f58864e7ae2dd635bb8a19564b4f0e49.jpg: score=1;chart_ratio
Skip non-chart visual asset 565b83fb3e99456df4b6e42a7d82404131bf2e4a32918eb4c3d092d33c834e18.jpg: score=-100;too_small:409x173
Skip non-chart visual asset 7769f3d513defce8f4445ba9e5bf50579552378a74b139d5e44ec0ae815727c2.jpg: score=-100;too_small:407x220
Skip non-chart visual asset e0160ccfb1d0405f89cab6078cfb45d3e0cec8db0842208088739324d3b36da2.jpg: score=1;chart_ratio
Skip non-chart visual asset a9edc2babd3be8ca4c343eaf539ab17b8642237aec2b6f788b352715fafdbd87.jpg: score=-100;too_small:648x115
Skip non-chart visual asset 62f364b5545b1b207a946ef4bf4fa03263438ca271107901f957340263b96096.jpg: score=1;chart_ratio,square_without_chart_hint,edge:0.19,large
Skip non-chart visual asset 24907380e5e8f2477b810046d37922928e756532de82f9a6598bec7879987839.jpg: score=1;chart_ratio
Skip non-chart visual asset 844f574dd212866eae420e1f25d913d27980138fca8f6f6c350b92d2a880676b.jpg: score=1;chart_ratio
Skip non-chart visual asset 96d2e8a289f2d2febe341cfe0b106cd829d22c1b82107f276a2760219c3aa4a6.jpg: score=-100;too_small:409x237
Skip non-chart visual asset f6f169ef8a4a305b760988d95225869dbbf6e2d91a733472b983fa09ed032583.jpg: score=1;chart_ratio
Skip non-chart visual asset f103b68c1f9113be7162356cee26cbb8c98d55a3a3664bf4cd9da58642e4375e.jpg: score=-100;too_small:407x240
Skip non-chart visual asset c756896d12117b7a8b118d8aeb1fc20e9c38b109b189f1189ba2035050c636bf.jpg: score=-100;too_small:576x107
Skip non-chart visual asset e87bae1974ec7517fb7c1745c925fbe10f32ee9ef27c2efc2998b783b8477889.jpg: score=-100;too_small:429x48
Skip non-chart visual asset 5022daf510831906a3abce7b842aa82b04f5e4dd1b138507388f506c8d71993c.jpg: score=-1;odd_ratio:5.91,edge:0.19
Skip non-chart visual asset 6ae80868aedd51307d971ad245810ea6d0cd3655346a97b53038ebff0420fe05.jpg: score=-100;too_small:317x949
Skip non-chart visual asset 12507a1cbc8cb267337853f8b6d6a5ee400978b8327bf8ad4187de3e104ce95a.jpg: score=2;edge:0.23
Skip non-chart visual asset 1378d222eea89fc4c4c0ed280f34b7a42d23ab554ee05069e6d6274c6186e167.jpg: score=-100;too_small:412x54
Skip non-chart visual asset 636b828ed9c59a505fbbcaa19a37f8150d97c8a17802edc7ac4fcc694ace8b89.jpg: score=-100;too_small:315x949
Skip non-chart visual asset b30b6d3b6c814998887e35edf5ebac7ad1a408cdae64345a6f66b9a63c48c6f3.jpg: score=-2;odd_ratio:6.73,large
Skip non-chart visual asset b055fca86c995e7fa3ccbafd3d6b26438cbb40088ccc09da2eb5b55e49a7758e.jpg: score=0;odd_ratio:5.00,edge:0.13,large
Skip non-chart visual asset 305fecb97d8e54fb6689055593d0698931d3ed12c5fc998669cae4635ca51a98.jpg: score=2;chart_ratio,square_without_chart_hint,edge:0.38,contrast,large
Skip non-chart visual asset 295b1178555f8f657496f7a31153a53ab21799426df7a458bfa17072fd0ca31b.jpg: score=2;chart_ratio,large
Skip non-chart visual asset 1bbbd0b3ad7cc4f87e7526fe653e1ea098e1b44abb07ac5ae184196d0a43f2b6.jpg: score=1;chart_ratio,square_without_chart_hint,edge:0.24,large
Skip non-chart visual asset cfac7619fd9c9efcfdd588670d98d19ea133a5059d55ac1d7faedfc151e1acb5.jpg: score=2;chart_ratio,square_without_chart_hint,edge:0.23,contrast,large
Skip non-chart visual asset 1f0ca389128fd14a70fffe5341d52488a19cfcc56d443e1d7633eb5144cabd7e.jpg: score=-2;odd_ratio:7.40,large
Skip non-chart visual asset f2ec45ebc7805131cc9180a6ee8dce891fbfd72626bd7dbccc9d3e576b74c857.jpg: score=-100;too_small:515x135
Skip non-chart visual asset ceea0e2773b5e03e9478fafac4a6f58c9336b826b9b1ead1e1bdf3654d8dcefd.jpg: score=-100;too_small:1812x129
Skip non-chart visual asset aded62d16f9d106e2f442307cc87a47818dfab353ad39e877b5250c2c203cc1d.jpg: score=1;chart_ratio,square_without_chart_hint,edge:0.16,large
Skip non-chart visual asset 4024afeee8c16b76da5bc91815cb06332b4ff94abe3dc4666536c0d30057be8d.jpg: score=2;chart_ratio,square_without_chart_hint,edge:0.21,contrast,large
Skip non-chart visual asset 9339729d5a76648686173dea08a88c41c2480c517511b30998d3c1d37201325a.jpg: score=1;chart_ratio,square_without_chart_hint,edge:0.46,large
Neutralized WeChat title while keeping the report: 摩根士丹利：韩国电池产业，欧洲份额下滑与产能转换 -> 摩根士丹利：电池储能数据与主题变化观察
Done. Results written to /home/runner/work/rpt_edit/rpt_edit/xhs_notes/dropbox/260722/shard_9; successful_reports=5; mineru_timed_out=False; mineru_attempts=1
All batches completed successfully. Generated 5 report directories.
