Found 91 total PDFs; shard 15/40 has 5 PDFs, skips 0 already converted, will process 5 PDFs with batch_size=5.
Running batch 1: 5 PDFs
Found 5 PDFs. MinerU token slots available=4.
MinerU attempt 1/4 using MINER_U_4: submitting 5 PDF(s).
Uploading PDF to MinerU: /tmp/pdf_batch_001_gx9zwpzp/pdfs/0001-76-Morgan Stanley-Semiconductor Capital Equipment-Thoughts on Intel Capex-260724.pdf
Uploading PDF to MinerU: /tmp/pdf_batch_001_gx9zwpzp/pdfs/0002-77-Morgan Stanley-Soitec SA-SOIT.PA-The confirmation the market needed-260723.pdf
Uploading PDF to MinerU: /tmp/pdf_batch_001_gx9zwpzp/pdfs/0003-78-Morgan Stanley-SpaceX-SPCX.US-Anomalies and Rapid Unscheduled Disassemblies-260722.pdf
Uploading PDF to MinerU: /tmp/pdf_batch_001_gx9zwpzp/pdfs/0004-79-Morgan Stanley-Topsports-6110.HK-Nike-s Channel Reset Raises Los-Lose Risk- Move to EW-260723.pdf
Uploading PDF to MinerU: /tmp/pdf_batch_001_gx9zwpzp/pdfs/0005-80-Morgan Stanley-Tanker Shipping-New Dynamics and Implications-260722.pdf
MinerU attempt 1 using MINER_U_4 batch_id=e808f7da-2b3b-4048-b5cc-7294e7449f41
MinerU states: done, done, done, done, done
Skip non-chart visual asset 65d8ad0948e18c4ed4413c0b2ce3db40b1db5ed436bd3be0cc4963a16bab6286.jpg: score=-100;too_small:715x170
/home/runner/work/rpt_edit/rpt_edit/scripts/pdf_to_xhs_batch.py:307: DeprecationWarning: Image.Image.getdata is deprecated and will be removed in Pillow 14 (2027-10-15). Use get_flattened_data instead.
  pixels = list(gray.getdata())
Skip non-chart visual asset 647a298bc725b44fea5c4975bdb26a4725110354288ed7f4644ff1ebaf0e9199.jpg: score=-100;too_small:715x173
Skip non-chart visual asset e697b6cbad30e0bd2066e65541d9215abf2effbd8db7e8e4fdabd780b34da73f.jpg: score=-1;odd_ratio:6.22,edge:0.11
Skip non-chart visual asset 272dda98bd18dde87f22e210045aca443339c3e16244708daeb73652c3a3087a.jpg: score=-100;too_small:715x173
Skip non-chart visual asset fa48e58507bd45d54c6611f2a42a671d1e83e862a0ead6163ace6fc4c7723d7e.jpg: score=-1;odd_ratio:6.73,edge:0.13
Skip non-chart visual asset 56dffa3d3ee58a5896770cdb3c8f903e770c6fd4472b67b7e66a30f51e1b2fd7.jpg: score=-100;too_small:715x170
Skip non-chart visual asset 15ab82793ee175377fc73feb8dd905f881f10f27b2ba26cf4ffaad7e8c3473c6.jpg: score=1;large
Skip non-chart visual asset 0adcd7f1acf57f1c0a0b29cbe871630630f6e3c63482f75101fb619b88532ba3.jpg: score=-100;too_small:437x107
Skip non-chart visual asset 89328b3e4c64869c2c52b30fbfc52a8ae4937db50a09b93957459f1ef8c73084.jpg: score=2;chart_ratio,large
Skip non-chart visual asset 21f8190e68003be6e3f0abb42a803eee0963c73f863a0a609e90c0a4a6d6b748.jpg: score=-100;too_small:449x167
Skip non-chart visual asset ded4964fe528b9943f775c602a00a2e9c6bf5f568c4bbb830dd9232382903149.jpg: score=-2;chart_ratio,square_without_chart_hint
Skip non-chart visual asset 9fb3d1c71a235abc768071b436de94b41c96c4e39034311dc2514ab0b6b07231.jpg: score=-100;too_small:417x129
Skip non-chart visual asset 02b04efd0722819108e978e2dd2ddcadd11a7ee1b0db947c724382f11f615031.jpg: score=-100;too_small:899x106
Skip non-chart visual asset 5d627322d68984355c52a342d7ce0cf6b384c42ea498e4fc6c2c348963232124.jpg: score=1;large
Skip non-chart visual asset 554de560a6c46c470049e4be2af9fe075a95745b851dfcf1113f4a472741047c.jpg: score=0;chart_ratio,square_without_chart_hint,edge:0.35
Skip non-chart visual asset f4736bf35850ee73123f59f8b86e23dd95529ca5f96cbc4f7485629bf4870385.jpg: score=-100;too_small:504x112
Skip non-chart visual asset bbe9982e66fbfd27429bcc8312f5a178003d780d82f784b965212a8fba8a5308.jpg: score=-100;too_small:514x104
Skip non-chart visual asset cf74da2a0b59bec89170b151e4d31cbede4e49e4e0cba9d9b598e44e553da280.jpg: score=-100;too_small:1301x143
Skip non-chart visual asset 54f49fd9b2412c360774b49058d79535aa053a27756c84c2ca4de1018b2ad078.jpg: score=2;chart_ratio,large
Skip non-chart visual asset 8af41ca0e5b52b681f3b6d79a50b7b370cc767dce5e7028feb7a81c8339f8a6e.jpg: score=1;large
Skip non-chart visual asset b8c7d4b37416cf9180967a9bdf2d5551085d8649ff8022729bdf51374f0318bc.jpg: score=-100;too_small:529x167
Skip non-chart visual asset fd0f1231def6c3a09ae1c5d65eedc1c4d464093e71bd1d85e8399e052c8dbe51.jpg: score=-100;too_small:529x159
Skip non-chart visual asset 3ca29b51acbb2ce8aa000934ea2e313abaa4ca05dd8bc5d00b4f46fbde125ef5.jpg: score=-100;too_small:529x128
Neutralized WeChat title while keeping the report: 摩根士丹利：SpaceX发射异常与快速迭代构成价格波动来源 -> 摩根士丹利：价格数据与市场变化观察
Skip non-chart visual asset 5e80354243b7eab5c85a9f877d3489bab4341975fafe28e0ba970df071f1fd02.jpg: score=1;square_without_chart_hint,edge:0.40,contrast,large
Skip non-chart visual asset 324052ea92784ac3b7c74e2280a22aaeee6a9d07c931fb5d5cf862a02aa65bbe.jpg: score=1;chart_ratio
Skip non-chart visual asset bc46752a93816cbedd1c9e2a4a70b060f985049cb673f54c0fe3210c02e74afc.jpg: score=2;chart_ratio,large
Skip non-chart visual asset 91dd14af33fe660ad6382f88693b92b6630fe8b4456c1fa11fe1a0d9eebefe97.jpg: score=2;chart_ratio,square_without_chart_hint,edge:0.34,contrast,large
Skip non-chart visual asset 0fe5094ccb5f905d21038e305e190ade073512034d800bdf835364106a0ae647.jpg: score=1;square_without_chart_hint,edge:0.36,contrast,large
Skip non-chart visual asset 9e75bf10633b16251031ce789b559dfa8ed5f5c156403deaa790ccb9e8d3b24c.jpg: score=-100;too_small:437x40
Skip non-chart visual asset 9b0af48daef7e03b6cf28463afee0dfe9f0eb5b0031a8d03052b20997ee04249.jpg: score=1;large
Skip non-chart visual asset 8f3d76f5c58b1965ce5c625d4c93ebba11fe5413b84e4569a9e0d0c844361862.jpg: score=-100;too_small:899x139
Skip non-chart visual asset c2475335a797f80d2f5f170577b43f900780c5fc1ead9ef88eca8db85af5ed88.jpg: score=-100;too_small:342x123
Skip non-chart visual asset 80fb99f5b3c198c3a3ed88255ee9bf9dc313096604a54ef5ddd3aaaec022bbb6.jpg: score=-100;too_small:510x115
Skip non-chart visual asset f168197347424ad1ad47d89600421bd9bbd625af1e71f047cd8c74a2706f93e5.jpg: score=-100;too_small:521x137
Skip non-chart visual asset 02993607f9c4d315def6fc0a29f432a670dde701a02b361dcba9844849cc7712.jpg: score=0;square_without_chart_hint,edge:0.23,large
Skip non-chart visual asset c3da48ed15effca448cbe539aa84c260a99cbbdbd9f2e588c4c918b45cf99771.jpg: score=1;chart_ratio,square_without_chart_hint,edge:0.28,large
Skip non-chart visual asset fd13382a347228f5855fa09ae28cb191bfda271ce02ef2e37af5b39faabd7809.jpg: score=-100;too_small:449x203
Skip non-chart visual asset b89828ee0968aae54ba8f361b9625ce4b15604d14f1f529fba51277c54eb31de.jpg: score=-100;too_small:457x92
Skip non-chart visual asset 055f4254c597c175bb6ae8ba9cdc3971637a71bbfb3adfb3c46ef250d7fe4026.jpg: score=-100;too_small:971x56
Skip non-chart visual asset ed3abfb6ae4946a477114b082dd210b06b53d274821070341dd0abc9943d5d56.jpg: score=2;chart_ratio,square_without_chart_hint,edge:0.43,contrast,large
Skip non-chart visual asset f285661630369d4236e8751e607087c848927f8764c51fa814d3cff20600c3c5.jpg: score=2;chart_ratio,square_without_chart_hint,edge:0.21,contrast,large
Skip non-chart visual asset 902d262e4577ed4fa71dec9d9a49d436a1457a43253214d5e7ab9c1d83b52ef9.jpg: score=-100;too_small:457x95
Skip non-chart visual asset 01b16b15db9076ea06a1e7952fe549b3280a0bebaa78b120ca853532526845b2.jpg: score=-100;too_small:971x57
Neutralized WeChat title while keeping the report: 摩根士丹利：滔搏-耐克渠道调整与评级下调 -> 摩根士丹利：研究主题与行业变化观察
Skip non-chart visual asset 5b187b46d8ae15f4719222456f5098e7e8e8b66c52c784e989c7700cc225ca57.jpg: score=1;chart_ratio,square_without_chart_hint,edge:0.27,large
Skip non-chart visual asset 826517d19ab70760b325ff00af796bfbf3a31a5271f689431454d1c5ef86242b.jpg: score=-100;too_small:518x137
Skip non-chart visual asset d516942c2c55e43e616e4449fc878eeb41760ecfa9156c34486c7cabbe96a61a.jpg: score=-100;too_small:1290x104
Skip non-chart visual asset 19c7106ca4b78a5bed674e59967dcf58e7b85092f6067c9a41331d4fa968937f.jpg: score=1;large
Done. Results written to /home/runner/work/rpt_edit/rpt_edit/xhs_notes/dropbox/260724/shard_15; successful_reports=5; mineru_timed_out=False; mineru_attempts=1
All batches completed successfully. Generated 5 report directories.
