Found 34 total PDFs; shard 2/40 has 5 PDFs, skips 0 already converted, will process 5 PDFs with batch_size=5.
Running batch 1: 5 PDFs
Found 5 PDFs. MinerU token slots available=2.
MinerU attempt 1/4 using MINER_U_2: submitting 5 PDF(s).
Uploading PDF to MinerU: /tmp/pdf_batch_001_1aobyrzw/pdfs/0001-11-Goldman Sachs-Asia Pacific Machinery- Automation- Taiwan trip takeaways- Focus shifts to -can you produce--and -can you raise prices-- amid S D tightness-260706.pdf
Uploading PDF to MinerU: /tmp/pdf_batch_001_1aobyrzw/pdfs/0002-12-Goldman Sachs-Bayer AG -BAYGn.DE-Expecting a broadly inline 2Q- Pharma delivery is key post-litigation-260706.pdf
Uploading PDF to MinerU: /tmp/pdf_batch_001_1aobyrzw/pdfs/0003-13-Goldman Sachs-China Resources Beverage -2460.HK-- APAC Consumer - Leisure Corporate Day 2026 Takeaways- Active channel destocking in-260706.pdf
Uploading PDF to MinerU: /tmp/pdf_batch_001_1aobyrzw/pdfs/0004-14-Goldman Sachs-China- Three things in China-260705.pdf
Uploading PDF to MinerU: /tmp/pdf_batch_001_1aobyrzw/pdfs/0005-15-Goldman Sachs-China Semis- Novosense -688052-- Mgmt call- AI server power semis in expansion- margins enhancement on larger scale - better mix-260706.pdf
MinerU attempt 1 using MINER_U_2 batch_id=844ac03b-d6ee-4dc2-a54a-d3a7a349afcd
MinerU states: running, running, pending, pending, pending
MinerU states: done, done, done, done, done
/home/runner/work/rpt_edit/rpt_edit/scripts/pdf_to_xhs_batch.py:285: DeprecationWarning: Image.Image.getdata is deprecated and will be removed in Pillow 14 (2027-10-15). Use get_flattened_data instead.
  pixels = list(gray.getdata())
Skip non-chart visual asset b4329f232607da87d8327abb3fe6989772ead144390e3e7edc9f1e690d564379.jpg: score=-100;too_small:1159x107
Skip non-chart visual asset 841b0ae3c752398774310cafca4c270959554f7bbce0140410c3628f706aba6b.jpg: score=0;chart_ratio,square_without_chart_hint,edge:0.16
Skip non-chart visual asset 33cf68143583d4e8c6b94eb90dcdba212948604cf891119bb495b8981076d143.jpg: score=2;chart_ratio,large
Skip non-chart visual asset 87bdd133117298bf39862a1b252af994713879c978e86955884bec5cd3734e8c.jpg: score=-100;too_small:704x79
Skip non-chart visual asset b916f4daa079fd07546aff74ca877c4fcb716449d25dbfc62975b3317cf21bce.jpg: score=2;chart_ratio,square_without_chart_hint,edge:0.34,contrast,large
Skip non-chart visual asset f6d79fe6f312ce9b80df6097b2a8b68e76c30922abb96d9a3a88a340ff42d7ef.jpg: score=2;chart_ratio,square_without_chart_hint,edge:0.32,contrast,large
Skip non-chart visual asset 1f07c0a623157d362c8308d590cd5480ccb3f451e7ff91f818aa82615a763e2e.jpg: score=-1;square_without_chart_hint,edge:0.26
Skip non-chart visual asset 22886ff66594aa9fcc7b64844fd2304d0a468b19242418623b1d24b2d9217a1d.jpg: score=1;chart_ratio,square_without_chart_hint,edge:0.35,large
Skip non-chart visual asset b61d4ce2a22a2bf798a0df6f2d0ffd2474166ae1da9339fbe43f5e2606869b4f.jpg: score=0;chart_ratio,square_without_chart_hint,edge:0.16
Skip non-chart visual asset 58badb71d0523e37d12d60878338e474cc77aa5a41375e08ceade4ef8995264b.jpg: score=-100;too_small:1159x103
Skip non-chart visual asset 9ea0552e655b885fb1696c35539d55457bad44f3e4e68701419d58f03a6d6547.jpg: score=0;square_without_chart_hint,edge:0.39,large
Skip non-chart visual asset 62104b5b4c33b1563e17e5d6b622aaa61f574de59edbae5f239886631f5270e9.jpg: score=-100;too_small:312x118
Skip non-chart visual asset f04e7a4bdca32cc118429e84178f3fd487e621fa74b39443955d6713c9917812.jpg: score=-100;too_small:1159x107
Skip non-chart visual asset 144b1d5a91aee19edab9ad0396a740aae7283385914ee4bcbc73ccc0a67fb12e.jpg: score=-100;too_small:1159x109
Done. Results written to /home/runner/work/rpt_edit/rpt_edit/xhs_notes/dropbox/260706/shard_2; successful_reports=5; mineru_timed_out=False; mineru_attempts=1
All batches completed successfully. Generated 5 report directories.
