Found 59 total PDFs; shard 5/40 has 5 PDFs, skips 0 already converted, will process 5 PDFs with batch_size=5.
Running batch 1: 5 PDFs
Found 5 PDFs. MinerU token slots available=4.
MinerU attempt 1/4 using MINER_U_2: submitting 5 PDF(s).
Uploading PDF to MinerU: /tmp/pdf_batch_001_q44w1n74/pdfs/0001-26-Goldman Sachs-GLOBAL RATES TRADER-Priced For Surprise-260724.pdf
Uploading PDF to MinerU: /tmp/pdf_batch_001_q44w1n74/pdfs/0002-27-Goldman Sachs-GS China Econ Proprietary Indicators- July-260724.pdf
Uploading PDF to MinerU: /tmp/pdf_batch_001_q44w1n74/pdfs/0003-28-Goldman Sachs-Pfizer Inc. -PFE.US-- 2Q26 Earnings Preview- Expecting In-Line Results with Soft COVID Franchise- Amidst Cautious Broader Outlook-260724.pdf
Uploading PDF to MinerU: /tmp/pdf_batch_001_q44w1n74/pdfs/0004-29-Goldman Sachs-SAP -SAPG.DE- Resilient CCB and strong pipeline despite macro uncertainty- refining EBIT assumptions- reiterate Buy-260724.pdf
Uploading PDF to MinerU: /tmp/pdf_batch_001_q44w1n74/pdfs/0005-30-Goldman Sachs-KOREA WEEKLY KICKSTART-KOSPI declined by 2- despite foreign inflows and Alphabet-s AI capex boost-260724.pdf
MinerU attempt 1 using MINER_U_2 batch_id=41404380-c3fb-43c0-9f5c-62bd95d40475
MinerU states: running, running, running, running, waiting-file
MinerU states: done, done, done, running, running
MinerU states: done, done, done, done, done
/home/runner/work/rpt_edit/rpt_edit/scripts/pdf_to_xhs_batch.py:307: DeprecationWarning: Image.Image.getdata is deprecated and will be removed in Pillow 14 (2027-10-15). Use get_flattened_data instead.
  pixels = list(gray.getdata())
Skip non-chart visual asset 9396e55e6d6b409fed8dc2d5e20c0a638ffde3993edcca799a684ceb0dc527c4.jpg: score=1;chart_ratio
Skip non-chart visual asset 67117a60c01bcac7f39b51590faa81ccb2bf61dc6aa5cc0df62f4ec2e8e19b27.jpg: score=0;chart_ratio,square_without_chart_hint,edge:0.11
Skip non-chart visual asset 43616127a81b456e53605a5b2dc2d41ed1b53958e7025138f86de283bece2edb.jpg: score=-100;too_small:337x209
Skip non-chart visual asset 3ae453b4c7584f86d2910946d68e02840deaf0fce6e09fb42b5a3d4bfcfa4559.jpg: score=0;odd_ratio:5.77,edge:0.39,contrast
Skip non-chart visual asset 054506bd3982b7fa16cc84eace396849a7918caa149d099eb5277b5ce20afcdd.jpg: score=0;chart_ratio,square_without_chart_hint,edge:0.10
Skip non-chart visual asset e93f6926f5eb3131fb83ff4143abb4faf1dab6b5968964224353518e593058b9.jpg: score=-100;too_small:1384x162
Skip non-chart visual asset cec41dd98b23b8be9db8c093c372bb5eeb1de79d57cac564a7ba7047fabe27c2.jpg: score=-100;too_small:1387x145
Neutralized WeChat title while keeping the report: 高盛：全球利率交易员-7月会议定价意外 -> 高盛：研究主题与行业变化观察
Neutralized WeChat title while keeping the report: 高盛：6月中国当前活动指标升至+5.3% -> 高盛：研究主题与行业变化观察
Skip non-chart visual asset 23f25bd74b3f1ebe4d27e34cea0bed5e9b02d0d35ad1f64b02fb94a6be7f0383.jpg: score=2;chart_ratio,square_without_chart_hint,edge:0.37,contrast,large
Skip non-chart visual asset 740bac8df07879872e6fcb9e75b72eccd11dc100d1365aac5b8f61a5e91186c7.jpg: score=-100;too_small:1156x106
Skip non-chart visual asset 69bed173653ff2884c6eda6696723294cfdf368b4dd841534260b865fd7b95f6.jpg: score=0;chart_ratio,square_without_chart_hint,edge:0.24
Skip non-chart visual asset 25689b2288c30758cf03f5f6baebc2783f82f75dd58a8d52a09beebfb64173ad.jpg: score=1;square_without_chart_hint,edge:0.29,contrast,large
Neutralized WeChat title while keeping the report: 高盛：辉瑞2Q26业绩前瞻与下半年临床催化剂 -> 高盛：辉瑞业务与季度数据观察
Skip non-chart visual asset 6173e7b309e0c3541a268a343ba57760f9dbb11e59c2cefaebef02a6fefcd0d6.jpg: score=0;square_without_chart_hint,edge:0.36,large
Skip non-chart visual asset 9cb55cf689470af56ab7f7c4a473cfe66ae68da8febb37f8f6664ed76483e6ab.jpg: score=1;chart_ratio,square_without_chart_hint,edge:0.31,large
Skip non-chart visual asset 1b599bb68666ec6a7f75a1a24a62f5a64f4808f810c649326c48a79bf35d6a54.jpg: score=-1;square_without_chart_hint,edge:0.30
Skip non-chart visual asset 8d0ce8691b2ebf0cac73d1d6d0ee5f041b77e95a74746e391c9155fa0fe1db76.jpg: score=1;chart_ratio,square_without_chart_hint,edge:0.36,large
Skip non-chart visual asset 298a48ca7567e1d14476ffc8965f19c3fc5ecccbee8f9775585359896929093a.jpg: score=-100;too_small:1159x109
Skip non-chart visual asset 00e2ab287a86375713746e05d38afcf8c364dae3c7aad892d3241513355e792f.jpg: score=-100;too_small:835x90
Neutralized WeChat title while keeping the report: 高盛：SAP云合同负债韧性延续-产品周期仍是核心支撑 -> 高盛：研究主题与行业变化观察
Skip non-chart visual asset 2bae0d7b86e23deab7df978fe8479308db51a127699129819f4077051175fa37.jpg: score=0;square_without_chart_hint,edge:0.36,large
Skip non-chart visual asset 887869fe600668d9ed892298299305e828478c43a697a2351140e5b583d7d1fc.jpg: score=1;odd_ratio:6.09,edge:0.44,contrast,large
Skip non-chart visual asset 42609d894de3f9021b3958691befdfc7347557ca90e07793e97b52b0198039be.jpg: score=-100;too_small:701x156
Skip non-chart visual asset 379a32571cd4ddd87239ac8ac4883c92fcba37d06ddb5c7dd491fbc60651d969.jpg: score=-100;too_small:862x137
Skip non-chart visual asset 3a6624ce474ef5981588748ac4b98d67c9cc47f994a37026de7b76f2c5747618.jpg: score=1;square_without_chart_hint,edge:0.64,contrast,large
Neutralized WeChat title while keeping the report: 高盛：韩国周报-KOSPI下跌2%与外资流入及AI资本支出 -> 高盛：AI技术与行业应用观察
Done. Results written to /home/runner/work/rpt_edit/rpt_edit/xhs_notes/dropbox/260725/shard_5; successful_reports=5; mineru_timed_out=False; mineru_attempts=1
All batches completed successfully. Generated 5 report directories.
