Found 68 total PDFs; shard 8/40 has 5 PDFs, skips 0 already converted, will process 5 PDFs with batch_size=5.
Running batch 1: 5 PDFs
Found 5 PDFs. MinerU token slots available=2.
MinerU attempt 1/4 using MINER_U_2: submitting 5 PDF(s).
Uploading PDF to MinerU: /tmp/pdf_batch_001_lp3susym/pdfs/0001-41-J.P. Morgan-Nanya Technology-2408.TW-2Q26 a slight beat- rising server mix coupled with favorable LTAs to bode well for mid-long term earnings-reiterate OW-260712.pdf
Uploading PDF to MinerU: /tmp/pdf_batch_001_lp3susym/pdfs/0002-42-JPM-Asia Technology Asian investor marketing feedback on memory-Korea tech and holdcos-260714.pdf
Uploading PDF to MinerU: /tmp/pdf_batch_001_lp3susym/pdfs/0003-43-Jefferies-Tesla- Inc.-TSLA.US--Raising estimates again-260712.pdf
Uploading PDF to MinerU: /tmp/pdf_batch_001_lp3susym/pdfs/0004-44-Morgan Stanley-Apple- Inc-AAPL.US-Higher Prices Begets Higher Earnings-260714.pdf
Uploading PDF to MinerU: /tmp/pdf_batch_001_lp3susym/pdfs/0005-45-Jefferies-Shopify-SHOP.US-Agentic Commerce Winner with New Near-Term Tailwinds-Upgrade to Buy-260712.pdf
MinerU attempt 1 using MINER_U_2 batch_id=ff5c4df9-4057-4398-bff9-bc3f50c40e7f
MinerU states: done, running, running, running, waiting-file
MinerU states: done, done, done, running, running
MinerU states: done, done, done, done, done
/home/runner/work/rpt_edit/rpt_edit/scripts/pdf_to_xhs_batch.py:291: DeprecationWarning: Image.Image.getdata is deprecated and will be removed in Pillow 14 (2027-10-15). Use get_flattened_data instead.
  pixels = list(gray.getdata())
Skip non-chart visual asset 33838faa559639015df429fe289b03825b33371f5316f9876a7639414e0c55b7.jpg: score=0;chart_ratio,square_without_chart_hint,edge:0.27
Skip non-chart visual asset 2d4304d62df674be88457a30373faa1176c2684986889879971df3dea1d87830.jpg: score=-100;too_small:1457x168
Skip non-chart visual asset ea3a59ca43daa84142ac42e58e563a6d7b7e1a6857c8ff3bc0c20d086ac2946d.jpg: score=0;square_without_chart_hint,edge:0.36,large
Skip non-chart visual asset a57c0b90717284be359531921a97574f86ae5e46a6ef15de845aa3c82a67295e.jpg: score=-100;too_small:1457x168
Skip non-chart visual asset a9c775d10b71149898dfb48f775ba728391b32f4ac048b0ae505ec73e2f3c685.jpg: score=2;chart_ratio,large
Skip non-chart visual asset 10affcfe245bd36d65f0ba73f76fc412788bf6a3f5da64dd38265700ad45c70f.jpg: score=0;chart_ratio,square_without_chart_hint,edge:0.27
Skip non-chart visual asset b43618282897f1b186c8003656366dba9ae563476467b39e06030f0ea89c6ef7.jpg: score=-1;square_without_chart_hint,edge:0.35
Skip non-chart visual asset 4ff4177491d79518a160d49fd44a3a850ac874d1b02fb62ce8ca0d20516ed4b8.jpg: score=2;edge:0.23
Skip non-chart visual asset a11b02c327e6f0324242e632599c993e59d68dfdb3351ec1b647f308c39c9619.jpg: score=0;odd_ratio:5.88,edge:0.21,large
Skip non-chart visual asset 7be30a48158d5f26500d865eab04671e3211d13b769e9af7d72d61fd7e0b9e03.jpg: score=-1;square_without_chart_hint,edge:0.13
Skip non-chart visual asset 869857a4402f315f5be8e3733ce7072064400080be0189f36f909625c13235f8.jpg: score=-100;too_small:437x112
Skip non-chart visual asset 3e58b8901c525adea6c6f120c50d04d29a04c3828ab5d136cafb5b73a1c454fd.jpg: score=-100;too_small:507x112
Skip non-chart visual asset 6a54ccdc76a92b74bc5acefa3d8dd61f641677497a05ef58885d6b65e911e8ef.jpg: score=-100;too_small:449x162
Skip non-chart visual asset 0ff31589cbb568ab1f60346e96dd943fffd8a0181e6749ba3f62daf98cb9756d.jpg: score=2;chart_ratio,large
Skip non-chart visual asset c1a66e78149c4ae2945424a0f4cca9528e85606f249198aafbf18cb900be5aa8.jpg: score=1;large
Skip non-chart visual asset fd4a11ae33267a7bbc3cdfb073fa260c947ebc926122df402afa68ba08acdb62.jpg: score=-100;too_small:529x156
Skip non-chart visual asset 7fa1485fffdf6c7f3083386851a2834725d2bfedd67098506efebe0337f3476a.jpg: score=1;square_without_chart_hint,edge:0.24,contrast,large
Skip non-chart visual asset 75878f4fd74d330936d5fdc120904fcd046dc714405df02fca43c374d9ac9edb.jpg: score=-100;too_small:453x73
Skip non-chart visual asset 2868c42af9e16cf2a14303d84077e77003b53d08688413eee092aeccad979197.jpg: score=-100;too_small:529x156
Skip non-chart visual asset 5c9548b9fa9a23b793d5b283ab12524c78e764853894fcede9fcdeaeb68dab91.jpg: score=-100;too_small:315x84
Skip non-chart visual asset 09eefba72eb3aa87c640bd5d734d47492b7a3fe595b6d8d2687beaaafc76d4f9.jpg: score=-100;too_small:122x125
Skip non-chart visual asset 1d309462450ed40275819c5a913e770b4ed6399614614a38106ca5ac9a008c0d.jpg: score=-100;too_small:531x170
Skip non-chart visual asset 9ed9eb054f5bbc2668feaeb4c8d0408ed44b034c06c673ee3c836612dbb399d4.jpg: score=2;edge:0.21
Skip non-chart visual asset 2de6be266f9606788727d545945650494ec7330d5ed979ebd7825365e2a9764c.jpg: score=-100;too_small:959x112
Skip non-chart visual asset a2825a7fddd70be0a5b555f20a7478febdd6facc397a7b58abdd71b9ca0e98dd.jpg: score=-100;too_small:407x101
Skip non-chart visual asset 42bdc1e0452d40483d1511616e57dda1c7d6c8e2e2ef54a059df4c5342c9207d.jpg: score=-100;too_small:576x43
Skip non-chart visual asset 371a9f9e70c6dec2e24c43efcc91a60c8c1c80dd2610e72bf67a1776b2b91afb.jpg: score=-1;odd_ratio:5.95,edge:0.19
Skip non-chart visual asset 8dffa90cbcc31f8821c23ad3d15a559b679bc0f641daf89a03cd7ea284be3f99.jpg: score=-100;too_small:959x112
Skip non-chart visual asset 40d042e308a6f35801bd053e66ad53c30a00256f840d9c11f181bec3c343686e.jpg: score=-100;too_small:312x129
Skip non-chart visual asset c254bf0276f2599768541258f8c7d740632ee5ccbfd43295443f762191092f80.jpg: score=-100;too_small:407x171
Done. Results written to /home/runner/work/rpt_edit/rpt_edit/xhs_notes/dropbox/260714/shard_8; successful_reports=5; mineru_timed_out=False; mineru_attempts=1
All batches completed successfully. Generated 5 report directories.
