Found 92 total PDFs; shard 18/40 has 2 PDFs, skips 0 already converted, will process 2 PDFs with batch_size=5.
Running batch 1: 2 PDFs
Found 2 PDFs. MinerU token slots available=4.
MinerU attempt 1/4 using MINER_U_3: submitting 2 PDF(s).
Uploading PDF to MinerU: /tmp/pdf_batch_001_hordrsnv/pdfs/0001-91-UBS-Amazon.com AWS Set to Accelerate Further into 40-- Growth-260731.pdf
Uploading PDF to MinerU: /tmp/pdf_batch_001_hordrsnv/pdfs/0002-92-UBS-China Economic Perspectives-AI is reshaping China-s trade story - upgrading 2026 trade forecasts-260730.pdf
MinerU attempt 1 using MINER_U_3 batch_id=c054ba29-29e7-41cc-8bbe-9c7306759521
MinerU states: running, waiting-file
MinerU states: running, running
MinerU states: running, done
MinerU states: done, done
Skip non-chart visual asset aa60a3ff979adcedc996c969fa346bf130b3c7cadc1350a32886a2ae1d8d5c7a.jpg: score=-100;too_small:442x87
/home/runner/work/rpt_edit/rpt_edit/scripts/pdf_to_xhs_batch.py:307: DeprecationWarning: Image.Image.getdata is deprecated and will be removed in Pillow 14 (2027-10-15). Use get_flattened_data instead.
  pixels = list(gray.getdata())
Skip non-chart visual asset 7cc586b578b9760baafa8f7291a08c369be40e752702760f00a0647828b21d14.jpg: score=0;odd_ratio:7.58,edge:0.28,contrast
Skip non-chart visual asset be7a0d99b1cd16e8cb874ecfa07054f73b043e714621f0c14834dd9b14534b30.jpg: score=-1;odd_ratio:7.04,edge:0.24
Skip non-chart visual asset 7bbe9eed3db4ea5bd38b3f804f01ae6cd85bafa9d1f95ac71be72e8c8d59204e.jpg: score=0;square_without_chart_hint,edge:0.22,large
Skip non-chart visual asset bc3e0a7a5712b2f27503ad82a4431b93362b0875cc613a038beb9bb826b89019.jpg: score=-1;odd_ratio:7.35,edge:0.26
Skip non-chart visual asset 30fbaec81e932c20ee68cdb1a09cac058877893bd9e7a764be2f6a75b25b81af.jpg: score=2;edge:0.12
Skip non-chart visual asset 122d8729cc8d3ac07775e495f9d6ad65622749a057814559bd4162cbbc319916.jpg: score=-1;odd_ratio:7.57,edge:0.21
Skip non-chart visual asset ad6466e64ec3e077703d3a49194c68f62d7654d371447ae5b33b868a96f547a8.jpg: score=1;chart_ratio
Skip non-chart visual asset 7a3262dc1baa5cb52746b05ab2bf13d74f365ce08bd39244382f870b11f27755.jpg: score=-100;too_small:923x118
Skip non-chart visual asset fe2bdbdec6ea682a216a834fbb8d2546cf6343536adc3f4c921f3da7e0b0b139.jpg: score=-100;too_small:1412x104
Skip non-chart visual asset 3e03fdc3bee863da3105bf602f89b388acd576ad7505a4ee7b7049d255abecdd.jpg: score=0;odd_ratio:4.84,edge:0.18,large
Skip non-chart visual asset 3bb399bfd65820a763b0950191476e97d1e44aa56bc811811680c05ce2886da7.jpg: score=-100;too_small:223x87
Neutralized WeChat title while keeping the report: 瑞银：中国宏观环境-AI重塑贸易格局与2026年预测上调 -> 瑞银：近期数据与市场变化观察
Done. Results written to /home/runner/work/rpt_edit/rpt_edit/xhs_notes/dropbox/260731/shard_18; successful_reports=2; mineru_timed_out=False; mineru_attempts=1
All batches completed successfully. Generated 2 report directories.
