Found 74 total PDFs; shard 10/40 has 5 PDFs, skips 0 already converted, will process 5 PDFs with batch_size=5.
Running batch 1: 5 PDFs
Found 5 PDFs. MinerU token slots available=2.
MinerU attempt 1/4 using MINER_U_2: submitting 5 PDF(s).
Uploading PDF to MinerU: /tmp/pdf_batch_001_g754ccyo/pdfs/0001-51-J.P. Morgan-ESS Battery June shipments above 100GWh- -3- m m and -66- y y despite a high base- FY26 on track to 1-100Gwh-260717.pdf
Uploading PDF to MinerU: /tmp/pdf_batch_001_g754ccyo/pdfs/0002-52-J.P. Morgan-SK Telecom-017670.KS-AI factory build-out emerges as next catalyst- upgrade to OW-260716.pdf
Uploading PDF to MinerU: /tmp/pdf_batch_001_g754ccyo/pdfs/0003-53-J.P. Morgan-Technology - Electronic Components-260716.pdf
Uploading PDF to MinerU: /tmp/pdf_batch_001_g754ccyo/pdfs/0004-54-J.P. Morgan-Electronic Components Sector Component Data Deposition- METI production statistics -electronic components- semiconductors- for May 2026- ABF substrates re.pdf
Uploading PDF to MinerU: /tmp/pdf_batch_001_g754ccyo/pdfs/0005-55-Morgan Stanley-China AI Foundation Model Moonshot K3 What-s Our View-260717.pdf
MinerU attempt 1 using MINER_U_2 batch_id=72adc0d5-b83f-4c74-994f-a545a9665a62
MinerU states: running, running, running, running, pending
MinerU states: done, done, running, done, done
MinerU states: done, done, running, done, done
MinerU states: done, done, running, done, done
MinerU states: done, done, running, done, done
MinerU states: done, done, done, done, done
/home/runner/work/rpt_edit/rpt_edit/scripts/pdf_to_xhs_batch.py:292: DeprecationWarning: Image.Image.getdata is deprecated and will be removed in Pillow 14 (2027-10-15). Use get_flattened_data instead.
  pixels = list(gray.getdata())
Skip non-chart visual asset 8558592119b3bab30e2bc7c24c0bcbf4dd03f2b42966fa3e2415af13140578e1.jpg: score=-1;square_without_chart_hint,edge:0.35
Skip non-chart visual asset 0ba01f90a16661686d1a28efdb934504d010c4845601f87a97ddf6ad274df94f.jpg: score=1;chart_ratio,square_without_chart_hint,edge:0.12,contrast
Skip non-chart visual asset cdfdc02a29d6b58acf1d6aa0326849c28b5409860fcabf66d17023eb1c45f11c.jpg: score=0;chart_ratio,square_without_chart_hint,edge:0.33
Skip non-chart visual asset f74c82ced59ae07b3ab7c1059d4600406a0b9f90e28d8ff038c95768541fa554.jpg: score=-100;too_small:1448x107
Skip non-chart visual asset c14793229dabfcfefb9f397f7c3c587142f2d59e7ad54e9c9d3c61485895ae94.jpg: score=-100;too_small:1309x148
Skip non-chart visual asset 0ab23180bceecd292c501b95f6647d9db6e6a8d4db000f3d7fd53359da290740.jpg: score=-100;too_small:1457x167
Skip non-chart visual asset 274916a373c18fb271a04f1e84084a3400fd6e24f5e93b18f70ab8d7add35527.jpg: score=-100;too_small:1006x145
Skip non-chart visual asset af021a87cb240db8a1cfd6cd59d8dbcb8c62ebe98f441b524d357de25082357a.jpg: score=0;square_without_chart_hint,edge:0.27,large
Skip non-chart visual asset 507b8d01b3a6d5c18191a014b73349a9763f0872a2d234ad1cdd82de646877fa.jpg: score=-100;too_small:448x162
Skip non-chart visual asset a58f31161cf602838072a6d98a434a4cfcdce672e9f88fa48bdc877680a3673b.jpg: score=1;chart_ratio,square_without_chart_hint,edge:0.27,large
Skip non-chart visual asset 116793eacd9a061a5f7fc2ec083649fe1a4e796c5ecf8521739bb22ea83a30d1.jpg: score=1;chart_ratio
Skip non-chart visual asset 7219b02e689895d0598e5483d0d44fe27225c085f763c19513e235a93305dcf2.jpg: score=1;chart_ratio,square_without_chart_hint,edge:0.32,large
Skip non-chart visual asset f18d496069f7e4ec8ef2485054f50561b41496eb095f7ca48f1d1ba3d8f0e278.jpg: score=0;square_without_chart_hint,edge:0.36,contrast
Skip non-chart visual asset b6ba0ec6b8596d644c02ce96156567e8aa98815107f550e757ff6a9afea0bfa2.jpg: score=0;odd_ratio:6.69,edge:0.38,contrast
Skip non-chart visual asset 174ad3f87ee1be5a813f0a71a21ae0f4d7ffb8c91233bad86806533b4da6cc70.jpg: score=-100;too_small:626x87
Skip non-chart visual asset 5f85e7c284e9e452add77f4bd4c030451e39a298cb6119e05ed93820c7117883.jpg: score=-100;too_small:448x123
Skip non-chart visual asset 4bf508887fe03b473c74146e6bf2ae7bea3c6ca1c1be6effe6486bda96e1253b.jpg: score=0;square_without_chart_hint,edge:0.36,contrast
Skip non-chart visual asset e7c5e4143f2298cf7e65c1991932c6199b6fa8b4959b2ddac7fa013fe736b3af.jpg: score=1;chart_ratio,square_without_chart_hint,edge:0.35,large
Skip non-chart visual asset 3994a34681bad796621ffab9565d1315e433db3fbe8b3d4b34701fadb170a479.jpg: score=-100;too_small:1454x170
Skip non-chart visual asset eea2b2acdc3982bef46e88fa440001d420874a64da6fb2f8a439f8c4e5104a9c.jpg: score=1;square_without_chart_hint,edge:0.21,contrast,large
Skip non-chart visual asset 7f83947db97d7c1d039ffd8c9825848dec357ab46edbab2f262285c0a385b38a.jpg: score=1;square_without_chart_hint,edge:0.37,contrast,large
Skip non-chart visual asset d9c5bf6de155e39cab19a3d018dd4eb051b9dedeac63f8854cb22e50096d4aa9.jpg: score=1;odd_ratio:5.02,edge:0.22,contrast,large
Skip non-chart visual asset 3c8c1d5c921b6616e0f93dbef283d1a8b85dcd5364952a90a1317e54c29b4a02.jpg: score=2;chart_ratio,square_without_chart_hint,edge:0.28,contrast,large
Skip non-chart visual asset 5075d70f9c6289159d59581769d509c04dee39d12a60a3a44c462b8c589d8310.jpg: score=1;odd_ratio:6.52,edge:0.30,contrast,large
Skip non-chart visual asset 110c8d8eab7e923f2b6585742d4482903f477a258ec6487da1087e65d9ba4901.jpg: score=-100;too_small:781x62
Skip non-chart visual asset 9ed9742c440c536374fec9e58f14dd42ca2b24b4a2df1cd3f696e15bd45097b6.jpg: score=2;chart_ratio,square_without_chart_hint,edge:0.40,contrast,large
Skip non-chart visual asset 52b3d30671dc141acf423876888a282fbd60d2bb39a96a74ead96e79a1f2aed8.jpg: score=-100;too_small:1301x62
Skip non-chart visual asset 86a08ee17b2175d5f386f89d72e63c41c19014f2c258fb12c2367be54e58bf63.jpg: score=1;square_without_chart_hint,edge:0.47,contrast,large
Skip non-chart visual asset 3326e72fa15503dd61fdc1c08858a7cbd501777cd70e6d33cf52411ae97b3007.jpg: score=1;square_without_chart_hint,edge:0.40,contrast,large
Skip non-chart visual asset 838e35ae896227fe5e01e09308b70a83eaccc9ef5bef34c0441a546fb92ba448.jpg: score=1;square_without_chart_hint,edge:0.58,contrast,large
Skip non-chart visual asset 5ec2a3c651a0c3f79e85382ec54e8644dcd2226c276d40a8bb58813abd9630e1.jpg: score=1;square_without_chart_hint,edge:0.46,contrast,large
Skip non-chart visual asset 81571bbc51012abe4a2a61f181539d349c0b19741b0e23aa2e80524b1b00fbf6.jpg: score=0;square_without_chart_hint,edge:0.43,large
Skip non-chart visual asset b4f8e333c9cb8c59ad2067f59ca19162e30dbb88b4099938f54ed266a96e29e7.jpg: score=1;square_without_chart_hint,edge:0.40,contrast,large
Skip non-chart visual asset 17b2adf1ae9757c7d1958f62549010650cdf6809b4f8872b6bd2d09d999fdbce.jpg: score=0;square_without_chart_hint,edge:0.41,large
Skip non-chart visual asset 651159f202ce1540c5f6c55ab5709e7c8b771e38dea3b98cb3c9f49bc2f6d741.jpg: score=1;square_without_chart_hint,edge:0.50,contrast,large
Skip non-chart visual asset cd5de39715f70610ea5af2fb6070875bd114594c170ab170cd315837e2281280.jpg: score=1;square_without_chart_hint,edge:0.41,contrast,large
Skip non-chart visual asset d62114c63468fe58ad9acbf246f4f3331c7086c9a83364b0d7050dad8638448d.jpg: score=-100;too_small:1937x140
Skip non-chart visual asset 0f45b49fd8c476fc8d8bda32b136f0aed1f27c7007d2c413e48a34573fa78611.jpg: score=1;odd_ratio:7.30,edge:0.30,contrast,large
Skip non-chart visual asset 5443b0749401a98b5e621a5d0b8e78385cab31b3ac750e2959665db5f1e65da1.jpg: score=-100;too_small:954x62
Skip non-chart visual asset 7d2e553fbbf4d50bec9794aa96c1d5bc1389437aa5cc23fd021b67ce6ec3eac4.jpg: score=-100;too_small:781x62
Skip non-chart visual asset 510029ee032e0df169e045425dc0822b57f7e619ae908408bd85f55198840480.jpg: score=-100;too_small:1995x118
Skip non-chart visual asset e94a4a9d5cf255698404e56016b6d9a04b00f09cd54a7ecfe790407ddc5df65a.jpg: score=2;chart_ratio,square_without_chart_hint,edge:0.52,contrast,large
Skip non-chart visual asset bd4e7b57025dde106f9b71fb6468c5a40bdb260d4fb9068f920bdf067b570b73.jpg: score=-100;too_small:1823x92
Skip non-chart visual asset bc8fa72f512ef6759e9a06460678d41f88f513ecffb08269a34fe5aad98cdc96.jpg: score=1;square_without_chart_hint,edge:0.54,contrast,large
Skip non-chart visual asset eaf1fd4ffcbc8f2ac6318959962d526a73d293408441300a8c86399c751c63c8.jpg: score=1;odd_ratio:7.28,edge:0.28,contrast,large
Skip non-chart visual asset fedd6b9d7723d4966e2ea59590eacc2249ae0b5262d852656047daf642e91b21.jpg: score=-100;too_small:781x62
Skip non-chart visual asset 4af804fc5166aebe4a2a922fe2401dc591f577df2785ee3e0ba81d1479ccf5d3.jpg: score=1;square_without_chart_hint,edge:0.49,contrast,large
Skip non-chart visual asset 5952212cf982081948329e82156b884c6d364fefa4ededfd2556baa203917b26.jpg: score=-100;too_small:1231x164
Skip non-chart visual asset b3e7f7efc97d08e3eaf5f3c7e9d70c2ab3a95be9c2a9c187280afcacd3dc1c85.jpg: score=1;square_without_chart_hint,edge:0.19,contrast,large
Skip non-chart visual asset 30aa35e08464fa1f446d006a158a457eecd5689e0f780db6733caf99d136948c.jpg: score=2;chart_ratio,large
Skip non-chart visual asset e1c21fa0d45716a7c5f4d67ddf768d1ad7e3578b4dff606d7dc90cc3e9789e20.jpg: score=-100;too_small:2003x165
Skip non-chart visual asset 0992a1c67c3fa5f3b53cead1d4ae0605cce68391bd9eb0ef69cdd7a11682e057.jpg: score=1;chart_ratio,square_without_chart_hint,edge:0.52,contrast
Skip non-chart visual asset a49c3c406baa41b1d0190e2925f7965170468257d3dd5409a52008966e073efe.jpg: score=-100;too_small:465x207
Skip non-chart visual asset c100833d43c35e8c0f41aea38a780ffd3ec47fe95057f25a3d385cdc27472997.jpg: score=-100;too_small:485x204
Skip non-chart visual asset 8a499bd1ef02fde8abdd02e654a9a608e56aeaa7e5582fbac6a17a4862038227.jpg: score=-100;too_small:148x393
Skip non-chart visual asset aa61578b62ed38335bd2bd200861011874caf4a6f3e49748f8edd5aabfd439fe.jpg: score=-100;too_small:490x204
Skip non-chart visual asset 8c9d3ecf446b320efd186994c0db3c591bd49cb3793808fede0b11f377eb135c.jpg: score=0;square_without_chart_hint,edge:0.54,contrast
Skip non-chart visual asset 67491cffa73bc938d7771a961c689732b664e7c4a47e2a285f82dffb08c00e94.jpg: score=-100;too_small:220x401
Skip non-chart visual asset 1d52274931d80c74990364597ccc07f94acb38d800fcfe1792f12bc7806bf901.jpg: score=-100;too_small:1457x168
Skip non-chart visual asset e4b0a8abc152205576d31597fb5a8c0059a443d3eceee65d525da3307c1a2bca.jpg: score=-100;too_small:206x407
Skip non-chart visual asset c03e7db3e96cc1a21f7467b838f9325e270c91df0c0f2a0df250d4f7883bb86f.jpg: score=-100;too_small:206x403
Skip non-chart visual asset 0db3a149e8d733ae3383596053b40a1091a1e587a0fb5c98d1d420f7133d6b1c.jpg: score=-100;too_small:206x379
Skip non-chart visual asset b571e707b7fe35926ac82e5673a07bf36b428cd1a0eb3a10dc04bc67f1cf1c7f.jpg: score=1;chart_ratio,square_without_chart_hint,edge:0.49,contrast
Skip non-chart visual asset fdd1f2d1ba9719d42e2a522af110aea5f976086a92317c385942a2cabdf42a62.jpg: score=-100;too_small:190x329
Skip non-chart visual asset 19d71efddde8cde84c4ce2f5d4cf8c6a3620713ed06ce05a462c4177d35abb73.jpg: score=-100;too_small:209x401
Skip non-chart visual asset 92c4d2ef1143cd730706c3bc96f91ce64d0934d04be5629c99e2f496d9b772c3.jpg: score=-100;too_small:203x376
Skip non-chart visual asset 7b198134de31d085bf802573bb2a3a323360ad4fc2ec7448ec86d26ec0125d10.jpg: score=-100;too_small:148x379
Skip non-chart visual asset 9c06b007d8bffc6434bc1722fbae1e63180e0f884b02e26f8519c3adace580ab.jpg: score=-100;too_small:203x390
Skip non-chart visual asset 808cfdd54548a6d37db2a56abacd6a334ab39e845588e034dab072ee22251712.jpg: score=-100;too_small:220x376
Skip non-chart visual asset ee5615b3bd81239ada92212580a73b66320b98f272cb34cb02afb0c7b33bf049.jpg: score=-100;too_small:190x310
Skip non-chart visual asset dc7639baf2559f383004944ef29d6e12b5dfb1698bbb51a16261cbc53db79440.jpg: score=-100;too_small:260x404
Skip non-chart visual asset 68ea2e2ba4ad08db8900d026e2ccbaa07c91b780748f914f40f03fd4e9f0954c.jpg: score=-100;too_small:203x403
Skip non-chart visual asset 06830e9d8679276090d67125b8b2828175ac94535eccff624f65a542a28746cd.jpg: score=0;square_without_chart_hint,edge:0.54,contrast
Skip non-chart visual asset f0bbf115ff2204e82c61dde5297107e5f75f651201ec7bc665c26699a537c097.jpg: score=-100;too_small:220x403
Skip non-chart visual asset 8d6affd7faeb7bd123daf05587862c267bbc369f68aee73a0d573fd16cc5a9a7.jpg: score=-100;too_small:521x134
Skip non-chart visual asset ce890fc55538900028d5911c971d9686e6ef780811db06688483eef3d2dfe221.jpg: score=1;large
Done. Results written to /home/runner/work/rpt_edit/rpt_edit/xhs_notes/dropbox/260718/shard_10; successful_reports=5; mineru_timed_out=False; mineru_attempts=1
All batches completed successfully. Generated 5 report directories.
