Found 87 total PDFs; shard 17/40 has 2 PDFs, skips 0 already converted, will process 2 PDFs with batch_size=5.
Running batch 1: 2 PDFs
Found 2 PDFs. MinerU token slots available=2.
MinerU attempt 1/4 using MINER_U_2: submitting 2 PDF(s).
Uploading PDF to MinerU: /tmp/pdf_batch_001_ngn2we2q/pdfs/0001-86-UBS-US Economic Perspectives-Warsh- -A sea change in new thinking--260714.pdf
Uploading PDF to MinerU: /tmp/pdf_batch_001_ngn2we2q/pdfs/0002-87-UBS-Healthcare Facilities - Managed Care-Healthcare Horizons-The First Baby Boomer Hits 80 This Year- So What--260714.pdf
MinerU attempt 1 using MINER_U_2 batch_id=d04861ad-c383-44f2-aedc-d15b4e9f8b86
MinerU states: running, waiting-file
MinerU states: done, running
MinerU states: done, done
MinerU result contained no standalone chart images; creating title card only.
/home/runner/work/rpt_edit/rpt_edit/scripts/pdf_to_xhs_batch.py:291: DeprecationWarning: Image.Image.getdata is deprecated and will be removed in Pillow 14 (2027-10-15). Use get_flattened_data instead.
  pixels = list(gray.getdata())
Skip non-chart visual asset cdad37ed5f3f289dde3182eb5e04c1edc7492052b620f927e029ca4056106a0a.jpg: score=1;odd_ratio:5.27,edge:0.37,contrast,large
Skip non-chart visual asset 18b4dc870f94193d0ed23d20377c69dc2244635a9e7dc35374e94d94438db7d0.jpg: score=-100;too_small:523x160
Skip non-chart visual asset 36d34442f45f86f0450f43f1e5412027df784dbd3305dcc9c22372716eeefdbf.jpg: score=-100;too_small:340x62
Skip non-chart visual asset 57e3236db69ca74b69256e5647e52bf7f7937133693e48067c0884d67ab73f42.jpg: score=0;odd_ratio:7.58,edge:0.28,contrast
Skip non-chart visual asset f5f9dc36239f22f94b2b1d9a20a32b1e0fa552fa6e75ec1b57a6da05168322cd.jpg: score=-100;too_small:340x162
Skip non-chart visual asset 997b7c61588a15b34e6c430ea8724f12baf466cd3138b26eb184bfc04243b137.jpg: score=2;chart_ratio,square_without_chart_hint,edge:0.25,contrast,large
Skip non-chart visual asset 5c5cf7031ce8b625e071f71a1bf9c85c22ce33b3b5320dfee0603a8c957e8845.jpg: score=-100;too_small:526x176
Skip non-chart visual asset c532145d5aacf2418e59cc99525ef73437f164a4cd47f3bafd541f4e2b65eed0.jpg: score=0;odd_ratio:6.22,edge:0.28,contrast
Skip non-chart visual asset e2f99693c879c309736d25ce6e14c8496a0ebbe898091acc06261a7c12c0cba1.jpg: score=-100;too_small:526x162
Skip non-chart visual asset 4ba83fa8b916442ccebd5d0217bd95cbb3d0c95e04659e8373c554870da48288.jpg: score=-100;too_small:337x101
Skip non-chart visual asset e8098ddcdcd5648ec5c2a9195a0e27a47d5376b55577c3f2e7d3a295c634c816.jpg: score=-100;too_small:528x184
Skip non-chart visual asset 319cdcb6ce053df718b5038226c7d88207912c54fcd8c704616abb2645a1aabf.jpg: score=-100;too_small:337x128
Skip non-chart visual asset 59a8b9e13e2330f372465f5d344137d1e3cf7e5bd43b00e00cccbf5afe4a41a3.jpg: score=-100;too_small:342x165
Skip non-chart visual asset 5d223e3c62f700c260d90283993c66e8fe82d685f04c242b080553c33a7a4bb0.jpg: score=1;chart_ratio,square_without_chart_hint,edge:0.15,large
Skip non-chart visual asset b6bef229866d1ff19fbc690430dc170d8a5124ddcfff40124b56b4ccc08245ea.jpg: score=2;chart_ratio,square_without_chart_hint,edge:0.24,contrast,large
Skip non-chart visual asset 53eb4d1a67b5be2b08c83b26ebcb580206692903bc7a898e0b592beee3020688.jpg: score=-100;too_small:340x162
Done. Results written to /home/runner/work/rpt_edit/rpt_edit/xhs_notes/dropbox/260715/shard_17; successful_reports=2; mineru_timed_out=False; mineru_attempts=1
All batches completed successfully. Generated 2 report directories.
