Found 78 total PDFs; shard 12/40 has 5 PDFs, skips 0 already converted, will process 5 PDFs with batch_size=5.
Running batch 1: 5 PDFs
Found 5 PDFs. MinerU token slots available=2.
MinerU attempt 1/4 using MINER_U_2: submitting 5 PDF(s).
Uploading PDF to MinerU: /tmp/pdf_batch_001_yk9ap254/pdfs/0001-61-Morgan Stanley-Global Technology Webcast-ASML Management Roadshow-Memory Innovation and Apple AI-260721.pdf
Uploading PDF to MinerU: /tmp/pdf_batch_001_yk9ap254/pdfs/0002-62-Morgan Stanley-Gold and Silver- When Will ETF Buying Resume--260720.pdf
Uploading PDF to MinerU: /tmp/pdf_batch_001_yk9ap254/pdfs/0003-63-Morgan Stanley-Greater China Technology Hardware-TFT-LCD Panel Prices for July 2026- TVs -2-- Monitors and NBs Flat MoM-260720.pdf
Uploading PDF to MinerU: /tmp/pdf_batch_001_yk9ap254/pdfs/0004-64-Morgan Stanley-Section 338 Tariffs and Canada- Limited Macro Effect- Rising Strategic Risks-260721.pdf
Uploading PDF to MinerU: /tmp/pdf_batch_001_yk9ap254/pdfs/0005-65-Morgan Stanley-Morgan Stanley Global Macro Forum-Reading the Signals- Moonshot- Macro Data- and Bank Earnings-260720.pdf
MinerU attempt 1 using MINER_U_2 batch_id=c11eb753-3311-49fa-bacc-833a952ce844
MinerU states: pending, pending, pending, pending, waiting-file
MinerU states: running, pending, pending, pending, pending
MinerU states: done, running, running, running, pending
MinerU states: done, done, done, done, done
Skip non-chart visual asset c2c5ddc6bb1bbcf7ef7a329a5ebbe321b4c358015e60177d565fb41acccb9e4a.jpg: score=-100;too_small:82x65
Skip non-chart visual asset 2cce7931cbf88bc348339c8b73960f5f38bd01b0052e7238cdb858cb9b55e43b.jpg: score=-100;too_small:115x73
Skip non-chart visual asset fedf69b46db342273e32abca81ff73181734b233020fa99ebac9e868f41e445c.jpg: score=-100;too_small:100x65
Skip non-chart visual asset 41746a0de4e8cf3fdd4f5be7a485c7475218e5f81529ffb3492845eeed13ad4c.jpg: score=-100;too_small:43x65
Skip non-chart visual asset 6c983634345e8dabdf90c2c2bdfa57ffeaf83fa8487338db8acabb9ec6a4a84b.jpg: score=-100;too_small:531x114
Skip non-chart visual asset fc681eda96c6d41bfcfa4098d93b71619ac3996ac6febafc4c5cb0644458672d.jpg: score=-100;too_small:112x68
/home/runner/work/rpt_edit/rpt_edit/scripts/pdf_to_xhs_batch.py:293: DeprecationWarning: Image.Image.getdata is deprecated and will be removed in Pillow 14 (2027-10-15). Use get_flattened_data instead.
  pixels = list(gray.getdata())
Skip non-chart visual asset 487bb2fe4383722ca0065a40c7e6eeeb6913c30bdd37f563093a078e86a20651.jpg: score=1;chart_ratio,square_without_chart_hint,edge:0.17,large
Skip non-chart visual asset f7c42aee3cacb0cc9be28f5196c958b8667219b907e5ab03c8b73bc885724258.jpg: score=-100;too_small:112x75
Skip non-chart visual asset 44cc6a3c983600026ef4e9417d6f237c981ee090c1d6ed32374284a90a098ccb.jpg: score=-100;too_small:207x54
Skip non-chart visual asset 9f0a8b7e3ced912e66d3cf79ef0966ba45f8275b42821b583f29e3e237006000.jpg: score=-100;too_small:92x62
Skip non-chart visual asset b4726d61b15a804b71c1242446da8fe2326bbacdf735b2dd80a956800143fea7.jpg: score=1;chart_ratio,square_without_chart_hint,edge:0.16,large
Skip non-chart visual asset 64e25af874a7904ba10c0f30720cdcf50d57ea7f892210a5d961abb3ca1a4b59.jpg: score=-100;too_small:115x68
Skip non-chart visual asset 554b722d85ac04b2816ca46ae0d69c98e7cedce3f12650ed4a44669434ebd97e.jpg: score=-100;too_small:103x65
Skip non-chart visual asset c97bdc49712d8a3c791986a08f40f683f6307486d93f80a6ff4a0db8bfe809a2.jpg: score=-100;too_small:112x68
Skip non-chart visual asset e4ce4b8f47d4280e1ea359256c35b3b63276d2bcd75d5ffe2fb86b93e12b2976.jpg: score=-100;too_small:121x70
Skip non-chart visual asset 54bed37c0defe938ed1661da87557cd0445b5cc6cf1c1b6777d9c784eb7695bd.jpg: score=-100;too_small:92x87
Skip non-chart visual asset c39992ea4813ad7043ce59b54f3ab4465883a44375a0e9b383f48941736edb40.jpg: score=-100;too_small:131x120
Skip non-chart visual asset 3bca0edbb42c31d538a776aec40d315dc0c1f3168ac58af567425f96bcf5c4db.jpg: score=-100;too_small:103x64
Skip non-chart visual asset 439f5a72e55aa5981cca09ca14bb7075b72b4d8a4fb1314657e81070e19983c9.jpg: score=-100;too_small:131x123
Skip non-chart visual asset 14ca2813f4e4dc24c387bc93e202d718ace751cd11f8763bfd45b846be96c1c7.jpg: score=-100;too_small:107x65
Skip non-chart visual asset 7dd2bdd9fd1bb5b07a50b9d3d105bc7dfa9556eea97669b45d2a2bc52509ee9f.jpg: score=-100;too_small:95x62
Skip non-chart visual asset 76e93050393a5832f4d79ba560a8ab40747ca6308eaaf98019962c020dcff0d7.jpg: score=-100;too_small:118x74
Skip non-chart visual asset 57ab2bdc1627ceeb2091e57e5f1e365498a8df6764ca41c813376e87cf63de36.jpg: score=-100;too_small:76x65
Skip non-chart visual asset 505713ef777538f2c38c288fe48087b839d8dc28f54dff34ac4ce22cfa9deda1.jpg: score=-100;too_small:121x73
Skip non-chart visual asset 4390ca29fa2ccd032878cb54a492719e7855eba372574741d4afb52c99d49fe2.jpg: score=-100;too_small:114x73
Skip non-chart visual asset 57869e6bf33aee25d2294dd129bf0a1df8bd3b411a5d8ac4b346415b6d39d9c9.jpg: score=-100;too_small:112x70
Skip non-chart visual asset d915ed9659f71aa775362a2a572f9a7d48ff8e3f3b5eed63f23001110204799d.jpg: score=2;chart_ratio,contrast
Skip non-chart visual asset c34c6963b119c3480775bd56c61c8741fe4c5d7684f8ed81d2fb5aad9e8d4c41.jpg: score=-100;too_small:110x70
Skip non-chart visual asset cb87fa8428fde8e15dadec1cbf25fdb7c3c3ba3a0540f47a1982ca0b72a480bd.jpg: score=-100;too_small:124x70
Skip non-chart visual asset 9743ca43358a77687c0de2478f7bd587163ebedc86582c52d8949f9e2bd86c61.jpg: score=-100;too_small:162x57
Skip non-chart visual asset c1fc3376a166594a6c6fa7145453b4594eab623e230c3bbed0679730af48de69.jpg: score=-100;too_small:129x128
Skip non-chart visual asset 061896ab69dc2106673bc0d93ddbcd7a4894a0d42b3b2d7fc20e6ac0dd44495d.jpg: score=-100;too_small:37x35
Skip non-chart visual asset 9dc31c93bd200d9ce9d15c17dcfd6afa74c48d12feeee7d7c3ce056c327f5fa4.jpg: score=1;large
Skip non-chart visual asset 963f2820e91feff97d9d6f3ed70ac26214898494ed4d054c269e0ee99581d4e8.jpg: score=-100;too_small:109x70
Skip non-chart visual asset 8f686ece19f11e64278c9bee3c3b2018210ffad48b914bfdda578d8d0567d7fa.jpg: score=-100;too_small:118x70
Skip non-chart visual asset 47008d9d3f9da2d452c386fcb88836295f9c53efe061bc659676f8098745cd1a.jpg: score=-100;too_small:78x68
Skip non-chart visual asset affb93cef2da39825cb4f96e5aaf2261113a483cbf4595448b9a03ab198bfca3.jpg: score=-100;too_small:110x70
Skip non-chart visual asset 464808a6e43a2a3304d204483b76a6d10c1291008c38c31e6286dba5e8bda9df.jpg: score=-100;too_small:73x65
Skip non-chart visual asset c55c151580c191cb3b99b80169c0f3e8276f977515194954806eb9360521db47.jpg: score=-100;too_small:109x76
Skip non-chart visual asset bd253c30e7d6ca530fa3a269ecb39d1e4ee6c3f6e770836675fd4e57ca6e0791.jpg: score=-100;too_small:406x71
Skip non-chart visual asset 47c381949a12defec9864af684445c80505f3fb6909db99efe1f89956d1a20b5.jpg: score=-100;too_small:43x62
Skip non-chart visual asset f56d664865209082960a063f274c123f97ee3b10abce0c0be9f2fb231b41f1c6.jpg: score=-100;too_small:106x62
Skip non-chart visual asset 4591a88f583d92051f10f8cd181bbb6d23fd2cc3dc30f599b81a7311cba14a39.jpg: score=-100;too_small:118x70
Skip non-chart visual asset f43ccf27e034b7ddb48e83761d348875c47dc97d8f0bab0d6a3bf1b572fbfc04.jpg: score=-100;too_small:115x79
Skip non-chart visual asset 81337775d42fe90377b0b5fabb93f00395e476a9be50b40172ae0904d12fadc6.jpg: score=-100;too_small:124x76
Skip non-chart visual asset 72ca170bbc33a0faf826bb1046c88f43c11e832f9340a21d807daf1f7b9df0d8.jpg: score=-100;too_small:201x56
Skip non-chart visual asset e6e63ac3e9deeef9625acd3c563d48944532aec55cb7d5e8c7631272dda3e019.jpg: score=-100;too_small:46x64
Skip non-chart visual asset 9c7e93dc4f552219da25aa12936d5ee91dac35c61baccdc0b55aea5e5a1e4d5b.jpg: score=-100;too_small:109x65
Skip non-chart visual asset 2e104e7fffa943e51c83f4d26c65017dc5fda4fab6dfadb5edba07791096c737.jpg: score=-100;too_small:112x73
Skip non-chart visual asset 96bbaf596af8f6317dabb3c705715be9e3560da8c635f774725ffe3330d66502.jpg: score=-100;too_small:81x65
Skip non-chart visual asset 25f1f70d52f6f2901759a17d00756a2b097a097fc79e0676313d36f91131841b.jpg: score=-100;too_small:110x64
Skip non-chart visual asset bc0a25f197aab608c373486466eb2568857d6928ab85f5cbccc59cfe9ba8f52b.jpg: score=-100;too_small:112x70
Skip non-chart visual asset 667f2357ee3d972e61a4f2ea9d911912f9b8326bf28a3334b4a56f35d4799992.jpg: score=-100;too_small:104x65
Skip non-chart visual asset 58d32a94f4bf5ef92a79ad2ae59f9f6188dc0d2c1e0fe6f72d30b8ccf7d6c686.jpg: score=-100;too_small:92x93
Skip non-chart visual asset e7185dd4a35324f335184d0f5a4355104974600e2ade22438af16d918b11af2c.jpg: score=-100;too_small:104x70
Skip non-chart visual asset 85568b4656b19e567d606ef7bb1c085ada1c0c6a78bc50318e9eec719076ff5e.jpg: score=-100;too_small:112x65
Skip non-chart visual asset b1c97f677030744bce915c2df1e5cdcae3872a669c7fdfebaa6b047ae7368486.jpg: score=-100;too_small:93x93
Skip non-chart visual asset 6b32d46e6c7fb4aaeecf28e9a3ed343fbcc366e3cc95cd5c961b0d51a80b0692.jpg: score=-100;too_small:115x73
Skip non-chart visual asset 11470f49827fa05091913cec922f422adbd66d915f24a67b6116f0fe2c10ffe9.jpg: score=-100;too_small:187x51
Skip non-chart visual asset f1a555e73072f433394e869f05a284b072b087cdcb7716ce8e69881db3fd7e0a.jpg: score=0;odd_ratio:5.03,edge:0.43,contrast
Skip non-chart visual asset e06b212df70f61cf081206b61229f6854a8bbcbc1863a53013d96fe00be7e6b2.jpg: score=-100;too_small:1148x164
Skip non-chart visual asset 2766ab48a21e8feaa368e7ec36a5d0551353acc6a3a4c52a11e3327c97cade87.jpg: score=0;square_without_chart_hint,edge:0.15,large
Skip non-chart visual asset 024e3ecc5667b6f723e7ba7e9b59232c26f415efb1a77601b5858084b97aaf12.jpg: score=0;odd_ratio:7.79,edge:0.22,contrast
Skip non-chart visual asset 14e2b176a50234b6ccf521c3af0e425c2e3413ca0210a1913d488a173bf4b5c5.jpg: score=0;odd_ratio:5.66,edge:0.23,contrast
Skip non-chart visual asset 0946d958233cd22345f697f1de836545491c81cc43e2db32287b64ebedbbe2ce.jpg: score=1;large
Skip non-chart visual asset 19d4fbea195c5ed2d0de9d11a8681f586db582b5bbde05d82c1c7931f4b1b375.jpg: score=1;square_without_chart_hint,edge:0.18,contrast,large
Skip non-chart visual asset dc693f13a06c6fa288db187931ae2136fbd28bc5cc5d1fe806fccf1decaa5b05.jpg: score=0;odd_ratio:5.08,edge:0.44,contrast
Skip non-chart visual asset aecfb91d21f72b823aebcea4c8eded7d67d7706a84f425159bdba9ce262ffe67.jpg: score=2;chart_ratio,large
Skip non-chart visual asset 150177938738105ce5ed188cb06b5fbd1af8a3397468e9b7cf7c95b31055742c.jpg: score=-100;too_small:515x137
Skip non-chart visual asset c6290d7d485eb499a5526aca2130027119f845c885a34469d735611f1e8c7f2f.jpg: score=1;large
Skip non-chart visual asset 1cc471dd1c45ad26375be26241acade520134de3814dab8ebead0d848689f566.jpg: score=-100;too_small:501x145
Skip non-chart visual asset 0e7994193b4a0e4530eb03635e617eecad174dc6be8a7e14e19a6d626a74ff55.jpg: score=0;odd_ratio:7.86,edge:0.37,contrast
Skip non-chart visual asset 92dc9fce5b57344ce279efa7b2b96d259607fc1950f108a5b07a11980e433c22.jpg: score=1;large
Skip non-chart visual asset 3bbe6324b5308896c77dfb49cb89654f4e5b6a061bb19ff89acd9e667b0bab83.jpg: score=-100;too_small:1285x140
Skip non-chart visual asset 074411f9e52e88bc864b20dd858712dce5f4d968a44101157981f19414650529.jpg: score=1;chart_ratio,square_without_chart_hint,edge:0.20,large
Skip non-chart visual asset baeb2c2a161cb20ac72df479a05a8186ec80a0900ef2e1c808cad4fafc38fde4.jpg: score=2;chart_ratio,square_without_chart_hint,edge:0.23,contrast,large
Skip non-chart visual asset 4d95d269f8a15182e8f6f20f0a75a3e2d40f76ab028e5a43c6fd0ee3da5f808b.jpg: score=0;square_without_chart_hint,edge:0.20,contrast
Skip non-chart visual asset ece1bbc770ae89285e6fe387d165305a88c58b43fbb81cf49960b880dc4be7f8.jpg: score=1;large
Skip non-chart visual asset 0e4f7e9527518efcabfa951d1d039c18dd3f1b8441899dcae59ccf14646c09f4.jpg: score=2;chart_ratio,square_without_chart_hint,edge:0.18,contrast,large
Skip non-chart visual asset 4f9308be34912fb558a2f7fe1636bb6a48a1986d4992fe1189851cfa13d0ccd3.jpg: score=1;chart_ratio,square_without_chart_hint,edge:0.14,large
Neutralized WeChat title while keeping the report: 摩根士丹利：第338条关税与加拿大-有限宏观影响-上升战略不确定性 -> 摩根士丹利：跨境贸易与行业变化观察
Skip non-chart visual asset a9c5ccac5cbed387b08598679d4a46272a7171409edea5f6dc0ac18929b1bf99.jpg: score=1;chart_ratio,square_without_chart_hint,edge:0.13,large
Skip non-chart visual asset 5c806791739e04e3cf9fe409824857cceed6c763e1d03f77fa0dbb5930b56984.jpg: score=1;chart_ratio,square_without_chart_hint,edge:0.18,large
Skip non-chart visual asset 8a0e50c64512abb9fbb20ccf5d8791806509978c6783d01dd0b08a5d75efa765.jpg: score=1;chart_ratio,square_without_chart_hint,edge:0.13,large
Skip non-chart visual asset 3360c0e61a8519336fe5e6ce643a1012c68754234d4538fc9a6b6d7e3d8ab7d9.jpg: score=1;chart_ratio,square_without_chart_hint,edge:0.21,large
Skip non-chart visual asset 84e0b830e8f808f5e7250354bc168184496be83c46e4944bef0f242d9450e84d.jpg: score=2;chart_ratio,square_without_chart_hint,edge:0.17,contrast,large
Skip non-chart visual asset 0b512bd8282dd530e16bd2d9adf3b68ad1402350a6ac1fa9dd9bd8764191ba57.jpg: score=1;chart_ratio,square_without_chart_hint,edge:0.19,large
Skip non-chart visual asset 541b576ef7c387f88bf30004af1f23c330bf8e247c388d0dd2e7530db9e55b09.jpg: score=2;chart_ratio,large
Done. Results written to /home/runner/work/rpt_edit/rpt_edit/xhs_notes/dropbox/260722/shard_12; successful_reports=5; mineru_timed_out=False; mineru_attempts=1
All batches completed successfully. Generated 5 report directories.
