Found 74 total PDFs; shard 7/40 has 5 PDFs, skips 0 already converted, will process 5 PDFs with batch_size=5.
Running batch 1: 5 PDFs
Found 5 PDFs. MinerU token slots available=2.
MinerU attempt 1/4 using MINER_U_2: submitting 5 PDF(s).
Uploading PDF to MinerU: /tmp/pdf_batch_001_woi45idq/pdfs/0001-36-Goldman Sachs-Japan Strategy Flash- 1Q3 27 earnings preview-FX and AI tailwinds meet a high consensus bar-260717.pdf
Uploading PDF to MinerU: /tmp/pdf_batch_001_woi45idq/pdfs/0002-37-Goldman Sachs-Precious Comment- Strong Central Bank Buying in May Provides Price Floor Amidst Likely Temporary Rates Pressure-260717.pdf
Uploading PDF to MinerU: /tmp/pdf_batch_001_woi45idq/pdfs/0003-38-Goldman Sachs-Navigating China AI models-New frontier from Kimi K3- from cost efficiency- intelligence to pricing power of Chinese models-260718.pdf
Uploading PDF to MinerU: /tmp/pdf_batch_001_woi45idq/pdfs/0004-39-Goldman Sachs-Netflix Inc. -NFLX.US- Q2-26 Earnings Review- Management Team Focused on Compounded Revenue- Margin Trajectory - Capital Allocation- Investor Debates.pdf
Uploading PDF to MinerU: /tmp/pdf_batch_001_woi45idq/pdfs/0005-40-Goldman Sachs-WEEKLY FUND FLOWS-Renewed Energy Inflows-260717.pdf
MinerU attempt 1 using MINER_U_2 batch_id=e07cb167-8539-4ab4-af7d-2d61a7a45ffb
MinerU states: pending, running, running, pending, waiting-file
MinerU states: done, done, running, done, running
MinerU states: done, done, done, done, running
MinerU states: done, done, done, done, done
/home/runner/work/rpt_edit/rpt_edit/scripts/pdf_to_xhs_batch.py:292: DeprecationWarning: Image.Image.getdata is deprecated and will be removed in Pillow 14 (2027-10-15). Use get_flattened_data instead.
  pixels = list(gray.getdata())
Skip non-chart visual asset 97ed7ad13f452c03dd397beae6233b51a35568484f31139e63415973eca5c9a6.jpg: score=-100;too_small:445x120
Skip non-chart visual asset 2dfe194c6ebf26ed8efc4acd622c23be57962ebcfe52479c8dea1418bece8091.jpg: score=-100;too_small:368x245
Skip non-chart visual asset bc55a3efbf8fca73fa1d5ae0ba464c573d42b77f1e4c6c9318cad980a88ab127.jpg: score=-100;too_small:642x110
Skip non-chart visual asset 42a06729ef2c3efe9686cb23ccf74ad0360837172c3c48eb6bd4fc3ae793d49d.jpg: score=-100;too_small:379x246
Skip non-chart visual asset ec51ab1b57545c1a002e86412ac0557832eae7d7915a9736469aad31a6cb2dba.jpg: score=-100;too_small:1095x151
Skip non-chart visual asset 4734bd0472296a21889ad370e2af4e12d6d0648431fe0f3d7929411366007e81.jpg: score=0;chart_ratio,square_without_chart_hint,edge:0.15
Skip non-chart visual asset 7f613c7c88a64e0605b9e1c5ab9e6969a57f0c8013dbd1123c92fd21a950a8dc.jpg: score=-100;too_small:481x107
Skip non-chart visual asset b34a7a60645bf17e2ad18845e1ff607c8375d1195541cb1123b83ed41aa6f980.jpg: score=-100;too_small:518x128
Skip non-chart visual asset b6d602490c9d2a4c4d84a7736b8dd728014593bd79b44a24503c61b91642e62a.jpg: score=-100;too_small:376x248
Skip non-chart visual asset 4816b145f5a617d2c42582acd829bafda63639968352a666ce0a374d88b9a6e6.jpg: score=2;edge:0.16
Skip non-chart visual asset 9e4e2f6b4b81a114ed34d65f4a8e6f7a8ed18245449c12049cb2af385f86d2b2.jpg: score=-100;too_small:546x170
Skip non-chart visual asset c8da258e4b3e758735dbc7e8e40fa6825ba646011ef608fb9c22f29a790d11fe.jpg: score=-100;too_small:701x85
Skip non-chart visual asset 598fc52f498c838ea516f832d7262e90333a5155b128ae20f2d2500e51ba54e9.jpg: score=2;edge:0.31
Skip non-chart visual asset e0974ef141ac6fc58268e18892d4529fd02c66c95476cb69f1e2a44857fd3bd6.jpg: score=0;odd_ratio:5.59,edge:0.31,large
Skip non-chart visual asset 54d966504aef9aa1275a1c3ff58ac225535e051180384368bcfb6d13ebf8ab13.jpg: score=-100;too_small:1159x112
Skip non-chart visual asset a29f33f23c8da5d46a285ab71f94df261d36411a51778d449d22112095f2d599.jpg: score=0;odd_ratio:4.98,edge:0.27,large
Skip non-chart visual asset 6fae5f9c4f4ca5f031319f4d92f6b5e90501b9b2422b3ab22b85b708bfbbe3d8.jpg: score=0;square_without_chart_hint,edge:0.33,large
Skip non-chart visual asset 4300af22a4a766e014bf514b10e52a485f7021ced23a45d53b682df663726e6a.jpg: score=1;square_without_chart_hint,edge:0.45,contrast,large
Skip non-chart visual asset 5d5669ca3d4776ef574958d044adadbd8ab972af7092fdee2deb7502f3033e60.jpg: score=1;chart_ratio,square_without_chart_hint,edge:0.33,large
Skip non-chart visual asset 557bd974ed33d6c1db808b8cd4b74d0ef35730929c0ef059296d99f82c71597b.jpg: score=1;square_without_chart_hint,edge:0.28,contrast,large
Skip non-chart visual asset 089672f8fbf7991c6591724f5752ef42b5f1040f6360b5389149a68de7bed5d6.jpg: score=1;chart_ratio,square_without_chart_hint,edge:0.20,contrast
Skip non-chart visual asset f61f578d1d5208fbff7bb793fa39e6c89a6e783e8eb7ff30ac06885b627f9a73.jpg: score=0;chart_ratio,square_without_chart_hint,edge:0.17
Skip non-chart visual asset 137a9328deb4baa96016b956a80a2bb966a5bf281c78bfbfe79bc1c06f61c98a.jpg: score=1;square_without_chart_hint,edge:0.28,contrast,large
Skip non-chart visual asset 702ef36ff5a7c98d66e80af67566339d88663a20b648fa09dde469acf90b75a4.jpg: score=0;chart_ratio,square_without_chart_hint,edge:0.19
Skip non-chart visual asset 6fee7434517d22fb941213eb8b00ca20840f3a262c0910a37fcac15ed25740bd.jpg: score=1;chart_ratio,square_without_chart_hint,edge:0.19,contrast
Skip non-chart visual asset 072ba496f1dbecc35f19756071eea156b4257fb01bddee538e67a1be5427ac54.jpg: score=1;chart_ratio,square_without_chart_hint,edge:0.25,contrast
Skip non-chart visual asset 2c7574f784a2691d3b9b702b94b5a1532336a8ae6defe012439074ad2ac2c675.jpg: score=0;chart_ratio,square_without_chart_hint,edge:0.18
Skip non-chart visual asset 1ebf72e6b0148b38164fce81235eec9747ed19c24508f931956b7066e1797932.jpg: score=0;square_without_chart_hint,edge:0.28,large
Done. Results written to /home/runner/work/rpt_edit/rpt_edit/xhs_notes/dropbox/260718/shard_7; successful_reports=5; mineru_timed_out=False; mineru_attempts=1
All batches completed successfully. Generated 5 report directories.
