Found 34 total PDFs; shard 6/40 has 4 PDFs, skips 0 already converted, will process 4 PDFs with batch_size=5.
Running batch 1: 4 PDFs
Found 4 PDFs.
Uploading PDF to MinerU: /tmp/pdf_batch_001_y09g2hay/pdfs/0001-31-Morgan Stanley-Greater China Semiconductors-PC Semis- New Growth Drivers Needed-260527.pdf
Uploading PDF to MinerU: /tmp/pdf_batch_001_y09g2hay/pdfs/0002-32-Morgan Stanley-Large Cap Banks-How Did GSIB Scores Trend in 1Q26--260527.pdf
Uploading PDF to MinerU: /tmp/pdf_batch_001_y09g2hay/pdfs/0003-33-Nomura-China healthcare-2026 ASCO- Highlights from covered companies-260527.pdf
Uploading PDF to MinerU: /tmp/pdf_batch_001_y09g2hay/pdfs/0004-34-Nomura-Global AI Trend Tracker-Google-s next-gen AI network for TPUv8t v8i...-260527.pdf
MinerU batch_id=bf198b54-ea11-4590-902a-ebdd185b1630
MinerU states: pending, pending, done, waiting-file
MinerU states: running, running, done, pending
MinerU states: running, running, done, running
MinerU states: running, running, done, running
MinerU states: running, running, done, running
MinerU states: running, running, done, running
MinerU states: running, running, done, done
MinerU states: running, running, done, done
MinerU states: running, done, done, done
MinerU states: running, done, done, done
MinerU states: running, done, done, done
MinerU states: done, done, done, done
MinerU result contained no standalone images; rendering PDF page fallback cards.
Done. Results written to /home/runner/work/rpt_edit/rpt_edit/xhs_notes/dropbox/260528/shard_6; successful_reports=4; mineru_timed_out=False
All batches completed successfully. Generated 4 report directories.
