Found 78 total PDFs; shard 11/40 has 5 PDFs, skips 0 already converted, will process 5 PDFs with batch_size=5.
Running batch 1: 5 PDFs
Found 5 PDFs. MinerU token slots available=2.
MinerU attempt 1/4 using MINER_U_2: submitting 5 PDF(s).
Uploading PDF to MinerU: /tmp/pdf_batch_001_mjw2a_we/pdfs/0001-56-Morgan Stanley-China Gold - Jewelry-Key read-across from major Chinese jewelry players- SSSG and mall trends-260720.pdf
Uploading PDF to MinerU: /tmp/pdf_batch_001_mjw2a_we/pdfs/0002-57-Morgan Stanley-China Property-Weekly Database Tracker -29-260720.pdf
Uploading PDF to MinerU: /tmp/pdf_batch_001_mjw2a_we/pdfs/0003-58-Morgan Stanley-Global EM Strategist-A Systematic FX Strategy-260720.pdf
Uploading PDF to MinerU: /tmp/pdf_batch_001_mjw2a_we/pdfs/0004-59-Morgan Stanley-Erasca- Inc.-ERAS.US--0015 Update- Path Clarifies- -4001 Next Catalyst-260720.pdf
Uploading PDF to MinerU: /tmp/pdf_batch_001_mjw2a_we/pdfs/0005-60-Morgan Stanley-Corning Inc -GLW.US-Q2 Preview- Catching a Breath- but Still in the Lead-260721.pdf
MinerU attempt 1 using MINER_U_2 batch_id=46520ca7-b744-445c-8889-55d93118066e
MinerU states: running, pending, running, pending, waiting-file
MinerU states: running, running, running, running, running
MinerU states: done, done, running, running, running
MinerU states: done, done, running, running, done
MinerU states: done, done, done, done, done
/home/runner/work/rpt_edit/rpt_edit/scripts/pdf_to_xhs_batch.py:293: DeprecationWarning: Image.Image.getdata is deprecated and will be removed in Pillow 14 (2027-10-15). Use get_flattened_data instead.
  pixels = list(gray.getdata())
Skip non-chart visual asset 098d18a602d9458c603c4fda97775b53ecf2fe796da4041e3a0204507f45b092.jpg: score=-100;too_small:1298x37
Skip non-chart visual asset 20a85a6d1648afec5b4191774a358c37a57b699f638ae701aa67030d364e82e0.jpg: score=1;large
Skip non-chart visual asset 4e5a51df4e02a72466472f866e3dc45e2e8b39c62596ac57d20a2e514ec18e4b.jpg: score=-100;too_small:518x134
Skip non-chart visual asset 4648828bf0905bbf5572da3d977eaf596f0e1b9639934f770297cab26b951c9c.jpg: score=1;large
Skip non-chart visual asset 35fbb416585ca1451d65c6421f97f86408b1b8cb1cb4e0a9c4a5a799462c8972.jpg: score=2;chart_ratio,large
Skip non-chart visual asset cbe4b8794a767bb30e0690f079435bea41d4f3450d12cf46b7c7edc39a6147a0.jpg: score=-100;too_small:518x137
Skip non-chart visual asset a900264b7afc0a3bf68122c042030d28ad5b1d53cc8b698ca80e25d67554be43.jpg: score=1;large
Skip non-chart visual asset 99178a326b91fcc1d8db97805adc7be543bfde24bc3ebadec3208af55d417ad1.jpg: score=2;chart_ratio,square_without_chart_hint,edge:0.54,contrast,large
Skip non-chart visual asset 6ce741c6ba2b5a14e801df99ecec7075ef3d819b7e06d85d7997035832f7ab01.jpg: score=2;chart_ratio,square_without_chart_hint,edge:0.52,contrast,large
Skip non-chart visual asset c424ed05abd9aebadd289c13e12eaf4f1551cc097cab6172908c17708c8e4643.jpg: score=-100;too_small:531x84
Skip non-chart visual asset 6853b4b6fdb86b5e95f164c098724c1c06672ab5ee481c34d32a1b64390641b3.jpg: score=-100;too_small:531x82
Skip non-chart visual asset 4c0d9004d1f32378f11cbeeccbdd3a7d4e7b231903145dce8fc186491dc37e3f.jpg: score=-100;too_small:531x89
Skip non-chart visual asset 43ab939cedbb643e34b36d069a2f2170d19e0da76f212970718641b054622a43.jpg: score=-100;too_small:531x87
Skip non-chart visual asset 5f4171c032a07392c3e99ee3253cc3c43fee82ae3539ec27676d34c3124f0ebd.jpg: score=1;square_without_chart_hint,edge:0.38,contrast,large
Skip non-chart visual asset af851e5db3c6f541276169abe02bd86aed2363fa47cd99474640894d9f2fa1e1.jpg: score=1;chart_ratio,square_without_chart_hint,edge:0.16,large
Skip non-chart visual asset 5f4a192024117d879a03562e6927567e1c14838f0e2463bc70180ab849db33f5.jpg: score=0;square_without_chart_hint,edge:0.32,large
Skip non-chart visual asset 8302c660e46f24bba14e1bf4e8fcb3309a9728827ae70ae8bee84dccfde24c5e.jpg: score=1;large
Skip non-chart visual asset 3ff88d6e9241b7f62fbebc0688ae40f9982cd04359a2578e4e024f8bea5eeebe.jpg: score=-100;too_small:531x84
Skip non-chart visual asset 0fd3202b7225ec9f1d26c342c7773d95320d96fdee582eb43038a7cd20316baf.jpg: score=1;square_without_chart_hint,edge:0.20,contrast,large
Skip non-chart visual asset 18f1cc21f2d3c67d3e1627a2dff1e27b103449b3adbba476a3ef5cb6aac6c721.jpg: score=-100;too_small:531x84
Skip non-chart visual asset 1bcd7a16ba8d896572e3558f259b7a068ec137f0e6dc81fc1fb736f935882d79.jpg: score=-100;too_small:531x171
Skip non-chart visual asset 5ee56ca550d0d0b949d9ef4f0f8fa161d9f83df2241fad4d184246fbdb7fa4e8.jpg: score=1;square_without_chart_hint,edge:0.15,contrast,large
Skip non-chart visual asset 2aab027f31e86b0ce103f79dbc4780b440bb9af6fa8279013901b68d836a5884.jpg: score=1;chart_ratio,square_without_chart_hint,edge:0.16,large
Skip non-chart visual asset d572c6e99cbaf15856780cdce6b42c66b1d4fd4519f65425c56ee4beaa0c83c0.jpg: score=-100;too_small:518x112
Skip non-chart visual asset 2c7eef9615b70786c9ec4913dd388dbf6ec11a426c967ccddbbb454932b55fc1.jpg: score=2;chart_ratio,square_without_chart_hint,edge:0.46,contrast,large
Skip non-chart visual asset 71f2962ac90454e1645463453e3115bf96cebf4debb7c5165e9ccbd6346a1dd0.jpg: score=0;square_without_chart_hint,edge:0.15,large
Skip non-chart visual asset d49f4fa91fd32330e11d39177b703f2c2ac3eb6a7b1b918174b1eb421f92a2fa.jpg: score=1;chart_ratio,square_without_chart_hint,edge:0.25,large
Skip non-chart visual asset 2a70910e651fc5d3e63106bd571762de18f57a04e4141ab5c7953978799a1904.jpg: score=-100;too_small:1476x120
Skip non-chart visual asset 85b02c11cc6d1e9ca99345f75d199a41ee5cb9db63b9e0d4d809fd7a5aa8b544.jpg: score=-100;too_small:901x112
Skip non-chart visual asset dd6347808cb5ebfaea7c147709e16c5f0373b45c483c0852966740a81044b4fa.jpg: score=-100;too_small:526x156
Skip non-chart visual asset c0741b3b7c258dcad0d731955d5dda3a2c63432e5d263d9f3bdc0398934c7138.jpg: score=-100;too_small:523x190
Skip non-chart visual asset 2cd36b4adbb9c16ad9f0c4fd3a50627845a30514ea0791a09c6a1f01f0d2f17d.jpg: score=-100;too_small:501x112
Skip non-chart visual asset 1634c24745d773fa4ba6959435cf2d466ac192011ea5ed53d1b6557a41099bba.jpg: score=1;chart_ratio
Skip non-chart visual asset 01030cf6541ad09efc19e46985f08b05e51fe5eee0fd1a39215c97e360bd2efb.jpg: score=-100;too_small:449x207
Skip non-chart visual asset 29f6dcfd995adec1d84b09524e962f9a56460cdca1b1275bce2b1fde1ed28446.jpg: score=-100;too_small:434x106
Skip non-chart visual asset 6efb31e9d90489ea59194fb0dc3d2d7ff3ce142a375a0175e1fc061207cc1742.jpg: score=-100;too_small:432x207
Skip non-chart visual asset c2e7cff4e9e05a643059e7a9a959959346adba6cc86484d14f9578ad7127cfb9.jpg: score=-100;too_small:421x204
Skip non-chart visual asset 6c9d758264cf9f9b0d235788e1c9e4bb212d913ccf568a0f9bf22151bcad84f9.jpg: score=1;large
Skip non-chart visual asset c6e47bb2ade92a4404eb2bfdeb38c39b7dd84f3c50f20e1cbae5a9994076231d.jpg: score=2;chart_ratio,large
Skip non-chart visual asset e0993dec859db603348cf5f0d63f9ec92d3eaa9f6ffce035ba45fa94e8db1130.jpg: score=-100;too_small:453x70
Skip non-chart visual asset 10b0e1ad2d2ef6d1ac348f67323984494d2097f67fc69c79767eefd74ff37e5c.jpg: score=-100;too_small:932x117
Skip non-chart visual asset d2a7d0f0b2539ea9aba145ba7589d8d78c96384d6c4c300bdbeef9939bec2f71.jpg: score=-100;too_small:421x198
Skip non-chart visual asset 9f428ed83a81b26472cb945753893ac1d0ac709b00a19dfd35abc892fa00d73d.jpg: score=-100;too_small:526x173
Skip non-chart visual asset a9459d1e6c01c672a8fc7033a362f13015bb2e7813941fdbeafc4eec169a2891.jpg: score=-100;too_small:356x162
Skip non-chart visual asset e09930b425ba80653452e3b37d7f3b967d983420e27d1508bf5ef7c2621b0f5b.jpg: score=-100;too_small:337x123
Skip non-chart visual asset 202e0422be6466516e34816c43bd20574b93602f8b6019e8d3a2a720980458c8.jpg: score=-100;too_small:428x210
Skip non-chart visual asset 31c4510e75395307ba56786024dadefc1711f4518fd58d793df71f6694cbb30a.jpg: score=1;large
Skip non-chart visual asset 884a8f6e2116fa3db74466c0ef71759942d328ee2a53167a2fa95cbbe5b7c177.jpg: score=-100;too_small:412x203
Skip non-chart visual asset cab702a4705c1961324898eb3bfdea4308c37c6189be907f9bd54e5aa2eb4873.jpg: score=-100;too_small:454x98
Skip non-chart visual asset ccbfbcbacc79105ed46fe7ce726a24943906720aab14f84ccc1897f715699593.jpg: score=-100;too_small:451x71
Skip non-chart visual asset 563bfbbd142cf6783db79d6d9eee71b80ac03f581675f75c0c0b2843689e27a1.jpg: score=-100;too_small:454x98
Skip non-chart visual asset 27371584f50648209d19b18e041cc1c3db9dc57c5b2021ea90e259f52b64f983.jpg: score=-100;too_small:440x112
Skip non-chart visual asset 44a65f5bd5a17c4624e91ac59c262674b4064b0528a8a0fbcb1f4640b753d4ae.jpg: score=-100;too_small:529x154
Skip non-chart visual asset 8af9e17140837765212902a538f6f75718bab6e35a09935702124a3f731a8b90.jpg: score=2;chart_ratio,large
Skip non-chart visual asset 4d4ca5a917419b62248b18f4afeb88a8631d23f13775db84391cfa84a7bc18df.jpg: score=-100;too_small:529x157
Skip non-chart visual asset 9e9aa359a44f7ac03c35a84571e4f84a2f217144bad961103dba09df98e27744.jpg: score=-100;too_small:459x104
Skip non-chart visual asset 75eec56d50b8b3324ff658fa119128dc4c62cc781e3f0904bc4cf50c0b66bfb9.jpg: score=-100;too_small:501x114
Skip non-chart visual asset 7a1622be3054223f315a80092c297498ee358a428c1bf43ba80aa61c928a90db.jpg: score=-100;too_small:454x78
Skip non-chart visual asset d4bc4a6b27ae52473cef4db6bc1dde6c6ba4b36c3cfe60f6cee00d1024003fa3.jpg: score=1;large
Skip non-chart visual asset f5138181732eff8775dc1f7b3727f1bfa960ee7742f9c2b636b9fd44173dc54e.jpg: score=-100;too_small:446x203
Neutralized WeChat title while keeping the report: 摩根士丹利：康宁二季度预览-喘息但领先 -> 摩根士丹利：康宁业务与季度数据观察
Done. Results written to /home/runner/work/rpt_edit/rpt_edit/xhs_notes/dropbox/260722/shard_11; successful_reports=5; mineru_timed_out=False; mineru_attempts=1
All batches completed successfully. Generated 5 report directories.
