Found 50 total PDFs; shard 9/40 has 5 PDFs, skips 0 already converted, will process 5 PDFs with batch_size=5.
Running batch 1: 5 PDFs
Found 5 PDFs.
Uploading PDF to MinerU: /tmp/pdf_batch_001_5f0ti1qj/pdfs/0001-47-Morgan Stanley-What Lenovo-s Results Mean for US Enterprise Hardware OEMs-260526.pdf
Uploading PDF to MinerU: /tmp/pdf_batch_001_5f0ti1qj/pdfs/0002-48-Nomura-Global AI Trend Tracker AI expert call -68- SerDes trend and impact on AI networking-260526.pdf
Uploading PDF to MinerU: /tmp/pdf_batch_001_5f0ti1qj/pdfs/0003-49-Nomura-China Internet - New Media-Tactical window ahead of 1Q print-260527.pdf
Uploading PDF to MinerU: /tmp/pdf_batch_001_5f0ti1qj/pdfs/0004-50-Nomura-India Metals-China coking coal disruption-260526.pdf
Uploading PDF to MinerU: /tmp/pdf_batch_001_5f0ti1qj/pdfs/0005-51-UBS-Mining Strategy On the Road- China trip feedback -- Better...-260525.pdf
MinerU batch_id=2c5dba1f-ea43-4d9f-a3a5-f3fe508ff1c7
MinerU states: running, running, pending, pending, pending
MinerU states: running, done, done, running, running
MinerU states: running, done, done, running, running
MinerU states: running, done, done, done, running
MinerU states: done, done, done, done, running
MinerU states: done, done, done, done, running
MinerU states: done, done, done, done, running
MinerU states: done, done, done, done, running
MinerU states: done, done, done, done, running
MinerU states: done, done, done, done, running
MinerU states: done, done, done, done, running
MinerU states: done, done, done, done, running
MinerU states: done, done, done, done, done
MinerU result contained no standalone images; rendering PDF page fallback cards.
Done. Results written to /home/runner/work/rpt_edit/rpt_edit/xhs_notes/dropbox/260527/shard_9
All batches completed successfully.
