Found 30 total PDFs; shard 1/40 has 5 PDFs, skips 0 already converted, will process 5 PDFs with batch_size=5.
Running batch 1: 5 PDFs
Found 5 PDFs. MinerU token slots available=2.
MinerU attempt 1/4 using MINER_U_2: submitting 5 PDF(s).
Uploading PDF to MinerU: /tmp/pdf_batch_001_9xeqtkwr/pdfs/0001-06-Bernstein-Global Luxury Goods- Tracking the AI wealth effect in 2Q26E-260713.pdf
Uploading PDF to MinerU: /tmp/pdf_batch_001_9xeqtkwr/pdfs/0002-07-Goldman Sachs-ASIA IN FOCUS A New Funding Source for China-s High-Tech Ambitions-260712.pdf
Uploading PDF to MinerU: /tmp/pdf_batch_001_9xeqtkwr/pdfs/0003-08-Goldman Sachs-ASIA ECONOMICS ANALYST-Transmission of AI Super Surplus in Korea-Mostly Through FX and Fiscal Policy-260713.pdf
Uploading PDF to MinerU: /tmp/pdf_batch_001_9xeqtkwr/pdfs/0004-09-Bernstein-Space Exploration Technologies Corporation-SPCX.US-SpaceX- China Long March 10 booster catch-The real competitor steps forward- SpaceX readies launch 13-26071.pdf
Uploading PDF to MinerU: /tmp/pdf_batch_001_9xeqtkwr/pdfs/0005-10-Goldman Sachs-Bilibili Inc. -BILI.US-- Investor Day takeaways- Healthy community reinforces monetization flywheel- Enhancing game pipeline info 2026-27-260713.pdf
MinerU attempt 1 using MINER_U_2 batch_id=9bb1aed9-dba2-4b9b-b621-992273f9fe96
MinerU states: running, running, running, running, pending
MinerU states: done, done, done, running, done
MinerU states: done, done, done, done, done
/home/runner/work/rpt_edit/rpt_edit/scripts/pdf_to_xhs_batch.py:291: DeprecationWarning: Image.Image.getdata is deprecated and will be removed in Pillow 14 (2027-10-15). Use get_flattened_data instead.
  pixels = list(gray.getdata())
Skip non-chart visual asset cd9d8a7304f45f5fae7e0bcf72f456f2bb47cfee172f9c3bd043ea3846220d76.jpg: score=-100;too_small:93x93
Skip non-chart visual asset 392d496c33c14345625e4c03fdf52fea91390c3c77eb815b837737970a38e40f.jpg: score=-100;too_small:90x92
Skip non-chart visual asset b98ba8fa831fbf753c59784d3f07050d8bc3118986c86aa2107017fc3fd0d87b.jpg: score=1;odd_ratio:4.97,edge:0.24,contrast,large
Skip non-chart visual asset 96d827f8c7476b543d2e6a7ffc422a004deb269263339cc0c80080278b45ddf3.jpg: score=-100;too_small:90x95
Skip non-chart visual asset 44b50f3117407dc094664a277aa14d897fc63560bfab39fbf68b725358aa01d5.jpg: score=-100;too_small:96x96
Skip non-chart visual asset 200c25bbcc4c58700fd85cd3f2a691c70c1b4de3880f28cf06ec837926d74315.jpg: score=-100;too_small:93x92
Skip non-chart visual asset 9e5137e27dcef0e4dc3e3a38d0042dbc0570e0edfdca7cc8a6f7ec7c3c563bee.jpg: score=1;square_without_chart_hint,edge:0.23,contrast,large
Skip non-chart visual asset 3f25363a2903b2c7c50ae82e796b751071f13e526834ae8a97c34cf8cc4e13c5.jpg: score=1;chart_ratio,square_without_chart_hint,edge:0.26,large
Skip non-chart visual asset 21fa5377c9bc31aaa7794d1b45730b36fa6f79cde104fdca027526f813edf90f.jpg: score=-1;chart_ratio,square_without_chart_hint,large
Skip non-chart visual asset 24e103e6de90f1f47847147765b59ee4da37b57941e2585534370fd7eda6f178.jpg: score=1;chart_ratio,square_without_chart_hint,edge:0.13,large
Skip non-chart visual asset 5ceb089bf1470d0e3c7ba85d16c27df6db760a536e8a59d6689c1fb4221e4621.jpg: score=1;chart_ratio,square_without_chart_hint,edge:0.22,large
Skip non-chart visual asset 5d0f6b8e2d44350fa8cf9b471c5acf20fa58d8dd759a2cfd0d282a52b0553de1.jpg: score=-100;too_small:401x117
Skip non-chart visual asset a4fb7c252c738cc6bd388b40d476ad236210d621ade74dfa342a118d3293e7a3.jpg: score=1;odd_ratio:4.99,edge:0.21,contrast,large
Skip non-chart visual asset f68c0087ca1d57b3668e8aec0525aac2a04c40206041420d9dcd97fb0730f058.jpg: score=-100;too_small:395x251
Skip non-chart visual asset 10c22f7803bf69efc028a85b87469936aa907a4459572e454ac314acad3929fc.jpg: score=-100;too_small:462x75
Skip non-chart visual asset ee7141e7bba7bae2e468fcbb51317917b17060eca5fcfe9353d7ce37dccd04a6.jpg: score=2;chart_ratio,square_without_chart_hint,edge:0.42,contrast,large
Skip non-chart visual asset c8970dc357674467141a056967da58f20591af3a4e04167f2010abd47fe76f9e.jpg: score=-100;too_small:93x95
Skip non-chart visual asset 8210e7779ea527206a72a0ae1598f91d7314fc58e3276c02bf89aa5e5c784c1d.jpg: score=-100;too_small:462x137
Skip non-chart visual asset e6a224d0abc1dadfd286ddb30629a12bc5d33911ebc9d92c745a949965cf1b58.jpg: score=-100;too_small:96x92
Skip non-chart visual asset dd4bac10f81dac578a1959c226ba6dd0b3a5c8659abe958ad420d188039c8bb8.jpg: score=-100;too_small:565x156
Skip non-chart visual asset 8f9a98d2e6bb3e2b4c0f952ed5912954b67fa99962f5c7e9498e87381404b32a.jpg: score=-100;too_small:96x95
Skip non-chart visual asset 663332733e593fb1e86210ecb467b4286e650698413322984643fd7c5ee7a40a.jpg: score=-100;too_small:96x92
Skip non-chart visual asset 32090adc70ff79861b34d23edd98a3f80cbdd09da7741bc46bde370c854e3a27.jpg: score=-1;odd_ratio:6.72,edge:0.17
Skip non-chart visual asset c8fb655e7c670247b996f483e50d4b797ad3c20d1e072203a82fd8d760f615e2.jpg: score=1;chart_ratio
Skip non-chart visual asset 93156a307701aee2cb0537069cefd62fa7c8182e73c26c3f2676b43428a55762.jpg: score=1;chart_ratio,square_without_chart_hint,edge:0.48,contrast
Skip non-chart visual asset 00f6482d598af1810eeeec4dfa4e67b8ab67a946a868d722a342f6d0532bf0bd.jpg: score=-100;too_small:1026x90
Skip non-chart visual asset 836d2f3411e44606066557cabc4873d51ab67291c7e6ff8fcd63be4d8968bc68.jpg: score=-100;too_small:1159x112
Skip non-chart visual asset 05a7fdbb7f2c92c75fc179df7c1030798e5c11dcc19bf6ccd81cbdeefcb70900.jpg: score=1;chart_ratio
Done. Results written to /home/runner/work/rpt_edit/rpt_edit/xhs_notes/dropbox/260713/shard_1; successful_reports=5; mineru_timed_out=False; mineru_attempts=1
All batches completed successfully. Generated 5 report directories.
