Found 82 total PDFs; shard 15/40 has 5 PDFs, skips 0 already converted, will process 5 PDFs with batch_size=5.
Running batch 1: 5 PDFs
Found 5 PDFs. MinerU token slots available=2.
MinerU attempt 1/4 using MINER_U_2: submitting 5 PDF(s).
Uploading PDF to MinerU: /tmp/pdf_batch_001_mlaf9ikh/pdfs/0001-79-Morgan Stanley-WinWay Technology Co Ltd-6515.TW-AI HPC Continue to Drive Stronger 3Q Revenue- OW-260706.pdf
Uploading PDF to MinerU: /tmp/pdf_batch_001_mlaf9ikh/pdfs/0002-80-Nomura-Economic Insights-US-Technical disinflation-260707.pdf
Uploading PDF to MinerU: /tmp/pdf_batch_001_mlaf9ikh/pdfs/0003-81-Morgan Stanley-Weekly Coal Update- Ongoing Safety Inspections Across Shanxi Continued to Curb Coking Coal Supply-260706.pdf
Uploading PDF to MinerU: /tmp/pdf_batch_001_mlaf9ikh/pdfs/0004-82-Nomura-Sinobiopharma-1177.HK-An out-licensing deal with AstraZeneca-260708.pdf
Uploading PDF to MinerU: /tmp/pdf_batch_001_mlaf9ikh/pdfs/0005-83-Nomura-Samsung Electronics-005930-2Q strong beat with impressive memory results-260707.pdf
MinerU attempt 1 using MINER_U_2 batch_id=1fa754ef-2a43-4a42-9c11-6d2233064789
MinerU states: running, running, running, pending, pending
MinerU states: done, done, done, done, done
/home/runner/work/rpt_edit/rpt_edit/scripts/pdf_to_xhs_batch.py:285: DeprecationWarning: Image.Image.getdata is deprecated and will be removed in Pillow 14 (2027-10-15). Use get_flattened_data instead.
  pixels = list(gray.getdata())
Skip non-chart visual asset 55b724195e8c5e93aef8d2bb6a323df7b03d94e4a79d02af94f8e8a521a980bf.jpg: score=0;chart_ratio,square_without_chart_hint,edge:0.39
Skip non-chart visual asset 41180bfb809f6fae3746cffcadecf78b90bf9e795e5287153dd0ca6df2698c72.jpg: score=1;chart_ratio,square_without_chart_hint,edge:0.28,large
Skip non-chart visual asset 6f9e376cc0cd5b5deae9aa0eb4a6f7d015a8b429565709d92e40c0a4a8e47c43.jpg: score=2;chart_ratio,large
Skip non-chart visual asset 754855733f7bea151281897a97b37391d28d03ae73f2ba6e8e66d95f43129074.jpg: score=-100;too_small:518x137
Skip non-chart visual asset c7336d14d50a7dea54a58712363d6f1edddbf6e63bbdcb1441d4bca2546676ff.jpg: score=0;square_without_chart_hint,edge:0.26,large
Skip non-chart visual asset a5ba657c98119243d45aab89352c084830bd745ba6ac0f32665be29fff97a7bd.jpg: score=1;large
Skip non-chart visual asset 279d0c905125adae7e980839fea7f21d5fc625f0764eb61cffe442f3fb90911e.jpg: score=2;chart_ratio,square_without_chart_hint,edge:0.25,contrast,large
Skip non-chart visual asset 4c3b836842c96fb1b0ced4fa30a9f74af3aa8d1cc84dbd3da22680a33a35cc81.jpg: score=2;chart_ratio,square_without_chart_hint,edge:0.36,contrast,large
Skip non-chart visual asset 4b3dbc7f4099c163a6ec85ef13e42cb1446874d6dd20368e4224698aea323ba6.jpg: score=1;chart_ratio,square_without_chart_hint,edge:0.24,large
Skip non-chart visual asset 00245ac4340139a3c006d6f29d0000076e40d392c7f5c7ee2571099266509e8c.jpg: score=2;chart_ratio,square_without_chart_hint,edge:0.27,contrast,large
Skip non-chart visual asset ec7bc960bc4c1b54bc0cf2a4a2e44194567e63edd45f49e1d9725f4f3caaf862.jpg: score=2;chart_ratio,square_without_chart_hint,edge:0.28,contrast,large
Skip non-chart visual asset 4dcf10960ed0e03e188efb2ab9ffb0bf0685f8567f8fe4abd260f279dac53e32.jpg: score=1;chart_ratio,square_without_chart_hint,edge:0.19,large
Skip non-chart visual asset 5e7b8c6e3231780bb66f2aac0f267aedf7ee5957ffe021adacaace69a24b4b58.jpg: score=2;chart_ratio,square_without_chart_hint,edge:0.26,contrast,large
Skip non-chart visual asset 98c53b18ac9fe890ed86da67333c024ee406bd5081aae151548d11212c1f731d.jpg: score=1;chart_ratio,square_without_chart_hint,edge:0.24,large
Skip non-chart visual asset e48f22d3e029ee73d5ca30041be60bac78ac22bd2558384bb180e60d881f098f.jpg: score=1;chart_ratio,square_without_chart_hint,edge:0.20,large
Skip non-chart visual asset 1b6e563d943d87e27d8fba538a7da3ef217803a0e05bf3c224bcbb8c65a167d6.jpg: score=2;chart_ratio,square_without_chart_hint,edge:0.38,contrast,large
Skip non-chart visual asset b65d1b687b1f2132c48661f3f1c5f28407fc4ef1401bd5a9774b45659269b097.jpg: score=1;chart_ratio,square_without_chart_hint,edge:0.24,large
Skip non-chart visual asset c8095fd7b0b16da2910b9070caa651abe6d0f771949a2d89e3f16fa0dacc9f9e.jpg: score=2;chart_ratio,square_without_chart_hint,edge:0.30,contrast,large
Skip non-chart visual asset c556b842a935969fb75f81f3fc4e8413341fc11919c1c7cb617e399d6fb3f3d2.jpg: score=2;chart_ratio,square_without_chart_hint,edge:0.29,contrast,large
Skip non-chart visual asset 596a51bb8165c0893a9fa717b653e284b67b461ae246e6bf7055c3d06ea783d6.jpg: score=1;chart_ratio,square_without_chart_hint,edge:0.23,large
Skip non-chart visual asset fecf6cdf66c96ad266c1f328327c3d02400a24a18f4d11de2b47a17cbf853d51.jpg: score=1;chart_ratio,square_without_chart_hint,edge:0.28,large
MinerU images did not look like charts; keeping only the title card and letting downstream AI fill body images.
Skip non-chart visual asset 3e4b69ed096e3c2db192c8dc59bdd52074df1c6054dac3f26f093b4a611b1e38.jpg: score=-100;too_small:521x170
Skip non-chart visual asset be2acc3cf6f9bc7ff960a452be087629d62a579714e4b700c503522edd07654b.jpg: score=-100;too_small:523x87
Skip non-chart visual asset 2aa5511a013f67fd49eace9bd9497e3389496f37b1c888cd23694e4dc9f59d1b.jpg: score=1;large
Skip non-chart visual asset 3b58d7b6ede9bb9e1e95f016f74c1d149d6f699c45f23cb1a59cfddcb8f84e8f.jpg: score=-100;too_small:434x198
Skip non-chart visual asset d6c4e74ecc626987727441547b26b9978bc7e17c2f9b40baeb7eb0ee5cd102d5.jpg: score=-100;too_small:1409x84
Skip non-chart visual asset 3f8f44187b49da5a22c47ab4c981c5b8a24bde01abd90b3e28782702a03061e5.jpg: score=-100;too_small:434x195
Skip non-chart visual asset 86d1e05f0e3e1f09273943a47aa4d7470194ffb9f99e5d204cdbe7cf38f49688.jpg: score=-100;too_small:1409x101
Done. Results written to /home/runner/work/rpt_edit/rpt_edit/xhs_notes/dropbox/260708/shard_15; successful_reports=5; mineru_timed_out=False; mineru_attempts=1
All batches completed successfully. Generated 5 report directories.
