Found 91 total PDFs; shard 10/40 has 5 PDFs, skips 0 already converted, will process 5 PDFs with batch_size=5.
Running batch 1: 5 PDFs
Found 5 PDFs. MinerU token slots available=4.
MinerU attempt 1/4 using MINER_U_3: submitting 5 PDF(s).
Uploading PDF to MinerU: /tmp/pdf_batch_001_hu1wbikj/pdfs/0001-51-HSBC-China-s trade relations-Pushback- not pullback-260722.pdf
Uploading PDF to MinerU: /tmp/pdf_batch_001_hu1wbikj/pdfs/0002-52-J.P. Morgan-BoJ preview- Bold outlook- cautious execution-260723.pdf
Uploading PDF to MinerU: /tmp/pdf_batch_001_hu1wbikj/pdfs/0003-53-J.P. Morgan-Asia Power Equipment-Read-through from GE Vernova-s 2Q26 results-260723.pdf
Uploading PDF to MinerU: /tmp/pdf_batch_001_hu1wbikj/pdfs/0004-54-J.P. Morgan-Asia Vital Components-3017.TW-2Q preview- Another strong GM beat- key beneficiary of ASIC and GPU cooling upgrade- OW-260723.pdf
Uploading PDF to MinerU: /tmp/pdf_batch_001_hu1wbikj/pdfs/0005-55-J.P. Morgan-China- Slow 2Q fiscal deployment leaves more room for 2H Near-term focus on execution-260722.pdf
MinerU attempt 1 using MINER_U_3 batch_id=bf4d7bf2-6af6-4c92-9c2e-d9c1b3fceb14
MinerU states: done, done, done, done, waiting-file
MinerU states: done, done, done, done, done
/home/runner/work/rpt_edit/rpt_edit/scripts/pdf_to_xhs_batch.py:307: DeprecationWarning: Image.Image.getdata is deprecated and will be removed in Pillow 14 (2027-10-15). Use get_flattened_data instead.
  pixels = list(gray.getdata())
Skip non-chart visual asset 13adedefd4c61c7c53ea43bcf196a09cac467b8e2a0d8b3a1856ee08f6dad9dd.jpg: score=1;chart_ratio,square_without_chart_hint,edge:0.28,contrast
Skip non-chart visual asset caa17d955d63b1d00674be440e5148b96a0f0767f463dd0e9221402408c7d604.jpg: score=1;chart_ratio,square_without_chart_hint,edge:0.15,contrast
Skip non-chart visual asset 2e9bb60b506f96819c4aa302a069e9cfeb0ada8c9851ecccd93aaa7c0a03e669.jpg: score=0;chart_ratio,square_without_chart_hint,edge:0.20
Skip non-chart visual asset f6cfae278e5b2afa989efff285d5a3325652cf88380ba8e5c002fc120ddd59d8.jpg: score=1;chart_ratio,square_without_chart_hint,edge:0.28,contrast
Skip non-chart visual asset 3b58fe9cd7430d43749dcde0435e3887e7c41f3515efee222ea39cb612eadfd6.jpg: score=1;chart_ratio,square_without_chart_hint,edge:0.23,contrast
Skip non-chart visual asset 29d8a0d555a8b9250328fbd4659270e7a73243673822557d1f827196260b9c5b.jpg: score=0;chart_ratio,square_without_chart_hint,edge:0.24
Skip non-chart visual asset c885fd7e5aa3ed989e5cf5a0683308048c406718dd83fe65b7adc72f7db2a4d3.jpg: score=-2;square_without_chart_hint,contrast
Skip non-chart visual asset 8e974a966f86e7bb666232c5a3ddeb2810e517068ae7383ef18b555207826488.jpg: score=0;chart_ratio,square_without_chart_hint,edge:0.24
Skip non-chart visual asset 085ce68687b63609fdfc20d75ce6c97a3ff6f997c47a08ecdb564be5087cb86a.jpg: score=0;chart_ratio,square_without_chart_hint,edge:0.24
Skip non-chart visual asset cdfb7c00082b69730ade5cc3167d1f32abce9398ace2429a7ca08742d86e2a8d.jpg: score=0;chart_ratio,square_without_chart_hint,edge:0.25
Skip non-chart visual asset 68133a3af72bb855891226399315690bf0445a19bb886491a3b568bb9d3a21a4.jpg: score=1;chart_ratio,square_without_chart_hint,edge:0.37,contrast
Skip non-chart visual asset c2798d9f39a5b92d14cba3199ae4947ba0932d0938aa7a16697a3c9ef0dd5d7e.jpg: score=1;chart_ratio,square_without_chart_hint,edge:0.32,contrast
Skip non-chart visual asset d749d1d027e1d43367efdc0c8f4c18cfcde84d3ba02ca9973cb61e6ed4a917d2.jpg: score=1;chart_ratio,square_without_chart_hint,edge:0.24,contrast
Skip non-chart visual asset 4a839a45cfbcf863bb48313d31434418ff9efeaf5419c04aee08816f43cabc64.jpg: score=1;chart_ratio,square_without_chart_hint,edge:0.19,contrast
Skip non-chart visual asset 57ba3f3733d73a7c7b5ff35c79eb07980739fb2119353da48c3c20865855a0f0.jpg: score=1;chart_ratio,square_without_chart_hint,edge:0.33,contrast
Skip non-chart visual asset fa3ead3e7a3160d63295d340469e8b723da635f015b000e9f6b5a27e5329ea16.jpg: score=0;chart_ratio,square_without_chart_hint,edge:0.26
Skip non-chart visual asset 3d2429e640adf428b1d3554e84e87630ca935f979af5a428673bbd24f9557af7.jpg: score=0;chart_ratio,square_without_chart_hint,edge:0.21
Skip non-chart visual asset 66aa3a49524b10caab0d27b67b3702b5753f388adae02da14264d132ed1be2d6.jpg: score=1;chart_ratio,square_without_chart_hint,edge:0.35,contrast
Skip non-chart visual asset f5930ecd649c950277d313fb3875f8104f0722c43a61a44f483f2a67795e5544.jpg: score=1;chart_ratio,square_without_chart_hint,edge:0.24,contrast
Skip non-chart visual asset 60b6d1498b23f399e845d01815581e93ce7df70a7cdec893b48c655e91288ff1.jpg: score=0;chart_ratio,square_without_chart_hint,edge:0.19
Skip non-chart visual asset 1dc37f977b6d68d0085cf72df2acfc2f5ed79aaa00a961a4dfb2b76735a55569.jpg: score=0;chart_ratio,square_without_chart_hint,edge:0.30
Skip non-chart visual asset 11289a39144a7914850f575037b81ca9e458eea1551e819bb7aeddf5906150ff.jpg: score=0;chart_ratio,square_without_chart_hint,edge:0.29
Skip non-chart visual asset d41c657fa9610fc93baea985edbe5061bc858ad3dff4e5705ac43e02df94ecb2.jpg: score=0;chart_ratio,square_without_chart_hint,edge:0.23
Skip non-chart visual asset bf950bcb95f59bd8822f22c51bec654ef2bb5441db4aecccea959d22b5d364e1.jpg: score=1;chart_ratio,square_without_chart_hint,edge:0.25,contrast
Skip non-chart visual asset 98a280e761796d5995eb4ee49139b0f7c3abf1871a1bbcc922cb106275d66054.jpg: score=1;chart_ratio,square_without_chart_hint,edge:0.26,contrast
Skip non-chart visual asset 75ccc38bcd97848ced0c6cbd80f2d7f8bb5bceb3f55a187531ee393ef3ea634e.jpg: score=0;chart_ratio,square_without_chart_hint,edge:0.20
Skip non-chart visual asset 092bc9d234143ff420272f33213e3c8d4e333a8d622587845fb87166a9f81733.jpg: score=0;chart_ratio,square_without_chart_hint,edge:0.27
Skip non-chart visual asset fc58256004a5c97f366feeab31b511cedf8f9df5ab20359182535c2e585b37cb.jpg: score=1;chart_ratio,square_without_chart_hint,edge:0.33,contrast
Skip non-chart visual asset aa9ec618ec28be8196adebeef3fa13442124f699584435f9033ef9edcb904453.jpg: score=1;chart_ratio,square_without_chart_hint,edge:0.30,contrast
Skip non-chart visual asset ab5333533147141ca46644d2336ff361fc1560cf44b36bfd15a73378b2f7b514.jpg: score=0;chart_ratio,square_without_chart_hint,edge:0.28
Skip non-chart visual asset 8c472f505cd00f74596533101bafebc99a8acf79f66fd8e1d6ef525b6fd46b36.jpg: score=0;chart_ratio,square_without_chart_hint,edge:0.29
Skip non-chart visual asset aba412ea92c85c3b0a5e304b53425152a24eb0732d42fbdbec1e831b3a82c9eb.jpg: score=1;chart_ratio,square_without_chart_hint,edge:0.30,contrast
Skip non-chart visual asset 0097da5175c7fbe12abfc8c63b51e9948c8901232bad38634c1a59a8f7b12be1.jpg: score=1;chart_ratio,square_without_chart_hint,edge:0.24,contrast
Skip non-chart visual asset c7523b4499cc2f593bef86234d7494c21167e5b972dbd2535fce8fdf44de4058.jpg: score=1;chart_ratio,square_without_chart_hint,edge:0.25,contrast
Skip non-chart visual asset d55813629b7ffe43f1eea659bb035a9ab0421884dc1a7b7f25fa1cbb9524fb47.jpg: score=1;chart_ratio,square_without_chart_hint,edge:0.24,contrast
Skip non-chart visual asset c82c4f5b40b4568c94bc3c38ef839c3920152b2823f63821d4c53a3f9f7e583b.jpg: score=1;chart_ratio,square_without_chart_hint,edge:0.23,contrast
Skip non-chart visual asset a4d5b2ae69be82ca11fbf0044cf01ae8498169c9e87172fea6a202f90f515a2c.jpg: score=0;chart_ratio,square_without_chart_hint,edge:0.23
Skip non-chart visual asset 941ab3b24b0a89662990b9b73e54b1fdc83efaede66a2654fc3c5330680c1a67.jpg: score=1;chart_ratio,square_without_chart_hint,edge:0.28,contrast
Skip non-chart visual asset 4a13f555d18b443f6714e867ebb6264509ac82b6cd5569b7918f7e3b3ddaca1a.jpg: score=0;chart_ratio,square_without_chart_hint,edge:0.29
Skip non-chart visual asset 660ee1bc599ab3cf2afec58e713ad359652f30e1b2dab65970ce3f2052639abb.jpg: score=1;chart_ratio,square_without_chart_hint,edge:0.16,contrast
Skip non-chart visual asset cb21990b11317a6dc35478796d42d4a84ec731f865f286a63791b29bee252ea5.jpg: score=1;chart_ratio,square_without_chart_hint,edge:0.14,contrast
Skip non-chart visual asset 994de88bae8ac9eaa81d839841f4d6f8e5f6eb9dda7324e146d2765880c4b45c.jpg: score=0;chart_ratio,square_without_chart_hint,edge:0.31
Neutralized WeChat title while keeping the report: 汇丰：中国贸易版图在推回中重塑-2019至2025年推回力度增长75% -> 汇丰：研究主题与行业变化观察
Skip non-chart visual asset e8c1fe90514086f3c1121564dec906756b7693b1ed93d1ad874409573823bde8.jpg: score=-100;too_small:164x162
Neutralized WeChat title while keeping the report: 摩根大通：日本央行前瞻-乐观展望与谨慎执行 -> 摩根大通：研究主题与行业变化观察
Skip non-chart visual asset 87280595ae7e6c3b706728d29392fd532bed88145d5d6f2d1c076bd23ff9fc24.jpg: score=0;chart_ratio,square_without_chart_hint,edge:0.32
Skip non-chart visual asset e568af4bba45c6013bb350b7c5636f52c5dae84d5b1535d520a7a285b61c0206.jpg: score=-100;too_small:542x135
Skip non-chart visual asset 80c47f2b037ce05527250b62779f7839972eb3861c6daa14a3610c26f2560a05.jpg: score=-1;square_without_chart_hint,edge:0.36
Skip non-chart visual asset 53b680f8ba165466ab18468b6efa8bdcc13a695c22aa35294dad04ec96c72f15.jpg: score=0;square_without_chart_hint,edge:0.28,large
Skip non-chart visual asset 5fae81d0143a257bfa66161f5b401cd6d3e3fa9558a1ad24e92952574ca5755d.jpg: score=1;chart_ratio,square_without_chart_hint,edge:0.34,large
Skip non-chart visual asset 2971bfc1759522ff20403638219f6b07053ef0696156c70143a9f04d8e7eb658.jpg: score=-100;too_small:982x167
Skip non-chart visual asset f005cf083f3cd60d601abe48f79726f3e35548ca9afe8482aff040d60a788925.jpg: score=-100;too_small:982x167
Skip non-chart visual asset 63e8149f1a2592b1e4c24d662f8c87e3a8424fa2d9b5349429bfded826cccc8e.jpg: score=-100;too_small:628x87
Skip non-chart visual asset 877b0390df436809551c2685625f31a429e2ecc640df70f2c9cf340097bbefb6.jpg: score=0;square_without_chart_hint,edge:0.31,large
Skip non-chart visual asset 82dde3db5fbaa8799907732b1b514afe2534a14c11017f9a74456243a89150ab.jpg: score=-100;too_small:448x120
Skip non-chart visual asset 957cce456933cc147821d935c8e18dd8722e3a12d259778b11f97aaf00607419.jpg: score=0;square_without_chart_hint,edge:0.30,large
Skip non-chart visual asset efffc166aade6797f30dfd68c2528af285e8d6d68295a98ae90381363b6a13da.jpg: score=1;chart_ratio
Skip non-chart visual asset ac64de08c55dc4fe1104ecc8e41407890a5ac915f9341d9d2063ac4801cb4fdc.jpg: score=0;odd_ratio:7.34,edge:0.20,contrast
Skip non-chart visual asset 04c5180c46b5573ace7baa8f84b8cb7940f278749821cf79c1dbe43856922ac8.jpg: score=0;square_without_chart_hint,edge:0.29,large
Skip non-chart visual asset fc7aa38caca4c3b5162dcc6a8af3646bafdb5bd157ec350a6d6d57e50f58a319.jpg: score=-100;too_small:451x162
Neutralized WeChat title while keeping the report: 摩根大通：亚洲组件液冷散热与ASICGPU冷却升级 -> 摩根大通：研究主题与行业变化观察
Skip non-chart visual asset f44a72edb2c4e69a92e8638cbe416b9ecf9b42aeb6d2f0009e0e545a7cbf5599.jpg: score=-100;too_small:164x162
Neutralized WeChat title while keeping the report: 摩根大通：中国二季度财政执行节奏变化为下半年预留空间 -> 摩根大通：研究主题与行业变化观察
Done. Results written to /home/runner/work/rpt_edit/rpt_edit/xhs_notes/dropbox/260724/shard_10; successful_reports=5; mineru_timed_out=False; mineru_attempts=1
All batches completed successfully. Generated 5 report directories.
