Found 86 total PDFs; shard 10/40 has 5 PDFs, skips 0 already converted, will process 5 PDFs with batch_size=5.
Running batch 1: 5 PDFs
Found 5 PDFs. MinerU token slots available=2.
MinerU attempt 1/4 using MINER_U_2: submitting 5 PDF(s).
Uploading PDF to MinerU: /tmp/pdf_batch_001_x9jc3dwg/pdfs/0001-52-J.P. Morgan-HK Banks Monthly-June 2026- Regional banks outperformed amid broadbased market weakness-260708.pdf
Uploading PDF to MinerU: /tmp/pdf_batch_001_x9jc3dwg/pdfs/0002-53-J.P. Morgan-Commodity Market Positioning - Flows-The OI finds a floor after six weeks of declines-260707.pdf
Uploading PDF to MinerU: /tmp/pdf_batch_001_x9jc3dwg/pdfs/0003-54-J.P. Morgan-Electronic Components- Earnings Outlook -Apr-Jun- Estimate solid earnings overall- difficult to tell how share prices will react-260707.pdf
Uploading PDF to MinerU: /tmp/pdf_batch_001_x9jc3dwg/pdfs/0004-55-J.P. Morgan-Korea Auto Parts - Robotics-Risk reward looks more attractive after 36- 37- correction from the peak- U G Mobis Mando to OW N-260707.pdf
Uploading PDF to MinerU: /tmp/pdf_batch_001_x9jc3dwg/pdfs/0005-56-J.P. Morgan-Japan Banks-Earnings Outlook-Apr-Jun--Watching whether guidance is revised at 1Q results to reflect BOJ rate hike in June-260708.pdf
MinerU attempt 1 using MINER_U_2 batch_id=6d77cd1a-544b-40cf-abad-ecffc7411214
MinerU states: running, running, pending, running, waiting-file
MinerU states: done, running, running, done, running
MinerU states: done, done, done, done, done
/home/runner/work/rpt_edit/rpt_edit/scripts/pdf_to_xhs_batch.py:285: DeprecationWarning: Image.Image.getdata is deprecated and will be removed in Pillow 14 (2027-10-15). Use get_flattened_data instead.
  pixels = list(gray.getdata())
Skip non-chart visual asset 80f7e8a0118af7da80ee28220ec62c4343dc2abe71894f8ba48389f52e120f0b.jpg: score=0;odd_ratio:5.33,edge:0.29,large
Skip non-chart visual asset 8d756e5a650ec4ed59263b1d84aff192e3f308a208c795944ade4becf93d453f.jpg: score=0;chart_ratio,square_without_chart_hint,edge:0.28
Skip non-chart visual asset 60fbb416cd1ab387ca35c384433b97d75ddee42ab205c73dd8b8586285518365.jpg: score=0;square_without_chart_hint,edge:0.30,large
Skip non-chart visual asset 2789fdf883527df2123a12edef9ab10f9782102d87232176f508986e6f6791f2.jpg: score=0;square_without_chart_hint,edge:0.33,large
Skip non-chart visual asset a13682b9e307bbd96219f7d927168bf4ed45b932eadc275628150712bd89e75b.jpg: score=0;square_without_chart_hint,edge:0.29,large
Skip non-chart visual asset 4244c0adfc341bc0cdd65afbafcb90a9ec108ae7846731c7524f49a3bfc5fddd.jpg: score=-100;too_small:1457x168
Skip non-chart visual asset 628dadd567880ee85e821f641bb77c8936675e6288a51c4722d64a56ff21375c.jpg: score=-100;too_small:451x204
Skip non-chart visual asset f5fb2f46e08114bd30d69d7db75add29ab8aae5c0a8317977e4d8c211a2b94c7.jpg: score=-100;too_small:448x215
Skip non-chart visual asset c9e11acfcda22b317286b207d9efab85e7b3b4623772baee9ad9a03bbc375078.jpg: score=-100;too_small:451x209
Skip non-chart visual asset f0551ae032766edd7fac03f136fb55e3b5e32e24975e938daf2de73d34ffa174.jpg: score=1;chart_ratio,square_without_chart_hint,edge:0.27,large
Skip non-chart visual asset c0d3194d9688f96388eb0835b87ca0e0e50ca16667773e12ad7408ed6c514c85.jpg: score=-100;too_small:1312x170
Skip non-chart visual asset 7a2c195f18cac6c9fc4ddfce88a7f2501c7f5b1021ad66ca631ad2962052e311.jpg: score=0;square_without_chart_hint,edge:0.38,large
Skip non-chart visual asset 8b4e9e3fea886eac2553c7bb655f195735e8098cc61799726ef13557b5f76020.jpg: score=-100;too_small:459x214
Skip non-chart visual asset 99c49694e3dd3f402359d14b56cc3f8d22c7d5148d7f1c95e8ba914f12d4724c.jpg: score=-100;too_small:451x204
Skip non-chart visual asset 9bd7dbc726f1020eca9aa479482393e8a5bb758d798a59e6a18d584ce80c8218.jpg: score=-100;too_small:1312x168
Skip non-chart visual asset 4113870729f176831a3541dc5202b588377a979713b09d682955850f698a3999.jpg: score=-100;too_small:450x215
Skip non-chart visual asset 1d9b47b55b7a9f71fac7fbea2233524047df94e96944b83eeec69093125ece1a.jpg: score=-100;too_small:453x215
Skip non-chart visual asset ddb64cfabd8f3a8271cf4f46a24398c85feba016f4e4b602c3692daed2eb8f5b.jpg: score=-100;too_small:459x215
Skip non-chart visual asset 2930d0c645d4b0685399c00e3e104e63ff2a08456d8c9b0de69b6cd64b6ebe67.jpg: score=-100;too_small:448x193
Skip non-chart visual asset b660155c48c46cdc761223d7664e040225daade4721c0c6fac0234adc355ebee.jpg: score=-100;too_small:448x207
Skip non-chart visual asset a23b8ebb6b338b44528bb9ea0c367da59dc7f642669a9d7f2556eae5b115b825.jpg: score=-100;too_small:459x215
Skip non-chart visual asset 12f7c703b8d202a11ded2f098f9cd91d6fd44f9f0f22ca01437f8b1305686007.jpg: score=-100;too_small:456x215
Skip non-chart visual asset a911cb12d34573c162ee47f3e40bcd2fa05da2992dc6840e88617ac79c45cfe7.jpg: score=-100;too_small:456x204
Skip non-chart visual asset 09b397c0d90e5fbfdec7c0a0ff5a31dee5816ef783ae77ba9e0ed53baef9b66e.jpg: score=-100;too_small:459x201
Skip non-chart visual asset ba7a2a78f58dd59e1749bba11809a8c62acd8f1ed96c0467072953021cf2bf46.jpg: score=-100;too_small:451x209
Skip non-chart visual asset a0c4f0c9ff365b98175576046f6f48d8124c67b93a2bbd5ea2d47891e7655583.jpg: score=-100;too_small:451x209
Skip non-chart visual asset 308ae9046a7bad4fa649ea3c1a7f08ca1bea578de65afdb6bafd8e5cbe9c9177.jpg: score=-100;too_small:454x192
Skip non-chart visual asset 63bd6ddb484e760868db6d7f33408df8261f066e5f6d1a0fecd41a57d3df4b95.jpg: score=-100;too_small:1168x153
Skip non-chart visual asset 60aa664ebb400164a6cf6d15495e26adb32c41c6b2145a11f99a5c0c06588459.jpg: score=-100;too_small:448x206
Skip non-chart visual asset 1d51eba33af5af08ae9d334d3396353900226335bfe2bdecae644ffdba82731e.jpg: score=-100;too_small:451x209
Skip non-chart visual asset 4f87c31beef5156b6aa1a77a2af02501d679eca3a4c352a0c342e0f2a6297f31.jpg: score=-100;too_small:453x220
Skip non-chart visual asset a77f97a3aab6ad1071a6394aff08b7377c9e252430a1e519b5ff0e7aaf06b04d.jpg: score=-100;too_small:1312x170
Skip non-chart visual asset 79bfed5bb500badcd5acec592a033e451858a4797e59f5d899b81bcbafa275de.jpg: score=-100;too_small:445x220
Skip non-chart visual asset badf8bfc7e4d91b2c76889a9eba1a920a68c119ee6315b8b38b982a2c4a7502e.jpg: score=-100;too_small:448x217
Skip non-chart visual asset 62ced0f6074fba38948bef1594f077ee5e3cb0e932afbcfb0d4f2d6775143604.jpg: score=-100;too_small:459x215
Skip non-chart visual asset be5756e3d822f8ff1d6c3e0ed76423cb1ab25543694239402011a3dda60b64e5.jpg: score=-100;too_small:1312x170
Skip non-chart visual asset 8c46b07b47c388a2786b1ae262b367f286e0f0ff6a1df328be0a14d53d001f98.jpg: score=-100;too_small:1312x168
Skip non-chart visual asset cf8a6ea25ea49f8965156f7336ba312230dbe5974414ebad2af8d173c6502eab.jpg: score=-100;too_small:1312x170
Skip non-chart visual asset b97bad7fbe7d98bf586410fdf1c9feed176067742e7df1fa24d09b2ead3cd750.jpg: score=-100;too_small:1453x132
Skip non-chart visual asset ec5bb5197ec8d0044f3ebe4e0b55739ffb386c4e4a7a2ad2367ebe8e741267a0.jpg: score=-100;too_small:453x215
Skip non-chart visual asset cd6e54a9c8c590df88620973d6069c2ec5e7f5848008bca1e52511158dcfd0ca.jpg: score=-100;too_small:448x209
Skip non-chart visual asset 3e58efe9b1cba4777a193baef1da9b987ae4275c52c4607c4457087e51754b54.jpg: score=-100;too_small:1312x131
Skip non-chart visual asset 1b5a95037235a9983b344fdde8114058316504094a83b12187d2117513c13b76.jpg: score=-100;too_small:448x209
Skip non-chart visual asset 4f185d3541af4603b51cfe26a2fabc42b57ebed2e219bd57fa3cc6a8837930a2.jpg: score=-100;too_small:448x215
Skip non-chart visual asset fdd29851031bdd073259154c86bbd8a5a83bb1a86a7859d85903a4a46ea6ca0c.jpg: score=-100;too_small:456x212
Skip non-chart visual asset 21af31a0da5e86c5a4027562ade58c78ff2790f87ee80d71494d5287b44ec612.jpg: score=-100;too_small:451x209
Skip non-chart visual asset 1c7aa552829255d1a3e86cc76e91395a3fde81b5b8727bdb5d52bb9e2c5cdd6a.jpg: score=-100;too_small:1312x170
Skip non-chart visual asset 0f2ebd075fde0f282fa4390df87c7dccda4d764045a0a82b8f187ab839cc5833.jpg: score=-100;too_small:446x223
Skip non-chart visual asset 699bb982847bf8f5174774e302ca0270dd65d288d844b17c3fa55b956bc8283b.jpg: score=-100;too_small:1168x145
Skip non-chart visual asset bc08ba0b02c0300df34c02c74af8b7c7ee13039a97f370d716667e1b9a33ee8a.jpg: score=-100;too_small:451x215
Skip non-chart visual asset 710b80ea1ee8b8bae7dcbd09e736998fae7f4a93dfb76b0d8550668213651f24.jpg: score=-100;too_small:459x215
Skip non-chart visual asset bb6cb18e9e1de2d64cdd7436c2ec5c3c6cd0207917184d278977a7a372435f02.jpg: score=-100;too_small:1312x170
Skip non-chart visual asset f4b6052d67a82c34120d89f0509db3b2faa6ae5c326d4e773c98f2f663ef6701.jpg: score=-100;too_small:440x209
Skip non-chart visual asset 12833029d9f9ad7a6accbcfe80b93e7d7986fa795e39b975e45b9a97649bfa58.jpg: score=-100;too_small:1312x170
Skip non-chart visual asset 3a2398f3f67b461170d167f19bd88036f5f3f4a4c19249d5b4b49138161c8541.jpg: score=-100;too_small:1312x170
Skip non-chart visual asset 3732625623c0056adb0c2b6456517cdc2c134565ef79822e8f85d5f95bbb6d23.jpg: score=-100;too_small:448x217
Skip non-chart visual asset 1ceb57a0f33a0e3f0efedf425a785dbd1598fef0fc19ff1e3fdb77dbadb0334d.jpg: score=-100;too_small:453x215
Skip non-chart visual asset 04dd1fc2fbeb3922d2ccc0022899a50a797d731a62e20b70b391ef7e69c19682.jpg: score=-100;too_small:1312x168
Skip non-chart visual asset d29653df2c70fdb8d36b082dd19cb1e530b90b569aa00e4e4d92f97463549c7d.jpg: score=-100;too_small:453x215
Skip non-chart visual asset 6dd8dfde1d282b3f98d2f5f8fe340138fe0ac1581c7b41369f8d284aa0b0eed2.jpg: score=-100;too_small:445x218
Skip non-chart visual asset fdc9f2110856fff59234d726e61c06c71743fb1c778ec242b31c419cd406b365.jpg: score=0;square_without_chart_hint,edge:0.48,large
Skip non-chart visual asset 4286b4d600a8f47a488018916a4b962b9dae86a05c2924b7bc8f7857d477e239.jpg: score=-100;too_small:1312x129
Skip non-chart visual asset 5c0c705527581724850ff20a3c5c3ccacf5b265188857b03895ebe5751cb6d95.jpg: score=-100;too_small:1312x168
Skip non-chart visual asset d4ca61f0f387ad55aff421cb808bd269dfcae9e95437b36b7da3d7a34cea410c.jpg: score=-100;too_small:429x184
Skip non-chart visual asset 7490de1982575075e188cbb77b264d7766e0068767eb803a938b3ab6d8973b6f.jpg: score=-100;too_small:1312x170
Skip non-chart visual asset 97ad0e7c317195a3e2a10d7727c6dc6e38dc31a5f7e960586d08d0149fc77b6f.jpg: score=0;odd_ratio:6.51,edge:0.41,contrast
Skip non-chart visual asset 2b351e64bd804fc056d998324b6c436082ceb2b5eb3e4378da52d832340ddd8d.jpg: score=0;square_without_chart_hint,edge:0.23,large
Skip non-chart visual asset 10ab01cc7b503fa57a4295cb261126a1877c4c3821bfbf4d44e5241d8c30e3d8.jpg: score=1;chart_ratio
Skip non-chart visual asset 286be0f68439ae4e522a04a00ce70449ded70d90fea51d9b3f85dee42590c573.jpg: score=-100;too_small:459x212
Skip non-chart visual asset 7a27540ca86777bced8078178775eed684abba0b727f34892710c6651012a2fe.jpg: score=-100;too_small:1312x170
Skip non-chart visual asset 8ae3e9820d250d41220ece108151d32e6bf44ae079a0f56ba77c283e05675bf5.jpg: score=-100;too_small:448x223
Skip non-chart visual asset b7bcd211db877437bc245af7285cd9680f524e9ebc15c9ee813163bd34ac5ed5.jpg: score=-100;too_small:1142x123
Skip non-chart visual asset 5fc8335964a9dc74508476faa82ce425aabb31d4689e5ffad2402fd6f85d8fb5.jpg: score=-100;too_small:451x210
Skip non-chart visual asset 54609e6047fbdd75efac36390d7a8c037649d809213124482bab0b2af677a38f.jpg: score=-100;too_small:448x204
Skip non-chart visual asset 37ac3853eed828a7bb43dd5ed39e34e3417b5a761ff2231b2bd1bb325b8f33b8.jpg: score=-100;too_small:451x204
Skip non-chart visual asset 5460a52403b2dcd86bb1d728d14560534d36efa4c746630026285f16aa19fea8.jpg: score=-100;too_small:453x220
Skip non-chart visual asset e9ccfb31c0d8fc22e6f5302ef2975ae5f12acac1d4e9664f7195d8a3b69978c7.jpg: score=-100;too_small:451x195
Skip non-chart visual asset 5b4beacab5c830b05d963afd466972c7b5c8d31c19f1775c383c9e4eb8921b14.jpg: score=-100;too_small:1312x170
Skip non-chart visual asset 916803db05e1b0ae83b3c4f74a8a52a5d24c8716ce0ace53d274ca415ebc6ebb.jpg: score=-100;too_small:456x215
Skip non-chart visual asset dbce8d119562798780a94a0b979e6b64f30ab12b6d06420ad78e49e2b301e8d5.jpg: score=-100;too_small:453x215
Skip non-chart visual asset c5705d0aed4719ba46c1649493e85a44757e37ad2c392c0b80071709ff891eb9.jpg: score=-100;too_small:448x215
Skip non-chart visual asset e3f391a55f9b7254f58214b2dec771958797d3128131399d4a2c45ab034e6823.jpg: score=-100;too_small:1312x168
Skip non-chart visual asset b41e822e30947513ee55e29955f634fed154a4cbd345f4a9774c8bd3989e1d09.jpg: score=-100;too_small:443x215
Skip non-chart visual asset 12b550a67a4e44d5e242a2f168e505fe1cec85a080ab3ffdefeb69755f775d69.jpg: score=-100;too_small:451x204
Skip non-chart visual asset 67f22e13cded9f11d9dfe3e937194998f908bc1c6eb0adfe9d73d0702f32aa0e.jpg: score=-100;too_small:187x403
Skip non-chart visual asset 07357fd51c37a95b59e61c09679fa76abb4de878318bccf69bb4f096d71ae3bb.jpg: score=0;square_without_chart_hint,edge:0.40,contrast
Skip non-chart visual asset 260329043081944433b8548bcb99b77a68cfb57b8abefb7fd2857aac5a008808.jpg: score=-100;too_small:203x404
Skip non-chart visual asset 31e248810d015d753340226033bf96148efe67b600e10d1d9d6cfe46de3c7df5.jpg: score=-100;too_small:1459x170
Skip non-chart visual asset 6c23c8742d104b53e9afd931bc30008d1be4ce693c19a6762e97e9884b46ce3e.jpg: score=-100;too_small:203x401
Skip non-chart visual asset 732d12c843e0f43d72e3e964277bf385bb11f340be7b01f280876fa8a4cd053a.jpg: score=0;square_without_chart_hint,edge:0.40,contrast
Skip non-chart visual asset 21c9adc385253e012c513b27d88835f216a2f33bdc875c85a060c451f91b98cf.jpg: score=-100;too_small:203x404
Skip non-chart visual asset c0fa7c7912bfd6c3eec5f7883002f3763a4b3374cec87009a6a3c0e1eb43438c.jpg: score=-100;too_small:206x379
Skip non-chart visual asset 111ae5dae9a656aaae088423db39c6f51630aa45e057fe44f921342e47e06695.jpg: score=-100;too_small:220x401
Skip non-chart visual asset cae23c3703cc3f1f7d5ea41d3b552f2f43d404fce9ba56df9f2fa08a3e9b76c1.jpg: score=2;chart_ratio,square_without_chart_hint,edge:0.39,contrast,large
Skip non-chart visual asset b9ba3b6327c393ea261fdb25330e70b9019b466fb5d79e0cde40351ef37c7303.jpg: score=2;chart_ratio,square_without_chart_hint,edge:0.39,contrast,large
Skip non-chart visual asset 2892a596de84c57809fe838b8d3796f1083595262a1b312b85f51bc632781a22.jpg: score=-100;too_small:203x373
Skip non-chart visual asset a206f52f031646513617064b86203a105ef10162189ff5975504181fb5954ec9.jpg: score=1;chart_ratio,square_without_chart_hint,edge:0.28,contrast
Skip non-chart visual asset f05130d1e7748d943ee4f120e43afa339c844f500e486638a9d9e2888de7f5d7.jpg: score=-100;too_small:312x581
Skip non-chart visual asset 268e713bb4377fb21257fc00ba1a3e82f6798fcf5cde73e6773ca094c98a5822.jpg: score=-100;too_small:220x378
Skip non-chart visual asset c612466fd85dbc767e5eb6166c48c46f6118154b441c1bda41f0cdfc9169014c.jpg: score=0;square_without_chart_hint,edge:0.41,contrast
Skip non-chart visual asset d4b2480ecb34a35fd563c8105969202bd51a43b999744133e6cd92e65f5256fe.jpg: score=1;square_without_chart_hint,edge:0.40,contrast,large
Skip non-chart visual asset c2855d85a0f51b35be9941d49328f4a46419140484c5a58f3472ed86f7b825ab.jpg: score=-100;too_small:448x170
Skip non-chart visual asset 94c56b01f6447e81df35b7f6f1258f52e5c017325f9137a1558e08965c503b05.jpg: score=1;chart_ratio
Skip non-chart visual asset e926b54e472643c6173b7af5126d2564635706c5f2998ac4acf24b25395491d9.jpg: score=-100;too_small:1457x168
Skip non-chart visual asset c08d9ba66bc228fc198fd386b66121f23f97591e175a83adaac5d4e6166e609d.jpg: score=-100;too_small:1348x137
Skip non-chart visual asset 39741e622c636bcb51aa226933fffe85986b146691fa98534d666e74d7f07a84.jpg: score=-100;too_small:448x176
Skip non-chart visual asset 270e3f7ca6a406f8b44c5091d102f6e809f2f8d87848f2c3020276a35afa27a6.jpg: score=-100;too_small:626x90
Skip non-chart visual asset 88500d8d906e6ec58e15b5f97cc0f98e00724fa8c75c6c8a097c09ba1823da51.jpg: score=0;square_without_chart_hint,edge:0.28,large
Skip non-chart visual asset 190112e55bfbb46776da0f77d5d1d444f7655a4584e973885d3c4db853576e71.jpg: score=0;square_without_chart_hint,edge:0.31,large
Skip non-chart visual asset c246f91b708adde9945fb4cc294528f59097a76fcc39d4243cec07e56d5e07c6.jpg: score=1;chart_ratio,square_without_chart_hint,edge:0.27,contrast
Skip non-chart visual asset 3b07622b8cb7b25d621d6de4c0896b33c57a386714a4ecd03d469ad6e5c08af0.jpg: score=-100;too_small:987x107
Skip non-chart visual asset b411365678ffec2c2fdabb15df77b7b487e9517da62c12b430ef09169fe1814d.jpg: score=0;square_without_chart_hint,edge:0.32,large
Skip non-chart visual asset 2f464d20ec5d23d1a6f28718b4a5c6322d90946faaa89e3d354a35278d811b17.jpg: score=-100;too_small:626x90
Skip non-chart visual asset 916005b0f38caed94237f8e911135db5a95bbc38f294074d1c3bddfe695dfe7e.jpg: score=1;chart_ratio
Skip non-chart visual asset 203040e60af1cf29313778968b89a34db0d8ee3abb1a4b4c775c555686ee535a.jpg: score=-1;square_without_chart_hint,edge:0.35
Skip non-chart visual asset ac91fa44de9a53bf7cbe98aec175062f613680940390267e14835cad4163162d.jpg: score=-100;too_small:1243x107
Skip non-chart visual asset 5c2fe1a75674369754ca347fc4eaf962b2eba3cff0f1a65bff740612d443a072.jpg: score=0;chart_ratio,square_without_chart_hint,edge:0.28
Skip non-chart visual asset 5bdea61dd0afd375d6c745270382e231482db5db3dfd365efd33d9fe9cb2c8be.jpg: score=-1;square_without_chart_hint,edge:0.35
Skip non-chart visual asset e13d3350125c1c09800a598e5e324e96168fd26fd8d49d318178702f7ef07fa9.jpg: score=-1;square_without_chart_hint,edge:0.34
Skip non-chart visual asset 2381d28df487619b3831facf6223f49d5931a23e59632b960291774822febb49.jpg: score=-100;too_small:737x112
Skip non-chart visual asset 002288eccfb41c313054969379231ac111668925f466a369174d75454af8c1b8.jpg: score=-1;square_without_chart_hint,edge:0.40
Skip non-chart visual asset f5b472f1d88a9f9e2e5b963cbf044f15c824ff7da9d9b54c6935588de9c2d941.jpg: score=0;chart_ratio,square_without_chart_hint,edge:0.33
Skip non-chart visual asset 6fe94b731dcc4d5ea819bc3f4004fa084f103eb44116d91134730ecc706d7346.jpg: score=-1;square_without_chart_hint,edge:0.44
Skip non-chart visual asset 93477ec399110eda1a27ec47c0c3a03e939e79902c087faf760dbdfb2d42b00f.jpg: score=-1;square_without_chart_hint,edge:0.35
Skip non-chart visual asset 23d1962933695c21f3f60c8448e8e59438998fc4a283e573909628f17dab37ae.jpg: score=0;chart_ratio,square_without_chart_hint,edge:0.31
Skip non-chart visual asset 442835fe81771dc5321d0b4047ca18bfbe81bf622b169eaf61ac211e8ae547ad.jpg: score=-1;square_without_chart_hint,edge:0.34
Skip non-chart visual asset dc1449338d97789bf94f47cd254ccb98f41c6dc5c21c352cf09fef28048c9fd7.jpg: score=-100;too_small:1457x168
Skip non-chart visual asset 2d7aa7ab9e8d943a1502efe947b4531d575308113876a64e33482afc3bf12863.jpg: score=-1;square_without_chart_hint,edge:0.34
Skip non-chart visual asset 835077e9392f1b1ac18250b5486727aea667af65d99a935c216eb454be998894.jpg: score=-1;square_without_chart_hint,edge:0.36
Skip non-chart visual asset 16b882789dcb87edc2d06425f09188224d44b654a19cac416fe5521cfeeb65fe.jpg: score=-1;square_without_chart_hint,edge:0.46
Skip non-chart visual asset 5ec526c5a145a4f15c2592f7d52ba2bbd36153794c755bf02a1f7c727b45e2a4.jpg: score=-100;too_small:326x101
Done. Results written to /home/runner/work/rpt_edit/rpt_edit/xhs_notes/dropbox/260709/shard_10; successful_reports=5; mineru_timed_out=False; mineru_attempts=1
All batches completed successfully. Generated 5 report directories.
