Found 55 total PDFs; shard 0/40 has 5 PDFs, skips 0 already converted, will process 5 PDFs with batch_size=5.
Running batch 1: 5 PDFs
Found 5 PDFs. MinerU token slots available=2.
MinerU attempt 1/4 using MINER_U_2: submitting 5 PDF(s).
Uploading PDF to MinerU: /tmp/pdf_batch_001_f48by0x2/pdfs/0001-01-Bernstein-Domino-s Pizza Inc-DPZ.US-Domino-s -DPZ-- 2Q26 -Better than feared- but MORE to go-260721.pdf
Uploading PDF to MinerU: /tmp/pdf_batch_001_f48by0x2/pdfs/0002-02-Bernstein-European Utilities - Clean Energy District Cooling- Europe-s heatwaves are testing the network -and reinforcing its growth potential-260721.pdf
Uploading PDF to MinerU: /tmp/pdf_batch_001_f48by0x2/pdfs/0003-03-Bernstein-EU Semiconductors EU Japan semis- Hybrid Bonding - Bullish logic adoption despite HBM uncertainties- Raising Besi PT to -310-260721.pdf
Uploading PDF to MinerU: /tmp/pdf_batch_001_f48by0x2/pdfs/0004-04-Bernstein-Global Luxury Goods- June Swiss watch exports -Global demand remains on track for a fragile recovery-260721.pdf
Uploading PDF to MinerU: /tmp/pdf_batch_001_f48by0x2/pdfs/0005-05-Bernstein-Global Memory-Korea Memory Export Tracker -Jun-- Strong HBM in 2Q26- esp. for Samsung-260720.pdf
MinerU attempt 1 using MINER_U_2 batch_id=b43f8061-660e-4957-b203-e47123f2a595
MinerU states: running, pending, pending, pending, waiting-file
MinerU states: running, running, running, done, running
MinerU states: done, done, done, done, done
/home/runner/work/rpt_edit/rpt_edit/scripts/pdf_to_xhs_batch.py:293: DeprecationWarning: Image.Image.getdata is deprecated and will be removed in Pillow 14 (2027-10-15). Use get_flattened_data instead.
  pixels = list(gray.getdata())
Skip non-chart visual asset 307cf9bf2d24060846481289b86917494777c3d4b7dc02bf61b23bcefa605c03.jpg: score=1;square_without_chart_hint,edge:0.32,contrast,large
Skip non-chart visual asset 3475a8ff50035f27372cf8991b8e6d9599a3f1ad5cbe7a022db2df86978b1663.jpg: score=1;odd_ratio:4.93,edge:0.22,contrast,large
Skip non-chart visual asset dd55dba817bb50ffff45520045237a3a3ef49178c6d9d34bdebf9a8e428ae8a0.jpg: score=-100;too_small:398x251
Skip non-chart visual asset 85a7b834348dbfbabc26ab89f95ebc72e1209ce96b18deb10914635f9c122689.jpg: score=-100;too_small:1331x153
Skip non-chart visual asset e115e399e4f34e81a223551279a302196127f8d6e8f2e73608855f13a257c005.jpg: score=2;chart_ratio,square_without_chart_hint,edge:0.43,contrast,large
Skip non-chart visual asset b4295a1e031ab1d6ac6d963cc4264c55d9d37fde933e311898c7abe470ae8c91.jpg: score=-100;too_small:1456x126
Skip non-chart visual asset 87b5f23797407d6532ba0d8b740cee6780da12597ff6702bf63eb031cd32fb38.jpg: score=2;chart_ratio,square_without_chart_hint,edge:0.38,contrast,large
Skip non-chart visual asset 181e57e192b488e710516ccf4d56ce28902b0e02f52609d5cbe145e5250f1155.jpg: score=1;chart_ratio,square_without_chart_hint,edge:0.27,contrast
Skip non-chart visual asset b8f644a0cab15e02b201a85f2ac83fa4a10ab9976a104bc6d5a096f08d2ff824.jpg: score=-1;odd_ratio:6.62,edge:0.13
Skip non-chart visual asset 1e08cd6cd9fa5495e9e836f8ade1e3c6dfe86f804cd17bf1a5f94d7465ae52f9.jpg: score=-100;too_small:462x131
Neutralized WeChat title while keeping the report: 伯恩斯坦：达美乐第二季度订单量增长 -> 伯恩斯坦：达美乐业务与季度数据观察
Skip non-chart visual asset c7ccf3e0e5825105e8d5e4c2969faee8f0b5946b5d01ea1a9295f481cc80c853.jpg: score=-100;too_small:96x93
Skip non-chart visual asset 31dda1f5c328b392449c3d4508d2507d3a6a9402eb94c63cf51c9d7db84a8173.jpg: score=1;chart_ratio,square_without_chart_hint,edge:0.25,contrast
Skip non-chart visual asset 06d1410f7cb37efa99e7fdd4cc18ea63f62a42d53a91096735a9dfdec6529215.jpg: score=1;square_without_chart_hint,edge:0.27,contrast,large
Skip non-chart visual asset 2cca8ac73787e735f8a60c8223608d1273eadfb4a197a272cc9684a7aef14121.jpg: score=-100;too_small:96x93
Skip non-chart visual asset 825ea373815c6b66bb57efb816857b0d1be0880f46f638cc93b14191794af3e0.jpg: score=0;square_without_chart_hint,edge:0.36,contrast
Skip non-chart visual asset a9f3afdedb30d28ffb8ed58a4d66b129152f8a00a130523fc24a38f202f7c228.jpg: score=0;chart_ratio,square_without_chart_hint,edge:0.30
Skip non-chart visual asset 45f219446e027e617113b25b54242c29c193c2dc3f339943b5e1accca9035e51.jpg: score=-100;too_small:96x95
Skip non-chart visual asset 15617a3b0ac8d54f68d16f59ca5acdc47f737056594f41f1819d79ad171453c0.jpg: score=-1;chart_ratio,square_without_chart_hint,large
Skip non-chart visual asset 72c0ea26515876c932edf9adc147214e23a0f57773e3f8f70069ddee336c35de.jpg: score=0;odd_ratio:5.02,edge:0.17,large
Skip non-chart visual asset 40df53d8cc5af72017b39edee12ce5ccf3f0ffa38991bc97653f061e7ac7ae33.jpg: score=0;chart_ratio,square_without_chart_hint,edge:0.17
Skip non-chart visual asset 7393d3b6e0863c491ccaba121c37bcc1c5f6642172a53556377cb4401a763b60.jpg: score=1;chart_ratio,square_without_chart_hint,edge:0.21,large
Skip non-chart visual asset b44dcd00017feadbd10632fd999a9ac2fe8243a8542b6276bb420a9966324094.jpg: score=-100;too_small:93x89
Skip non-chart visual asset 676550bb43d63003a82c44007f62c84d4861cef9002410b7308473f8f570793e.jpg: score=-100;too_small:96x96
Skip non-chart visual asset 74b67a5c680442df0d17a2a952f1c98cf866321e26487ba25bb27beec84604da.jpg: score=2;chart_ratio,contrast
Skip non-chart visual asset 5112c33c80013162235b69507dfc97b4fee5cbc9dd7d72fbfbcc7a55156f50ea.jpg: score=1;chart_ratio
Skip non-chart visual asset cefc40bde19e7a16f9dc98ba6817336ce51546ed967ab813aa218b7dab777f77.jpg: score=1;chart_ratio,square_without_chart_hint,edge:0.34,large
Skip non-chart visual asset e1386edf4434793776f1adee422cdeb05d90c6ed477ea1eb453d57f187903da3.jpg: score=1;odd_ratio:4.91,edge:0.22,contrast,large
Skip non-chart visual asset db15a97d88e9d414fe2be74bc45eb372f05215d190ed5870771f6e3ba74c0676.jpg: score=-100;too_small:96x95
Skip non-chart visual asset 469b881a17bcd686ca174169d382b0a3949238fb77cb3b92bb4e1419869cac98.jpg: score=-100;too_small:96x92
Neutralized WeChat title while keeping the report: 伯恩斯坦：欧洲公用事业-清洁能源区域供冷-热浪考验网络并强化增长潜力 -> 伯恩斯坦：网络安全数据与主题变化观察
Skip non-chart visual asset 8ab8637947af563173e5f2a94585bec3f5296fe13bdae4098c27c3e177f2ec23.jpg: score=-100;too_small:93x93
Skip non-chart visual asset 9d925b5f927f41cac4e6e5423b8f1ed0ae2202bd16f7c912bd03d14245964db0.jpg: score=1;chart_ratio,square_without_chart_hint,edge:0.19,contrast
Skip non-chart visual asset 31f0787ca7fe2bd49b82bba68ffb7afec1aee1d8d932fb6d5d467eaf604ea8a5.jpg: score=1;odd_ratio:4.93,edge:0.22,contrast,large
Skip non-chart visual asset 8fd0e9a0c7ff675b4b4cad95e80d5d6a9ca98b2420f2b746652c3bfe289cace0.jpg: score=-100;too_small:96x95
Skip non-chart visual asset 1fbc7c2044e702286cef2cf247e9d9b6cfd7f1c6d2e46d18f43b5f34f8ac5fd7.jpg: score=1;square_without_chart_hint,edge:0.21,contrast,large
Skip non-chart visual asset a3b94acc2a8cab9248330bfd39619d88368e563e6b420e8f84e4179a93af895e.jpg: score=-100;too_small:93x98
Skip non-chart visual asset affdd4bf81391045406a094427e8f0f9ef11c9aedb1603cdf17a6cf8f8650719.jpg: score=1;chart_ratio,square_without_chart_hint,edge:0.21,contrast
Skip non-chart visual asset 44ca22e415581e175b038a89d65f1b8beb8dafa7af45aecd06a687978993f551.jpg: score=1;chart_ratio,square_without_chart_hint,edge:0.41,contrast
Skip non-chart visual asset 1b997b9aede33c8603253df378c6918a0cf92e9a4877644c189b3e71e93d8dc5.jpg: score=1;square_without_chart_hint,edge:0.19,contrast,large
Skip non-chart visual asset cd5627bfed73699d6c92dd696e74768c62cd1794d9292193bc1335c788cc0174.jpg: score=0;square_without_chart_hint,edge:0.17,contrast
Skip non-chart visual asset 0fde53cad0949add9650f7ee047627bad014944ce048e95c8380e39caad5c3d8.jpg: score=1;chart_ratio,square_without_chart_hint,edge:0.19,contrast
Skip non-chart visual asset fed6fcae8ce57d5be34416d2b45a59aebf74e41bf0c04485929e876f3438e7d7.jpg: score=-100;too_small:662x159
Skip non-chart visual asset 6621c2cc37a13ab10d7defececdf5e2964b9749972c845fc09d766c4d41e038b.jpg: score=0;odd_ratio:4.97,edge:0.16,large
Skip non-chart visual asset 19427ed6e71c8c3a7ceb4dc4e231047107f298e8b8ec87f47e212f178af78d79.jpg: score=-100;too_small:96x96
Skip non-chart visual asset 12a4b9b7b8334b81daa835555e2b34e9b01f1f477cf3b2fc375d5717a0c674a2.jpg: score=-100;too_small:93x95
Skip non-chart visual asset 94709bdc9aadcecbaa3afd6da35c5f5a6c323b8c58731d9d5fc510fa548eb2af.jpg: score=-100;too_small:96x93
Skip non-chart visual asset 0b47a05b6b9aeb621d0ae3a6630dfe2894acca56a9bf0cc377cffbe8cc29fd1f.jpg: score=1;odd_ratio:4.97,edge:0.24,contrast,large
Skip non-chart visual asset a0cfff84982990c1210ae03f8cba8e5cf78e5e0269df7eac4b41c5bb3415d1d7.jpg: score=-100;too_small:96x96
Skip non-chart visual asset 7cf786a6fee70b2407484d7cc7ec8b6ea491f583c628b88cfbc55c6f577ee302.jpg: score=-100;too_small:96x98
Neutralized WeChat title while keeping the report: 伯恩斯坦：全球奢侈品-六月瑞士手表出口-全球需求脆弱复苏 -> 伯恩斯坦：消费品牌数据与主题变化观察
Skip non-chart visual asset fdddf66c8c217a94271088b2de861a0705176a63612f858f22008ad0c5302f14.jpg: score=1;chart_ratio,square_without_chart_hint,edge:0.33,contrast
Skip non-chart visual asset acca9756cb994d9a83f0de271c0f54b532a1c81a8661a7f69669a8359bfb46a3.jpg: score=-100;too_small:96x92
Skip non-chart visual asset d4f6b58abf48d8aa8610e14e4407b2a531456e869c4e62b86f52c974f6220a68.jpg: score=-100;too_small:93x93
Skip non-chart visual asset 35b7b713bb00710bd1afee2d2f5cdf8a3125e8af7828d106bff23b6e1a27c53a.jpg: score=1;odd_ratio:4.93,edge:0.23,contrast,large
Skip non-chart visual asset 184048f61885d22c38074f934a9bd46082bbe34e9b890a0be83e3c29347b978a.jpg: score=1;chart_ratio,square_without_chart_hint,edge:0.32,contrast
Skip non-chart visual asset 121cb8b90d2b0735d66626cf3ad386ec012839be6b0c37eb3dac78fd596c1024.jpg: score=0;chart_ratio,square_without_chart_hint,edge:0.21
Skip non-chart visual asset 231cd88b9478ca369b0aee2533ce7b5a1eec499e431e7c5f776c38f352264916.jpg: score=0;square_without_chart_hint,edge:0.25,large
Skip non-chart visual asset 9190887827acd322e27710f6e43ddbe6f3fe1397706f331b6fff52aaeb1dfb60.jpg: score=0;square_without_chart_hint,edge:0.25,large
Skip non-chart visual asset def86fcf161bde2e465f6427fbe47a1a24afad88342bddd387bee3e749ba62df.jpg: score=-100;too_small:96x95
Neutralized WeChat title while keeping the report: 伯恩斯坦：全球存储-韩国HBM出口追踪-6月三星HBM强劲 -> 伯恩斯坦：HBM与存储行业技术应用观察
Done. Results written to /home/runner/work/rpt_edit/rpt_edit/xhs_notes/dropbox/260721/shard_0; successful_reports=5; mineru_timed_out=False; mineru_attempts=1
All batches completed successfully. Generated 5 report directories.
