Found 64 total PDFs; shard 11/40 has 5 PDFs, skips 0 already converted, will process 5 PDFs with batch_size=5.
Running batch 1: 5 PDFs
Found 5 PDFs. MinerU token slots available=2.
MinerU attempt 1/4 using MINER_U_2: submitting 5 PDF(s).
Uploading PDF to MinerU: /tmp/pdf_batch_001_701g5k36/pdfs/0001-59-Morgan Stanley-Global Credit- What We-re Watching-260706.pdf
Uploading PDF to MinerU: /tmp/pdf_batch_001_701g5k36/pdfs/0002-60-Morgan Stanley-Are Software Vendors Taking a Bite Out of IT Services--260705.pdf
Uploading PDF to MinerU: /tmp/pdf_batch_001_701g5k36/pdfs/0003-61-Nomura-Asia Insights Asia- Is the export upcycle broadening beyond tech--260706.pdf
Uploading PDF to MinerU: /tmp/pdf_batch_001_701g5k36/pdfs/0004-62-Morgan Stanley-Tianshan Aluminum-002532-Preliminary 1H26 earnings better than expected excluding tax impact-260705.pdf
Uploading PDF to MinerU: /tmp/pdf_batch_001_701g5k36/pdfs/0005-63-Morgan Stanley-Tech Bytes - Asia Pacific Memory - Changing Tides-260706.pdf
MinerU attempt 1 using MINER_U_2 batch_id=9026531a-a8c2-4888-a105-26e62471856c
MinerU states: running, pending, pending, pending, pending
MinerU states: running, done, done, done, done
MinerU states: done, done, done, done, done
/home/runner/work/rpt_edit/rpt_edit/scripts/pdf_to_xhs_batch.py:285: DeprecationWarning: Image.Image.getdata is deprecated and will be removed in Pillow 14 (2027-10-15). Use get_flattened_data instead.
  pixels = list(gray.getdata())
Skip non-chart visual asset 86ba35a2e30ebff125dc994fca07af918c3fadb026eb3f8b8238f8b03dcf25d7.jpg: score=1;square_without_chart_hint,edge:0.36,contrast,large
Skip non-chart visual asset 4d0e271b3f96706899898042fbbeede84a17282c40f7e7e48632d840288674b0.jpg: score=1;chart_ratio,square_without_chart_hint,edge:0.20,contrast
Skip non-chart visual asset 40e34ffe4ad5ef1e80ea181f2fa8fbebaf9877bdbae7ba1e3690b6d99dc76eb6.jpg: score=1;chart_ratio,square_without_chart_hint,edge:0.29,large
Skip non-chart visual asset b17ec0a612e5ebee16a0530d91bd6c9bb007778691c2e9667544384a2d634799.jpg: score=2;chart_ratio,square_without_chart_hint,edge:0.46,contrast,large
Skip non-chart visual asset 935e1e55cd607828f7150e0a1de0549cd341565077f41c93c98b27a6fe31820a.jpg: score=1;square_without_chart_hint,edge:0.52,contrast,large
Skip non-chart visual asset 9b30f37e9d4e62f4022e70932a9ba3ca02ba2accdbefff4f4ea7cf48471ca3d4.jpg: score=2;edge:0.27
Skip non-chart visual asset 71ac0fead0726b765ce02f5143e669405e965051a68c7a04f67220e67be875bf.jpg: score=2;edge:0.27
Skip non-chart visual asset 320b86a2153490ce07008ac0acf9cf6518e1acc91fd76616a484b8206f2f8491.jpg: score=1;chart_ratio,square_without_chart_hint,edge:0.29,large
Skip non-chart visual asset c6f92ae1c11feef8c4066cf718006300d21743837fb52a98b7b0ba9760281dd8.jpg: score=1;chart_ratio,square_without_chart_hint,edge:0.25,large
Skip non-chart visual asset 5d6e2537e60c97a9f2830edbc6adf173b1157bde9674dc5ceae76d29f0a1895b.jpg: score=1;odd_ratio:8.49,edge:0.21,contrast,large
Skip non-chart visual asset 12548d8474f588ead8c847e426a441b317709d432170eb7a8d4df1b9636d66e9.jpg: score=1;chart_ratio,square_without_chart_hint,edge:0.32,large
Skip non-chart visual asset 35b58ff381600fda591a19f960dbaa4e2c327bfd01ed248b562843173b72e143.jpg: score=1;square_without_chart_hint,edge:0.32,contrast,large
Skip non-chart visual asset a4e5e1d7d35b332fa620519c03d7132d22cffdfd8018703a1c668e0c28fa9e35.jpg: score=1;chart_ratio,square_without_chart_hint,edge:0.18,contrast
Skip non-chart visual asset af811635e19bc83767edf1666546c31a253d7c05b1bd93256de5bc3c4957b2c9.jpg: score=1;square_without_chart_hint,edge:0.35,contrast,large
Skip non-chart visual asset f127f3097016bd5b898cb45d7c381a640d1328b37bb6bb35ca290eb475fe6062.jpg: score=1;large
Skip non-chart visual asset da0b55eb59f8dec7f5b9b8b2b1c03d6895d64aea9742084d9ac7c19762daa86e.jpg: score=-100;too_small:901x168
Skip non-chart visual asset 005997d2e45a3282e560cfd9dd5b5678c5856f3756f0ff275daa18fb8093d495.jpg: score=0;square_without_chart_hint,edge:0.35,contrast
Skip non-chart visual asset 881a4a23f30d3e45eb7f0f537ea56ae7b45a20315364778df1b7c74cdbeae227.jpg: score=0;square_without_chart_hint,edge:0.14,large
Skip non-chart visual asset 98a6c617b54c884819d481d11d121b518152a4cd6a3cee411b951ec96200baa8.jpg: score=0;square_without_chart_hint,edge:0.28,contrast
Skip non-chart visual asset 69f59393934f90108043ac3648dbe9a86f729faf33b965e73dd2278d95e2d452.jpg: score=1;square_without_chart_hint,edge:0.42,contrast,large
Skip non-chart visual asset 1194fa40bb34c9ce4fa91eb19e03bc0902161b6a64c95ea8179025f84e41a58b.jpg: score=1;chart_ratio,square_without_chart_hint,edge:0.25,large
Skip non-chart visual asset 62d31cc4e8c3b0fd64492b89b1432428b3f87fc7805b4e1cb85c7ba06a141d7f.jpg: score=1;square_without_chart_hint,edge:0.38,contrast,large
Skip non-chart visual asset 2161631adc07cc27883f3613f8da0fcbdc22ec522708e704a7c94a39017108bd.jpg: score=0;square_without_chart_hint,edge:0.30,large
Skip non-chart visual asset 8d58fd57988eee277e5ebda6a93d8a20505988d8a391831dc96252334070817b.jpg: score=1;chart_ratio,square_without_chart_hint,edge:0.18,large
Skip non-chart visual asset 678deff7415879268f99f0e9c22c219536e9152b85adfcbada9d1ed8744f4e53.jpg: score=1;large
Skip non-chart visual asset fef7c6ce84568ae0e5c43097e54f72b11817f746c4e493065a880085ed4a573c.jpg: score=1;chart_ratio,square_without_chart_hint,edge:0.28,large
Skip non-chart visual asset 3fa4d6cabb2d9f0e3d8fe84941efd6319133b7109beb9afeaa751992abde96bb.jpg: score=2;chart_ratio,large
Skip non-chart visual asset 7c570fc066d99a232151ef391710898a9eddabeb4d0b7776ad5a6a4cc2762417.jpg: score=-100;too_small:112x129
Skip non-chart visual asset 26ad42cd20b554abc20b8b3e883c99ea0fae92794565dd4d97a33d81a734cc8f.jpg: score=0;chart_ratio,square_without_chart_hint,edge:0.36
Skip non-chart visual asset 229487e047b92559ad807c3b784511f1f9fea46a779632f839fa71b1d18fd1f4.jpg: score=0;odd_ratio:7.74,edge:0.20,contrast
Skip non-chart visual asset ef7ed2dcfc539c8453e94ecbc4114c8882128fca6bf02dd60af0155652d1dd70.jpg: score=1;large
Skip non-chart visual asset b90dc997753f836735854bcd94a3098a87d23912ef2cc31119cf300c88d39805.jpg: score=-100;too_small:518x134
Done. Results written to /home/runner/work/rpt_edit/rpt_edit/xhs_notes/dropbox/260707/shard_11; successful_reports=5; mineru_timed_out=False; mineru_attempts=1
All batches completed successfully. Generated 5 report directories.
