Found 99 total PDFs; shard 7/40 has 5 PDFs, skips 0 already converted, will process 5 PDFs with batch_size=5.
Running batch 1: 5 PDFs
Found 5 PDFs. MinerU token slots available=2.
MinerU attempt 1/4 using MINER_U_2: submitting 5 PDF(s).
Uploading PDF to MinerU: /tmp/pdf_batch_001_703lukyc/pdfs/0001-36-Goldman Sachs-Kelun Biotech -6990.HK-- Lung06 met primary endpoint- further validates sac-TMT as 1L NSCLC backbone-260715.pdf
Uploading PDF to MinerU: /tmp/pdf_batch_001_703lukyc/pdfs/0002-37-Goldman Sachs-Morgan Stanley - Co. -MS.US- 2Q26- Riding the capital markets super cycle-260715.pdf
Uploading PDF to MinerU: /tmp/pdf_batch_001_703lukyc/pdfs/0003-38-Goldman Sachs-Rio Tinto Ltd.-RIO.AX--2Q26 result-Big assets perform strongly-Fe - metal prices strong-although working cap builds US-1-260715.pdf
Uploading PDF to MinerU: /tmp/pdf_batch_001_703lukyc/pdfs/0004-39-Goldman Sachs-OIL ANALYST-Risks From Lower Gulf Flows and Higher China Imports-260714.pdf
Uploading PDF to MinerU: /tmp/pdf_batch_001_703lukyc/pdfs/0005-40-J.P. Morgan-ASML-ASML.AS-Final word on -27--28 has not been said. Co.can raise estimates again.Reiterate OW rating.-260716.pdf
MinerU attempt 1 using MINER_U_2 batch_id=56f35688-b79d-464c-a32c-ca196c9c4d43
MinerU states: running, running, running, running, waiting-file
MinerU states: done, done, done, done, done
/home/runner/work/rpt_edit/rpt_edit/scripts/pdf_to_xhs_batch.py:290: DeprecationWarning: Image.Image.getdata is deprecated and will be removed in Pillow 14 (2027-10-15). Use get_flattened_data instead.
  pixels = list(gray.getdata())
Skip non-chart visual asset 1a06ed1d50a0961bea3f416893167f04c78f056e41e109e62c420884898901dd.jpg: score=-100;too_small:1159x106
Skip non-chart visual asset 7759caa433ad5aab0de1635b1b2dc6c8ed73c708501f620b92aead51954d51f8.jpg: score=-1;square_without_chart_hint,edge:0.29
Skip non-chart visual asset 1490c44388372891e15a76402632914c22d7e59e350ff36b1dcf66cd7ac6c92f.jpg: score=-100;too_small:706x159
Skip non-chart visual asset eb6747319141d61b92f2ea21b7ab8eb6e686ef68ae0bbce242bf5dd856f30d1d.jpg: score=1;chart_ratio,square_without_chart_hint,edge:0.31,large
Skip non-chart visual asset 239fc9ed4e3159b04331d521c5870be788f39e85b408998ea8c3dbc23d639f58.jpg: score=1;chart_ratio,square_without_chart_hint,edge:0.33,large
Skip non-chart visual asset 55dcc0add5a6b35c111e65d89b5e74703e29f119451399bb91e26f43149e4d4b.jpg: score=-1;square_without_chart_hint,edge:0.29
Skip non-chart visual asset 0772002ec89eabccc0a294a212898aeb62ad9eb83b212e143b29523ab2420199.jpg: score=-100;too_small:1159x112
Skip non-chart visual asset 6200219fe4cab4a4591424612c49e4a50b5fab4dcabb51a75231f42c3a428302.jpg: score=-100;too_small:1026x45
Skip non-chart visual asset 337c9ed3193469b8955d307833d9dcf0a537f19c38ad1e6b0874ac3b025a779d.jpg: score=-100;too_small:426x129
Skip non-chart visual asset 164ad090cc605ede8adafa402291d86406633a9ac7dfdfd240e996faca248247.jpg: score=2;chart_ratio,contrast
Skip non-chart visual asset 2c71c17957b85a78e3f4c73f0cebbc982fcf8642972304525eacbc3eccbd03e2.jpg: score=-100;too_small:426x178
Skip non-chart visual asset 4cbe624457e61a7db6807ec670edfff610d940e9a09027bf6456726e95f80e88.jpg: score=-100;too_small:1159x109
Skip non-chart visual asset 4844f89f2f2f5b604a21132496519242892bf80c37d3b92abeeb4578507addae.jpg: score=0;odd_ratio:6.18,edge:0.35,contrast
Skip non-chart visual asset 1c7a45d085e44137d966d5d825fb415db4cde56f5ef5d3ba009ab9cf16e14a60.jpg: score=2;chart_ratio,square_without_chart_hint,edge:0.36,contrast,large
Skip non-chart visual asset bf675db0285c8c8c5c0dc7c9ec17c618868574915cb6634ea931aa0cd1853493.jpg: score=1;chart_ratio,square_without_chart_hint,edge:0.19,large
Skip non-chart visual asset 7303bc5881358799af885d108942adef1e0df529b22a8b9f3e8063bf55dcf1af.jpg: score=2;chart_ratio,square_without_chart_hint,edge:0.24,contrast,large
Skip non-chart visual asset 71dc8111b0d00c6ee6f61e9518bb67d94032e2bb5e4af069ed63164252794c45.jpg: score=0;chart_ratio,square_without_chart_hint,edge:0.21
Skip non-chart visual asset 13ee02b04922b16eb66d42fe936f95c6f43e6dd78b6f8b4af25ea55ca356d089.jpg: score=-3;square_without_chart_hint
Skip non-chart visual asset 993f228325ddee61d5ea625e8a8100a5ca7a48652e424bffa6c31d5a3557a0d2.jpg: score=-100;too_small:1454x167
Skip non-chart visual asset 728540ae67b79fde7bb7efb9bcdf112635528ce256f64472c0b7002d1af3d7a1.jpg: score=0;square_without_chart_hint,edge:0.31,large
Skip non-chart visual asset a2a6f592c02773f0c3c3ffc90426fd9beec613e7103929aa27e70e0a077b2dd4.jpg: score=-100;too_small:95x95
Skip non-chart visual asset d39e3badf8622ed073edfd7c3d90324912724434a18159d1455b754f982ce7ad.jpg: score=0;chart_ratio,square_without_chart_hint,edge:0.30
Done. Results written to /home/runner/work/rpt_edit/rpt_edit/xhs_notes/dropbox/260716/shard_7; successful_reports=5; mineru_timed_out=False; mineru_attempts=1
All batches completed successfully. Generated 5 report directories.
