Found 68 total PDFs; shard 7/40 has 5 PDFs, skips 0 already converted, will process 5 PDFs with batch_size=5.
Running batch 1: 5 PDFs
Found 5 PDFs. MinerU token slots available=2.
MinerU attempt 1/4 using MINER_U_2: submitting 5 PDF(s).
Uploading PDF to MinerU: /tmp/pdf_batch_001_tkn7im9h/pdfs/0001-36-Goldman Sachs-Raising TPs of SG Micro and Ruijie on growing AI data center- Ruijie to Neutral on fair valuation-260713.pdf
Uploading PDF to MinerU: /tmp/pdf_batch_001_tkn7im9h/pdfs/0002-37-J.P. Morgan-China Quant Strategy-Expensive leadership is starting to look fragile-hedge with low vol-high quality yielders-260712.pdf
Uploading PDF to MinerU: /tmp/pdf_batch_001_tkn7im9h/pdfs/0003-38-J.P. Morgan-Hon. Precision-7769.TW- 2Q26 revenue solid beat- robust demand across ASICs- CPUs- Tesla and China- SEMICON TW demos- OW-260712.pdf
Uploading PDF to MinerU: /tmp/pdf_batch_001_tkn7im9h/pdfs/0004-39-J.P. Morgan-China technology-Key takeaways from China AI PCB tour- AI upcycle intact- capacity and execution matter-260712.pdf
Uploading PDF to MinerU: /tmp/pdf_batch_001_tkn7im9h/pdfs/0005-40-J.P. Morgan-JPM FX Positioning Monitor-First evidence of yen short covering- USD CNY downside demand ebbs-260712.pdf
MinerU attempt 1 using MINER_U_2 batch_id=aabca7d3-bfc6-4d7a-a812-9bca9641e655
MinerU states: running, running, running, pending, waiting-file
MinerU states: done, done, done, running, running
MinerU states: done, done, done, done, done
/home/runner/work/rpt_edit/rpt_edit/scripts/pdf_to_xhs_batch.py:291: DeprecationWarning: Image.Image.getdata is deprecated and will be removed in Pillow 14 (2027-10-15). Use get_flattened_data instead.
  pixels = list(gray.getdata())
Skip non-chart visual asset da935eee48a57a4f7dab3b154d957e95ea49e97c6693c826f02115cbd96eeb7b.jpg: score=1;square_without_chart_hint,edge:0.43,contrast,large
Skip non-chart visual asset 1da10c510ba03ad1a743729dbf828be7c260ec416dca56544b7e58272167d8bb.jpg: score=-100;too_small:1090x59
Skip non-chart visual asset a9b0c5cb4dfdd7222ac6fd32c6c5b849d7944d1a02522737b1d9ec8a917019b1.jpg: score=-100;too_small:1159x112
Skip non-chart visual asset fb3ede3b0b6b7481721499a806c0369c3ddd566201edcf62362038919590931e.jpg: score=-100;too_small:1415x165
Skip non-chart visual asset af18f3a573d1dca96e8cd3ed3d321c32da954733faf15d930122c917b56aed7b.jpg: score=0;odd_ratio:5.92,edge:0.35,contrast
Skip non-chart visual asset 6a56224ddb439b47015412eae6fe347a3e23f2fff1694271293cdefc29c03561.jpg: score=-100;too_small:340x128
Skip non-chart visual asset ab3e7974479c853d1750e5dc3cef307d5a6a3ed50076d4f14d3739db0d7619e3.jpg: score=1;chart_ratio
Skip non-chart visual asset 6a2b9164f471d5a6a83a810644289a5dccda9057a6dd6755ebccc1e9e82b4f54.jpg: score=0;square_without_chart_hint,edge:0.48,large
Skip non-chart visual asset a0873d5904fdacf4b2277ac8d94948d55a5a44f69ce5a2169b39fd86256ab492.jpg: score=-100;too_small:1459x167
Skip non-chart visual asset e19610b191a3b2f711eff62308e6f747cd434d797e5a773cb9c51171855744fd.jpg: score=-100;too_small:1457x170
Skip non-chart visual asset f0597e1c8bceb70bc7d895794fc1f5d9400c4782a7ce884532601a310aa42076.jpg: score=2;chart_ratio,large
Skip non-chart visual asset 850d19dabc87a669869280d9dae44496240b1d5f24158babb7f6de939d6e7638.jpg: score=-100;too_small:540x134
MinerU images did not look like charts; keeping only the title card and letting downstream AI fill body images.
Skip non-chart visual asset e3ec3407c5f80a84d796d7d3b48bace7ba459556c25fef73fbed39a895440827.jpg: score=-100;too_small:451x90
Skip non-chart visual asset 7692b9e4c97d9b568e084646bffbf6c54f701fefdab8b9ab9317b0d797bc4f04.jpg: score=2;chart_ratio,large
Skip non-chart visual asset 118fac9bb07e37ef06bc71aabd4fbda148d960caae9568634fb3cfb920983de6.jpg: score=-100;too_small:924x159
MinerU images did not look like charts; keeping only the title card and letting downstream AI fill body images.
Skip non-chart visual asset 8718022f164ef9a02b8501fd56be719b518b11a898b9c135ebe8f18ec12d5296.jpg: score=1;chart_ratio,square_without_chart_hint,edge:0.19,large
Skip non-chart visual asset 1cf12f63b47d23eb4226cbc935332a422482f7550cd4d956b461b1db99797ddd.jpg: score=1;chart_ratio,square_without_chart_hint,edge:0.11,large
Done. Results written to /home/runner/work/rpt_edit/rpt_edit/xhs_notes/dropbox/260714/shard_7; successful_reports=5; mineru_timed_out=False; mineru_attempts=1
All batches completed successfully. Generated 5 report directories.
