Found 68 total PDFs; shard 13/40 has 3 PDFs, skips 0 already converted, will process 3 PDFs with batch_size=5.
Running batch 1: 3 PDFs
Found 3 PDFs. MinerU token slots available=2.
MinerU attempt 1/4 using MINER_U_2: submitting 3 PDF(s).
Uploading PDF to MinerU: /tmp/pdf_batch_001_41b90mi_/pdfs/0001-66-Nomura-Tencent Holdings-0700.HK-2Q26F- margin likely under pressure on AI investment-260713.pdf
Uploading PDF to MinerU: /tmp/pdf_batch_001_41b90mi_/pdfs/0002-67-Nomura-USD CNY fix model-Projection-6.7914-260714.pdf
Uploading PDF to MinerU: /tmp/pdf_batch_001_41b90mi_/pdfs/0003-68-Nomura-Unisplendour Corporation-000938-Time to revisit China-s AI value chain winners-260713.pdf
MinerU attempt 1 using MINER_U_2 batch_id=a682433f-6d82-4d99-bc97-4e1691d37f4e
MinerU states: running, pending, waiting-file
MinerU states: done, done, done
/home/runner/work/rpt_edit/rpt_edit/scripts/pdf_to_xhs_batch.py:291: DeprecationWarning: Image.Image.getdata is deprecated and will be removed in Pillow 14 (2027-10-15). Use get_flattened_data instead.
  pixels = list(gray.getdata())
Skip non-chart visual asset f0804ceb4a162f2c4fc2ada2b1e8d6022f4a9dc6c0fa4bdd99c820ad65eb2480.jpg: score=0;square_without_chart_hint,edge:0.48,large
Skip non-chart visual asset f862fc336bd6e5d5a812e098ee06b8e88340b688840e55e528bf8b5996a1ad55.jpg: score=1;chart_ratio,square_without_chart_hint,edge:0.25,contrast
Skip non-chart visual asset be3314f878a94bf706d2121c3bb79f92462c80cf5b7597d28fc208996621bbe0.jpg: score=-100;too_small:434x71
Skip non-chart visual asset f708a4d1f0ea951725113635bfd6137a7cc147a7ef9062acbae088a118bc90a8.jpg: score=-100;too_small:726x151
Skip non-chart visual asset efd29265cafa31c300630e3e1d5193eaad5bf0574bd212c66e95f6235c685e41.jpg: score=-100;too_small:1412x87
Skip non-chart visual asset 1ecfde44dfba05621f1defce473b08d2f22949a86285a8132e1961980e14698e.jpg: score=-100;too_small:723x159
Skip non-chart visual asset b6219342ea73d2db443c6fe543d65f93793e14dc80971825d73adf9aa535349a.jpg: score=1;chart_ratio,square_without_chart_hint,edge:0.43,large
Skip non-chart visual asset b2c961a584f6cbd9baddd4267bd685ee6353c2609e68a0cc401362155a3a9bad.jpg: score=-100;too_small:434x48
Skip non-chart visual asset c7af088090e5fc199cf9e1042275adf861ac119644f08a73cd2149cb4dec701b.jpg: score=2;chart_ratio,square_without_chart_hint,edge:0.18,contrast,large
Skip non-chart visual asset f28df392e1b66891f7c05d98a6fb156cf30b672a0b03ea4b217af9f6396a16b4.jpg: score=-100;too_small:434x70
Skip non-chart visual asset 42bff6525bb0af372fb0c30b11a4360cdf32129bad1579d6fbe377b3d8bfd848.jpg: score=-100;too_small:1409x84
Skip non-chart visual asset 4eb620a6a3ef16607462ede6ce4f74e46cbe880615b7912cb58ca7e994f8d8ca.jpg: score=-100;too_small:273x456
Skip non-chart visual asset ff6222a4d2c72d48c95c41c9e8210e49e1a721ed112162572bb1fe70b79f551e.jpg: score=-100;too_small:251x459
Skip non-chart visual asset 6deda623af8cc8753fc59e26b62b83887c51b5328fcc9251297361602d6cd968.jpg: score=1;chart_ratio,square_without_chart_hint,edge:0.47,contrast
Skip non-chart visual asset 5787cfab5c8bb97f011dd9a34574b9fd823cedfa9e572605eaace84ee5fd76bd.jpg: score=-100;too_small:281x462
Skip non-chart visual asset 9a99addd8af4e37dd7380a3e25365a0266a4fb2faeb5d34f9d9348c5d5b4b6b5.jpg: score=1;chart_ratio,square_without_chart_hint,edge:0.25,contrast
Skip non-chart visual asset 9e8186834d8e523f6414d60f29ab70c089a900d0a9f337637296318d1f82bffc.jpg: score=-100;too_small:434x43
Skip non-chart visual asset f40ab16f480f383d82d170e7b0f8b6e32a73f7dc391849af74c445ff7dca14fc.jpg: score=0;odd_ratio:7.52,edge:0.35,contrast
Skip non-chart visual asset fa8ff797484c4c5a64fc503c53315e6eaddf96464aa786cb141795871f8adf8d.jpg: score=-100;too_small:726x131
Done. Results written to /home/runner/work/rpt_edit/rpt_edit/xhs_notes/dropbox/260714/shard_13; successful_reports=3; mineru_timed_out=False; mineru_attempts=1
All batches completed successfully. Generated 3 report directories.
