Found 27 total PDFs; shard 4/40 has 5 PDFs, skips 0 already converted, will process 5 PDFs with batch_size=5.
Running batch 1: 5 PDFs
Found 5 PDFs. MinerU token slots available=2.
MinerU attempt 1/4 using MINER_U_2: submitting 5 PDF(s).
Uploading PDF to MinerU: /tmp/pdf_batch_001_kqhq6gnn/pdfs/0001-21-Morgan Stanley-Electrifying Europe Reinforces -New Growth Era--260717.pdf
Uploading PDF to MinerU: /tmp/pdf_batch_001_kqhq6gnn/pdfs/0002-22-Morgan Stanley-Montage Technology Co Ltd -688008--2Q beat driven by continued strong demand-260717.pdf
Uploading PDF to MinerU: /tmp/pdf_batch_001_kqhq6gnn/pdfs/0003-23-Morgan Stanley-Volvo-VOLVb.ST-2Q26- In line- Europe market outlook upgrade-260717.pdf
Uploading PDF to MinerU: /tmp/pdf_batch_001_kqhq6gnn/pdfs/0004-24-Morgan Stanley-Monthly Tracker- June Data Deteriorated- Weaker 3Q Ahead-260717.pdf
Uploading PDF to MinerU: /tmp/pdf_batch_001_kqhq6gnn/pdfs/0005-25-UBS-Korea Strategy-New rules for single-stock leveraged ETF-260717.pdf
MinerU attempt 1 using MINER_U_2 batch_id=cdf2856e-e202-485b-9daf-d3fa96925813
MinerU states: running, running, running, running, pending
MinerU states: running, done, running, running, running
MinerU states: done, done, running, running, running
MinerU states: done, done, done, done, done
/home/runner/work/rpt_edit/rpt_edit/scripts/pdf_to_xhs_batch.py:292: DeprecationWarning: Image.Image.getdata is deprecated and will be removed in Pillow 14 (2027-10-15). Use get_flattened_data instead.
  pixels = list(gray.getdata())
Skip non-chart visual asset b22ff591addf2c571c6dab334f8a6268f788546f3198cbb866f817c0074f7224.jpg: score=1;chart_ratio
Skip non-chart visual asset 74c4d4fa9a090ff597ae43572f0a9c94e65a106af4cca07e82beb7e9d502effe.jpg: score=1;large
Skip non-chart visual asset 72541bea404d9dbf48063d36d56c3f0a72ea677c6644b7b7a4662bccbc6b245d.jpg: score=-1;odd_ratio:6.62,edge:0.17
Skip non-chart visual asset 2e12b640ef42a2266963f8d76d109d1ad6b52303f408d2f5012d2071863c089f.jpg: score=-1;square_without_chart_hint,edge:0.19
Skip non-chart visual asset e2500d8910d7fb9a9cd577744f6be839604739ca0594b5dc9dc20bcfe4d21d3a.jpg: score=1;chart_ratio,square_without_chart_hint,edge:0.21,large
Skip non-chart visual asset 60b0e13b512a558e618d173124a3357f8bce6974aa4bb844ac629b9aef39e6d8.jpg: score=2;chart_ratio,large
Skip non-chart visual asset 8816508e9fe58e501e39ec07954a071cb32fc7c1b3a16e7fd4970b995ab9fa60.jpg: score=-100;too_small:518x134
Skip non-chart visual asset d08bc523d8cbc270b36952e2a0e73395884a2874ab8c8d402b83d802d07ebc11.jpg: score=1;large
Skip non-chart visual asset f293f5e5e8186e584a4efffdd8a8058bc5a192de0a54aeecb92f878360e632f8.jpg: score=-100;too_small:1298x39
Skip non-chart visual asset fee090ca02658149c71487596881c79682a1904396eb2c36e1344e764ca8893a.jpg: score=0;chart_ratio,square_without_chart_hint,edge:0.36
Skip non-chart visual asset d98ec2bbe08f427b2c413a4d7539401d2788f88c5b1a6151cb5914b8deb493ac.jpg: score=1;large
Skip non-chart visual asset a91c701605e350d452b6b2e626ddc7570d7e63363b7aebb4e43f497ab85f51b5.jpg: score=-100;too_small:518x140
Skip non-chart visual asset 1fe7a11267b5dc269437c1f854c846ffe57d4278531a96d14d0df512f14911f3.jpg: score=2;edge:0.43
Skip non-chart visual asset defc4f2f596370fe14445a54ba01eec04e0648ba5c42f9a38d6c60f537b29138.jpg: score=1;large
Skip non-chart visual asset 40e3f85f8ab34e6b80efa108f3375795e39631deb7471ebd62a785d911854b48.jpg: score=1;square_without_chart_hint,edge:0.35,contrast,large
Skip non-chart visual asset b81ade8ca790d69ab9d82a88d3c286fb2360c63f5c8609544bc39ce080de0a52.jpg: score=-100;too_small:518x137
Skip non-chart visual asset 215891d59807bd9cf434ee8916d9deac26ddd0c860c6817890eaddf5fcb54e19.jpg: score=2;chart_ratio,square_without_chart_hint,edge:0.38,contrast,large
Skip non-chart visual asset f767bf08cc534b1234c619883cd17a263e492fbef93f24ba5bd7e4115a9b37b6.jpg: score=1;square_without_chart_hint,edge:0.41,contrast,large
Skip non-chart visual asset 01cfa947e0b31f5639ddc18b997766e486c4ae6b952873acf3f34370bcb74660.jpg: score=1;odd_ratio:5.61,edge:0.36,contrast,large
Skip non-chart visual asset 4641090f53630359f959d371ff6f75e9cf05a105bd6b2a33169c8cef9da80a29.jpg: score=0;chart_ratio,square_without_chart_hint,edge:0.18
Skip non-chart visual asset f2a56d002ed47c0848abea45020292f6be4db2a71a2d4a4d016666ae4a228f62.jpg: score=0;odd_ratio:7.58,edge:0.28,contrast
Skip non-chart visual asset 35570f7e7a84692fdd29b8bc2d18be2b391c252ec91d2bf43cb3f18d7ea4f0bb.jpg: score=-100;too_small:223x87
Done. Results written to /home/runner/work/rpt_edit/rpt_edit/xhs_notes/dropbox/260719/shard_4; successful_reports=5; mineru_timed_out=False; mineru_attempts=1
All batches completed successfully. Generated 5 report directories.
