Found 82 total PDFs; shard 13/40 has 5 PDFs, skips 0 already converted, will process 5 PDFs with batch_size=5.
Running batch 1: 5 PDFs
Found 5 PDFs. MinerU token slots available=2.
MinerU attempt 1/4 using MINER_U_2: submitting 5 PDF(s).
Uploading PDF to MinerU: /tmp/pdf_batch_001_6052bqyc/pdfs/0001-69-Morgan Stanley-Global EV Tracker- Europe Leads BEV Growth as China Turns a Corner and US Hybrids Gain-260706.pdf
Uploading PDF to MinerU: /tmp/pdf_batch_001_6052bqyc/pdfs/0002-70-Morgan Stanley-Horizon Robotics-9660.HK-Game on - not game over-260706.pdf
Uploading PDF to MinerU: /tmp/pdf_batch_001_6052bqyc/pdfs/0003-71-Morgan Stanley-Greater China Semiconductors-PC Semis- Divergent gross margin trends-260706.pdf
Uploading PDF to MinerU: /tmp/pdf_batch_001_6052bqyc/pdfs/0004-72-Morgan Stanley-Greater China Technology Hardware ABF Substrates Pricing Upcycle Is Accelerating-260706.pdf
Uploading PDF to MinerU: /tmp/pdf_batch_001_6052bqyc/pdfs/0005-73-Morgan Stanley-Laopu Gold-6181.HK-1H26 Preview- Weak 2Q-260706.pdf
MinerU attempt 1 using MINER_U_2 batch_id=b9921fb4-af7a-4ec2-8a98-c88dce62b4b6
MinerU states: running, running, running, running, pending
MinerU states: done, done, running, running, done
MinerU states: done, done, done, done, done
Skip non-chart visual asset 6a031aa84f6905fb26c18c528d083fb0a8a53f7fbef0d4e8729fcbcba3b034d0.jpg: score=-100;too_small:531x84
/home/runner/work/rpt_edit/rpt_edit/scripts/pdf_to_xhs_batch.py:285: DeprecationWarning: Image.Image.getdata is deprecated and will be removed in Pillow 14 (2027-10-15). Use get_flattened_data instead.
  pixels = list(gray.getdata())
Skip non-chart visual asset bbddab950b61fd4b461fcaac1a14f36a3fa7c6700878ee146bf375b5098eb67f.jpg: score=-100;too_small:529x85
Skip non-chart visual asset 80c136aa91561ce4036ffe6544f77c1b448d042a7c20207ee7dcd858c7349547.jpg: score=2;chart_ratio,square_without_chart_hint,edge:0.22,contrast,large
Skip non-chart visual asset f2b5b889e0739623142ed33f6ea18e264eb9a44b55f6bf0a7332024766f7bca2.jpg: score=-100;too_small:531x85
Skip non-chart visual asset 28d38adf5f4cc4b24fe179a31548784db2d24ed58bd79fe441c7448bd25c1fa4.jpg: score=-100;too_small:526x90
Skip non-chart visual asset 0978a9bf95257e9c04fa1da419df6f9c90cd2a158954b7f559297b69e56deecb.jpg: score=-100;too_small:531x85
Skip non-chart visual asset 82cfe39cbe4e56303f9dd6918f1338485caf53c6a952157847b8097109570278.jpg: score=1;chart_ratio,square_without_chart_hint,edge:0.27,contrast
Skip non-chart visual asset d19d3c0f8c02f15cdadac1bf93803edf2c6b663535a52bab700a8a4ce7a8d550.jpg: score=0;square_without_chart_hint,edge:0.25,contrast
Skip non-chart visual asset 9ecbadbc3f2d16365f20fad0a997f40a59ba2970a5f83ae7998a2b9d90bcbf7a.jpg: score=-100;too_small:531x90
Skip non-chart visual asset 39a17400b81456e072c2a6eb58938f8e5516bf635faf7aba06f5c54c7e3ffe01.jpg: score=2;chart_ratio,square_without_chart_hint,edge:0.23,contrast,large
Skip non-chart visual asset cca5a36981f215f32cfaeff79370282c9706f17cc960c679089a8da27e2f1264.jpg: score=2;chart_ratio,contrast
Skip non-chart visual asset 6e7a3f8a95414af8f4e554f0eb883740dfa3f8839ed60b84708f922df6f9df5f.jpg: score=0;square_without_chart_hint,edge:0.23,contrast
Skip non-chart visual asset 44fbb7c08460ed7349c9a5ea184710fca31bec23b20eb9bb7653859ec963b243.jpg: score=-100;too_small:531x92
Skip non-chart visual asset 638a2a81cfe2ccda69e00dc96b1558a9e56885f6b1bf685488b352099acd8a64.jpg: score=-1;square_without_chart_hint,edge:0.15
Skip non-chart visual asset cb3ff43f7abf14887b8e8d478bf440570a3fee0dbaa47dd216783334396cf93b.jpg: score=-100;too_small:398x209
Skip non-chart visual asset 10037ba0fca4b4c9d897e89cf29e48ffaa6427d2fc1b572cb4ee815878bc6889.jpg: score=1;large
Skip non-chart visual asset 8035a4ad8b28045c91aed7a7d323f06ef17a5934148db9338c9c0e0cd112d56d.jpg: score=0;square_without_chart_hint,edge:0.24,contrast
Skip non-chart visual asset e865dfaa481551fb581ff9110065af73fe17db415e7da59d6302340cbe06befd.jpg: score=0;square_without_chart_hint,edge:0.10,contrast
Skip non-chart visual asset b4ddf923f1bef07043a737a90a4af83ad27d5af319176d871e8d2acc3ce5a87c.jpg: score=-1;square_without_chart_hint,edge:0.15
Skip non-chart visual asset 7b377d96060dc84c8014eeb27f625218ba70ed71e304dd070b6462f0406e36df.jpg: score=-100;too_small:531x84
Skip non-chart visual asset 3682d6fb26a1809e5364b2102548de93a1a5e23fd2eb73cce9da9452c4e29acd.jpg: score=-100;too_small:531x84
Skip non-chart visual asset 1c47ef16f9bee1c6fc80745b19456a60d774ce76c1552c24c453f8f13740c940.jpg: score=-100;too_small:531x84
Skip non-chart visual asset d1f4eefeb6e2f50e37e705bc081e13759370504933e0c9d6dc5970d438a909d9.jpg: score=1;chart_ratio,square_without_chart_hint,edge:0.33,contrast
Skip non-chart visual asset d3c0365cad607336cfb60752a06b740734b2dcb10c44f1bf7625e27c72a170c0.jpg: score=-100;too_small:120x119
Skip non-chart visual asset b1a1bf7a972f77259002c4bf98a55174f5fa4123c99d5c605b85c7f7d8c4b86f.jpg: score=-100;too_small:449x198
Skip non-chart visual asset b2fb481ef6a5e334870ce1f1b674c93977224fb68758ae7b4a3543036cc4a63a.jpg: score=1;chart_ratio,square_without_chart_hint,edge:0.29,large
Skip non-chart visual asset 8f9b998db2277f7c770ace2762251e7f1ae7052a0bfc5f1785f6d09b0164fe42.jpg: score=1;chart_ratio
Skip non-chart visual asset 724e849275703e3a4c7ef32f763fa1e60e5ec731f3e22884ac867e8efdb3c3ae.jpg: score=2;chart_ratio,square_without_chart_hint,edge:0.41,contrast,large
Skip non-chart visual asset e752ef50421a0748ab28313d99d077576c7e35bfb8d8ae919b3a757653de0272.jpg: score=-100;too_small:518x135
Skip non-chart visual asset a28ee6cfe8af8ec820ffba76d0a9a08aac35a43df220c2f18ace0f57fc58437e.jpg: score=1;large
Skip non-chart visual asset 39e901f51f739a229de88be166e3007055d8fb4f3cc9c65d72d0f2544d040fca.jpg: score=-1;square_without_chart_hint,edge:0.12
Skip non-chart visual asset c54baa56b230fe0d03d227e864f9114cc165877e3ee1df44d8c81986c1a0cb06.jpg: score=-100;too_small:510x114
Skip non-chart visual asset 72709b25f848b95195476a9866cf27fea0abb2a8cc60405e7b131300072279ca.jpg: score=1;chart_ratio,square_without_chart_hint,edge:0.29,large
Skip non-chart visual asset e2b9e906de1257e1eb3743915cb908bbf7ec08da8a8f86c84edcb8e93095b41c.jpg: score=-100;too_small:437x37
Skip non-chart visual asset 1770ab16977be28a95855271c7daaee844277250a0557c9d0be9c5d6f2f25b50.jpg: score=1;chart_ratio
Skip non-chart visual asset cdf85949dcbc99f3f14e7e51e7e5b6de8e7b50496e8e75e1436698ad06201fe5.jpg: score=-100;too_small:535x117
Skip non-chart visual asset b40a8dbd283d52026dbc6c132a3136f45c81a3af4d75fef229a16c832f1244bb.jpg: score=2;chart_ratio,large
Skip non-chart visual asset 5c5e7b249c8fbe3c745cccacb8d8f0f9bb6f07f3f7d1905684abe6c0d2e8c3cc.jpg: score=-100;too_small:417x132
Skip non-chart visual asset 0ddeeea64b9054fbff2333fe7639d261abe6267406b6b99f9a46f27f8b01954f.jpg: score=-1;square_without_chart_hint,edge:0.28
Skip non-chart visual asset fc9dce1046d5a018995b283ea5b01daf87c5526c3e5b49f3125a50d283466af0.jpg: score=0;square_without_chart_hint,edge:0.27,large
Skip non-chart visual asset c0605c7cb415d3da18e4738d8fbf2a6fd4f1f9eef94ba1e350e9a184107c9bf9.jpg: score=1;chart_ratio,square_without_chart_hint,edge:0.31,contrast
Skip non-chart visual asset c821e8241890885a67ab50d474e39418bb1892cf2ede3d4f6209c5244a99506e.jpg: score=-1;square_without_chart_hint,edge:0.12
Skip non-chart visual asset aafdfa85f7207c1a366a20413413775f488a0dcc4c60ded341375d78517d390e.jpg: score=-100;too_small:126x123
Skip non-chart visual asset 3c2340d233efc4459f981daea0c76b0958bf0640bf3bc491b573742e2244423b.jpg: score=1;large
Skip non-chart visual asset 7b9015684ecb2bf17999bbf772a514453b1e4b6937d76cabc1595d020fa515d7.jpg: score=-100;too_small:449x204
Skip non-chart visual asset bf51751db94d0c85e62bf365d4ebcaaf3b3ae631a496d85324de1df8072098ac.jpg: score=-100;too_small:532x110
Skip non-chart visual asset c7776ab3a5ffb09846a2491c244034517900859b4f073f5e05e0be702efc4648.jpg: score=1;chart_ratio,square_without_chart_hint,edge:0.36,contrast
Skip non-chart visual asset b8b4c94880d652b83d640cefb4a86f0edab255a34d447eb03f0a9104d4d11e90.jpg: score=2;chart_ratio,square_without_chart_hint,edge:0.34,contrast,large
Skip non-chart visual asset 1dd93055c80bdb7bc001ef3e092da66bce94fa0afc15d6ef6cf218d8f80de433.jpg: score=2;chart_ratio,square_without_chart_hint,edge:0.38,contrast,large
Skip non-chart visual asset c663d8c0741c108a72b35a3dd1c1a43bbf9af83f47f4df6180bfdd09d8d8fa78.jpg: score=-100;too_small:437x40
Skip non-chart visual asset f3503f9eff781a6fe0464f806cfcab9d9dafdf446dc9937916af1421999d5fb0.jpg: score=-100;too_small:434x34
Skip non-chart visual asset a9d401d56c3532bf53b62813260bd98c1b6d10f098d597760b2e77541b7711da.jpg: score=0;square_without_chart_hint,edge:0.26,large
Skip non-chart visual asset 2ead497d093f7f40d9828e3355f9645d3b81ee48d36d2f86b5fb567828d776c9.jpg: score=-1;square_without_chart_hint,edge:0.11
Skip non-chart visual asset 51897ad9046f07fb8318d599d474841979a817df9e979f30f24a70b7e4a44627.jpg: score=1;chart_ratio
Skip non-chart visual asset 935fa0b3e11d2508535403939da4b02f61c78d7a50e2a532ac09dd877aac9225.jpg: score=0;square_without_chart_hint,edge:0.36,large
Skip non-chart visual asset e538259957e6dfc0804a71d8da52de3e483e437a43c870fa771f5c8b919499ab.jpg: score=-100;too_small:526x110
Skip non-chart visual asset 1490d7bb9e53480757974ca79a419100b1ea7c28a83cc619844b23375122b211.jpg: score=-100;too_small:417x151
Skip non-chart visual asset 7b7fdd26526fa4b1437665d69f45091881cafe1e6a10bb0eb04f88fd49edaa61.jpg: score=-100;too_small:449x135
Skip non-chart visual asset f30ed967b00045c6c1f1dca826ac4872d4273c0efbee81175a205d3c1259797b.jpg: score=-100;too_small:437x37
Skip non-chart visual asset 881ce9734c37c3d3c5349b7eae330dfc5907cb9f672fa84d24d6d12f63eed48a.jpg: score=0;square_without_chart_hint,edge:0.28,large
Skip non-chart visual asset 67d506c0e2378f5f0942c950f3416a55c9d756a5520de78bd0ad9142c5fc48a1.jpg: score=-100;too_small:451x203
Skip non-chart visual asset 2f97bf3e6eb2183277eccccd4da414d023e133571410b9b8d198fee5d8b5bd9d.jpg: score=-100;too_small:518x137
Skip non-chart visual asset c421756b45e87b770e0ae3eec2e33b20693d91bd51dcce30b0a613f6592254ac.jpg: score=-1;square_without_chart_hint,edge:0.36
Skip non-chart visual asset e3d4e7bccb8e20a0fef79d2a9f4820a9e9dd7bba7153adf4ef0d0ec32d222235.jpg: score=-100;too_small:379x92
Skip non-chart visual asset c81e7439f9eaa94a4a01833a8a38a0269b44ab945f71e05c3b76fdebe23a1b80.jpg: score=1;square_without_chart_hint,edge:0.40,contrast,large
Skip non-chart visual asset fedcd4fd08fde611f3be5ec6d1cd8f45635c42d781790afcce42cc5bc30bac2f.jpg: score=-1;square_without_chart_hint,edge:0.11
Skip non-chart visual asset b974c78b350854eb1adf36ada836b39099e56b62be6c5b270a9007889ef48cdb.jpg: score=1;chart_ratio,square_without_chart_hint,edge:0.13,large
Skip non-chart visual asset a313b8d6e8e27bd6a49617c099113b043230d2a4e22ea3f25285722a59ac2070.jpg: score=0;chart_ratio,square_without_chart_hint,edge:0.12
Skip non-chart visual asset 69e7dfe8603c682890ab6a3a4a98b508d313e7670ba1a370cc11537e99430c22.jpg: score=0;odd_ratio:5.16,edge:0.35,contrast
Skip non-chart visual asset dedbab484ade70cd4b779ac075fa8ef9188ea0bf3b0969c47256e0fcc9e73e4f.jpg: score=1;chart_ratio,square_without_chart_hint,edge:0.13,large
Skip non-chart visual asset 2eda67f51d956723fe5ab27d92f2c511e58316da7b25a432c4eee39379e12de0.jpg: score=2;chart_ratio,large
Skip non-chart visual asset b016e1a21ab30ed5d95719038457ca28acf60f9d1991969deda3540f2aa14680.jpg: score=-100;too_small:448x204
Skip non-chart visual asset faee381d64db161b3d0391e343f923bbd08aa0560b4b7d0980ccaa3112e8dec3.jpg: score=-100;too_small:962x157
Skip non-chart visual asset 85096e3c328cd0e3066e28ea7becbe5caae99f3390077d04818b8f88b7c813e9.jpg: score=-100;too_small:434x40
Skip non-chart visual asset fcc4a3a39d54efa87606780be8b20b8e558dec576adde5f594f2d059696e679f.jpg: score=0;chart_ratio,square_without_chart_hint,edge:0.12
Skip non-chart visual asset 8b2c8df452235bf507e3be3cfdc0b114d9f8e8adf8d795abc3a94c6ee101a55d.jpg: score=2;chart_ratio,square_without_chart_hint,edge:0.40,contrast,large
Skip non-chart visual asset 868c5a1dfdbc5da6d665f4f478c8e9d1aec6a41e3e6b14658e584c49c16e9d43.jpg: score=-100;too_small:676x143
Skip non-chart visual asset 101abe03ee1d5fbbc6175f69da8242246088af5fba461cf6a172d40fedcb4df7.jpg: score=1;large
Skip non-chart visual asset f4e6eb8d20b33b795e5b543d374a5b7dc4eba675392f4fd5803d2ffb3532ae93.jpg: score=2;chart_ratio,square_without_chart_hint,edge:0.39,contrast,large
Skip non-chart visual asset ef1a20fcec4b098c9263d5e59fa402b70837cc2b4c331f5152f8e28e6b826ce8.jpg: score=-1;square_without_chart_hint,edge:0.13
Skip non-chart visual asset 0dcdaa47dd4d40866f22063e52966396c367eeda61e1cdc8ddcef3fa90b96e89.jpg: score=-100;too_small:945x109
Skip non-chart visual asset 945bc1209564214da4b998e8d1b7758beaee5ed119868a648c024cece81e74f9.jpg: score=-100;too_small:521x59
Skip non-chart visual asset 53dd1c79e3296c3d038e6526336d1ab55fc22ff81df4c4e7f88f3f66ab551b57.jpg: score=-100;too_small:528x114
Skip non-chart visual asset 2da851e9588662c01afd77d815c175a35349459429d6353db7279016ebc960a8.jpg: score=-100;too_small:964x168
Skip non-chart visual asset 6647be3e5455059bc5cdb8714a188f619bf4ce24b9200eadf83a6baa0f345279.jpg: score=1;square_without_chart_hint,edge:0.40,contrast,large
Skip non-chart visual asset 20b69bff9aa3d5612ea116ff2969b5194aaa4c655e85c5304c5e526965ae5edb.jpg: score=-100;too_small:412x126
Skip non-chart visual asset 306fe1765046f2f0c2b5c31548872c0bb6370c819447cd53eaef8060d3bb8fed.jpg: score=0;odd_ratio:7.54,edge:0.31,contrast
Skip non-chart visual asset 6b20e986df6500686c1b356fd203dafd308d04eef1d1d9b9b468b5722658f9ff.jpg: score=2;chart_ratio,square_without_chart_hint,edge:0.43,contrast,large
Skip non-chart visual asset c3912b89f74af63fbf7489191f591a9acc45c972bab5843fcf40931f9be39291.jpg: score=2;chart_ratio,large
Skip non-chart visual asset e12ccdae26a48da19d72c9f14927bb84da452e61fc45289a97383843148bb533.jpg: score=-100;too_small:964x176
Skip non-chart visual asset cbadf688c58f403db0ca3bf0d0b9772cb0ee7f206bc844fcd9d1a639aba85653.jpg: score=2;chart_ratio,square_without_chart_hint,edge:0.38,contrast,large
Skip non-chart visual asset 1742034c4cbbb53fb15910bbcdb2f43c3ed22aec42410f270e8940ed2b7483a4.jpg: score=-100;too_small:448x203
Skip non-chart visual asset 81d75fd1db110b2886dd985e834d5c80d448916bffe77c87f8a8f02103485a9b.jpg: score=1;chart_ratio,square_without_chart_hint,edge:0.36,large
Skip non-chart visual asset 6391aac1fb7c9605fcfeac5a236325c705ab59564147a7e74b18aa1237f29920.jpg: score=-100;too_small:529x112
Skip non-chart visual asset 557d1219f76373ff1f12cf12f713ea45bc3841f7b85be22d388a1405588c62bd.jpg: score=-100;too_small:673x143
Skip non-chart visual asset 0998de22f141797c670dd52c21f15bc5e7c9b6146da18114601bacf43c9e0ab3.jpg: score=-100;too_small:531x114
Skip non-chart visual asset 6e4840129a7beb5b9eb2a73febe23fd18d67812dd25efb678d149754751da3b7.jpg: score=2;chart_ratio,large
Skip non-chart visual asset be4bd793f49596111a397d876160a74ef2ad03adad7c1778dbb03f8307ab5554.jpg: score=1;chart_ratio,square_without_chart_hint,edge:0.33,large
Skip non-chart visual asset be38095ccef39f3d550c7075042353a3c8d45a8b96b143a7512999a923e35d0d.jpg: score=0;square_without_chart_hint,edge:0.34,large
Skip non-chart visual asset ab16de3edd17d005ffe36ae49cd5a3efb22cf8b3897e9ef1ad6e13fbf29cfefb.jpg: score=-100;too_small:1398x117
Skip non-chart visual asset 94f88982b16b8277cbd611c4d01e0ce682714ce7edb657ca3aa1b493389eb387.jpg: score=1;chart_ratio,square_without_chart_hint,edge:0.34,large
Skip non-chart visual asset a91a0ade225a2669c54fda58791a10bf91f8bc853b176ff060bfdd47490fea66.jpg: score=1;square_without_chart_hint,edge:0.44,contrast,large
Skip non-chart visual asset b9967306e9e019cf1415fefd6c25fe3fa7ca296b82f7a8949b848026571ee98f.jpg: score=1;large
Skip non-chart visual asset 8dc5d47b378201148262a2cb139e44f516968cdc55b3832fa1a8e9bbd04fcc44.jpg: score=2;chart_ratio,square_without_chart_hint,edge:0.39,contrast,large
Skip non-chart visual asset 6411dcb2ab814018057810d9ea360b8ca3b55e23575f8b7eac6a89e54d6a4642.jpg: score=-100;too_small:448x204
Skip non-chart visual asset bd88156e6a2763240729e3983f953069e8da25c941de62bc5fad74c4c07d9a45.jpg: score=1;chart_ratio,square_without_chart_hint,edge:0.37,large
Skip non-chart visual asset 0c4b7708333cb27d4228b7658e27f81c372f21b2f63175bd6432ac1cde4b26a6.jpg: score=0;odd_ratio:4.99,edge:0.32,contrast
Skip non-chart visual asset 01e6006c56c4291ae6ca917fb09a725760e21be68cf5a02002411a2a8933301f.jpg: score=-100;too_small:437x40
Skip non-chart visual asset 32c75a1741c1d93d1fe483e36d253ef0c043cf31d9c5f561bee4aa35a4fc2cbf.jpg: score=1;chart_ratio,square_without_chart_hint,edge:0.34,large
Skip non-chart visual asset 0e85830064f2826c0180e5711ce9ec390e9f34ac5dd29a0b9c4867e57d9ca4b6.jpg: score=-100;too_small:415x129
Skip non-chart visual asset bef5c972b89f377ff3682fcb44a02b64e8919293329897a93395583716f8f2eb.jpg: score=-100;too_small:518x131
Skip non-chart visual asset 1f5c7fa6f888ec963c1794edd7f14f530aea53ce7ab39ec2060ef7a10dd7859f.jpg: score=-100;too_small:412x129
Skip non-chart visual asset 9bc0c635995c942c296bf465e95ee85118f44da8d102acb7c0f3af6e125dfaba.jpg: score=1;large
Skip non-chart visual asset f02d8f4ddd2fd788fdab8d2d42ad3672823d02edbde003b9d4f505027661deb6.jpg: score=-100;too_small:212x323
Skip non-chart visual asset 92007967cda7d7f513b44b1fd91a79ae43be74dfb3e50617e4270f9e554bb7be.jpg: score=1;chart_ratio,square_without_chart_hint,edge:0.27,large
Skip non-chart visual asset 56adbb19d1b0ac01bcae4031484a6cf2876c8bd9c37efe34533664bf15c0aaa8.jpg: score=-100;too_small:209x412
Skip non-chart visual asset 669a660aaa6d2a41050e745bb2f347902df80e62a79c39d4bb249c5f71772292.jpg: score=-100;too_small:339x123
Skip non-chart visual asset 0240c7ce7ef864ebedf05ec009d0b8658bfe67a110d1d459108120c1bc4facc6.jpg: score=0;square_without_chart_hint,edge:0.20,large
Skip non-chart visual asset 0c0572c16c7aade3b0ab9037999224eaacec79ae7e8121bd20ffa0a49a48d74a.jpg: score=-100;too_small:529x114
Skip non-chart visual asset d4bfdd306ea145aeb8883532046a57b0e97456db6f7409001fac88b201524564.jpg: score=-100;too_small:449x162
Skip non-chart visual asset 5bfca34f5c07f06487d5e6ff6c1fc1d5c6305362acac3ae7c13864605de1b642.jpg: score=0;chart_ratio,square_without_chart_hint,edge:0.11
Skip non-chart visual asset c9445896976b1ad677fd79ffa6b8ca813f99697641bb482e6d7229b070e3c252.jpg: score=0;chart_ratio,square_without_chart_hint,edge:0.35
Skip non-chart visual asset 2e3c76362f33cc910a29758a1279655bce69894163a3bc8d89792e19afa7eb54.jpg: score=-100;too_small:948x37
Skip non-chart visual asset 004eaccd07ec96c519b1e68b82311eb4ca36d5bd8b3e04c302e050baeca5457f.jpg: score=-100;too_small:229x314
Skip non-chart visual asset e718c27b185128ddb7d966f490300a401c57f330f7987651c13d3c7dbb225fbc.jpg: score=1;chart_ratio
Skip non-chart visual asset 13bfd472c09a5adcf2d667f0f6e21052e51b5b85cdc41c913efbf6dca29c0e5c.jpg: score=-100;too_small:674x146
Skip non-chart visual asset 0b1cf33928026d6125793cf6e0aa9a389290d9adda4d525785fb96326e07f7c5.jpg: score=0;chart_ratio,square_without_chart_hint,edge:0.29
Skip non-chart visual asset cd91cb6b53b2c9ee8db6199fb493bdb1a5232b0415b08a75509caef300425f4a.jpg: score=-100;too_small:434x37
Skip non-chart visual asset a90dc0e417fbdd74ccee3d0e8398c1bc49550e6402d7c2501ff78e5f91cb1ca0.jpg: score=-100;too_small:232x423
Skip non-chart visual asset e5c2568f88cea7b5d30b9be1d4ada79da9e2b1135534c5c21141a5cdc680295a.jpg: score=1;chart_ratio
Skip non-chart visual asset e089004c82220a156ca21ce3321d38eb22fd56891b00c31cb7a3f7a22ee28071.jpg: score=0;chart_ratio,square_without_chart_hint,edge:0.39
Skip non-chart visual asset 80ccf1bfc4dbfe7802154e711770bd74b90badfd14c12b026908af3a2e0b8fc2.jpg: score=-100;too_small:521x137
Skip non-chart visual asset 7f0aea31d0091cbb62eb86f2930b9e0eb6cf1270a05d91eb860e8d0cdf1fdc33.jpg: score=-100;too_small:899x112
Done. Results written to /home/runner/work/rpt_edit/rpt_edit/xhs_notes/dropbox/260708/shard_13; successful_reports=5; mineru_timed_out=False; mineru_attempts=1
All batches completed successfully. Generated 5 report directories.
