Found 91 total PDFs; shard 8/40 has 5 PDFs, skips 0 already converted, will process 5 PDFs with batch_size=5.
Running batch 1: 5 PDFs
Found 5 PDFs. MinerU token slots available=4.
MinerU attempt 1/4 using MINER_U: submitting 5 PDF(s).
Uploading PDF to MinerU: /tmp/pdf_batch_001_0574f25c/pdfs/0001-41-Goldman Sachs-SAP -SAPG.DE-- 2Q26- CCB stronger while EBIT below- FY26 EBIT guidance trimmed to reflect acquisition dilution- Buy-260724.pdf
Uploading PDF to MinerU: /tmp/pdf_batch_001_0574f25c/pdfs/0002-42-Goldman Sachs-SOUTH KOREA TELECOM SERVICES-2Q26E earnings preview- Mixed earnings as AIDC optionality moves into focus-260723.pdf
Uploading PDF to MinerU: /tmp/pdf_batch_001_0574f25c/pdfs/0003-43-Goldman Sachs-Samsung Electro-Mechanics-009150.KS--Announces another large-scale MLCC order-likely for AI servers-Buy-260723.pdf
Uploading PDF to MinerU: /tmp/pdf_batch_001_0574f25c/pdfs/0004-44-Goldman Sachs-StarPower-603290--Product line diversification supporting growth ahead-2Q26 NI guidance in line-Neutral-260723.pdf
Uploading PDF to MinerU: /tmp/pdf_batch_001_0574f25c/pdfs/0005-45-Goldman Sachs-Samsung Electronics -005930.KS-- Galaxy Z Fold Flip 8 series launched at higher pricing with no changes in memory content-260723.pdf
MinerU attempt 1 using MINER_U batch_id=8f8da390-c128-4241-996a-ef0d08b4f078
MinerU states: done, done, done, done, waiting-file
MinerU states: done, done, done, done, done
/home/runner/work/rpt_edit/rpt_edit/scripts/pdf_to_xhs_batch.py:307: DeprecationWarning: Image.Image.getdata is deprecated and will be removed in Pillow 14 (2027-10-15). Use get_flattened_data instead.
  pixels = list(gray.getdata())
Skip non-chart visual asset e8156e6aa12d9df665f9c6d3d6ad1115c54bc367e182e455ea56f99bc0fcaf60.jpg: score=-1;square_without_chart_hint,edge:0.29
Skip non-chart visual asset cc6d7724dde529a8700c42dec60c807b7ae90d491dea3e03a16ac593bdac7101.jpg: score=-100;too_small:1021x90
Skip non-chart visual asset daa56a26c9a0bb42b956c093f477657dc44b1f236bf9c15b68d280eef11d4b4d.jpg: score=-100;too_small:1156x106
Skip non-chart visual asset 9bc3a718af3ca13bda11cf1c090c25774059bafc3d5d7c72e62aede525f1fc8e.jpg: score=0;square_without_chart_hint,edge:0.19,large
Skip non-chart visual asset b4c8b35cda08acbba95e6f8288e5d61b592bdc1c59ac96c4417ffa353323d3e4.jpg: score=2;edge:0.34
Neutralized WeChat title while keeping the report: 高盛：SAP2Q26云合同超预期但利润低于指引 -> 高盛：SAP业务与季度数据观察
Skip non-chart visual asset abd656ea814102825fe169ed7663476d9b53a659d7a2b49986cbd91c3ec9639a.jpg: score=2;edge:0.21
Skip non-chart visual asset e840b3c9d6f1f15c4c1a8e963aafb12af04f7b31d8daf7211e3c32d9aa9aacab.jpg: score=-100;too_small:1159x107
Skip non-chart visual asset 8fb4f53a15e0997e286a5058b466eaff34776343bc8cbbb3d9d4e6425e0da612.jpg: score=2;edge:0.19
Skip non-chart visual asset c16f14fe8f74d8f4f6c08a54d58b12888eeac79e787634b91de125da9b15ab51.jpg: score=-100;too_small:476x123
Skip non-chart visual asset e0ecfc769e78f5cf3bba513c693e07dbc014f3066b5750d2843658e5f67b9f00.jpg: score=2;edge:0.20
Skip non-chart visual asset 333fbf8cdbdd77c0c3772b086440e0022ae0ef1cc9e9f78b4f9466bba001b29b.jpg: score=0;chart_ratio,square_without_chart_hint,edge:0.27
Skip non-chart visual asset d1ea7d23ace3a26968542c1a740955a8f3f7bd5783f75bc0ebee907c9b866939.jpg: score=-100;too_small:1159x109
Skip non-chart visual asset b6570531fc2612ba6b87042e01f14f5d560f5fbbce45575b28144894436ca4e1.jpg: score=-1;square_without_chart_hint,edge:0.33
Skip non-chart visual asset a132c9a693d049e7d51912cfdb8395a73d78d5b2cbbe5e573fe1fae827e71397.jpg: score=1;chart_ratio
Skip non-chart visual asset efc22ee480a25431863a33b5e8302a414b0cbfd73e312cca30bed07e8b8f1ff0.jpg: score=-100;too_small:1417x112
Skip non-chart visual asset a7df47d4c6c86bbb745a2ae9a23ef82525f3fe4d4dbb4a755fb5215dab3f49e3.jpg: score=-100;too_small:1159x109
Neutralized WeChat title while keeping the report: 高盛：斯达半导产品线扩张与2Q26净利润指引 -> 高盛：斯达半导业务与季度数据观察
Skip non-chart visual asset 016b5c7caf4ec972ca3034049cb19224146715f716024d7cee652e25b2bcb0fd.jpg: score=1;chart_ratio,square_without_chart_hint,edge:0.31,large
Skip non-chart visual asset aab9e62ab8affe63680fd8150aadf799aea4a90bacd416781435f7478e445f24.jpg: score=-100;too_small:75x44
Skip non-chart visual asset 4ba51e849d2f46233973a84373dbc9d79fefb64f46c24b66689c8c8adc4b7584.jpg: score=-100;too_small:1026x92
Skip non-chart visual asset 1e39572fc2bae5ae454168bbe332f95884ea6927aee17a2c754e17cf0487fc41.jpg: score=-100;too_small:1159x106
Neutralized WeChat title while keeping the report: 高盛：Flip8系列定价上调内存未变 -> 高盛：研究主题与行业变化观察
Done. Results written to /home/runner/work/rpt_edit/rpt_edit/xhs_notes/dropbox/260724/shard_8; successful_reports=5; mineru_timed_out=False; mineru_attempts=1
All batches completed successfully. Generated 5 report directories.
