Found 74 total PDFs; shard 2/40 has 5 PDFs, skips 0 already converted, will process 5 PDFs with batch_size=5.
Running batch 1: 5 PDFs
Found 5 PDFs. MinerU token slots available=2.
MinerU attempt 1/4 using MINER_U_2: submitting 5 PDF(s).
Uploading PDF to MinerU: /tmp/pdf_batch_001_45pbi0aw/pdfs/0001-11-Bernstein-Intuitive Surgical Inc-ISRG.US-Intuitive Surgical 2Q26- Reviving debates on U.S. growth trend-260717.pdf
Uploading PDF to MinerU: /tmp/pdf_batch_001_45pbi0aw/pdfs/0002-12-Bernstein-Netflix Inc-NFLX.US-Netflix -NFLX- 2Q26- Same-ish guide- more doubts-260717.pdf
Uploading PDF to MinerU: /tmp/pdf_batch_001_45pbi0aw/pdfs/0003-13-Bernstein-SAP SE-SAP.GR-From migration deadlines to migration economics-260717.pdf
Uploading PDF to MinerU: /tmp/pdf_batch_001_45pbi0aw/pdfs/0004-14-Bernstein-U.S. Multi Industry - Electrical Equipment Data Center Cooling and Power- What-s the -M per MW for different types of equipment-260717.pdf
Uploading PDF to MinerU: /tmp/pdf_batch_001_45pbi0aw/pdfs/0005-15-Bernstein-Publicis Groupe SA-PUB.FP-Publicis- The flywheel is alive and kicking - Why has the share price outperformed other -AI losers---260717.pdf
MinerU attempt 1 using MINER_U_2 batch_id=09956edb-221b-4be8-9672-faacdee9f33f
MinerU states: running, running, running, pending, waiting-file
MinerU states: done, running, running, running, running
MinerU states: done, done, running, running, running
MinerU states: done, done, running, running, running
MinerU states: done, done, done, done, done
/home/runner/work/rpt_edit/rpt_edit/scripts/pdf_to_xhs_batch.py:292: DeprecationWarning: Image.Image.getdata is deprecated and will be removed in Pillow 14 (2027-10-15). Use get_flattened_data instead.
  pixels = list(gray.getdata())
Skip non-chart visual asset 333f4c43e4d8a154b73a7e087ae592ecfe76886ec5cede1fa042bfc5f8ec1181.jpg: score=-100;too_small:398x251
Skip non-chart visual asset bdc94ecd57413d9783079fbe02d17a61ac7715d1ada28eda91620376915f5345.jpg: score=-1;odd_ratio:6.72,edge:0.15
Skip non-chart visual asset c4f4a23b999b8f0cfcf2b8d9fa38f04e97aed3a5147bdf76b897b44a04d62154.jpg: score=-100;too_small:96x92
Skip non-chart visual asset 008df9d1d46a5be62314d2bc2edb573da67006d3c7405527da5a84472af1f57d.jpg: score=-100;too_small:401x237
Skip non-chart visual asset b697e3e4682a44630e32d48dc6f814e9dcd962223f7869b85a6007dc81433160.jpg: score=-100;too_small:462x131
Skip non-chart visual asset 04a38f8fce5fa547ad4629b6ed491fba0ee611f67356f0bf4711a77f58c89aa3.jpg: score=-100;too_small:762x145
Skip non-chart visual asset b4146408dc77a4757578b50af2c88681d2ff80c1de0d9145afda9850f978e381.jpg: score=-100;too_small:465x115
Skip non-chart visual asset 4b1606c43990345cab319389418ae5ca902fb5943611bac76b1ba720f1a5102a.jpg: score=-100;too_small:559x173
Skip non-chart visual asset e16bc430eecbf09f24981e557da137675146f195f21da34ad5e124462c695672.jpg: score=-100;too_small:559x143
Skip non-chart visual asset b3f0b8b13a73fde3e7b2f7c2f3b8b46926a241e1df098cd0013def2b0ef986b3.jpg: score=1;odd_ratio:4.91,edge:0.21,contrast,large
Skip non-chart visual asset 966dececfea7a07a806736c57af92df7619c93a757c9793b9c44070c544d5e64.jpg: score=-100;too_small:96x95
Skip non-chart visual asset dd4bb971d157456033b0a84f3e635f7bf531fcc5ae9a78b326806651df6117bf.jpg: score=-100;too_small:759x173
Skip non-chart visual asset b10928e210940b26191008212442d1a27904120cfc36c1a6cf6864694d2c1b63.jpg: score=-100;too_small:93x93
Skip non-chart visual asset 36cfb4978787c413270d1502f72f51d9f6a12ca5dc4555126e426bb249b052cf.jpg: score=-1;odd_ratio:6.72,edge:0.14
Skip non-chart visual asset 25ef60da25c2a23451dfe318f6c506f3954079bb6c89813838040ca280a7f917.jpg: score=1;chart_ratio,square_without_chart_hint,edge:0.33,contrast
Skip non-chart visual asset 152c35dcf0932bc7682b3be8b98b1ad215946b92ae2d2a633295398ca17afb29.jpg: score=1;square_without_chart_hint,edge:0.44,contrast,large
Skip non-chart visual asset 6aa513fd7f0f8440257e73fcbffdb4a95df1639aadb3d28788741aa44f9a4a0b.jpg: score=-100;too_small:468x134
Skip non-chart visual asset b7aa49d0e7d66a06e17665d11910b6c188c9686bc9611816c1e144d8c40a4b71.jpg: score=-100;too_small:96x95
Skip non-chart visual asset 575afaa425328f65a0325694900c783cc71ce7ace8d601caa193f5ec0868eb0f.jpg: score=1;odd_ratio:4.93,edge:0.22,contrast,large
Skip non-chart visual asset 66826bb4664e39d5fd6bba97a56ec72b5915a6f4ae9e1910b75030366631e7c6.jpg: score=-100;too_small:462x131
Skip non-chart visual asset f1ca7dccd7523df3a37fc8b24d96bef38e522d840908991ab949b39b51831d93.jpg: score=-100;too_small:401x156
Skip non-chart visual asset eb997a30582d2f3160f7eb5c1685473d0a4b0806919dfd7e089d79fa70f6f9e6.jpg: score=2;chart_ratio,square_without_chart_hint,edge:0.45,contrast,large
Skip non-chart visual asset 457c2a52dab23b1a9168ab84d288099f23982fa18f8e7b974938a8896c3bff8e.jpg: score=-100;too_small:395x251
Skip non-chart visual asset 9c5eaa159058327308e8c8bcdfa7046e44d6de8ae6e8fad15d6b05a7520d4122.jpg: score=2;chart_ratio,square_without_chart_hint,edge:0.42,contrast,large
Skip non-chart visual asset 64c79eff8f54eb2952edd756cad4b33680252da13457b28ce0e3263374578667.jpg: score=-100;too_small:96x92
Skip non-chart visual asset be5ed79df873b982de16afa3472c54da7416cf01c82eb8dd3b5d43c209aa8d77.jpg: score=0;chart_ratio,square_without_chart_hint,edge:0.19
Skip non-chart visual asset 5d87ce766a18ab188d698d87f552440da982a627759adfc1c8f833b97f66eb49.jpg: score=1;chart_ratio,square_without_chart_hint,edge:0.59,contrast
Skip non-chart visual asset c7809f24308d99b5253f9699d6d137bba90b90251b53897f8a45165bad4021cc.jpg: score=-100;too_small:1170x151
Skip non-chart visual asset 00dd48de08ca7f3792d844b6ed32f5359025c8de90339327a23fd3fa0ea4482a.jpg: score=-100;too_small:96x95
Skip non-chart visual asset 61537f969ea05a50b44d5584ea060d49428ca20f1d43179d91a73491c39d9f02.jpg: score=2;chart_ratio,square_without_chart_hint,edge:0.15,contrast,large
Skip non-chart visual asset fe41e7fc31e549914649e7257dfb1f25249684e1e8d71733e23fa414392ce2af.jpg: score=-100;too_small:96x95
Skip non-chart visual asset 6b7d36b83c06d37e6d02ed7a9afc5678907d147dde330ee9e7122f551f292716.jpg: score=-100;too_small:96x95
Skip non-chart visual asset 94f59c53d688ea321ed0b0daab6e36731c86a6f6a0d46663308f8ae1283ea17c.jpg: score=-100;too_small:398x251
Skip non-chart visual asset b663834a6e400a0a9c521d1d3ee3501c5778704356d393c7134492a924474f17.jpg: score=1;odd_ratio:4.99,edge:0.21,contrast,large
Skip non-chart visual asset c45e9866de225f6ebc25ed0df3c33ae5cedd5de1d6c29fa6dfc017c5388f2ca4.jpg: score=-100;too_small:96x95
Skip non-chart visual asset 5f79bc5c4cd04153b9f3dd1b1e9589a055870434c1881e279b561520e1a69714.jpg: score=-100;too_small:96x93
Skip non-chart visual asset 21465673c6c00c13b60932f7a28826461c1e5e45851f3c18b1493e136f1cabb8.jpg: score=0;square_without_chart_hint,edge:0.43,large
Skip non-chart visual asset 46595f1b5846697d058328c3990001cc6270d4a1592503308d519a952e0de141.jpg: score=0;square_without_chart_hint,edge:0.44,large
Skip non-chart visual asset 5cb804ff0784da8ee1689670cb2a6c7231fa9499afb64a08f396d7a1dba5ee64.jpg: score=1;chart_ratio,square_without_chart_hint,edge:0.39,large
Skip non-chart visual asset a6a6e598d4c7a480c5fd116ec8b57687505102760be8c95cb06ef3b2a4025cfb.jpg: score=-1;odd_ratio:5.69,edge:0.15
Skip non-chart visual asset 3a43775ec13c2b1e7dc08c3cc0911f8d23b6dab872e159d06ae00931a6192892.jpg: score=-100;too_small:462x131
Skip non-chart visual asset 8e3fc0123b89f0b51f9dfa62f4b413fac02b17c4fc56a6648cb4030191fd12c2.jpg: score=1;chart_ratio
Skip non-chart visual asset 5eac28612f7c50baace3a09a16f84fb9b092388652941753db57be1ccdaff2c6.jpg: score=1;odd_ratio:4.97,edge:0.24,contrast,large
Skip non-chart visual asset 01521cf249f772feacd8daf65d8fcdbcf57ae6a65be7c570de6b9e70a37ced4f.jpg: score=-100;too_small:154x158
Skip non-chart visual asset d23d6ef6d73c938d8a76512c649fa5c2b4144e3edb872d743e0a6a5e8e9be463.jpg: score=-100;too_small:93x96
Skip non-chart visual asset 6ebef24e9a50be8bfa1545736bfb8f84f861cecf0f46d067999fdac92a9ee933.jpg: score=-100;too_small:251x172
Skip non-chart visual asset 259f7bedd2f617beb04c9cf32920b732dd453dc56f3b8e1359a06acbbe249e7a.jpg: score=-100;too_small:248x158
Skip non-chart visual asset e9fd42f0e1bcedfd61f4086e1234f24208b5db01caa0c8a66adf8874e3434aba.jpg: score=-100;too_small:234x155
Skip non-chart visual asset f9d0a2db2b79adb01329a4f9da0135f51315981a2ad9022d0f41245f51f49493.jpg: score=-100;too_small:238x163
Skip non-chart visual asset 8646f516b9b6351864578790926659033b084db76697db6c5868d72817800ca1.jpg: score=-100;too_small:244x163
Skip non-chart visual asset 12f550a7ef4c6842c28ad50a2d5b813dad1bf5bef068727fb515fcbe5c5beefc.jpg: score=-100;too_small:93x93
Skip non-chart visual asset 9565d9f4b297b860b2a0c6cea09e85814bb98ea264fae889de662bfd59939408.jpg: score=-100;too_small:244x163
Skip non-chart visual asset 1d02914a130bb48fc7b2d17bec0c8e50b8e45c6875cdb2304fbb1cdb820e265a.jpg: score=-100;too_small:96x92
Skip non-chart visual asset 45f71ccbebb1b099af4b2c0512dbfde34562c1aba4e47a63d8ea43e7167aa85a.jpg: score=-100;too_small:96x92
Skip non-chart visual asset e0935fbf9463617d01af2af88985d58f5fe695be3ff463278f535286a97039bd.jpg: score=-100;too_small:253x166
Skip non-chart visual asset 4ba68f2e6f74d63ab6a64d01b4cced38ac4e20b6a5cc87f3a35ec54726c7bcce.jpg: score=-100;too_small:93x95
Skip non-chart visual asset 57eaa5c19b4bfbfc1b26f066f2128103273e1ea3c4713a8fafb3c8f9bf23ad4f.jpg: score=-100;too_small:248x170
Skip non-chart visual asset 94578ceddb4772ea409f8fd43c4afce35f80490ed4582565903aa9b5501257ee.jpg: score=-100;too_small:207x165
Skip non-chart visual asset d75ed54a200d08f277bba7eae13254408b64f81d86d6b6b2cff6fe555a669b42.jpg: score=2;chart_ratio,large
Skip non-chart visual asset f5f8bd6df541ecffb1da5f75255b951d70bab3fa9bbccd31f9908fb37fb8dbe8.jpg: score=1;square_without_chart_hint,edge:0.14,contrast,large
Skip non-chart visual asset 29f93b01e9c3eb4311cb03d25ef003c75cffa50700f3e3dca1d25dcf311db6ed.jpg: score=-100;too_small:244x168
Skip non-chart visual asset c5e57f64430eac536df020074f38d07b8ae2483234b030307f14ffd1f0681b5d.jpg: score=-100;too_small:147x163
Skip non-chart visual asset 6d0e956b1ddb6bfbec9bdba2d34c23b516715254da2015cedc1113eb07936c28.jpg: score=2;chart_ratio,square_without_chart_hint,edge:0.32,contrast,large
Skip non-chart visual asset c956954953a42379d2b0a792959765e95082ca8c3c10d41420cb42e07b9f92d6.jpg: score=-100;too_small:238x153
Skip non-chart visual asset 5ad71b4c79f1d8f2aee046132ed875593a85561ab1d056d50529fbdf8ec64e82.jpg: score=-100;too_small:242x163
Skip non-chart visual asset b4e576c0c1ed98a8fc4db6595a42f4b747d9345f137d66fd0d91ae2890eb9725.jpg: score=2;chart_ratio,large
Skip non-chart visual asset b19d27d7d8c652ceb8f95c4a640c6fcf59df2426b080c217755727272ac69938.jpg: score=-100;too_small:247x168
Skip non-chart visual asset 42d20fcfb4abf7bc426d292770b05e3f02b04a43e34b79af3bb75d87c72f8d44.jpg: score=-100;too_small:242x165
Skip non-chart visual asset e577cb69af0afc953a2f14848250ecd204dea74df0da158d88abaeec8d9a0d64.jpg: score=-100;too_small:242x158
Skip non-chart visual asset f6a0d8dd624ad4c6a08473e46ad6ec0077ba1fc9c193bba2afcd770f3d424d4e.jpg: score=-100;too_small:96x96
Skip non-chart visual asset 33af03a435555e1a8ca22dce4056f5249e9b487a9cf4d1765b7eff0193f70050.jpg: score=-100;too_small:229x163
Skip non-chart visual asset 255dd00b4fe295fe793ffcafb4dfc97291b08aa1cab15d9dccb2f3257f490b1a.jpg: score=-100;too_small:231x156
Skip non-chart visual asset 54cb374907c0dfdae249c384d75a6f44b5c6bd217a29c4d21f9756250f6660e8.jpg: score=-100;too_small:239x163
Skip non-chart visual asset c206a8b10e29c3fad7a6f8b0dca1b26513781f7a70c78583efc2edcaeb0b0ca5.jpg: score=2;chart_ratio,large
Skip non-chart visual asset a5f03672c63b83ffea30627c8c0d7403368f2c5137d9b1f7974f5c96631d3dff.jpg: score=-100;too_small:216x156
Skip non-chart visual asset 98c8166ea3c4e113dde53bcfd3f6293e1b97356448bf258076735336deb8a3ff.jpg: score=-100;too_small:244x168
Skip non-chart visual asset 968c281b8b44b909454d87a68b2b7ea77f2a9f88d59645e7eeaba99e502e9be2.jpg: score=-100;too_small:246x163
Skip non-chart visual asset b17328640cad14e30e0dd302c0ae235b46279494c2c0a5e16780a786ad0089da.jpg: score=-1;square_without_chart_hint,edge:0.26
Skip non-chart visual asset 1767b6f9211b22b0820104d637a79eaa92f80b8cc2a9108ff8dc7b2fb4a5a6f6.jpg: score=-100;too_small:96x95
Skip non-chart visual asset 6d28223fcd09d8f4f255e120c7c512c7946ebaa478aaa880ce1538d7aba47236.jpg: score=-100;too_small:1320x143
Skip non-chart visual asset e9e334fdf3d41a8fb13db628f664f02544fbdfb3d43d1a9684f181c0932ad608.jpg: score=1;square_without_chart_hint,edge:0.26,contrast,large
Skip non-chart visual asset 818e8ce4ca8558a5ebba52533b881a81e14a712414b46beab294a99dfa589c65.jpg: score=0;odd_ratio:6.09,edge:0.40,contrast
Skip non-chart visual asset c54fe97e81ae27b4061bd018f3ad2458b27808942dd9d2ff901f1c1ff1bbc294.jpg: score=-1;odd_ratio:6.62,edge:0.14
Skip non-chart visual asset 70e20ece1b0ffe8cbe615838ec1cb90377c20f226976bc15c1480c8d7c60fa2b.jpg: score=-100;too_small:96x92
Skip non-chart visual asset 39b98d2abb6042dfc7bb505fb098db5f4ad3e6ab6fe1d09197c6dc75db0a4fcc.jpg: score=-100;too_small:465x145
Skip non-chart visual asset b1581ff372ffea149cc77e48ea4916d562451c8d594a99f1af20aa0e1fd6abd1.jpg: score=-100;too_small:96x95
Skip non-chart visual asset b04635687557aecb0ef7198da3ecab960101362c62061814d9724dc49cbaa94f.jpg: score=-1;odd_ratio:6.18,edge:0.38
Skip non-chart visual asset df01b5a5b56ea1c8216144f00deb1108d481156cdf657375b9a82ddd3fa05152.jpg: score=1;square_without_chart_hint,edge:0.32,contrast,large
Skip non-chart visual asset 843c15df2f747e6597f1116c5ee8467957363d368e1fe6690e8589fdcae73cb0.jpg: score=1;odd_ratio:4.91,edge:0.22,contrast,large
Skip non-chart visual asset b4411ffe66cd9261492a679352cc04c24e9aa6da0633755a1a7969061f0d7b16.jpg: score=0;chart_ratio,square_without_chart_hint,edge:0.20
Skip non-chart visual asset 3e724d03b30c32e39e5e9fc5ed635fffd31cafd4af17243e117dea5a066255fc.jpg: score=-100;too_small:401x117
Skip non-chart visual asset 366e02d0a696d693b1fb0a9f153a05b606de7a61732c8181b79b638bf7a4ddff.jpg: score=-100;too_small:562x159
Skip non-chart visual asset 6a8c28fd82d250db4c456adf642c31740fd448222a0b2a5b70b5bd2839592564.jpg: score=0;odd_ratio:5.63,edge:0.29,contrast
Skip non-chart visual asset 650deebc7a6c4d960ab34438cd368971c2aa8bf0cec8d28dba1d04d90d486980.jpg: score=-100;too_small:395x248
Done. Results written to /home/runner/work/rpt_edit/rpt_edit/xhs_notes/dropbox/260718/shard_2; successful_reports=5; mineru_timed_out=False; mineru_attempts=1
All batches completed successfully. Generated 5 report directories.
