Found 86 total PDFs; shard 15/40 has 5 PDFs, skips 0 already converted, will process 5 PDFs with batch_size=5.
Running batch 1: 5 PDFs
Found 5 PDFs. MinerU token slots available=2.
MinerU attempt 1/4 using MINER_U_2: submitting 5 PDF(s).
Uploading PDF to MinerU: /tmp/pdf_batch_001_0lrrtm_2/pdfs/0001-77-Morgan Stanley-Murata Manufacturing -6981.T-Research Tactical Idea-260707.pdf
Uploading PDF to MinerU: /tmp/pdf_batch_001_0lrrtm_2/pdfs/0002-78-Morgan Stanley-Investor Presentation-China Industrials Mid-year Outlook-260707.pdf
Uploading PDF to MinerU: /tmp/pdf_batch_001_0lrrtm_2/pdfs/0003-79-Morgan Stanley-Technology - European Semiconductors-Global Technology Webcast- Space Technology- Orbital Computing Opportunities and Memory-260707.pdf
Uploading PDF to MinerU: /tmp/pdf_batch_001_0lrrtm_2/pdfs/0004-80-Nomura-JPY Monthly Flow Monitor-NISA flows likely contributed to yen weakness in June-260708.pdf
Uploading PDF to MinerU: /tmp/pdf_batch_001_0lrrtm_2/pdfs/0005-81-Nomura-Alibaba Group Holding-BABA.US-June quarter preview- more resilient earnings-260708.pdf
MinerU attempt 1 using MINER_U_2 batch_id=1031f65d-5e78-415a-a738-50696b10b09d
MinerU states: running, running, running, pending, waiting-file
MinerU states: done, done, done, running, running
MinerU states: done, done, done, done, done
Skip non-chart visual asset ac793dd221d66a0633b51dea998c43476edd346767dc64fb5645a6004321f090.jpg: score=-100;too_small:531x159
Skip non-chart visual asset 22e8f07bbee59bedff16475579d0a915a61c6a22d1f1a0ab44873b261962114c.jpg: score=-100;too_small:515x137
/home/runner/work/rpt_edit/rpt_edit/scripts/pdf_to_xhs_batch.py:285: DeprecationWarning: Image.Image.getdata is deprecated and will be removed in Pillow 14 (2027-10-15). Use get_flattened_data instead.
  pixels = list(gray.getdata())
Skip non-chart visual asset 3265ad78e319798790f53143ae097cb6aa85829cf841b360282c9622722a1648.jpg: score=1;large
Skip non-chart visual asset ab515b1f88c843558d765ee41e73c36ec8ea8f0c956a92968439905131529add.jpg: score=-100;too_small:399x229
Skip non-chart visual asset 201a0b8ca96bd220a1cc4f90d9ac5180624fa9ea4cb34252158df3af122e620f.jpg: score=-100;too_small:162x115
Skip non-chart visual asset 4474677cc7f54515d00e0d4f3bb2f9377b28a269569862df0067b5cd970bcee1.jpg: score=-100;too_small:398x226
Skip non-chart visual asset b9a61a077352a162f2395807c18f1316de6ff8bcfd2e93b8169bce739bbc825c.jpg: score=-100;too_small:396x226
Skip non-chart visual asset 77852a422f6dd43ec6bd17fbac9906f87a88f0b71c52495b1423fd1e23bb259d.jpg: score=-100;too_small:395x223
Skip non-chart visual asset 17a336a6730e8ab9db66cd408d5876cfc92a18686504415b4922f8142ee9ff23.jpg: score=-100;too_small:106x90
Skip non-chart visual asset 329ac9d138f9bcd6a50efa9843153eeaf55e9d9306990dabf5101318c9edb854.jpg: score=-100;too_small:309x231
Skip non-chart visual asset 8ed1b8d50049de66821a30d7f351ece59426520412ef8e0611dcdb74711cc80c.jpg: score=-100;too_small:131x92
Skip non-chart visual asset 5def58c218aa3aa17a9845d5667e36cbdbbcde621578995aed0a6ecc45a210d6.jpg: score=-100;too_small:395x223
Skip non-chart visual asset ecfffaa03cd8ad87c4b36ddac02b1657d45ef991b343c4d5d95cb1e71bd455c0.jpg: score=-2;odd_ratio:6.73,large
Skip non-chart visual asset e5ed305d7aae2df74b593f9abac9bd66f40fc6c120f7ce54eea9ab00a85c18fb.jpg: score=-100;too_small:87x89
Skip non-chart visual asset dbb6a72e7c23b34236bf2f90e72b26053374252c42d18614580f92ec36ad940c.jpg: score=-100;too_small:396x223
Skip non-chart visual asset 693756d975c317d57e829f72ad22f68a5b0d27c59d27d9c444d805f7e78af32f.jpg: score=-100;too_small:106x107
Skip non-chart visual asset b46e5b4186aa7e7c54ce221a4dffd313a3aeb4a2f9c001b2709220063cd2cbb6.jpg: score=-100;too_small:92x112
Skip non-chart visual asset 4532251e42d6fb451a8468f76a5499bb5d8448af67bb8adf699406fa0d5c2ddd.jpg: score=2;chart_ratio,large
Skip non-chart visual asset cd117355412f09137c05c490132a9c71456f3ac00a079d0cb418f6be709ec324.jpg: score=-100;too_small:512x132
Skip non-chart visual asset b6625e52b8de3069284315941410817b32ae90c9a181cc5e7d3241aab2d155c1.jpg: score=1;chart_ratio
Skip non-chart visual asset 80f02c451e5e488a21f31c9677ca20ff7b1f72558a329191c8e81a7422b32572.jpg: score=-100;too_small:43x42
Skip non-chart visual asset 436fdf68bc2e60a5751de00626f4c95b010326d2b2cbf4de9c15dba8653cea71.jpg: score=-100;too_small:231x199
Skip non-chart visual asset 49a747c2b3c7012997915af7e962cc7a21dc76fa997e63b74d795766aab9e7e4.jpg: score=-100;too_small:75x79
Skip non-chart visual asset de86bd40e4f53c071405713179d33ca456605ac2a13aa5dfbf058bf04258e1b1.jpg: score=1;large
Skip non-chart visual asset 1c07dbf8937fdc5fa93d7cd03b5162252bd555e684e182db9990ddb7ad996f2d.jpg: score=-100;too_small:65x79
Skip non-chart visual asset 03513285b4e8672e71e77506f08223089e3f181d696c69ecbbc7f13f23238910.jpg: score=-100;too_small:76x79
Skip non-chart visual asset f8a9a2ab0635d4d70dab90bc2f0b9ad8474711de155b63f7cf79b9be7e29c910.jpg: score=-100;too_small:226x199
Skip non-chart visual asset 1d1a137c703c2db4c1b72db334a06a07ab3074d7b001b41bafdf40caa4abccba.jpg: score=-100;too_small:70x81
Skip non-chart visual asset 284c88f8bd48309c6c91bfe8375b34c28f3ebb7a33ebf6653d580e84445c5f37.jpg: score=-100;too_small:65x70
Skip non-chart visual asset 1b56916b8e0eb0a57e2e999361e4d737a3eb4181f5cada723d593b393bd91878.jpg: score=-100;too_small:207x199
Skip non-chart visual asset af0d2053563d3985768ad784f7f91f90c5ede97ba6a8811afec32cdf21254d11.jpg: score=-100;too_small:314x440
Skip non-chart visual asset b1d0ee79cef5b1553471d611ca06414e1e98cb46f802caa81d492abb77ee06e0.jpg: score=2;chart_ratio,square_without_chart_hint,edge:0.35,contrast,large
Skip non-chart visual asset 46807e8e59285a1d2c9bbf10ec6329d22f7fbbdd6f73ede775d1b40517f312e2.jpg: score=1;square_without_chart_hint,edge:0.28,contrast,large
Skip non-chart visual asset b71f459e214a42aea51a6a2e092b583eab45b11fe7995c8c87ac32203392ced0.jpg: score=-100;too_small:434x71
Skip non-chart visual asset 5f63b91de7ad0a13f1cba7c38b68a629bf164cbeba32926559926ee43d449c03.jpg: score=0;odd_ratio:6.82,edge:0.39,contrast
Skip non-chart visual asset 7697bde096c130c02377f9c2a54e64b832a757b4c0ceba07ded15d7a60df13f6.jpg: score=1;chart_ratio,square_without_chart_hint,edge:0.24,contrast
Skip non-chart visual asset 7b30c2c122fcb1aeab286e0a740e6b0479e7675030fe89ae7b658349ab7d57a3.jpg: score=-100;too_small:434x42
Skip non-chart visual asset 269a0e379224dd09516ccd7926fa809f9ce0877788ecd3ff799f8567fb8aa2ec.jpg: score=1;odd_ratio:4.81,edge:0.31,contrast,large
Skip non-chart visual asset 73f04cb0915c359fb8299186dddc0148e28d7650000eca86d0d9138963dbaf54.jpg: score=-100;too_small:726x148
Done. Results written to /home/runner/work/rpt_edit/rpt_edit/xhs_notes/dropbox/260709/shard_15; successful_reports=5; mineru_timed_out=False; mineru_attempts=1
All batches completed successfully. Generated 5 report directories.
