Found 91 total PDFs; shard 7/40 has 5 PDFs, skips 0 already converted, will process 5 PDFs with batch_size=5.
Running batch 1: 5 PDFs
Found 5 PDFs. MinerU token slots available=4.
MinerU attempt 1/4 using MINER_U_4: submitting 5 PDF(s).
Uploading PDF to MinerU: /tmp/pdf_batch_001__s_jmb9y/pdfs/0001-36-Goldman Sachs-LG Display -034220.KS- Earnings Review- 2Q26 miss- expect higher OLED shipment but stronger pricing pressure-260723.pdf
Uploading PDF to MinerU: /tmp/pdf_batch_001__s_jmb9y/pdfs/0002-37-Goldman Sachs-Mobileye Global Inc.-MBLY.US-Execution on robotaxi and robotics in focus-estimates moving higher from new government R-D incentive-2Q26 wrap-260723.pdf
Uploading PDF to MinerU: /tmp/pdf_batch_001__s_jmb9y/pdfs/0003-38-Goldman Sachs-OIL ANALYST New Upside Price Risks Amid Red Sea Tensions-260722.pdf
Uploading PDF to MinerU: /tmp/pdf_batch_001__s_jmb9y/pdfs/0004-39-Goldman Sachs-Nestle -NESN.S- Soft US growth and caution on margin trajectory do not derail company turnaround- Reiterate Buy-260723.pdf
Uploading PDF to MinerU: /tmp/pdf_batch_001__s_jmb9y/pdfs/0005-40-Goldman Sachs-SK Telecom -017670.KS-- Established SK Hyper as AIDC development vehicle-260723.pdf
MinerU attempt 1 using MINER_U_4 batch_id=054375e6-fdfb-4be2-9b64-8868e6ccc40b
MinerU states: done, done, done, done, waiting-file
MinerU states: done, done, done, done, done
/home/runner/work/rpt_edit/rpt_edit/scripts/pdf_to_xhs_batch.py:307: DeprecationWarning: Image.Image.getdata is deprecated and will be removed in Pillow 14 (2027-10-15). Use get_flattened_data instead.
  pixels = list(gray.getdata())
Skip non-chart visual asset 8b30ff507d5d86bdd2dd69e7a26e2461f3e479c212152b5dd38aa0a1125e2092.jpg: score=0;square_without_chart_hint,edge:0.37,large
Skip non-chart visual asset c963dda294886ffc724514bdbc3147e0195616cc1ede989d66a94145b72c1616.jpg: score=-100;too_small:106x109
Skip non-chart visual asset c7ff531ba3542c74f489854fece3f4e878e8d86f7df3a7a60b1e1df2e160e665.jpg: score=1;chart_ratio,square_without_chart_hint,edge:0.29,large
Skip non-chart visual asset e1b5574aa95f632377ea235a4c1cf548c23a858db404ef0356cb231d4cf82dfa.jpg: score=0;chart_ratio,square_without_chart_hint,edge:0.26
Skip non-chart visual asset a63bb6f48268cb9eaedf6af2932692003e20dd9d1c9f48a8a64d37ea266a46ab.jpg: score=1;chart_ratio,square_without_chart_hint,edge:0.32,large
Skip non-chart visual asset 0bee86a4ad609968161584d6ed4ddaa58c651bfbecbae40898b5d7a3bab58431.jpg: score=-100;too_small:1160x106
Neutralized WeChat title while keeping the report: 高盛：LGDisplay2Q26业绩回顾，出货量增长与定价压力 -> 高盛：LGDisplay业务与季度数据观察
Skip non-chart visual asset 7331a117dcbf27d9df7d3db3eabaf28aa8156ecb4077eafaf3121ecaa41a4a40.jpg: score=0;odd_ratio:7.04,edge:0.31,contrast
Skip non-chart visual asset 165f870cc781fa910cadebea784406494461eb5342d88361603fd3f3afce6922.jpg: score=1;chart_ratio,square_without_chart_hint,edge:0.27,large
Skip non-chart visual asset 9833c83cc5676d5facd6775a993f5070142ab3091382a314c93f3974837e7071.jpg: score=-100;too_small:704x81
Skip non-chart visual asset dbd6f26ac54aa440c76e1d7a36a83b807f748150fa537169e6ebc9a7e6affba0.jpg: score=0;square_without_chart_hint,edge:0.30,large
Skip non-chart visual asset 6e0d634b50995746be2126f1035bbf622c78bf0bedd6a9ad8f03a211a2010686.jpg: score=-100;too_small:532x150
Skip non-chart visual asset cdfd241efd6f2c0d3f2cc669002ae5e424c6d99d0ac9b541c7348a3f1682df88.jpg: score=-1;square_without_chart_hint,edge:0.27
Skip non-chart visual asset 585ea1a56cbceef9d39064c97cae27a2da985c8f73c2fbee16c4ff6660ef5a8c.jpg: score=-100;too_small:479x107
Skip non-chart visual asset 26f4aa6317abc3c2334c10be2ffeb492cfdd378c10bb0e46ad744caa58583a6d.jpg: score=1;chart_ratio,square_without_chart_hint,edge:0.30,large
Skip non-chart visual asset f9c1b8557ba2e2afb0ecdfd3d489adf5a5e6b616ce15475a561ebfabb29a3d29.jpg: score=-100;too_small:481x107
Skip non-chart visual asset 634f823180a90913e5887c4ebf5550b227e9778e85521a366749cb2e564b052b.jpg: score=1;chart_ratio,square_without_chart_hint,edge:0.29,large
Skip non-chart visual asset 581276c7fa909fc950e0f61e7a52f88e6580ab57ef5df4e7f0615b4979249e57.jpg: score=1;chart_ratio,square_without_chart_hint,edge:0.34,large
Skip non-chart visual asset c579a095140e2c96180f8f0369cfcb9c1462b3dc718f49e4764564dc7b49909f.jpg: score=1;square_without_chart_hint,edge:0.28,contrast,large
Neutralized WeChat title while keeping the report: 高盛：红海紧张局势带来油价上行不确定性 -> 高盛：研究主题与行业变化观察
Skip non-chart visual asset bcc1d99bef759d8ad0f467c1abb9e983c9bcf373e1f78cd0194a76983356c962.jpg: score=1;chart_ratio,square_without_chart_hint,edge:0.41,large
Skip non-chart visual asset f882d3bc2e7dcda026f11741c6a577a2c6630cfa0f5899428621f47f02c1b0e6.jpg: score=0;square_without_chart_hint,edge:0.40,large
Skip non-chart visual asset c83ee919331d033b51cc99e42c72d3d9e080769c825a1483eeb08da00666d50a.jpg: score=-100;too_small:704x79
Skip non-chart visual asset 9bdcb56b392417191f2f1a73a18b9a921b4da40cac7696cd7f2b86ab78dcca38.jpg: score=-100;too_small:1159x106
Skip non-chart visual asset 126de482ec76877d34f3ef56205ba893768a47a8880615523d27427123718cbf.jpg: score=2;chart_ratio,square_without_chart_hint,edge:0.43,contrast,large
Skip non-chart visual asset e7abbbf8dc08f4eda828334e5af02ad1eed7487376947bcc42ead781cdba63b3.jpg: score=1;chart_ratio,square_without_chart_hint,edge:0.36,large
Neutralized WeChat title while keeping the report: 高盛：雀巢美国增长放缓与利润率路径谨慎 -> 高盛：研究主题与行业变化观察
Skip non-chart visual asset a8454368ad31b4aefe18af6d688ef2df0779ee1a52e323564d9c60e8b63e44d2.jpg: score=-1;square_without_chart_hint,edge:0.32
Skip non-chart visual asset 40efa0cb1bc04f2cb417f42cf48f2b0f08b906206854b7cb74013083688c8327.jpg: score=-100;too_small:1159x109
Done. Results written to /home/runner/work/rpt_edit/rpt_edit/xhs_notes/dropbox/260724/shard_7; successful_reports=5; mineru_timed_out=False; mineru_attempts=1
All batches completed successfully. Generated 5 report directories.
