Found 91 total PDFs; shard 5/40 has 5 PDFs, skips 0 already converted, will process 5 PDFs with batch_size=5.
Running batch 1: 5 PDFs
Found 5 PDFs. MinerU token slots available=4.
MinerU attempt 1/4 using MINER_U_2: submitting 5 PDF(s).
Uploading PDF to MinerU: /tmp/pdf_batch_001_unucacc6/pdfs/0001-26-Goldman Sachs-Digital Realty Trust Inc. -DLR.US-- 2Q26 review- Growing backlog and favorable pricing dynamics support beat - raise-260723.pdf
Uploading PDF to MinerU: /tmp/pdf_batch_001_unucacc6/pdfs/0002-27-Goldman Sachs-Energy- Utilities - Mining Pulse- Investors Asking- Where Do We See the Most Positive Negative 2027 Consensus Revisions--260723.pdf
Uploading PDF to MinerU: /tmp/pdf_batch_001_unucacc6/pdfs/0003-28-Goldman Sachs-Global Markets Comment- Distinguishing AI Risks-Size of the Pie vs. Share of the Pie-260723.pdf
Uploading PDF to MinerU: /tmp/pdf_batch_001_unucacc6/pdfs/0004-29-Goldman Sachs-Intel Corp. -INTC.US-- Strong quarter across the board- with margin upside and positive process technology commentary-260723.pdf
Uploading PDF to MinerU: /tmp/pdf_batch_001_unucacc6/pdfs/0005-30-Goldman Sachs-Horizon Robotics -9660.HK-- HSD V2.0 launched with new models and enhanced experiences- 1H26 rev to up 25-35- YoY- Buy-260723.pdf
MinerU attempt 1 using MINER_U_2 batch_id=e6e0ecce-9c68-4d4e-af3e-e3095981d546
MinerU states: done, done, done, done, done
/home/runner/work/rpt_edit/rpt_edit/scripts/pdf_to_xhs_batch.py:307: DeprecationWarning: Image.Image.getdata is deprecated and will be removed in Pillow 14 (2027-10-15). Use get_flattened_data instead.
  pixels = list(gray.getdata())
Skip non-chart visual asset 5750e040587ab586180ca1578587e3f79aa2579163081d69bd899d95998a8aab.jpg: score=-100;too_small:1159x109
Skip non-chart visual asset 5dddbd9458a1b7d3d92b9d2f1161104e7e1b4891f2d04bf775ec9e9cfaa4193a.jpg: score=0;chart_ratio,square_without_chart_hint,edge:0.26
Skip non-chart visual asset 089b91b7112c6717c84a2acfd23bc3e5b371f0d3b338d848c233bd2c1f058c91.jpg: score=0;odd_ratio:5.57,edge:0.43,contrast
Skip non-chart visual asset 58fa63e9fb22f7f724f992ffdf2c8c718ec634e98f65d59a75f3244c86fc7238.jpg: score=-100;too_small:487x181
Skip non-chart visual asset eb09275a51ac790b30c09bc86477ee3f4c93cc63cb6a9f5ce2a6b88d732d4ce0.jpg: score=-100;too_small:1159x115
Skip non-chart visual asset 1b2f7994e766bd194c6d0eab0885ef11b16b98217aa0a5b41e5ee0c554c6c861.jpg: score=0;odd_ratio:5.59,edge:0.23,contrast
Skip non-chart visual asset e6bbf8af086e8c1f377295559edc9a14aa98e07d0444496123432a7649d5e412.jpg: score=-1;square_without_chart_hint,edge:0.30
Neutralized WeChat title while keeping the report: 高盛：2027年盈利预期分歧最大的自然资源子板块 -> 高盛：2027年业务与近期数据观察
Skip non-chart visual asset e12598637dd620992ee71d696d8d2946f0db84d857bcdea3677e6187e4bf2313.jpg: score=1;square_without_chart_hint,edge:0.32,contrast,large
Neutralized WeChat title while keeping the report: 高盛：全球市场评论-区分AI不确定性-蛋糕大小与蛋糕分配 -> 高盛：AI技术与行业应用观察
Skip non-chart visual asset fdd600aab527363b4dff68f0aa00656856b193e267a97b9721df666c1944ba38.jpg: score=-1;square_without_chart_hint,edge:0.25
Skip non-chart visual asset 94e980cf28590a42c0d4d7975719dbcc9bafae91c4fd5f6b6a670f482f10edce.jpg: score=0;odd_ratio:6.39,edge:0.24,contrast
Skip non-chart visual asset a6fe8ed925dce43787bad9fa506e869f0d4b6b24e4caf65d40085a2f992d64c4.jpg: score=-100;too_small:479x107
Skip non-chart visual asset 7a2276e20e1a2b26c7901e2f7710f1e6b7fa8fae2bcfd693ef14ead13904a48e.jpg: score=-100;too_small:481x107
Neutralized WeChat title while keeping the report: 高盛：英特尔二季度营收与毛利率超预期 -> 高盛：英特尔业务与季度数据观察
Skip non-chart visual asset 4bf08a304a72ffb585e6cb2ef4f99f5169a971786b842d80d193236cae99a55e.jpg: score=1;odd_ratio:4.88,edge:0.45,contrast,large
Skip non-chart visual asset af34cec0aabdeb2b6ebccc3372ca722d24852eb9921215ca5adacd1f39cb35f6.jpg: score=-100;too_small:509x131
Skip non-chart visual asset c0feab3c786874e07fde8457df6c959858affdeba7d3b0e4a098126a09fe7092.jpg: score=-100;too_small:1159x109
Skip non-chart visual asset 40c6682ffff39b0d9f9acaa7987b82dca8e0375dfeae8abaa8dbcc4da84aa89f.jpg: score=0;chart_ratio,square_without_chart_hint,edge:0.23
Done. Results written to /home/runner/work/rpt_edit/rpt_edit/xhs_notes/dropbox/260724/shard_5; successful_reports=5; mineru_timed_out=False; mineru_attempts=1
All batches completed successfully. Generated 5 report directories.
