Found 64 total PDFs; shard 8/40 has 5 PDFs, skips 0 already converted, will process 5 PDFs with batch_size=5.
Running batch 1: 5 PDFs
Found 5 PDFs. MinerU token slots available=2.
MinerU attempt 1/4 using MINER_U_2: submitting 5 PDF(s).
Uploading PDF to MinerU: /tmp/pdf_batch_001_khe_ai15/pdfs/0001-44-Goldman Sachs-Orient Overseas -Intl- Ltd -0316.HK- NC-- Consumer - Leisure Corp Day- Expect earlier-than-usual peak season to sustain till mid-3Q26-260706.pdf
Uploading PDF to MinerU: /tmp/pdf_batch_001_khe_ai15/pdfs/0002-45-Goldman Sachs-Sanhua Intelligent Controls -002050--2Q26 looks stable with commercial HVAC and liquid cooling as key growth drivers-260706.pdf
Uploading PDF to MinerU: /tmp/pdf_batch_001_khe_ai15/pdfs/0003-46-Goldman Sachs-WEEKLY FUND FLOWS-Energy Flows Come and Go-260706.pdf
Uploading PDF to MinerU: /tmp/pdf_batch_001_khe_ai15/pdfs/0004-47-Goldman Sachs-US ECONOMICS ANALYST-Mid-Year Housing Outlook- Stabilizing but Subdued-260706.pdf
Uploading PDF to MinerU: /tmp/pdf_batch_001_khe_ai15/pdfs/0005-48-Goldman Sachs-Tracking U.S.Supply Chain Congestion-GS Supply Chain Congestion Scale-July 6th-Index Higher W W-Bottleneck Scale Unchang-260706.pdf
MinerU attempt 1 using MINER_U_2 batch_id=c81c1d7b-8379-4f09-9e76-9265948922fd
MinerU states: done, pending, pending, pending, waiting-file
MinerU states: done, done, done, running, done
MinerU states: done, done, done, done, done
Skip non-chart visual asset 5ceb82a54c67918dd4d387a68e339da21fd4711e7302d672988e0d0f18be420c.jpg: score=-100;too_small:312x120
Skip non-chart visual asset 26c4b8fce592c218903d6cdc0f98d55fb6e6872a3075f65ef8b7eeefcac7f0d8.jpg: score=-100;too_small:1159x110
MinerU images did not look like charts; keeping only the title card and letting downstream AI fill body images.
/home/runner/work/rpt_edit/rpt_edit/scripts/pdf_to_xhs_batch.py:285: DeprecationWarning: Image.Image.getdata is deprecated and will be removed in Pillow 14 (2027-10-15). Use get_flattened_data instead.
  pixels = list(gray.getdata())
Skip non-chart visual asset a55c7ad03c4c78b8af30fe6329045bcf33904028fc5a6bbb252bc871288ad749.jpg: score=-100;too_small:1026x89
Skip non-chart visual asset 32060b8c9a8a16212ad3a780dc2d1d18aa74782b59cf86dba3ceaa0ceceb8628.jpg: score=-100;too_small:1159x110
Skip non-chart visual asset 277b743b104750d9f7358877fef19995388878f5355e2c3c07574303b98b9766.jpg: score=0;square_without_chart_hint,edge:0.24,large
Skip non-chart visual asset 5883dd395103a3affd1fa69ba2481ac2c310bda39f4b26a3ce3cfba8932c70d9.jpg: score=1;chart_ratio,square_without_chart_hint,edge:0.20,contrast
Skip non-chart visual asset ea769f4b8d87572b5690c09a50afb439629d91bbcf13510d8ecc3ec0af1b6170.jpg: score=1;chart_ratio,square_without_chart_hint,edge:0.20,contrast
Skip non-chart visual asset d70b963579e790065d18d83fbc91c199bf0bb7d0ad54365bf5a8232de325d6bc.jpg: score=0;chart_ratio,square_without_chart_hint,edge:0.19
Skip non-chart visual asset c82467a2126b56c27c023554038d30026531845b7d218ec4d1ff24c7e22444e6.jpg: score=0;square_without_chart_hint,edge:0.26,large
Skip non-chart visual asset 2e2c952b66813578931dabebf5abe6e3711ecb5b22a953908756a3914def798a.jpg: score=0;chart_ratio,square_without_chart_hint,edge:0.18
Skip non-chart visual asset 72517eba809ab603d1f815b578ea3cb91f4de8356552ba97e072c8d04c330bcc.jpg: score=1;chart_ratio,square_without_chart_hint,edge:0.25,contrast
Skip non-chart visual asset f3cf585e932add4e795f2ea3c4b5079cc6cd519fe58a1a40a8255d2cdc27b71c.jpg: score=1;square_without_chart_hint,edge:0.28,contrast,large
Skip non-chart visual asset 90121010ef94d8f5b51ff0e801a989bb231b1385f1efc8fbf582fbeec00820b1.jpg: score=1;square_without_chart_hint,edge:0.31,contrast,large
Skip non-chart visual asset 2cb81206dc731f05eccbe3a69660b891bbb0d0f8224af336dac461bab69ad1e7.jpg: score=0;chart_ratio,square_without_chart_hint,edge:0.18
Skip non-chart visual asset fb4ab5f5a92911665c9cba3f37930a03325c5f1d71ac97ac497898104dbde6fa.jpg: score=1;chart_ratio,square_without_chart_hint,edge:0.20,large
Skip non-chart visual asset 7627432bed09d02a274ac1490c3cbd4e76b188ee90d2f0ec1a7f722586dd32eb.jpg: score=2;chart_ratio,square_without_chart_hint,edge:0.27,contrast,large
Skip non-chart visual asset 4b897db030873d6f79ef2e4aa05f7c010e146b3e30b0a3ecdf369a4df7120b18.jpg: score=1;chart_ratio,square_without_chart_hint,edge:0.18,large
Skip non-chart visual asset 4dafa476d48c3a320a7e43283d06307ab61a47cf5eb7184af3ae81ae141fd92b.jpg: score=1;chart_ratio,square_without_chart_hint,edge:0.12,large
Skip non-chart visual asset f3af0e235ae13704015d5e4ba5252ab7a066c5db70582abc22073fabfa890d26.jpg: score=1;chart_ratio,square_without_chart_hint,edge:0.14,large
Skip non-chart visual asset 0ce2c8c5979c09e0b0fe7176d7ac007759c0222b09569753c449f236da4caf2a.jpg: score=0;chart_ratio,square_without_chart_hint,edge:0.16
Skip non-chart visual asset 17c42469ed192245e2066f16dcf289396b2725d4244a86beb0786ee8517ba87d.jpg: score=1;chart_ratio,square_without_chart_hint,edge:0.12,large
Skip non-chart visual asset da9ed8605ff537da46c1ec0d674a9d8118f177015a4b4748d2e7df2d20ff01c8.jpg: score=1;chart_ratio,square_without_chart_hint,edge:0.19,large
Skip non-chart visual asset afa9f4a244d22dee1933f076b8aba30ba1ff0f9f27d8b749b73c7f243d5f7b13.jpg: score=1;chart_ratio,square_without_chart_hint,edge:0.18,large
Skip non-chart visual asset e9689d66ae05661cc9b09ac8d2d1a3029f7a605d0045e8e989a7309d081ebb15.jpg: score=1;chart_ratio,square_without_chart_hint,edge:0.21,large
Skip non-chart visual asset 025ca916a7036265c8ff5e7fdab45eb93e39f23bdbadd9d73e5d8100cdd04d93.jpg: score=0;chart_ratio,square_without_chart_hint,edge:0.16
Skip non-chart visual asset d656c90dffb079fa10cfbaca056e8c1da2a04366013e5d98d10445192792db49.jpg: score=0;chart_ratio,square_without_chart_hint,edge:0.18
Skip non-chart visual asset acc59b941c3c2cb2a473c66a138337f886733951c923a3c23bdf4469d51257ea.jpg: score=1;chart_ratio,square_without_chart_hint,edge:0.20,large
Skip non-chart visual asset 26511592df8e166b1175a457653759b687745d272d420b7dcd6a1bd4c8e3683b.jpg: score=-100;too_small:318x428
Skip non-chart visual asset 2331670619881e66fc25e8069f2d6abfa09ffb8e2237ea84ac78201bba4ee3f8.jpg: score=-100;too_small:318x431
Skip non-chart visual asset 488d4b1030ee2ec3664f95f2f7ec4bdbaa3960bb432032a9ee8e270c51d294ea.jpg: score=0;odd_ratio:6.82,edge:0.31,contrast
Skip non-chart visual asset f56ea9224c7edd78f893b89f35c35cebda438c7cd9a6a6441777950d14d69c86.jpg: score=-100;too_small:1382x173
Skip non-chart visual asset b8cfe51ef2cf05d1b8eb581ca59b0d6e183be3579ffebd568709e6036e829593.jpg: score=-100;too_small:1159x109
Done. Results written to /home/runner/work/rpt_edit/rpt_edit/xhs_notes/dropbox/260707/shard_8; successful_reports=5; mineru_timed_out=False; mineru_attempts=1
All batches completed successfully. Generated 5 report directories.
