Found 99 total PDFs; shard 0/40 has 5 PDFs, skips 0 already converted, will process 5 PDFs with batch_size=5.
Running batch 1: 5 PDFs
Found 5 PDFs. MinerU token slots available=2.
MinerU attempt 1/4 using MINER_U_2: submitting 5 PDF(s).
Uploading PDF to MinerU: /tmp/pdf_batch_001_kows77we/pdfs/0001-01-Bernstein-Johnson - Johnson-JNJ.US-Johnson - Johnson 2Q26- Solid beat and raise- reassuring commentary on underlying medtech trends-260715.pdf
Uploading PDF to MinerU: /tmp/pdf_batch_001_kows77we/pdfs/0002-02-Bernstein-International Business Machines Corp-IBM.US-IBM- What do CIOs say about Mainframes--260715.pdf
Uploading PDF to MinerU: /tmp/pdf_batch_001_kows77we/pdfs/0003-03-Barclays-China-Booming yet bifurcated exports-260714.pdf
Uploading PDF to MinerU: /tmp/pdf_batch_001_kows77we/pdfs/0004-04-Bernstein-PayPal - Stripe Round 2- The deal that could reshape global payments. But can it happen- And at -60.50--260715.pdf
Uploading PDF to MinerU: /tmp/pdf_batch_001_kows77we/pdfs/0005-05-Bernstein-U.S. Medtech- Another step down after HCA pre-release- is there any relief in sight for the sector--260715.pdf
MinerU attempt 1 using MINER_U_2 batch_id=51f19242-d82e-4f48-ba47-48432d8d13fe
MinerU states: running, running, pending, running, waiting-file
MinerU states: done, done, done, done, done
Skip non-chart visual asset 909a52beeedd0b441720855637b8dee6d0a84a9238ffb5b52c49d07cd1141752.jpg: score=-100;too_small:462x134
/home/runner/work/rpt_edit/rpt_edit/scripts/pdf_to_xhs_batch.py:290: DeprecationWarning: Image.Image.getdata is deprecated and will be removed in Pillow 14 (2027-10-15). Use get_flattened_data instead.
  pixels = list(gray.getdata())
Skip non-chart visual asset d6ec978c621735ece19dcfc16b78889636fe20734365f204792ef5867944923b.jpg: score=-100;too_small:395x251
Skip non-chart visual asset 597aaf28cde8007494b2de675a7b627d1229fee6442d2ce5cdfe27b1904110cb.jpg: score=-100;too_small:551x142
Skip non-chart visual asset 503907a2366b09df32f30333496c434a015a7e2260a72f2c29b86777ec0dac01.jpg: score=-100;too_small:96x95
Skip non-chart visual asset 37b5b49000a95cc4c4723c4fcb644175302bf58d5178efe357fde4961447d5bd.jpg: score=1;odd_ratio:4.93,edge:0.22,contrast,large
Skip non-chart visual asset 6e497edae3aa4d3d359b5319a1134233ab231df418c5563997acaa83b170f4fc.jpg: score=-100;too_small:770x142
Skip non-chart visual asset f263b82a8d74625b33f8d1c1f832ac73d3eea013fab119db68b7123b228a68ac.jpg: score=-1;odd_ratio:6.72,edge:0.14
Skip non-chart visual asset 6e8c0b5f5b0d7087b7d917909448149eb32ba73a1d40c4d99a80305a0f616b81.jpg: score=-100;too_small:465x115
Skip non-chart visual asset 031e93c9deb6ad835992c822a27dcaea1545412ca8e8e719c2b6e04e40c75238.jpg: score=-100;too_small:96x92
Skip non-chart visual asset c0c09d9984191d57f7891ce12f1fac7cff6f9d748feafef92bb362e4ec0bf556.jpg: score=-100;too_small:93x93
Skip non-chart visual asset fdb2a263bbd362390416663a44a511194e41b2a699fb2f524d21c78a3bae5cb3.jpg: score=1;odd_ratio:4.93,edge:0.22,contrast,large
Skip non-chart visual asset b78e83788a0ce4f6397a8381cbc6d12bb218b62da7e46812cee2608c8c4eea59.jpg: score=1;chart_ratio,square_without_chart_hint,edge:0.40,contrast
Skip non-chart visual asset c5bb7ac5221a350f22f71d5fb5907bfef6dc5d304c371c8bbba36492f8380cf9.jpg: score=-100;too_small:96x95
Skip non-chart visual asset b0f2f079f6b0fedfb2a823b015596e655f7d3a7d1755092f4bb6d911ddc1dc04.jpg: score=-100;too_small:1331x165
Skip non-chart visual asset e403b76e44dfb0c078faf56f94867c9a4c06401bf58e80dcc33615a34b0a6937.jpg: score=-100;too_small:1037x162
Skip non-chart visual asset 463c3eca475add09ce458b6a339f6440710605255f5e3cad4807aaa3b978e4c3.jpg: score=-100;too_small:462x131
Skip non-chart visual asset 9b24cf65f60092f86c30284f7bece430262051817a0aa879ccc26c619a159c9a.jpg: score=-100;too_small:395x251
Skip non-chart visual asset 1db7aac4b65d66b0951f44a7d60fe2dd9c84614d2a4ae3f29c2fefe4e30e6bf4.jpg: score=-100;too_small:96x92
Skip non-chart visual asset e810100ef798c424c84cc1a1eefebe065f474065e5f392167c22df2d20a16c60.jpg: score=-100;too_small:96x95
Skip non-chart visual asset af425759d1853643fec50b02de51b0fe02d6f7ecc4e6cbd5d47ef19839d24cea.jpg: score=0;square_without_chart_hint,edge:0.29,contrast
Skip non-chart visual asset c241ef8097e62dcfcd001a5395633fd649a89e40c665319a1375e0548c54f806.jpg: score=-100;too_small:90x93
Skip non-chart visual asset e581a5ad59398ad7600b483730f6696989360c82e2039a4ac367577fedd470b1.jpg: score=-100;too_small:93x95
Skip non-chart visual asset ac74809b47eaa5f4f3726ed2e3e7f2299bb1e499be7fcd95c8c510aacd1617e6.jpg: score=-100;too_small:90x95
Skip non-chart visual asset a6692b87084d06fba032b652edad762ae8b0b48235bcaf86313cfc43a5dbe4a4.jpg: score=1;odd_ratio:4.97,edge:0.24,contrast,large
Skip non-chart visual asset bf5a5416eae4147dcbac10e51e8df9aef9c977c95bde4f9c2960f7a94e3ca155.jpg: score=-100;too_small:93x93
Skip non-chart visual asset 12730f01cc5acc310703961db9951bf27857a7e0f973c535dcbd7356020d7d73.jpg: score=-100;too_small:93x95
Skip non-chart visual asset 2f879795e52a975117541311290282708e6ff2add46232a07b7cea2e604c60d8.jpg: score=1;odd_ratio:4.97,edge:0.24,contrast,large
Skip non-chart visual asset 6913073633ef76ed80780f341a66f419a19d15613a0b7ca3d7c85f9120cd1f16.jpg: score=-100;too_small:96x95
Skip non-chart visual asset 1e339fe2c9ce3ab6bd0a6e0f9eb8750ab712cdee28d96a5b8f4e150a141f8864.jpg: score=0;odd_ratio:5.43,edge:0.52,contrast
Done. Results written to /home/runner/work/rpt_edit/rpt_edit/xhs_notes/dropbox/260716/shard_0; successful_reports=5; mineru_timed_out=False; mineru_attempts=1
All batches completed successfully. Generated 5 report directories.
