Found 87 total PDFs; shard 5/40 has 5 PDFs, skips 0 already converted, will process 5 PDFs with batch_size=5.
Running batch 1: 5 PDFs
Found 5 PDFs. MinerU token slots available=2.
MinerU attempt 1/4 using MINER_U_2: submitting 5 PDF(s).
Uploading PDF to MinerU: /tmp/pdf_batch_001_akfjxjxx/pdfs/0001-26-Goldman Sachs-Kingmed -603882-- 1H26 prelim NP beat- Launching new equity incentive plan- Buy-260714.pdf
Uploading PDF to MinerU: /tmp/pdf_batch_001_akfjxjxx/pdfs/0002-27-Goldman Sachs-Japan- CPI Base-Year Revision- Jan-Jun 2026 Inflation Rate to be Revised Up- Likely to Exert Downward Pressure on Future Inflation Rates-260714.pdf
Uploading PDF to MinerU: /tmp/pdf_batch_001_akfjxjxx/pdfs/0003-28-Goldman Sachs-Mitsubishi Heavy Industries -7011.T-- NVIDIA AI DC collaboration report- strategically positive- maintain Buy-260715.pdf
Uploading PDF to MinerU: /tmp/pdf_batch_001_akfjxjxx/pdfs/0004-29-Goldman Sachs-Mercedes-Benz Group AG -MBGn.DE- 2Q26 preview-Trimming estimates on softer China profitability- 2Q Cars margin still within guidance-260714.pdf
Uploading PDF to MinerU: /tmp/pdf_batch_001_akfjxjxx/pdfs/0005-30-Goldman Sachs-MedTech - HCIT- 2Q26 Chart Pack Preview- Mixed Fundamental Picture Meets Discounted Valuations-260714.pdf
MinerU attempt 1 using MINER_U_2 batch_id=4d3abfa6-d34b-4a03-be77-adce3f7b2a78
MinerU states: running, running, running, pending, pending
MinerU states: done, done, done, done, running
MinerU states: done, done, done, done, done
/home/runner/work/rpt_edit/rpt_edit/scripts/pdf_to_xhs_batch.py:291: DeprecationWarning: Image.Image.getdata is deprecated and will be removed in Pillow 14 (2027-10-15). Use get_flattened_data instead.
  pixels = list(gray.getdata())
Skip non-chart visual asset 41394c8701cf14300c8711a7f4dd2effebd45081c3c90ce6d3d3fca7b72aa1bd.jpg: score=0;odd_ratio:5.60,edge:0.29,contrast
Skip non-chart visual asset c8ba0bdc48ff9ec7bbf064552bfa268929043a80674fc60094c9ac6393ef1e93.jpg: score=0;chart_ratio,square_without_chart_hint,edge:0.23
Skip non-chart visual asset 2901027bc1fbea8fe58d764c29e93afd7dd20e6db96add66ad18e5d1b247c08a.jpg: score=-100;too_small:1159x107
Skip non-chart visual asset 1cda85626d9ebed9cbf59ff0e19d3edb0758af641d0a39e7e748f1855efb02c1.jpg: score=0;square_without_chart_hint,edge:0.38,large
Skip non-chart visual asset 56385a36bd9545ecc5dff164bdca627d2cc34778fa4b64169bbf0cda43622286.jpg: score=-100;too_small:1159x106
Skip non-chart visual asset 21decd6f274f891c42a9fe3b7db073ced822fbbb8ee4642c7533c53bf2a2b9af.jpg: score=-1;square_without_chart_hint,edge:0.29
Skip non-chart visual asset 7dbbdedca7835faaf113387f67d2f9f0092327ac2e8c95b5e102de080d04e36a.jpg: score=2;edge:0.32
Skip non-chart visual asset 15f31c46938b106472256d15614d26677a3d74065ee4dd9088426b72f0ae0ab5.jpg: score=1;chart_ratio,square_without_chart_hint,edge:0.36,large
Skip non-chart visual asset 024d293fb00c0b34d204b8b0981fd308efbf9e15905dbac9d74f063564b37bf1.jpg: score=-100;too_small:707x79
Skip non-chart visual asset b35329a8d54b7d39489747ee635e8f42fbd7080a579202886dfd6d4a93b65041.jpg: score=-100;too_small:481x106
Skip non-chart visual asset 084784fe849bc18b59ff6b00a59391567e2c5c4b2b6a54dcab5829c1b35940c2.jpg: score=-100;too_small:484x106
Skip non-chart visual asset 238bad54b2a8e74b8027c8aa569ea8513454e7ab332788e07e693a7a731a0232.jpg: score=0;square_without_chart_hint,edge:0.39,large
Skip non-chart visual asset 2d99533852678bda2ead0517a178348e37fc31d020f21b9d2714b4f1edabd6c8.jpg: score=0;chart_ratio,square_without_chart_hint,edge:0.25
Skip non-chart visual asset 8027136422fe23d271f1d531b948a8feb71f3549c6752d9d5457585088b8fb8a.jpg: score=-100;too_small:464x173
Skip non-chart visual asset d768cc3054a9267cfffd44f91aa280651d1326156cf98573c8024333fed56f96.jpg: score=0;chart_ratio,square_without_chart_hint,edge:0.25
Skip non-chart visual asset 5766892ac419d5883523d66fad606e654a227ff873f4cadf3ffb20f476cb06a4.jpg: score=0;chart_ratio,square_without_chart_hint,edge:0.26
Skip non-chart visual asset 2ac83525d321fc0ad2099737bdcfa072ad88cd5b8b24d1dd303f9ac6baddedd6.jpg: score=0;square_without_chart_hint,edge:0.31,large
Skip non-chart visual asset caf259d631dcec8f0adbd53d6c377831f00e3ac4ee8bd598f80ade174a33eb76.jpg: score=-100;too_small:545x65
Skip non-chart visual asset 5532823c63276771f75582a5e5a38cbf27b490845b98d70194176d10559aa669.jpg: score=-100;too_small:487x154
Skip non-chart visual asset 1707e05757a112fab26c6c076214d61c84f8e7899f28b3cd495f3e7c832a8f56.jpg: score=0;chart_ratio,square_without_chart_hint,edge:0.28
Skip non-chart visual asset 6ffdd70071e6161c55d7fbb715868384b539477373939530909c5fb2ae5967f1.jpg: score=-100;too_small:459x68
Skip non-chart visual asset f83f192ea756ae80b1a60ebe830b95f129ab93c22f5f6fe6faad8c8d34cff559.jpg: score=-100;too_small:465x65
Skip non-chart visual asset e8f74fae985d10fee8b396bc865f85c3b8407cfb493aca925ded7a7e8b86e833.jpg: score=0;chart_ratio,square_without_chart_hint,edge:0.26
Skip non-chart visual asset a968150bab03d140186ce53dc86f23a2481dd955264d2fdd0c285394a9858050.jpg: score=0;chart_ratio,square_without_chart_hint,edge:0.27
Skip non-chart visual asset edd9076f6dd149a6d8a3fc1113746e43599955ebeb15aa9a5c7cb15179494a1c.jpg: score=0;square_without_chart_hint,edge:0.32,large
Skip non-chart visual asset f7674471e5192c5841b234c71a0004d204220c622932da7e35225d2741b0b6f9.jpg: score=0;square_without_chart_hint,edge:0.33,contrast
Skip non-chart visual asset 0249bd412acfdba5e370d1cdf8267a35e529736bf1b49d15d540428177428fa1.jpg: score=-1;square_without_chart_hint,edge:0.28
Skip non-chart visual asset 4721e1cc2b0a46a5649cb1dab7e5978b6a7e6699c09a717c1145f9bd2eb9df5a.jpg: score=1;chart_ratio,square_without_chart_hint,edge:0.32,large
Skip non-chart visual asset 9bd0c6cdeb2077c8cd80be836d53ef9fe5738473b01339ea42b8c3465fe803a1.jpg: score=-1;square_without_chart_hint,edge:0.26
Skip non-chart visual asset 3eeb23612d6445c811df41e3882f376663118beeca2e55c09f9aa581ca5fc7dc.jpg: score=-100;too_small:462x162
Skip non-chart visual asset b221095c746945aa8fe29ad23703dbb8485c4e0cd1926e2718eaeb73c5927562.jpg: score=0;square_without_chart_hint,edge:0.41,contrast
Skip non-chart visual asset d3d8576f4e05b416c6e37e02f0d397357737896879596441ba960e8347efa64c.jpg: score=-1;square_without_chart_hint,edge:0.29
Skip non-chart visual asset fddc25041a77f776404fcfa65f36336b4f05c0cc27ffc774f6fe34ee08f10c74.jpg: score=0;chart_ratio,square_without_chart_hint,edge:0.27
Skip non-chart visual asset 3f767da0c65de14188e493bbccb11190419c1fb83eb8c4f8107a44ef88042255.jpg: score=-100;too_small:462x162
Skip non-chart visual asset cfa7a20b4451b92d90e603eeac984880d5e0d5e0a314ba103a84ac1993307f7a.jpg: score=2;edge:0.31
Skip non-chart visual asset 2b4ef635f16bc2f32c144b02d6a7c8e25626a01412f2df5250a6072c261ccb51.jpg: score=0;chart_ratio,square_without_chart_hint,edge:0.26
Skip non-chart visual asset d3084486e0bc46e290fd187f74d646adace9b0a076e5a29c59373df0e4c4f83d.jpg: score=-100;too_small:1159x109
Skip non-chart visual asset 3290019b2eb8aa5693955cf221abff718d877568bb28636216da4c7413ede279.jpg: score=0;square_without_chart_hint,edge:0.30,large
Skip non-chart visual asset b698262190619db2767342853c4b16b90f0cb8b78d627d0a20ae15c3d9081039.jpg: score=0;chart_ratio,square_without_chart_hint,edge:0.25
Skip non-chart visual asset f012bce7e4ef55d21c475ac873b02789bff25824c1807f99533c9d7a3f7f6b57.jpg: score=-1;square_without_chart_hint,edge:0.29
Done. Results written to /home/runner/work/rpt_edit/rpt_edit/xhs_notes/dropbox/260715/shard_5; successful_reports=5; mineru_timed_out=False; mineru_attempts=1
All batches completed successfully. Generated 5 report directories.
