Found 87 total PDFs; shard 6/40 has 5 PDFs, skips 0 already converted, will process 5 PDFs with batch_size=5.
Running batch 1: 5 PDFs
Found 5 PDFs. MinerU token slots available=2.
MinerU attempt 1/4 using MINER_U_2: submitting 5 PDF(s).
Uploading PDF to MinerU: /tmp/pdf_batch_001_32vchfyi/pdfs/0001-31-Goldman Sachs-Ninebot Ltd -689009-- 2Q26 Preview- Rev growth acceleration and share gains amid weak but improving beta- easing margin pressure- Buy-260714.pdf
Uploading PDF to MinerU: /tmp/pdf_batch_001_32vchfyi/pdfs/0002-32-Goldman Sachs-Powering Up Europe-Who pays for Electrification and Artificial Intelligence--260715.pdf
Uploading PDF to MinerU: /tmp/pdf_batch_001_32vchfyi/pdfs/0003-33-Goldman Sachs-Shengyi Tech -600183-- CCL shipments growth and price increase driving growth- 2Q26 NI guidance beat- Buy-260714.pdf
Uploading PDF to MinerU: /tmp/pdf_batch_001_32vchfyi/pdfs/0004-34-Goldman Sachs-USA- Warsh Says FOMC-s Job Is to Make Sure Price Spikes -Don-t Broaden Out--260714.pdf
Uploading PDF to MinerU: /tmp/pdf_batch_001_32vchfyi/pdfs/0005-35-Goldman Sachs-The Cardiology Renaissance- Lp-a-- Mid-year data to read through to a new cardiovascular drug class-260714.pdf
MinerU attempt 1 using MINER_U_2 batch_id=39ca8bef-9c8c-432e-a6e4-253e476db51c
MinerU states: running, running, running, running, waiting-file
MinerU states: done, done, done, done, running
MinerU states: done, done, done, done, done
/home/runner/work/rpt_edit/rpt_edit/scripts/pdf_to_xhs_batch.py:291: DeprecationWarning: Image.Image.getdata is deprecated and will be removed in Pillow 14 (2027-10-15). Use get_flattened_data instead.
  pixels = list(gray.getdata())
Skip non-chart visual asset b623bf71768692b1946338b51b9ebc43338b2b7a09d53cc2f6e58fcd8b2686c8.jpg: score=0;square_without_chart_hint,edge:0.26,large
Skip non-chart visual asset df37718851238ea2288d681d5317400146f8ef2b3af59fe661c1a760ef965b0f.jpg: score=-100;too_small:1159x107
Skip non-chart visual asset b3adf6259b406db93b2da854e1dfc2623fe6c570a8c8cafac92a11a38a961149.jpg: score=-100;too_small:306x179
Skip non-chart visual asset d474d36cb001f340f8bd5ed9ee07c32645a5f16dd44c3942f7abcedf447a38f6.jpg: score=-100;too_small:1159x109
Skip non-chart visual asset 406831e505e00a2fc528f706a943e495d42e4b7a8ec82945df81ee9b064642d4.jpg: score=-1;square_without_chart_hint,edge:0.26
Skip non-chart visual asset 64b5bd34034c3451b51c94c285108690828ba94e9b107ec923d029566b86cf35.jpg: score=-1;square_without_chart_hint,edge:0.28
Skip non-chart visual asset 19c811706dd976d17a546cb15123e72abbd8247bd818ee5143ca871e8c58173a.jpg: score=2;edge:0.28
Skip non-chart visual asset 075aebd7c78e287eac12c9305a29c89b95cddcad304e8fe71c1a36fb92fa4e36.jpg: score=0;chart_ratio,square_without_chart_hint,edge:0.25
Skip non-chart visual asset e67d0cdd2f5a6179ff224ecce91f83b4546f4aa2246a3e7bae6485cd78150409.jpg: score=-100;too_small:465x214
Skip non-chart visual asset cf63fb9ecbedb4d7a325633215706d6c648d3bcf966163a4bb05dc03b4063c05.jpg: score=-1;square_without_chart_hint,edge:0.26
Skip non-chart visual asset 5f17b181a2ea15121a7bda1deabd27b4122903c2506aab4cafe42261f96683fe.jpg: score=-100;too_small:100x134
Skip non-chart visual asset e60e46376ad5a645a1530f715b42569d482c380d10216f1a16c2bb520b2d8fd4.jpg: score=-1;square_without_chart_hint,edge:0.28
Skip non-chart visual asset d102a426dbfd0cfd9126c5b7e7d7a9e15852e1833ecf3eb44cff110216b4f281.jpg: score=-100;too_small:182x407
Skip non-chart visual asset b85e35dbb1a67d74698a22fdd3b1c90e25e1a86061cd814894b722824d02c44d.jpg: score=-100;too_small:100x107
Skip non-chart visual asset 9df6c9eeb75eeb90d70593203485de820cf3d002e7575379c2e660ed57f92f95.jpg: score=0;chart_ratio,square_without_chart_hint,edge:0.25
Skip non-chart visual asset f1ce1e789ab93169db329316e53baa1bc52bdc496f0d67144084c5522a65ed99.jpg: score=0;square_without_chart_hint,edge:0.15,contrast
Skip non-chart visual asset 6be1fbbd73180786612a0214c1a33e781fef3c51ecb46b01c2d2c20c9ced268d.jpg: score=0;square_without_chart_hint,edge:0.15,contrast
Skip non-chart visual asset 08a6ce15784ae4289887b92a8742c42355b106ab119a3401bac49da3ce4758bc.jpg: score=-100;too_small:271x300
Skip non-chart visual asset 12b5e3f03db5c9f0f536b660b0532b7e996f20f89bf7c9d1c28bf5021c71377a.jpg: score=-1;square_without_chart_hint,edge:0.27
Skip non-chart visual asset 57fea9cec9f863357363caf23a53e871a1af755e8aa6168f83e342e9a131f9e5.jpg: score=0;chart_ratio,square_without_chart_hint,edge:0.26
Skip non-chart visual asset 803984acc3c3ff3f987b422594071d142ec015d3ba30d4cce7b5cc8323001ba0.jpg: score=2;edge:0.29
Skip non-chart visual asset 9a2b6d65b06ce77182547e51c1004a5e67547d39e74061a47e2aa2fe11b166b3.jpg: score=-100;too_small:103x104
Skip non-chart visual asset 12683fe0952f9effa9539077833e80ab08a6c75cca282f88412f4bd7a1b26624.jpg: score=1;chart_ratio,square_without_chart_hint,edge:0.15,contrast
Skip non-chart visual asset f4819fd6e0bd006f1ae523fca2991bb2fbb8af968daa07a31da3c3adf114afe4.jpg: score=-100;too_small:462x212
Skip non-chart visual asset ac151f7d25b4baa596b8d845a3fb9a6149eef133f4157342ccf2f02c1292ac9f.jpg: score=-100;too_small:1370x115
Skip non-chart visual asset 4d3249cf0f01938e6d1c717af2df22c11ebfcda37037d3e735c7375a32981eb4.jpg: score=1;chart_ratio
Skip non-chart visual asset 319123a43b54e54d2db38b1ad75e031029f573147a2a62d739e669b46ab61e8f.jpg: score=-100;too_small:523x160
Skip non-chart visual asset 7608b95ff970feccf8d0f379d8cfe885ecb666f71bde83f2761aa38a9b34fe98.jpg: score=-100;too_small:1159x109
MinerU result contained no standalone chart images; creating title card only.
Skip non-chart visual asset a481fd724416dd41ffa8ffbf96202e2b650e1c02d569b98db965b719dc7d26cc.jpg: score=-100;too_small:467x162
Skip non-chart visual asset 802cf95b8c8adcc9d2a557053a94527450353d2ff26e046f8ad355c39092baff.jpg: score=-1;square_without_chart_hint,edge:0.29
Skip non-chart visual asset 764061252884e66e16ae8a51e8ae0ab62efff5dc8a76a800a11e0771f4e05b4b.jpg: score=0;odd_ratio:6.80,edge:0.28,contrast
Skip non-chart visual asset 7ec8f5d6f43c9f29f73ce8cb580c32ba3e31b3210389ed42e285da093591c9e7.jpg: score=1;chart_ratio,square_without_chart_hint,edge:0.20,large
Skip non-chart visual asset c734c04dee92b8b952193a5b2879ce30b320444d1d2fd6f5a9861f970e78034a.jpg: score=2;chart_ratio,square_without_chart_hint,edge:0.25,contrast,large
Skip non-chart visual asset 1db0dbfc629103e117becfab9b2dfb2d61d342ca3d01851f387e5b2718e75fd1.jpg: score=0;chart_ratio,square_without_chart_hint,edge:0.25
Skip non-chart visual asset 1e6178a1035895f044d3a0f00f07e2d3a6b83a0cee973133101f7f16c253ab18.jpg: score=1;chart_ratio,square_without_chart_hint,edge:0.24,large
Skip non-chart visual asset ff4e03a6fe97025af1bfdbf4af95fd4efb87ab90b67d976577345a1609c318c7.jpg: score=0;square_without_chart_hint,edge:0.15,large
Skip non-chart visual asset 18b5486aee74bf4c76688adaf75b685b996b75207d7266e0e3b99de31376272a.jpg: score=-100;too_small:1162x112
Skip non-chart visual asset d4dc637cdb39a33ad9a37ca10e2d98491a0bee5b9049dcd2f4bfb2926236dac2.jpg: score=0;odd_ratio:5.01,edge:0.28,contrast
Skip non-chart visual asset ef48da0fb0268627e5dc59aba54165826b5767377edd24d8f01a2d26fccb90d7.jpg: score=-1;square_without_chart_hint,edge:0.29
Skip non-chart visual asset 5ee67cd1797dad19a6d38f99f755e9b97583cf285fa47a10e683bb9a2af74db5.jpg: score=-1;square_without_chart_hint,edge:0.32
Done. Results written to /home/runner/work/rpt_edit/rpt_edit/xhs_notes/dropbox/260715/shard_6; successful_reports=5; mineru_timed_out=False; mineru_attempts=1
All batches completed successfully. Generated 5 report directories.
