Found 59 total PDFs; shard 10/40 has 5 PDFs, skips 0 already converted, will process 5 PDFs with batch_size=5.
Running batch 1: 5 PDFs
Found 5 PDFs. MinerU token slots available=4.
MinerU attempt 1/4 using MINER_U_3: submitting 5 PDF(s).
Uploading PDF to MinerU: /tmp/pdf_batch_001_gf404gbv/pdfs/0001-51-Nomura-Economic Insights-Assessing global cost pass-through from producer prices to consumer prices-260724.pdf
Uploading PDF to MinerU: /tmp/pdf_batch_001_gf404gbv/pdfs/0002-52-Nomura-Kelun Biotech-6990.HK-1H26F preview and FY26F forecast revisions-260724.pdf
Uploading PDF to MinerU: /tmp/pdf_batch_001_gf404gbv/pdfs/0003-53-Nomura-Shuanghuan Driveline-002472-2Q26F preview-260724.pdf
Uploading PDF to MinerU: /tmp/pdf_batch_001_gf404gbv/pdfs/0004-54-Nomura-Hon. Precision- Inc.-7769.TW-Honing the edge of advanced silicon test-260724.pdf
Uploading PDF to MinerU: /tmp/pdf_batch_001_gf404gbv/pdfs/0005-55-Nomura-VNET Group-VNET.OQ-2Q26F preview-260724.pdf
MinerU attempt 1 using MINER_U_3 batch_id=88277269-e663-4fa4-bc78-90765e398c6e
MinerU states: running, running, running, running, waiting-file
MinerU states: running, done, done, running, done
MinerU states: done, done, done, done, done
/home/runner/work/rpt_edit/rpt_edit/scripts/pdf_to_xhs_batch.py:307: DeprecationWarning: Image.Image.getdata is deprecated and will be removed in Pillow 14 (2027-10-15). Use get_flattened_data instead.
  pixels = list(gray.getdata())
Skip non-chart visual asset 588f83b26ab59fb76a4f927fd8f255746133368a82ceb600ac1889406633c74e.jpg: score=1;chart_ratio,square_without_chart_hint,edge:0.19,large
Skip non-chart visual asset b760e3d51606959f81635054649c5140b8f98c320940dc70720101b6f6f6720f.jpg: score=0;square_without_chart_hint,edge:0.22,large
Skip non-chart visual asset 078c8caee61c476cc11322637f6b422db20ff15b06f495ee5bf76ca942f2e11b.jpg: score=0;square_without_chart_hint,edge:0.23,large
Skip non-chart visual asset 3fa5a3baafbae03c981ea44960e9423b4a7e811ee3010da4840cda88e3208164.jpg: score=0;square_without_chart_hint,edge:0.23,large
Skip non-chart visual asset 5de41a6d8d38868ab43a5815b3a8782608d1205532c8e5a4330b83f7f8a31581.jpg: score=0;square_without_chart_hint,edge:0.27,large
Skip non-chart visual asset f5d835f056fd3e2e6004a4804aab81f5e7b955a3fdd06be51ddcf754ce4420d4.jpg: score=0;square_without_chart_hint,edge:0.28,large
Skip non-chart visual asset f5e74aaf399e816ac45b283738ad7280563a0ef271de87120168e59189630e9b.jpg: score=0;square_without_chart_hint,edge:0.25,large
Skip non-chart visual asset ee048636b3e5fd61ac6096079b1c461348b2716237acba38eeb63adeed886daf.jpg: score=1;chart_ratio,square_without_chart_hint,edge:0.23,large
Neutralized WeChat title while keeping the report: 野村：2026年全球生产者价格向消费者价格传导力度弱于2022年 -> 野村：价格数据与市场变化观察
Skip non-chart visual asset 34a1b8e706bc7b5885f8f4537bf6bb441e3dd3a9869b111da7e6b11a52ca1cb2.jpg: score=2;chart_ratio,square_without_chart_hint,edge:0.31,contrast,large
Skip non-chart visual asset ffbc97a88a82a3a16c003bef50fe30a41f518e724cb2859a8097307de98226e8.jpg: score=-100;too_small:431x53
Skip non-chart visual asset 04793a31044241c40d0a29a464fdfb4b45e1982369b158e8856751a6af7292af.jpg: score=1;chart_ratio,square_without_chart_hint,edge:0.30,contrast
Skip non-chart visual asset d5c2d9f2c30d3210234ecb4b883c6ba4d535c28269b9b7b57c822dd3ecc5543d.jpg: score=-100;too_small:1409x87
Skip non-chart visual asset 6e2428658c33b5445fd74cd39783b318be71e0b52a54604bbb5fba56707bd09d.jpg: score=-100;too_small:723x151
Skip non-chart visual asset ec91ca987435de035c96d9bb1e252c6ada102bee0207065ff6c42c460386be8b.jpg: score=-100;too_small:434x76
Skip non-chart visual asset c38a3e3d77046c993dd9f2354374864202428449f112053e0482ef6b46ed55cc.jpg: score=-100;too_small:431x43
Skip non-chart visual asset b457c44f3b7944db6249eb6f85c7aa9fe48147165fc4e82a17d98cf48c6a0b85.jpg: score=-100;too_small:434x73
Skip non-chart visual asset 21c47ae02127d0a1652ed3fab3eb82f992f9e79e7aa4ae940dc1fdde88130f20.jpg: score=-100;too_small:434x45
Skip non-chart visual asset 2ee244d5af60e153536d66771b4af70b6de867bcc64b7ca96793c99b6eaf4bf9.jpg: score=1;chart_ratio,square_without_chart_hint,edge:0.27,contrast
Skip non-chart visual asset 04614d793bd16c0129d715dc0848d5ed17b03829ad8655792020263088ad6113.jpg: score=-100;too_small:726x134
Skip non-chart visual asset 50b815d3670b578bc200c8b0fea982fae969e12667a352526a99b6ea09319734.jpg: score=-100;too_small:1409x85
Skip non-chart visual asset ca4ccdaf0264edf02d50c234ba8957e66820f9192da65c094b160411bb6c0124.jpg: score=1;chart_ratio,square_without_chart_hint,edge:0.23,contrast
Skip non-chart visual asset 47078d66eadc869c1d6c1934aa3a77b0ef9d09ba13f4c76eb92710259f7a5336.jpg: score=-100;too_small:431x46
Skip non-chart visual asset df3b3615c569d007bd3f24bf5922642cac0cfe6427de9735d90d5bca8840f8e5.jpg: score=1;chart_ratio,square_without_chart_hint,edge:0.53,large
Skip non-chart visual asset 9147a71e0ce1f9d493056e28fc159ec76a06a0bcb21f4b72de21cf0b19324302.jpg: score=1;chart_ratio
Skip non-chart visual asset f38eee230db97107eefff9540ec125aa63db637033b094851e9c8017f92d3aea.jpg: score=1;chart_ratio
Skip non-chart visual asset 0cc77ef605edb3f1905563deb10d803c10a8912d19393e1d4c8ec8454b78b7e0.jpg: score=1;odd_ratio:5.46,edge:0.16,contrast,large
Skip non-chart visual asset e69ce8e16daae44c3fe14485b9bd1c5e49da082b6973f82d4b30220889b8de6b.jpg: score=1;square_without_chart_hint,edge:0.22,contrast,large
Skip non-chart visual asset 809b16bf7cc6d09e1628f8b6755e733f1a4457c5b31af1fa7e97b1a66ef0f4af.jpg: score=1;chart_ratio
Skip non-chart visual asset 66556eb2796165e856233a031a3b93c38787e5db5685ab9a0ebd9d1789a07672.jpg: score=1;odd_ratio:4.97,edge:0.21,contrast,large
Skip non-chart visual asset 2140794a81784ffbfbd22075992bb03a69dca9247e3cd0059dd3feddda4300e5.jpg: score=1;chart_ratio,square_without_chart_hint,edge:0.26,contrast
Skip non-chart visual asset 369498997a043bb73e0ec55d11c170867cc78edaed84fcfb174e6eafbe7f2279.jpg: score=0;square_without_chart_hint,edge:0.51,large
Skip non-chart visual asset a002956ea8ad477761599c26920336df0b66a3e8627bd8677c42fe7fb5cf4d46.jpg: score=1;chart_ratio,square_without_chart_hint,edge:0.27,contrast
Skip non-chart visual asset ddb8361abe679953c6044adc6b5e26103b76bca18ce3ae9124ca519bbbd7b7ae.jpg: score=0;square_without_chart_hint,edge:0.22,contrast
Skip non-chart visual asset 5a06850412d2cc8253527c493d0197763391992b7150dcf3d8d92c8440e66643.jpg: score=-100;too_small:431x76
Skip non-chart visual asset d6eff54f04b55b580a925874f5396b3c10af15e8f21cb68e4131c78e99ca185a.jpg: score=-100;too_small:1412x98
Skip non-chart visual asset 55553f888cc1c172087b733c56f257162a95f435309d68408192abaddf32e746.jpg: score=-100;too_small:723x148
Skip non-chart visual asset 8a323c7df4e75fbe48aa6918dcf4ce9a6faeb8b6af8bb9b9320eb93c630a4d72.jpg: score=1;chart_ratio,square_without_chart_hint,edge:0.29,contrast
Skip non-chart visual asset d9e19306aec3712ba79566d39cf335e08bf3d1f755d32bd2c543088525de06e7.jpg: score=-100;too_small:723x148
Skip non-chart visual asset 9f3d5b2b3d103a53cc7746edf632bbf0c6a953d316c5626e34fb056efa646975.jpg: score=-100;too_small:431x76
Skip non-chart visual asset ecfc1d2921555eccaf252fd14c2a1472edf9884175b5868239bb1d819ff4721d.jpg: score=-100;too_small:431x43
Skip non-chart visual asset afaf27ddb4f4c71954eda735e16564b40da2398f03992b0533237dd4f63957fb.jpg: score=-100;too_small:1409x87
Done. Results written to /home/runner/work/rpt_edit/rpt_edit/xhs_notes/dropbox/260725/shard_10; successful_reports=5; mineru_timed_out=False; mineru_attempts=1
All batches completed successfully. Generated 5 report directories.
