Found 35 total PDFs; shard 5/40 has 5 PDFs, skips 0 already converted, will process 5 PDFs with batch_size=5.
Running batch 1: 5 PDFs
Found 5 PDFs. MinerU token slots available=4.
MinerU attempt 1/4 using MINER_U_2: submitting 5 PDF(s).
Uploading PDF to MinerU: /tmp/pdf_batch_001_8mqa3lfc/pdfs/0001-26-Morgan Stanley-Advanced Micro Devices-AMD.US-AMD advancing AI event recap and takeaways-260724.pdf
Uploading PDF to MinerU: /tmp/pdf_batch_001_8mqa3lfc/pdfs/0002-27-Morgan Stanley-Intel Corporation-INTC.US-Strong earnings- higher spending-260724.pdf
Uploading PDF to MinerU: /tmp/pdf_batch_001_8mqa3lfc/pdfs/0003-28-Morgan Stanley-PayPal Holdings- Inc.-PYPL.US-2Q26 Preview- At a Crossroads-Waiting for a Signal-260724.pdf
Uploading PDF to MinerU: /tmp/pdf_batch_001_8mqa3lfc/pdfs/0004-29-Morgan Stanley-SpaceX-SPCX.US-SpaceX Approaches -100- What-s in the Price--260724.pdf
Uploading PDF to MinerU: /tmp/pdf_batch_001_8mqa3lfc/pdfs/0005-30-Morgan Stanley-Sho-Time- AI Revive- Value Alive-260724.pdf
MinerU attempt 1 using MINER_U_2 batch_id=59f3352b-b3b7-4364-8d27-1e74c0292200
MinerU states: running, running, pending, pending, waiting-file
MinerU states: running, running, running, running, running
MinerU states: done, done, done, done, done
Skip non-chart visual asset a204347b890cc13cf4fbf4b064d65c064bc62d5babc33ade2e89e05bdf8a0c74.jpg: score=-100;too_small:456x68
Skip non-chart visual asset 383eeab3407de31945884a6b41566bcc4ae49f108e0dde6607dd8d209827417d.jpg: score=-100;too_small:529x173
/home/runner/work/rpt_edit/rpt_edit/scripts/pdf_to_xhs_batch.py:307: DeprecationWarning: Image.Image.getdata is deprecated and will be removed in Pillow 14 (2027-10-15). Use get_flattened_data instead.
  pixels = list(gray.getdata())
Skip non-chart visual asset b3d9c5ef36f66a92f26030453496e3ca194b0ba6e9b604647d30a975e0ebfeff.jpg: score=2;chart_ratio,large
Skip non-chart visual asset 5617784b953056c1a3d210c32678c1737c3f65b93e1d54df0b9c08e1226ef0e9.jpg: score=-100;too_small:423x179
Skip non-chart visual asset d018f74b2b8b3399c3a648bde44166094664a8058ec48ab636989d2a49c93f36.jpg: score=-100;too_small:529x154
Skip non-chart visual asset 520e1709f0009f22e6097d99f7fdb5e2658ba4568732851e316e2c090b4461d9.jpg: score=-100;too_small:449x168
Skip non-chart visual asset dcaf0e08a49bf0f929e75d114c20f88d8d41c86e7ad47e5b26657069804fe2ce.jpg: score=0;chart_ratio,square_without_chart_hint,edge:0.13
Skip non-chart visual asset 9173d3477d17175428aa279c0db0e155b6e5055c33cc6f85dc2eb53ed4867270.jpg: score=-100;too_small:507x112
Skip non-chart visual asset 3bff1df62aacdc74482452c162961082fd3920775d35d33579f2a208fb9d4210.jpg: score=-100;too_small:1303x179
Skip non-chart visual asset e99c7e2cff4d9883e78b0295802836976977dc11d0346b508cf3f9f8c7564761.jpg: score=-100;too_small:529x182
Skip non-chart visual asset 13a4f13a436f5729f926b52445153bb204da4cb911bf22c5e449bfcc058af7ea.jpg: score=1;chart_ratio,square_without_chart_hint,edge:0.24,large
Skip non-chart visual asset 3cd4c204062623f377f568a097ef70ce66e92266d5e706a4bacd842e6b688bce.jpg: score=1;large
Skip non-chart visual asset 6dd4609c5ead13e8580a5ac13a249a9379affd78ce19d8a613fafddf1523d095.jpg: score=-1;square_without_chart_hint,edge:0.11
Skip non-chart visual asset ee02fa639d395e66a7f6b651591e2926cb4793775bb8567060cdea8327bc0d10.jpg: score=-100;too_small:437x109
Skip non-chart visual asset 310818b5eac42382e0350cb86ac9e16c4e922c9a16cb4f2975872acc0cbc7216.jpg: score=-1;square_without_chart_hint,edge:0.11
Skip non-chart visual asset 70f86161d650cb7789120998442ff1bb6f0862f12e7b6c3b250eabf1f7e53c59.jpg: score=-100;too_small:414x151
Skip non-chart visual asset 4a7cbd9438ebf9af9f83d681c11cbca10202de11350e27fca0144418b29a443a.jpg: score=1;large
Skip non-chart visual asset 0fd891510ce9a4359f12a4af68b28493b6c1c7dc7072de72e34b066a22bcc2c2.jpg: score=-100;too_small:456x70
Skip non-chart visual asset 018b750867cb83d115eb45dd731a8bb9e4e6ff69eb5c7f81a04bd629cf85dcf7.jpg: score=-100;too_small:449x162
Skip non-chart visual asset 0850e625796880955ca9b6d3cff34e1d357ef9e2f48bbe0e0bf046d6630f6d37.jpg: score=-100;too_small:503x115
Skip non-chart visual asset 24e7808b2a8caacb30a0b9c95819aee2a86d23b47e6a8ab8daf75be568a292b9.jpg: score=2;chart_ratio,square_without_chart_hint,edge:0.42,contrast,large
Skip non-chart visual asset 09a64136fa1b12a6cc0c7773a766a43ccdbbf1fc2af54e4bd65be0d521e356bf.jpg: score=-100;too_small:437x110
Skip non-chart visual asset 413ebd8f20eb1973f4df78cde95e91c838dfdebc2cd41a0d5d03d09ab2831758.jpg: score=2;edge:0.36
Skip non-chart visual asset 8c41dfa35b64236117f805544c9fe9bd92af1f96fd06f19b9c45f4297f951e8e.jpg: score=-100;too_small:1303x146
Skip non-chart visual asset cd34f4dbb17bb049bf7a5239ee956242cf2d8f9036d87d9faa4cbd89e2613079.jpg: score=0;chart_ratio,square_without_chart_hint,edge:0.14
Skip non-chart visual asset 777a806918280bc59ada538779e3a519f243d609e3f2831a62b702e39f579da7.jpg: score=-100;too_small:87x48
Skip non-chart visual asset f7599d7836e5841b1de0fdded30505d4cc32907f9c341f320229552c714ce2ee.jpg: score=0;odd_ratio:5.14,edge:0.41,contrast
Skip non-chart visual asset 18a598802d57aa170a85d53ed76983eeb0e0801ede0be57d224111a2662a26c8.jpg: score=2;chart_ratio,large
Skip non-chart visual asset 86a79aa4bc75e3f38c16a5bd545759066291ede4a474adb6d0d518c7468c934a.jpg: score=1;chart_ratio,square_without_chart_hint,edge:0.37,large
Skip non-chart visual asset 4df020c41471e364782bc04611a5de7ecc674ce3079edc61076bc77f98e0c771.jpg: score=-100;too_small:526x157
Skip non-chart visual asset dc1835879ace198e0b607733b30968c6bec547866df5118bb0d6096c543e2723.jpg: score=-100;too_small:526x171
Skip non-chart visual asset f665fa4d8b8762ad2b41db57a9a318e1fa5230cab7a95043d628742c8d0d6559.jpg: score=-100;too_small:526x159
Skip non-chart visual asset 8fc1e574ea73ec56bf5bcca8ef327187ccf2fc0e3a08c1ee30b972478deb70d7.jpg: score=1;chart_ratio,square_without_chart_hint,edge:0.23,large
Neutralized WeChat title while keeping the report: 摩根士丹利：英特尔业绩超预期与资本开支上升 -> 摩根士丹利：英特尔业务与近期数据观察
Skip non-chart visual asset 696a7087b72b5275e3f0c0ab626abd898c4ec1d7523e8004317b8a891f6ecab3.jpg: score=-100;too_small:493x117
Skip non-chart visual asset 9aa1388a5c4e0b37834f428927bdb38f040fc968dc4de3bf537f3fae2bd132d3.jpg: score=-100;too_small:437x114
Skip non-chart visual asset 87ea566bdbdd0a4074df7e1a39ccffbbafc23ce3960f914fe76fc52d19edebb9.jpg: score=1;chart_ratio,square_without_chart_hint,edge:0.22,large
Skip non-chart visual asset e7d3c6f0107f82376cb9155ea8ca1443155487eeb71fbff8f1775ce706a6f618.jpg: score=-100;too_small:417x206
Skip non-chart visual asset a80331beb8d807be1a2c03d3255f2d5329ed83bf292fbc52086268bf8ae4f5ea.jpg: score=1;large
Skip non-chart visual asset f440c7678578f011ae038f327ae1d92def4c3126aad235d35e7ec18742a07c2b.jpg: score=-100;too_small:453x70
Skip non-chart visual asset 0d3a9528e1d0ec2659720eddd0b2447b0390f208602f4498a74584efcc3d64ea.jpg: score=2;chart_ratio,large
Skip non-chart visual asset 6c02eafabaa409380650fe629b52f5e828aab0ed6af8d474422e31334f478bc9.jpg: score=-100;too_small:531x156
Skip non-chart visual asset 86522a7425987366a9367fcea4d444c2b3894faac93eef5cee6b2347babc7bf0.jpg: score=-2;chart_ratio,square_without_chart_hint
Skip non-chart visual asset 77c726d621f52b80075114ccb9afc669c9338da86cff03ec7746d72d23439b34.jpg: score=-100;too_small:449x143
Skip non-chart visual asset 56d08ab03e7073ebcad459a6ae3ef81da170aa473d6449aea8c2ec0ea7be29f9.jpg: score=-100;too_small:315x59
Skip non-chart visual asset 7d4d7b9a4f71d9130c6496f0ed6fe65bdf1ab167b2d32546afc5309aab60e262.jpg: score=-100;too_small:1292x140
Skip non-chart visual asset f9f30f0cf3ead2c3e36a4b921d7c6ec4fd59bba58bdbab310596e46d8e6d752c.jpg: score=-100;too_small:531x170
Skip non-chart visual asset 7450963b8b7aad8a00870ecf9287b40a64118e86ff704d4348032c8d47117bb4.jpg: score=-100;too_small:1301x140
Skip non-chart visual asset a769b0c5e91db61fcdb350bf72cd5a7eceb295fbbd61e856bfca9d302750128e.jpg: score=2;chart_ratio,large
Skip non-chart visual asset 3c36876b1ffc9ce9a265f08163ee780f239925843adbe1c2457c001988363f00.jpg: score=-100;too_small:417x203
Skip non-chart visual asset b521f9cf25aa983b3cbe0eec9b5952a6d512b1bfb265bcd2e5848a6cee15ee11.jpg: score=-100;too_small:504x115
Skip non-chart visual asset 1dad86500b7b6f8cda566b6fcbe4676688e8427ca343c41d9e3d3d43277733f7.jpg: score=-100;too_small:531x132
Skip non-chart visual asset 06e23ab97fa5ac11b6c2424dedfb2c8e59f813fa919547f63758506b004e7b57.jpg: score=2;chart_ratio,large
Skip non-chart visual asset adcc740c2dfc7c157f362caf8532f686dad16007db6474f102d02ed8a7240e16.jpg: score=0;chart_ratio,low_edge:0.04,large
Skip non-chart visual asset 44e9b920575417883efa1716ec600a75fac6792e8d2da94be15eeeb522af70e5.jpg: score=-100;too_small:379x151
Skip non-chart visual asset a14241625827260a609e0ea3e6f7bdb39785a3715aad996c7bf4bd5289ba9aed.jpg: score=-100;too_small:437x73
Skip non-chart visual asset a6f3708896c516b9d4960a46b804e02ca5aaf06980dd606089adf1d51b2f7ee6.jpg: score=-1;square_without_chart_hint,edge:0.11
Skip non-chart visual asset 015ba3673ba1ee7575cfc58f18c873f6a7e7ea09ae7fd274051efebdb9a4bc3b.jpg: score=1;large
Skip non-chart visual asset 5910b64c2c0af1ccf0d4ef241e8038d8009e2e5402745258b0ec7ab9629c375d.jpg: score=-100;too_small:526x187
Skip non-chart visual asset ed01bbe96a123728b7f9a334faf374fb56ffd3f3b7ca2a38b2f0ccae73bef29f.jpg: score=-100;too_small:449x165
Skip non-chart visual asset 9b4373d1e4c5d4254cdfaa68adcc3744e147a443904d9950648fdd3c4e751e4b.jpg: score=1;square_without_chart_hint,edge:0.34,contrast,large
Skip non-chart visual asset 1cc2da5b080ed94a1870ee404e2ad9da0650bc59cc90370546e80e45de84ef89.jpg: score=1;square_without_chart_hint,edge:0.32,contrast,large
Skip non-chart visual asset 51c50c0c4197b417e601bc2a5fd2272049c275d6e6c56eff1c8a1c04dcb3dbc9.jpg: score=1;chart_ratio,square_without_chart_hint,edge:0.21,large
Skip non-chart visual asset 4ecfb85dc9b8355e192a613ad14025c840acfc6d4e85012713efd57d5c112963.jpg: score=1;large
Skip non-chart visual asset 8c2c3905bba2509f1d26e7ae8a33b1156a96aaada8462e9d6e4517d41cdb7d18.jpg: score=2;chart_ratio,square_without_chart_hint,edge:0.24,contrast,large
Skip non-chart visual asset 74779ae093e722e69f60dd8b487deb84654faf889367acc8d7379c2d916e6832.jpg: score=-100;too_small:515x131
Skip non-chart visual asset 93278ca893a171302d8150fba5548efbe365635085c5a62eee49d1bc93f53e16.jpg: score=2;chart_ratio,square_without_chart_hint,edge:0.28,contrast,large
Neutralized WeChat title while keeping the report: 摩根士丹利：日本AI板块与周期价值股修复 -> 摩根士丹利：AI技术与行业应用观察
Done. Results written to /home/runner/work/rpt_edit/rpt_edit/xhs_notes/dropbox/260726/shard_5; successful_reports=5; mineru_timed_out=False; mineru_attempts=1
All batches completed successfully. Generated 5 report directories.
