Found 31 total PDFs; shard 2/40 has 5 PDFs, skips 0 already converted, will process 5 PDFs with batch_size=5.
Running batch 1: 5 PDFs
Found 5 PDFs. MinerU token slots available=2.
MinerU attempt 1/4 using MINER_U_2: submitting 5 PDF(s).
Uploading PDF to MinerU: /tmp/pdf_batch_001_u_n114_9/pdfs/0001-11-Goldman Sachs-Australia Metals - Mining-Gold-GMD merger appears accretive vs. baseline ASPIRE 500 and VAU outlooks- Reinstate GMD at Buy- RRL at Neutral-260720.pdf
Uploading PDF to MinerU: /tmp/pdf_batch_001_u_n114_9/pdfs/0002-12-Goldman Sachs-Base Metals Tracker- Copper- Physical Tightness vs. Fading Macro-260720.pdf
Uploading PDF to MinerU: /tmp/pdf_batch_001_u_n114_9/pdfs/0003-13-Goldman Sachs-China Brewing- Read across from Yanjing- Read across from Yanjing investor meeting- Widening divergence in key SKU performance-260720.pdf
Uploading PDF to MinerU: /tmp/pdf_batch_001_u_n114_9/pdfs/0004-14-Goldman Sachs-China Consumer Dashboard-2026Q2-Consumption momentum softened sequentially-260719.pdf
Uploading PDF to MinerU: /tmp/pdf_batch_001_u_n114_9/pdfs/0005-15-Goldman Sachs-China Battery-Assessing implications of consumption tax resumption.CATL screens as most resilient - Buy A H-260719.pdf
MinerU attempt 1 using MINER_U_2 batch_id=ccca506b-3338-4174-b3db-2af8da41a818
MinerU states: running, running, running, pending, pending
MinerU states: running, running, done, running, running
MinerU states: running, running, done, running, done
MinerU states: done, done, done, done, done
/home/runner/work/rpt_edit/rpt_edit/scripts/pdf_to_xhs_batch.py:292: DeprecationWarning: Image.Image.getdata is deprecated and will be removed in Pillow 14 (2027-10-15). Use get_flattened_data instead.
  pixels = list(gray.getdata())
Skip non-chart visual asset ef854d7038714e66fffeb6c8da61f92e756a499183e27420366dfd8c9baa1355.jpg: score=-100;too_small:1159x109
Skip non-chart visual asset 7b36f5da76f441a88de1fa2090e7caf17919de83c6f5d8fecd105a806fe17e41.jpg: score=-100;too_small:426x168
Skip non-chart visual asset a010ffbbe703633d41b9e8fea5a2511f16760c13069d83498c7a821a0644b31b.jpg: score=-100;too_small:435x203
Skip non-chart visual asset 369b6633ed860fd95cfdfb7cbc1d53cdf76a157d72641afe72b7027880abf670.jpg: score=-100;too_small:437x195
Skip non-chart visual asset 848b505ad625ae000a83bc7b2cf5d9d604c7b5120c93624549cb5b1ec4ac6af6.jpg: score=1;odd_ratio:7.82,edge:0.24,contrast,large
Skip non-chart visual asset 00226fc578e35bfd83d9cd59d798394536628185e764260093c27666a3900add.jpg: score=-100;too_small:379x189
Skip non-chart visual asset d2801481afe4d0f1f697d0361c04a99674864d402274fbce2a384daf98db922b.jpg: score=-100;too_small:382x132
Skip non-chart visual asset 986c3021eef005c4c755d05a900a0fece5b94dfdd63c00804e976adec397e6b9.jpg: score=2;chart_ratio,square_without_chart_hint,edge:0.23,contrast,large
Skip non-chart visual asset 8416a838b5a8a1248ada9b51f137670c6b2a51430d88125bb5555e6fbe0a98cb.jpg: score=-100;too_small:382x167
Skip non-chart visual asset 45d128a12e11e5e7bc2d982d3e3cdb6d548258fd534771a72ab6baa1ef525a19.jpg: score=-100;too_small:382x201
Skip non-chart visual asset 03a5252edcba67a7be797cb1fbec2e10d1b2c1b0b307169d8ae8846a4f646afd.jpg: score=1;chart_ratio,square_without_chart_hint,edge:0.33,contrast
Skip non-chart visual asset 50bfd74636284ea5a90319c0a50bf2aeb20b089ebdedcf357ee462a033f42b2a.jpg: score=1;odd_ratio:6.53,edge:0.44,contrast,large
Skip non-chart visual asset b4aa84d24980bb3c58b8cf15f5a448ec1181e14aa9afac50616499a5a3203833.jpg: score=-100;too_small:370x184
Skip non-chart visual asset f97218f3ae65d82bd749de7c9408de8b59dca283886f431a5928c80e2474da72.jpg: score=1;chart_ratio,square_without_chart_hint,edge:0.47,contrast
Skip non-chart visual asset e090011ce6649b4c88b5744d5839da684b557f17762466eb0ab387cdacd43b81.jpg: score=0;chart_ratio,square_without_chart_hint,edge:0.22
Skip non-chart visual asset 24969115e7f490b58cb25dcdb78df55bf315560f968214e165aa02404c2e26bc.jpg: score=1;square_without_chart_hint,edge:0.31,contrast,large
Skip non-chart visual asset c699789f08a9a5c9a25a4622f71f8f3ac3e3f0776b12fcb9c37c7fc52307a5f5.jpg: score=-100;too_small:382x251
Skip non-chart visual asset d5cc7a3738cab26b7dd5041f333b5a2af91f6f8e61cd692a37176a52e46cb8f3.jpg: score=-100;too_small:428x226
Skip non-chart visual asset 1dad39751bc15fcf7a75e449c29adbacb1688fe14d4ad21d6d0ae63ccb189219.jpg: score=-100;too_small:373x151
Skip non-chart visual asset 9e1eaaf90d716ca574d901532d64eb19f2a2d3b3daa8f4f59a272fbe60040acf.jpg: score=-100;too_small:437x164
Skip non-chart visual asset 5498bb8a8043f488e60c4675c0b24ecf989ae9087a085dd1a657606600df30d2.jpg: score=-100;too_small:437x143
Skip non-chart visual asset c3eb2a167119727d62cb708e7fcc06cd868767d4efb9fdb48820f723c34937a9.jpg: score=1;chart_ratio,square_without_chart_hint,edge:0.48,contrast
Skip non-chart visual asset b3caa9f4945d61b7c9fb5ae62bba419c3a66682854236421f390260893afe3bb.jpg: score=1;chart_ratio,square_without_chart_hint,edge:0.43,contrast
Skip non-chart visual asset bb433d482fbb3e3ecc16b842d7c1cb5a33d265eff4c24761b55baa0edc7a918e.jpg: score=1;chart_ratio,square_without_chart_hint,edge:0.22,large
Skip non-chart visual asset c793f110ea8dc69c1b8b2e284798654c260bccced199a63ca790ee7b0234f15a.jpg: score=0;odd_ratio:6.18,edge:0.21,contrast
Skip non-chart visual asset 3e37342c27454f9f52c3d11bc251f02a14e0be19b4e94e877c5740edec1bae29.jpg: score=1;chart_ratio,square_without_chart_hint,edge:0.21,large
Skip non-chart visual asset 221518191ea1af29569a3f61f88b192cd52aceb5be345421ae15ae00c5ed12cb.jpg: score=-100;too_small:484x112
Skip non-chart visual asset c61962648ce348c9a01377a7de784650443ea1191703f83c59c8fe7fb8139f2d.jpg: score=1;odd_ratio:4.85,edge:0.32,contrast,large
Skip non-chart visual asset 6e513782878fd268277f1e9417e8927298b105d050d05008e5fbebb743bf02a7.jpg: score=-1;square_without_chart_hint,edge:0.28
Skip non-chart visual asset be4a3b3694eb9ee8a1f6278a1631a8a07bec465c4cd1da66c87765a71cff95d3.jpg: score=0;odd_ratio:6.37,edge:0.43,contrast
Skip non-chart visual asset 1a39c6427b39ee895c978bebc1b6eadf42c9606d1bd955e11b3b836349a97d3d.jpg: score=0;odd_ratio:5.90,edge:0.20,contrast
Skip non-chart visual asset 24a2c08c922e044e48f5d68eea7548275407f3572dee91f636948769d6f8a094.jpg: score=0;chart_ratio,square_without_chart_hint,edge:0.23
Skip non-chart visual asset e9a45f071cfaefbb923f51146114eb9432c9e3b37fb946c111881dc77d4de9b8.jpg: score=0;odd_ratio:6.28,edge:0.45,contrast
Skip non-chart visual asset 4eee729eed8f5c440e2374b875fe57a5b82ec8229f18628779e511f26e44df30.jpg: score=2;chart_ratio,large
Skip non-chart visual asset 68b7b4cd60f17003964041548147bb0581c0cacf056d614fb9a41b6c33f85a7d.jpg: score=-100;too_small:484x109
Skip non-chart visual asset fc743c8f80e92f628efb1097a49e03ea63e48b344d01408aa0059b3aa4149aca.jpg: score=0;square_without_chart_hint,edge:0.19,large
Skip non-chart visual asset fc149dc68d6ef82ce2da1ca89b1ed4c9bb448e678777170ab97bc804ccb95fbe.jpg: score=-100;too_small:1156x107
Done. Results written to /home/runner/work/rpt_edit/rpt_edit/xhs_notes/dropbox/260720/shard_2; successful_reports=5; mineru_timed_out=False; mineru_attempts=1
All batches completed successfully. Generated 5 report directories.
