Found 35 total PDFs; shard 1/40 has 5 PDFs, skips 0 already converted, will process 5 PDFs with batch_size=5.
Running batch 1: 5 PDFs
Found 5 PDFs. MinerU token slots available=4.
MinerU attempt 1/4 using MINER_U_2: submitting 5 PDF(s).
Uploading PDF to MinerU: /tmp/pdf_batch_001_v_0o7dvm/pdfs/0001-06-CITI-Global Power Tools-Latest US Tariff Announcement Removes Overhang-260724.pdf
Uploading PDF to MinerU: /tmp/pdf_batch_001_v_0o7dvm/pdfs/0002-07-Deutsche Bank-Precious Blog-What importance for systematic flow--260724.pdf
Uploading PDF to MinerU: /tmp/pdf_batch_001_v_0o7dvm/pdfs/0003-08-CITI-US Semiconductors and Semiconductor Equipment-Summer Sell-off- Fundamentals Intact- Prefer Semi Caps to Semis-260724.pdf
Uploading PDF to MinerU: /tmp/pdf_batch_001_v_0o7dvm/pdfs/0004-09-Deutsche Bank-Meta-META.US-Meta Ambitions Need Meta Scale-260724.pdf
Uploading PDF to MinerU: /tmp/pdf_batch_001_v_0o7dvm/pdfs/0005-10-Goldman Sachs-China Dairy- Modern Dairy positive profit alert plus controlling stake on Shengmu- positive read across to Mengniu-260725.pdf
MinerU attempt 1 using MINER_U_2 batch_id=639b22b5-1bf8-4bd0-811d-efeb475ca872
MinerU states: running, running, pending, pending, waiting-file
MinerU states: done, done, running, running, done
MinerU states: done, done, done, running, done
MinerU states: done, done, done, done, done
Skip non-chart visual asset 7b723eb2b3c8bcb3c6b1cd703e20a31096b1ba6b3a4c20ae1193b09a8dae9b3c.jpg: score=-100;too_small:364x101
Skip non-chart visual asset f1bd38dfaf60dc55b5a741fa49d692d025d8372a22010fee8724ef0f1fc7dcc1.jpg: score=-100;too_small:365x107
Skip non-chart visual asset dfdfae2f0349081b001d08268c621d5d1e07243ae2db2218e45db192d7bb899d.jpg: score=-100;too_small:1304x95
Skip non-chart visual asset 04825debf0ef8c39bb7027800bae6efbdc1ed0d48fa58468b57a1ca3163345ee.jpg: score=-100;too_small:359x129
Skip non-chart visual asset eeae488616a2127d9c619f60fa8bbb505a0edd415d643b4c1413f79032e93a18.jpg: score=-100;too_small:368x132
/home/runner/work/rpt_edit/rpt_edit/scripts/pdf_to_xhs_batch.py:307: DeprecationWarning: Image.Image.getdata is deprecated and will be removed in Pillow 14 (2027-10-15). Use get_flattened_data instead.
  pixels = list(gray.getdata())
Skip non-chart visual asset 3c5bdfd12598218f4246843e9ea984de8d9f18598c4e75c98c393e5a48b71e12.jpg: score=-100;too_small:359x101
Skip non-chart visual asset eb80aab42245ca0f149122fdcb14e31a40c95b73187da22a3c1112cc345a4e5a.jpg: score=-100;too_small:373x107
Skip non-chart visual asset e2fdee09292a957c3277798304963989cf0c42b244c3bcbc54812d930de342f9.jpg: score=-100;too_small:1307x126
Skip non-chart visual asset 9210eaaad104094bd7f88f37839278ea5287538fc634e613c7f3d86973f67a73.jpg: score=-100;too_small:365x123
Skip non-chart visual asset c07e55f5b26dbf760575974b923ac0ed83bceffb2adde335028b65646e389a82.jpg: score=-100;too_small:367x126
Skip non-chart visual asset b413d460e7c70c8ca0070c8a836f443ed068f1a18201860d35351bc87000e8c4.jpg: score=-100;too_small:368x104
Skip non-chart visual asset 62da113b01fc6052f27d1900f7f2610a90e92d4e04bda2556750c888be625f4a.jpg: score=-100;too_small:365x129
Skip non-chart visual asset 73aad6930280e3ad2b40e07ab824d0f80546c03b7d01bbbc015bb1c2c55ba76b.jpg: score=-100;too_small:365x132
Skip non-chart visual asset bb1bc440e32d7592e6eafae15933231427c75d122d618c6ccef74fc9843d1417.jpg: score=-100;too_small:1431x145
Skip non-chart visual asset 0028a7a0fc83d98ed8b639e0a617e60a84a8aca3684417d7a554477e0cce05e3.jpg: score=2;contrast,large
Skip non-chart visual asset 12b52e33518986168a255d68db10b402956e6bcd35b229da1c4d23458b2a69f0.jpg: score=-100;too_small:1298x73
Skip non-chart visual asset a0f3386f5e25ca0e0b27afab2cb1d3cf814d7a4996de1c524e618f7b31dc1799.jpg: score=-100;too_small:368x106
Neutralized WeChat title while keeping the report: 花旗：全球电动工具-美国新关税落地消除不确定性 -> 花旗：跨境贸易与行业变化观察
Skip non-chart visual asset a9ae6fdffb17c368e32cb5ed84b825ae8dd292cb74dd19b9b7555bc41d82bbf0.jpg: score=1;chart_ratio,square_without_chart_hint,edge:0.24,contrast
Skip non-chart visual asset c084629887fe86875b8af5df9d6e11ca8ce8afc3026067571881f970089ca405.jpg: score=1;chart_ratio,square_without_chart_hint,edge:0.23,contrast
Skip non-chart visual asset d421aa497d8268ed2b81b6062c529ee7e0b1be889dc5b9e85274a61047c56c85.jpg: score=0;odd_ratio:4.92,edge:0.27,large
Skip non-chart visual asset 978503f25990fff5fa12b3bfd61b5c8deb78423b7d0872c1736a1078caa70cdc.jpg: score=1;chart_ratio,square_without_chart_hint,edge:0.27,contrast
Skip non-chart visual asset fab0077f9e4ea541ce84410509532141c45d1c89693900ab37604e06da0dad8b.jpg: score=2;edge:0.20
Skip non-chart visual asset ee4a54fcda02f2e562c434f47f65cc40d3bedbc25a60a71e5f440795d716ef8d.jpg: score=1;chart_ratio,square_without_chart_hint,edge:0.55,large
Skip non-chart visual asset c35d0e271b1927f878eb2d31c3b63a42ac9ba19a769bfa1b9666382e381640cd.jpg: score=2;edge:0.28
Skip non-chart visual asset 44ae3c8abee14dd138cece8e43d40d840ce9959263ba912b16f47c9743d3d4f6.jpg: score=-100;too_small:1429x154
Neutralized WeChat title while keeping the report: 花旗：美国半导体与设备-夏季回调基本面不变偏好设备公司 -> 花旗：半导体行业数据与主题变化观察
Skip non-chart visual asset 79cf11e3636d7b8b159623a8f80ca70ede5610d50b07b0d2cf577897864822b9.jpg: score=0;odd_ratio:4.92,edge:0.28,large
Skip non-chart visual asset 878af3ca102f9888de02d18709905d44b6dbdcd0ef065568a0281bbb3ec1efe4.jpg: score=1;chart_ratio,square_without_chart_hint,edge:0.42,large
Skip non-chart visual asset 95f4f527712ce68e10d6fc376370f82ca526835654d5f2e015513b128b6ee78e.jpg: score=-100;too_small:1412x145
Skip non-chart visual asset e8df2a930bad762c06b52a06b08703dd2e69af06c6c3776479f58f009f8d1a87.jpg: score=-100;too_small:771x162
Skip non-chart visual asset b86f422a7a852a3efdcd82860857c49e7248e2805df5bbf0a4a9ddf03ddf1aab.jpg: score=-100;too_small:776x160
Skip non-chart visual asset 528873ccbd608e08682bb0a1bf5ed3cb67a734346732a93240e0a1a1b4904391.jpg: score=-100;too_small:1393x76
Skip non-chart visual asset 4ac53664e9b9dd96f052d3bc2cf5bb7a901cdb5221420b323b339b83f3e86784.jpg: score=-100;too_small:398x123
Neutralized WeChat title while keeping the report: 德意志银行：Meta雄心需规模支撑 -> 德意志银行：研究主题与行业变化观察
Skip non-chart visual asset 3bb637e3c638164960c8f3487808ad092abad72b347738cd974e7713ea6d7bb1.jpg: score=-100;too_small:1159x109
Skip non-chart visual asset 0a603331d6871bf5696b7593b231d12705a1f6f4d9f6374c7b4af75727e7c0fc.jpg: score=-1;square_without_chart_hint,edge:0.26
Neutralized WeChat title while keeping the report: 高盛：中国乳业-现代牧业盈利预警及收购中国圣牧对蒙牛的影响 -> 高盛：研究主题与行业变化观察
Done. Results written to /home/runner/work/rpt_edit/rpt_edit/xhs_notes/dropbox/260726/shard_1; successful_reports=5; mineru_timed_out=False; mineru_attempts=1
All batches completed successfully. Generated 5 report directories.
