Found 35 total PDFs; shard 4/40 has 5 PDFs, skips 0 already converted, will process 5 PDFs with batch_size=5.
Running batch 1: 5 PDFs
Found 5 PDFs. MinerU token slots available=4.
MinerU attempt 1/4 using MINER_U: submitting 5 PDF(s).
Uploading PDF to MinerU: /tmp/pdf_batch_001_qenhawvn/pdfs/0001-21-J.P. Morgan-China- A preview of the July Politburo-260724.pdf
Uploading PDF to MinerU: /tmp/pdf_batch_001_qenhawvn/pdfs/0002-22-J.P. Morgan-European Luxury and Sporting Goods Weekly-Timely - Priceless-260724.pdf
Uploading PDF to MinerU: /tmp/pdf_batch_001_qenhawvn/pdfs/0003-23-J.P. Morgan-PCs and Servers-Read-through from INTC-s 2Q26 and AMD Advancing AI 2026-260724.pdf
Uploading PDF to MinerU: /tmp/pdf_batch_001_qenhawvn/pdfs/0004-24-J.P. Morgan-Digital Realty Trust-DLR.US-Strong Bookings- Backlog- and Commencements- with Rapidly Improving Pricing Outlook- Multi-Year Double Digit Core FFOPS Grow.pdf
Uploading PDF to MinerU: /tmp/pdf_batch_001_qenhawvn/pdfs/0005-25-Morgan Stanley-Aluminum Corp. of China Ltd.-2600.HK-Baotou Plant Visit and Management Meeting-260724.pdf
MinerU attempt 1 using MINER_U batch_id=7c2650df-c5bc-4e9a-b1fc-e1cd25d6a359
MinerU states: done, pending, running, pending, waiting-file
MinerU states: done, running, done, running, running
MinerU states: done, done, done, done, done
Skip non-chart visual asset 1003e14d5f9d8433f54195faf4e0114a7dcd99829d39650efca87f2e48196177.jpg: score=-100;too_small:165x159
MinerU images did not look like charts; keeping only the title card and letting downstream AI fill body images.
Neutralized WeChat title while keeping the report: 摩根大通：中国7月政治局会议前瞻 -> 摩根大通：区域环境与行业变化观察
/home/runner/work/rpt_edit/rpt_edit/scripts/pdf_to_xhs_batch.py:307: DeprecationWarning: Image.Image.getdata is deprecated and will be removed in Pillow 14 (2027-10-15). Use get_flattened_data instead.
  pixels = list(gray.getdata())
Skip non-chart visual asset 6e64baf4d76ca056d95ef3d3225270dd0b08dfd1258f2a5392677d61da92930a.jpg: score=-100;too_small:415x179
Skip non-chart visual asset 68e151e1f9d3e3818cd32fdb0965cbd7fe8a5089a441d687c693fa41ff449992.jpg: score=-100;too_small:982x168
Skip non-chart visual asset a7a0560c73652090723c5433b489f5d279661f5a14747bd14c4b68509872a8f4.jpg: score=-100;too_small:1456x123
Skip non-chart visual asset 19c3fe732b8fbd268236fb966195d5526f9d926e6ffac30261cc9dbaa9c0b6a4.jpg: score=-100;too_small:1456x107
Neutralized WeChat title while keeping the report: 摩根大通：欧洲奢侈品周报，Q2业绩分化加剧 -> 摩根大通：消费品牌数据与主题变化观察
Skip non-chart visual asset 4d13eb529bd71573fa9729e410324ee4da52cda760194306384c7b49487efba9.jpg: score=0;chart_ratio,square_without_chart_hint,edge:0.32
Skip non-chart visual asset ed9f31bf35228d3a8fb3c581adafdcecb17cd4470549800a195daee4ca88ebaa.jpg: score=-100;too_small:982x168
Skip non-chart visual asset d34d499f5e276aab35e34e1ca2fa32883d80d478f4d29e58b0a287b01e4e255d.jpg: score=0;square_without_chart_hint,edge:0.29,large
Skip non-chart visual asset 4fb7a20c2da4ecf6059b900a65869fa75c4b70b3f4a55c379fd05d0a46f7a835.jpg: score=-100;too_small:623x87
Skip non-chart visual asset 789bd2eda13dc9c0144718b1390d41c4f16a71eb6f8ef5b3aca65a74ebe37693.jpg: score=-100;too_small:337x101
Skip non-chart visual asset 5c810e5f68bfda43e9d13bef8acadf91de1265ffc9ddf65081cd16af22d8e75d.jpg: score=-100;too_small:982x170
Skip non-chart visual asset b7e33774d9ddaaa41d57228b1c0db86eee695319f9f7ea3a994c4d663c7c05c4.jpg: score=0;chart_ratio,square_without_chart_hint,edge:0.32
Skip non-chart visual asset d0795ecfe6a6a55b24e322e8901ef533c2165f203ea8c5fff9907cd8fbd313d2.jpg: score=-100;too_small:448x195
Skip non-chart visual asset 45b3b5d3e2026396a72ca244bc48f2cbe530d00dc2b71f9b92d62f8364dece8c.jpg: score=-1;square_without_chart_hint,edge:0.37
Skip non-chart visual asset efd2e256239a10b85840ebe7144560ff55175a604d207c65ea4879d7a59b605b.jpg: score=-100;too_small:448x162
Skip non-chart visual asset e1aa5ad12ef1e651b9ae67c2ad6a0fc6449380e154ba3443cd8055b58ef2523f.jpg: score=-100;too_small:501x128
Skip non-chart visual asset 31f37f18919883033995342fcf587588c1f0bdd5e3238284335f9e23418e5b40.jpg: score=-100;too_small:95x98
Skip non-chart visual asset 9ada591eeab992b657dbee8fb7f1053de5d585bae7ca4720d93637f36029c7c4.jpg: score=0;square_without_chart_hint,edge:0.30,large
Skip non-chart visual asset 195eb97801e4ed32dbc26a1d16a8148d05c8f33c5b1261dd97bfd1a759794078.jpg: score=-1;square_without_chart_hint,edge:0.30
Skip non-chart visual asset 484cdee9b38c349ae853127cade818e1c9da1e018b9628974fe6b2f07d95bd6e.jpg: score=0;chart_ratio,square_without_chart_hint,edge:0.34
Skip non-chart visual asset ff3209b4d510ffb7400fbca5efd1d89856dc401719554cbf936822b24dafad40.jpg: score=0;square_without_chart_hint,edge:0.15,large
Skip non-chart visual asset 256d3b64761371053ce9a7a84557cf6276a757e9f87969bf7c44f4ecd182391d.jpg: score=-100;too_small:518x135
Skip non-chart visual asset 678deff7415879268f99f0e9c22c219536e9152b85adfcbada9d1ed8744f4e53.jpg: score=1;large
Done. Results written to /home/runner/work/rpt_edit/rpt_edit/xhs_notes/dropbox/260726/shard_4; successful_reports=5; mineru_timed_out=False; mineru_attempts=1
All batches completed successfully. Generated 5 report directories.
