Found 78 total PDFs; shard 5/40 has 5 PDFs, skips 0 already converted, will process 5 PDFs with batch_size=5.
Running batch 1: 5 PDFs
Found 5 PDFs. MinerU token slots available=2.
MinerU attempt 1/4 using MINER_U_2: submitting 5 PDF(s).
Uploading PDF to MinerU: /tmp/pdf_batch_001_npwkz7_6/pdfs/0001-26-Goldman Sachs-Japan Economic Flash-Basic Policies and Growth Strategy Outline Takaichi Administration-s Fiscal Shift-260722.pdf
Uploading PDF to MinerU: /tmp/pdf_batch_001_npwkz7_6/pdfs/0002-27-Goldman Sachs-Korea Financials - Fintech- HK SG marketing feedback-A solid value choice to weather turbulent markets-260721.pdf
Uploading PDF to MinerU: /tmp/pdf_batch_001_npwkz7_6/pdfs/0003-28-Goldman Sachs-Yingliu -603308.SS-- 2Q26 Preview- Slight capacity expansion in June with more to come in 2H26- with long-term agreements extended- Buy-260721.pdf
Uploading PDF to MinerU: /tmp/pdf_batch_001_npwkz7_6/pdfs/0004-29-Goldman Sachs-South Korea- Moderate Pullback in Early July Exports- Weighed Down by Ex-chip Demand-260721.pdf
Uploading PDF to MinerU: /tmp/pdf_batch_001_npwkz7_6/pdfs/0005-30-HSBC-Asia AI watch-Reinforcing the case for monetary tightening-260720.pdf
MinerU attempt 1 using MINER_U_2 batch_id=4d242719-3715-47ed-8297-2656665e0db6
MinerU states: pending, pending, pending, pending, waiting-file
MinerU states: running, running, done, running, running
MinerU states: done, done, done, done, running
MinerU states: done, done, done, done, running
MinerU states: done, done, done, done, done
/home/runner/work/rpt_edit/rpt_edit/scripts/pdf_to_xhs_batch.py:293: DeprecationWarning: Image.Image.getdata is deprecated and will be removed in Pillow 14 (2027-10-15). Use get_flattened_data instead.
  pixels = list(gray.getdata())
Neutralized WeChat title while keeping the report: 高盛：日本宏观环境快报-基本政策与增长战略大纲-高市政权财政转向 -> 高盛：行业规则与主题变化观察
Skip non-chart visual asset 827e7ba5b65cccdb053a301ab5cf62c3ca553e6bd27e24c188479b1fc34b6f63.jpg: score=-100;too_small:1156x107
Neutralized WeChat title while keeping the report: 高盛：韩国资金与资金科技-香港新加坡营销反馈-稳健价值选择应对市场波动 -> 高盛：研究主题与行业变化观察
Skip non-chart visual asset 7f69f2825feb3dd0f8754949dc47ee40f239e6cc9cf65366bddeafabc7ffd978.jpg: score=-100;too_small:523x123
Skip non-chart visual asset 4b58a2ae9ea6818163478fd36c5f0c13fe01e729614d05b6f845a0a90d870fdf.jpg: score=-100;too_small:1159x106
Skip non-chart visual asset 4c2e75aea92af382f5dd8c8c599e797e12f4da9181e8c06455c90c949997139b.jpg: score=1;odd_ratio:5.53,edge:0.44,contrast,large
Neutralized WeChat title while keeping the report: 高盛：应流股份2Q26预览，6月产能小幅扩张，长期协议续签 -> 高盛：应流股份业务与季度数据观察
Neutralized WeChat title while keeping the report: 高盛：韩国7月上旬出口回落 -> 高盛：跨境贸易数据与主题变化观察
Skip non-chart visual asset 79a60b52b32682f0b5c3c9875320f7418152c9f29bb2a54f41318da0053f7e98.jpg: score=1;chart_ratio,square_without_chart_hint,edge:0.18,contrast
Skip non-chart visual asset 5efbdfbf3149257af299fbb8692a8ddb26a4a299c23fea15f0e2617b2d14233f.jpg: score=1;chart_ratio,square_without_chart_hint,edge:0.21,contrast
Skip non-chart visual asset 97ce8cb185a11cc9f5261e751ba769cbc98384471fee710150c9241482334f08.jpg: score=1;chart_ratio,square_without_chart_hint,edge:0.18,contrast
Skip non-chart visual asset db57b5090192a1297918c9758b111b599fbbcdeef6a755f82a1d9dabf183e077.jpg: score=0;chart_ratio,square_without_chart_hint,edge:0.22
Skip non-chart visual asset 9a7679ee191f9d5555a64e5be683fbcb927336fa512c4231ecfded82a0623963.jpg: score=0;chart_ratio,square_without_chart_hint,edge:0.22
Skip non-chart visual asset a74a4384b10f6a026d76c54c3036be48a13b167aa0d66a6cdd46067e871244f1.jpg: score=1;chart_ratio,square_without_chart_hint,edge:0.41,contrast
Skip non-chart visual asset 1ff66b49943a1e41af09ed5e00d0b5e7a67f516e57cc1132ae5a3429f654956d.jpg: score=0;chart_ratio,square_without_chart_hint,edge:0.28
Skip non-chart visual asset 1683531bc82629b96d771fbaeea0af64cd7ea05edfeddc345860161582d52da5.jpg: score=0;chart_ratio,square_without_chart_hint,edge:0.20
Skip non-chart visual asset 831542329e43a75570ed5a2aade6e2d3e0b4d0a7c31843b0a38eabba2f1e007f.jpg: score=0;chart_ratio,square_without_chart_hint,edge:0.23
Skip non-chart visual asset 447d21f91c788dcd7b5d616bb18768059f4fa9c2eb21a559eb7903684b220906.jpg: score=1;chart_ratio,square_without_chart_hint,edge:0.28,contrast
Skip non-chart visual asset 0401c9ac87dd45c5912b780b192edfd5f8c50f0333ba0f0adbb96d5bdb35d937.jpg: score=0;chart_ratio,square_without_chart_hint,edge:0.19
Skip non-chart visual asset a3b3ceeef5d1808579fd775ccaa6db7784c95053f5a2cc1ac72535a0e8d95a0a.jpg: score=0;chart_ratio,square_without_chart_hint,edge:0.18
Skip non-chart visual asset a0581b3d82565f034ea709ccfcf419c617f01a405ca7c042f5d6490a8cbbe349.jpg: score=0;chart_ratio,square_without_chart_hint,edge:0.21
Skip non-chart visual asset 148a5566e64857217b083a8e8510bb7225cae0ffe4d940eef4dd7c7e477ec055.jpg: score=1;chart_ratio,square_without_chart_hint,edge:0.33,contrast
Skip non-chart visual asset 872295af35bfb146b9775de25ccb7d3747be877cf0c81a74112da873a1c73378.jpg: score=0;chart_ratio,square_without_chart_hint,edge:0.17
Neutralized WeChat title while keeping the report: 汇丰：亚洲AI观察-强化货币紧缩理由 -> 汇丰：货币市场与相关指标观察
Done. Results written to /home/runner/work/rpt_edit/rpt_edit/xhs_notes/dropbox/260722/shard_5; successful_reports=5; mineru_timed_out=False; mineru_attempts=1
All batches completed successfully. Generated 5 report directories.
