Found 36 total PDFs; shard 2/40 has 5 PDFs, skips 0 already converted, will process 5 PDFs with batch_size=5.
Running batch 1: 5 PDFs
Found 5 PDFs.
Uploading PDF to MinerU: /tmp/pdf_batch_001_wmlmjr4j/pdfs/0001-11-CITI-Metal Matters-Aluminium - The most bullish set-up in over-50 years- next stop -4-000 t-260518.pdf
Uploading PDF to MinerU: /tmp/pdf_batch_001_wmlmjr4j/pdfs/0002-12-Deutsche Bank-China Solar Sector-Takeaways from Chinese Companies at DB-s Virtual Global Solar Conference-260518.pdf
Uploading PDF to MinerU: /tmp/pdf_batch_001_wmlmjr4j/pdfs/0003-13-Deutsche Bank-New Energy Vehicle-Top 15 countries- new energy vehicle sales volume tracker-March 2026-260519.pdf
Uploading PDF to MinerU: /tmp/pdf_batch_001_wmlmjr4j/pdfs/0004-14-Goldman Sachs-Natural Gas Comment- US Production Showing Signs of Price Sensitivity-260519.pdf
Uploading PDF to MinerU: /tmp/pdf_batch_001_wmlmjr4j/pdfs/0005-15-HSBC-China Chemicals-Investor marketing feedback-260518.pdf
MinerU batch_id=76f73a4e-082d-4453-8dbd-e1460feeed41
MinerU states: pending, pending, pending, pending, waiting-file
MinerU states: running, pending, pending, done, running
MinerU states: running, running, running, done, done
MinerU states: running, running, running, done, done
MinerU states: running, running, running, done, done
MinerU states: running, running, running, done, done
MinerU states: running, running, running, done, done
MinerU states: done, running, done, done, done
MinerU states: done, running, done, done, done
MinerU states: done, running, done, done, done
MinerU states: done, done, done, done, done
Done. Results written to /home/runner/work/rpt_edit/rpt_edit/xhs_notes/dropbox/260520/shard_2
All batches completed successfully.
