Found 74 total PDFs; shard 6/40 has 5 PDFs, skips 0 already converted, will process 5 PDFs with batch_size=5.
Running batch 1: 5 PDFs
Found 5 PDFs. MinerU token slots available=2.
MinerU attempt 1/4 using MINER_U_2: submitting 5 PDF(s).
Uploading PDF to MinerU: /tmp/pdf_batch_001_u5gswru4/pdfs/0001-31-Goldman Sachs-China- SAFE data suggest some FX inflows in June-260717.pdf
Uploading PDF to MinerU: /tmp/pdf_batch_001_u5gswru4/pdfs/0002-32-Goldman Sachs-GLOBAL FX TRADER-Cool- Calm and Collected-260717.pdf
Uploading PDF to MinerU: /tmp/pdf_batch_001_u5gswru4/pdfs/0003-33-Goldman Sachs-Global Rates Trader-Quick Duration Break-260717.pdf
Uploading PDF to MinerU: /tmp/pdf_batch_001_u5gswru4/pdfs/0004-34-Goldman Sachs-JCET -600584-- New advanced packaging capacity announced- 2Q26 NI guidance beat-260717.pdf
Uploading PDF to MinerU: /tmp/pdf_batch_001_u5gswru4/pdfs/0005-35-Goldman Sachs-HSBC -0005.HK HSBA.L-2Q26 Preview- Another robust quarter- with focus on NII guidance and wealth trends-260717.pdf
MinerU attempt 1 using MINER_U_2 batch_id=ff973967-b364-4af2-9a5c-3cb3b4cf8d05
MinerU states: running, running, running, pending, waiting-file
MinerU states: done, running, running, running, running
MinerU states: done, running, done, done, done
MinerU states: done, done, done, done, done
/home/runner/work/rpt_edit/rpt_edit/scripts/pdf_to_xhs_batch.py:292: DeprecationWarning: Image.Image.getdata is deprecated and will be removed in Pillow 14 (2027-10-15). Use get_flattened_data instead.
  pixels = list(gray.getdata())
Skip non-chart visual asset 9b8d644326fb7e1cd00574086de189b21aaa616f2033a946499f8cd5611563b0.jpg: score=2;chart_ratio,large
Skip non-chart visual asset 8e8ccf2a1d097445f8a63f3080f46cec97a50d75c342a8a8bda8ddcffb7c7907.jpg: score=1;square_without_chart_hint,edge:0.22,contrast,large
Skip non-chart visual asset e0c973fe4057321b63816d5f35e58defba8806e559b55557c93757ff12662643.jpg: score=1;square_without_chart_hint,edge:0.19,contrast,large
Skip non-chart visual asset 0a5d65d1d6261208a5c679e1145409d77f57abded4626c2e57b205056a1d5505.jpg: score=-100;too_small:337x207
Skip non-chart visual asset 6c4d3d4f8ef130d88f01960f1b1a8b41d24c9b051ec287b383247f691d1cbf09.jpg: score=0;chart_ratio,square_without_chart_hint,edge:0.10
Skip non-chart visual asset 13788dfab8363be1ae87a570c7225f8d89c17fee1b1ec50bb20fe360d66e12c2.jpg: score=1;chart_ratio
Skip non-chart visual asset 6df6054c9333ec183bb25235362db68b9d7299214aa0d5a66a315a46a3517b78.jpg: score=0;odd_ratio:5.79,edge:0.38,contrast
Skip non-chart visual asset 93de222de4c5e76c8fd82928cf570a5b6c7723292e9b1e2edfedde5a4a6e1819.jpg: score=0;chart_ratio,square_without_chart_hint,edge:0.11
Skip non-chart visual asset fe0cb05d6be913b10c06dbc9224e876458d002ce97b0327e6bbd7d5541a79245.jpg: score=-100;too_small:1384x160
Skip non-chart visual asset ad9be6c7c9388bfd5dff04d2973a47cee6be4144c874cd2fae3edebb1d205e14.jpg: score=-100;too_small:1387x148
Skip non-chart visual asset 645fd81d300f90db49a0ef839c1cb51e3caed5be131878ce32317aee19357f8b.jpg: score=-100;too_small:1159x107
Skip non-chart visual asset 583b6164a1077240b37938d99e7e890108ea4cdac1b6a172b335262812b1aa85.jpg: score=-100;too_small:640x112
Skip non-chart visual asset 5816b9ba462351e509a3a468403dd78a12efa230559df37c21a748c53d9b2f74.jpg: score=-100;too_small:478x109
Done. Results written to /home/runner/work/rpt_edit/rpt_edit/xhs_notes/dropbox/260718/shard_6; successful_reports=5; mineru_timed_out=False; mineru_attempts=1
All batches completed successfully. Generated 5 report directories.
