Found 62 total PDFs; shard 12/40 has 2 PDFs, skips 0 already converted, will process 2 PDFs with batch_size=5.
Running batch 1: 2 PDFs
Found 2 PDFs. MinerU token slots available=2.
MinerU attempt 1/4 using MINER_U_2: submitting 2 PDF(s).
Uploading PDF to MinerU: /tmp/pdf_batch_001_yf4ymjwd/pdfs/0001-61-UBS-Alphabet Inc. - Class A Revenue Growth Was Already Dialed In-260723.pdf
Uploading PDF to MinerU: /tmp/pdf_batch_001_yf4ymjwd/pdfs/0002-62-UBS-China Technology-WAIC 2026 Tech Tour takeaways-260721.pdf
MinerU attempt 1 using MINER_U_2 batch_id=f5a271b0-e413-48f9-898a-92a740f1c286
MinerU states: pending, pending
MinerU states: pending, pending
MinerU states: pending, pending
MinerU states: pending, pending
MinerU states: pending, pending
MinerU states: pending, pending
MinerU states: pending, pending
MinerU states: pending, pending
MinerU states: pending, pending
MinerU states: pending, pending
MinerU states: pending, pending
MinerU states: pending, pending
MinerU states: pending, pending
MinerU states: pending, pending
MinerU states: pending, pending
MinerU states: pending, pending
MinerU states: pending, pending
MinerU states: pending, pending
MinerU states: pending, pending
MinerU states: pending, pending
MinerU states: pending, pending
MinerU batch f5a271b0-e413-48f9-898a-92a740f1c286 had no parsing progress after 300s; switching token/retry path.
2 PDF(s) remain incomplete after attempt 1.
MinerU attempt 2/4 using MINER_U: submitting 2 PDF(s).
Uploading PDF to MinerU: /tmp/pdf_batch_001_yf4ymjwd/pdfs/0001-61-UBS-Alphabet Inc. - Class A Revenue Growth Was Already Dialed In-260723.pdf
Uploading PDF to MinerU: /tmp/pdf_batch_001_yf4ymjwd/pdfs/0002-62-UBS-China Technology-WAIC 2026 Tech Tour takeaways-260721.pdf
MinerU attempt 2 using MINER_U batch_id=9d8e2700-4320-443d-adbf-16085fbe4116
MinerU states: pending, pending
MinerU states: running, running
MinerU states: running, running
MinerU states: running, running
MinerU states: done, done
/home/runner/work/rpt_edit/rpt_edit/scripts/pdf_to_xhs_batch.py:293: DeprecationWarning: Image.Image.getdata is deprecated and will be removed in Pillow 14 (2027-10-15). Use get_flattened_data instead.
  pixels = list(gray.getdata())
Skip non-chart visual asset daa84bf4a03aed1df61f146962ecfe741842d750fa117e8b3321d09745875d43.jpg: score=-1;odd_ratio:7.45,edge:0.19
Skip non-chart visual asset acc60bffc47b6fa71387b2fe6b899dbb1921c2c3d4512a06b788569fb8e5eeec.jpg: score=2;edge:0.12
Skip non-chart visual asset 5de3bbedb17b63815abce8f233330a3f4eac73239ad20c7515a5fbb7044b734a.jpg: score=-1;odd_ratio:7.58,edge:0.21
Skip non-chart visual asset 045b207df9d4754447aa18d14309994bfdbd5263b208bab055446bea1d33707c.jpg: score=-100;too_small:440x87
Skip non-chart visual asset b6fed381666d1522e18a02052f7429733a8a390a1b614842e4c60ee30a2a967b.jpg: score=-1;odd_ratio:7.02,edge:0.24
Skip non-chart visual asset 10ae43a202b3aac348d6efae96f290d1f317be74fb191bb4dd8425b75f377cd3.jpg: score=-1;odd_ratio:7.46,edge:0.25
Skip non-chart visual asset 4eff7b6f38d2dcb23a74f1010ad5c9cb80632cf791d8333f118eddca1e1b0728.jpg: score=-100;too_small:223x84
Skip non-chart visual asset 5c38cd84492038e15f69441262f3f537fb1d93faeb6f6bca932d96f029c2fbd7.jpg: score=1;chart_ratio
Skip non-chart visual asset ce10b6bcdf4b70b9f631d05962fecbd1ffebbfa53a3a7da57d3aed2e834a7a55.jpg: score=1;chart_ratio,square_without_chart_hint,edge:0.23,large
Skip non-chart visual asset be466bde95ad6da0658c7ebb31df6ae30125ea3c5a5b77e579f629f556bb17a1.jpg: score=0;odd_ratio:7.58,edge:0.28,contrast
Neutralized WeChat title while keeping the report: 瑞银：Alphabet收入增长已被市场定价 -> 瑞银：Alphabet业务与近期数据观察
Skip non-chart visual asset 58e965b41c9d00ddac3f94f05332edbe029766aca655ed2ee96cec3c2e26331d.jpg: score=0;odd_ratio:7.58,edge:0.28,contrast
Skip non-chart visual asset e7d73d788b460864f9c471ad9a3531c1decc067a331993c5000a2d268134291b.jpg: score=-100;too_small:223x84
Skip non-chart visual asset 8ad3492c698c616b99d3743124c47fc3d82f1ca5f6581d6276f1f5d6fa8645ba.jpg: score=0;odd_ratio:7.19,edge:0.33,contrast
Done. Results written to /home/runner/work/rpt_edit/rpt_edit/xhs_notes/dropbox/260723/shard_12; successful_reports=2; mineru_timed_out=True; mineru_attempts=2
All batches completed successfully. Generated 2 report directories.
