Found 11 total PDFs; shard 0/40 has 5 PDFs, skips 0 already converted, will process 5 PDFs with batch_size=5.
Running batch 1: 5 PDFs
Found 5 PDFs. MinerU token slots available=2.
MinerU attempt 1/4 using MINER_U_2: submitting 5 PDF(s).
Uploading PDF to MinerU: /tmp/pdf_batch_001_0s9h_fw8/pdfs/0001-01-J.P. Morgan-Global Data Watch- Asia Oil Down- Dollar Up- A Rotation in Asian Central Banks-260627.pdf
Uploading PDF to MinerU: /tmp/pdf_batch_001_0s9h_fw8/pdfs/0002-02-Goldman Sachs-Commodity Views-From Energy to Metals- Why to Still Diversify Into Commodities-260628.pdf
Uploading PDF to MinerU: /tmp/pdf_batch_001_0s9h_fw8/pdfs/0003-03-Morgan Stanley-US Rates Strategy-Equity Funding Implies a Tumultuous Quarter-End-260627.pdf
Uploading PDF to MinerU: /tmp/pdf_batch_001_0s9h_fw8/pdfs/0004-04-Bofa-Global Memory Tech Weekly theme-Micron results implications for Asian memory chipmakers-260626.pdf
Uploading PDF to MinerU: /tmp/pdf_batch_001_0s9h_fw8/pdfs/0005-05-Bernstein-Global Energy Storage-Battery Weekly 29 June-260629.pdf
MinerU attempt 1 using MINER_U_2 batch_id=1e50cf2e-45fb-459b-95c2-822a07e4a58e
MinerU states: running, running, running, pending, waiting-file
MinerU states: done, done, done, running, done
MinerU states: done, done, done, done, done
Skip non-chart visual asset 4d534293d7e4c989a24f9a872dd1d8f8c20399dcdfbb82dc60b0d32f9f6d4aa9.jpg: score=-100;too_small:984x112
/home/runner/work/rpt_edit/rpt_edit/scripts/pdf_to_xhs_batch.py:277: DeprecationWarning: Image.Image.getdata is deprecated and will be removed in Pillow 14 (2027-10-15). Use get_flattened_data instead.
  pixels = list(gray.getdata())
Skip non-chart visual asset 5b40f8fc7e42d6d72e162a20a1d68c2aa5308d1fc5e3693b9bca0473db3b96a9.jpg: score=0;square_without_chart_hint,edge:0.16,large
Skip non-chart visual asset e45ff8722e378cd1ada02ce6d36ef1cbc36e56404be24cbedc61a03f7440db5e.jpg: score=1;chart_ratio,square_without_chart_hint,edge:0.28,large
Skip non-chart visual asset 33199cc6203952600a4466626877e0d7fb0b76d832e4ebca45d18d94fd9c105f.jpg: score=0;square_without_chart_hint,edge:0.25,large
Skip non-chart visual asset 79cef4065b3c3c6ea18fe375488c2441c15278a3ca9ddb8568f7a59de08fc225.jpg: score=0;odd_ratio:4.85,edge:0.27,contrast
Skip non-chart visual asset 896f978bb65c7ed22b8f10fb4736088c3529aba2665b52688003ec46d264acbe.jpg: score=2;chart_ratio,square_without_chart_hint,edge:0.25,contrast,large
Skip non-chart visual asset 0c0c49ba5bf8b20a2fb9eb1b7aa2e9430650578a3fc34cc81a297a8d2fd8b51b.jpg: score=2;chart_ratio,square_without_chart_hint,edge:0.26,contrast,large
Skip non-chart visual asset f992ad5c7e62f039b679a06c5c84422f16d89817bcfb5111d4bf10a61c715a86.jpg: score=1;chart_ratio,square_without_chart_hint,edge:0.23,large
Skip non-chart visual asset 762e7fb559ca4f94f1d463dc3d2e136eb197f472884aeae660cbadf4365484e6.jpg: score=0;chart_ratio,square_without_chart_hint,edge:0.17
Skip non-chart visual asset cf56776b00a1ce014f4a0d810281793029a438d259a877fc48d6884d539d5c8e.jpg: score=1;chart_ratio,square_without_chart_hint,edge:0.24,contrast
Skip non-chart visual asset d039553ffe0be25ace8d58b73f4832c6e161e2cfc68a5d2ebfc0655f4f84f8ae.jpg: score=0;chart_ratio,square_without_chart_hint,edge:0.17
Skip non-chart visual asset 7d0d7c5ef35e71d607fcbb16fdfb35902805aa7fc22faaa948352b80384cc254.jpg: score=1;large
Skip non-chart visual asset 40dd28f7c49e61ea177f64a5556f555510e9ee431ac226b3c65116b9388e65be.jpg: score=0;chart_ratio,square_without_chart_hint,edge:0.20
Skip non-chart visual asset 297fe4157cf1faf165bc5e5f6b8d84fed78fd4a6912ee54245c28102bd2df5bd.jpg: score=0;chart_ratio,square_without_chart_hint,edge:0.23
Skip non-chart visual asset d04a37447fd55710946c176f7bcbff0dd5f7ef9b61fdc908acf2a7d51850015b.jpg: score=0;chart_ratio,square_without_chart_hint,edge:0.18
Skip non-chart visual asset 32dba90f8efbaca4c848346e3b1c50c9af14b5ab4739d0a95d5d6b853a6a681f.jpg: score=-2;chart_ratio,square_without_chart_hint
Skip non-chart visual asset ef0d7ec598ff71bd143e213bc4319f2b3ea11f2c440bcbaa03077948c8552fab.jpg: score=0;chart_ratio,square_without_chart_hint,edge:0.21
Skip non-chart visual asset 9b83aded1e6160489d0d3bcff50881f9c1fbe06d097d52f62ad996fda1f9ad97.jpg: score=0;chart_ratio,square_without_chart_hint,edge:0.19
Skip non-chart visual asset f71b6e95a9513598012426ea95a322fe50d8afc52c29f594187e2b49dfd97860.jpg: score=0;chart_ratio,square_without_chart_hint,edge:0.25
Skip non-chart visual asset b3a066f82c20b873967838f368632246823bdd91bd47ae0f648b32deca84bd63.jpg: score=1;chart_ratio,square_without_chart_hint,edge:0.24,contrast
Skip non-chart visual asset 3d75a17263a25a86d2277771cac125c20b34fb15958e130be50877a2f9c1706b.jpg: score=0;chart_ratio,square_without_chart_hint,edge:0.15
Skip non-chart visual asset 7d79cef1c895e4f14c85129bc53590dd94bdf4f7d925913ce068feffe50232cf.jpg: score=0;chart_ratio,square_without_chart_hint,edge:0.21
Skip non-chart visual asset 5220ee4fb9fc8de04e5cb81a85c15528b9f8385e7e0c1db70fdc5b40555d34f8.jpg: score=1;chart_ratio,square_without_chart_hint,edge:0.23,contrast
Skip non-chart visual asset 54581fbe47d2988d2afc46c908df2a87fd0a55ee9a94eca6e17e02ac3dff3d57.jpg: score=0;chart_ratio,square_without_chart_hint,edge:0.24
Skip non-chart visual asset 3c2360ff496d12fde1a477bd8b62ca39c98d23aef50f391517513aea79d8a491.jpg: score=1;chart_ratio,square_without_chart_hint,edge:0.24,contrast
Skip non-chart visual asset d276a288215ab2915ec45979a8578925577abb3360d658bbc924c83a8ae63b0f.jpg: score=1;chart_ratio,square_without_chart_hint,edge:0.38,large
Skip non-chart visual asset 959962ce05efa8bf69ea07de45b21f417fd5a6abec995ecf9aac81f36c900948.jpg: score=1;chart_ratio,square_without_chart_hint,edge:0.39,large
Skip non-chart visual asset 31a6b776cb488ca6fef5a94994cfb463f15b7bda4a90f001dce5bb1de7b63e26.jpg: score=0;square_without_chart_hint,edge:0.28,large
Skip non-chart visual asset 4d121ed92dd7cc07e1c8a172cbbd9b19fe12d202791df9fbe67c2f3f580f2618.jpg: score=1;chart_ratio,square_without_chart_hint,edge:0.25,large
Skip non-chart visual asset cf9555f2312bb8f76a932c8bda6c733c8e08115c6849bc7d03284a5d9b6aab20.jpg: score=0;odd_ratio:7.75,edge:0.32,contrast
Skip non-chart visual asset c14ca6b9f7fb80adabf0429793c4ddf7025fc117916015763664754d13353f97.jpg: score=0;chart_ratio,square_without_chart_hint,edge:0.43
Skip non-chart visual asset 7bff71cb264ad917cf889599e48eb7b06b8452a3160bf646461e1662f39da366.jpg: score=2;chart_ratio,square_without_chart_hint,edge:0.20,contrast,large
Skip non-chart visual asset d26c347c67aead0ddd4cff0fb9b0c396b8ccbbb4b89b2a40169d11b7af613873.jpg: score=0;odd_ratio:8.01,edge:0.37,contrast
Skip non-chart visual asset 40cc2b942c5c99e6f04f28b32c12d5f3da42936572cda6418e853257875592cd.jpg: score=1;chart_ratio,square_without_chart_hint,edge:0.27,large
Skip non-chart visual asset d26309efe66453e3958bbe1a0c88508b8a5bd825090da1b77f92f7ad3f6f9738.jpg: score=2;chart_ratio,square_without_chart_hint,edge:0.52,contrast,large
Skip non-chart visual asset 4b1a4c7a709a93863f0de021f0bacd55b7a8d94005632a7e022b52d45785eba8.jpg: score=1;chart_ratio,square_without_chart_hint,edge:0.27,large
Skip non-chart visual asset f638a6b009fbf7223df48ee52ea91511c5b9a9a612af034df3fe9ab3acbdfffb.jpg: score=1;chart_ratio,square_without_chart_hint,edge:0.25,large
Skip non-chart visual asset 372292d3fdcfea61ca1c7aec5ab7d552043ab2fa7c77a22bb2203775f7ed4342.jpg: score=1;odd_ratio:4.97,edge:0.24,contrast,large
Skip non-chart visual asset d0b5eaa48b3ee009e1f13b6b34951170fe2303b8b6c87d11583f2d2fa726b9df.jpg: score=0;square_without_chart_hint,edge:0.25,large
Done. Results written to /home/runner/work/rpt_edit/rpt_edit/xhs_notes/dropbox/260629/shard_0; successful_reports=5; mineru_timed_out=False; mineru_attempts=1
All batches completed successfully. Generated 5 report directories.
