Found 64 total PDFs; shard 3/40 has 5 PDFs, skips 0 already converted, will process 5 PDFs with batch_size=5.
Running batch 1: 5 PDFs
Found 5 PDFs. MinerU token slots available=2.
MinerU attempt 1/4 using MINER_U_2: submitting 5 PDF(s).
Uploading PDF to MinerU: /tmp/pdf_batch_001_hkq9r31a/pdfs/0001-16-Goldman Sachs-GLOBAL ECONOMICS ANALYST Geopolitics and GDP- Structural Alignment Matters More than Near-Term Risk-260716.pdf
Uploading PDF to MinerU: /tmp/pdf_batch_001_hkq9r31a/pdfs/0002-17-Goldman Sachs-GLOBAL METALS - MINING-BHP S32 Copper- Spence and Sierra Gorda partnership could unlock US-2-4bn in synergies-260716.pdf
Uploading PDF to MinerU: /tmp/pdf_batch_001_hkq9r31a/pdfs/0003-18-Goldman Sachs-Global PCs- Shipment estimates-14- -5- YoY in 2026E-27E- rising AI PC penetration-260716.pdf
Uploading PDF to MinerU: /tmp/pdf_batch_001_hkq9r31a/pdfs/0004-19-Goldman Sachs-Greater China Semis- Jun- IC import export value -72.3- -121.9- YoY-260716.pdf
Uploading PDF to MinerU: /tmp/pdf_batch_001_hkq9r31a/pdfs/0005-20-Goldman Sachs-Japan Economic Flash- Raising Our FY2027 Inflation Forecasts Due to Weaker Yen- Higher Memory Chip Prices- and Rebound in Food Prices-260716.pdf
MinerU attempt 1 using MINER_U_2 batch_id=93b6ff8f-28cf-4176-b8e3-04b2679ff67b
MinerU states: running, running, running, pending, waiting-file
MinerU states: done, running, running, running, running
MinerU states: done, running, running, done, done
MinerU states: done, done, done, done, done
/home/runner/work/rpt_edit/rpt_edit/scripts/pdf_to_xhs_batch.py:291: DeprecationWarning: Image.Image.getdata is deprecated and will be removed in Pillow 14 (2027-10-15). Use get_flattened_data instead.
  pixels = list(gray.getdata())
Skip non-chart visual asset 8ac7e127b1330c1a84b0f379f0af504298f50da174e58096ed9c87de03b5baf0.jpg: score=1;chart_ratio,square_without_chart_hint,edge:0.21,large
Skip non-chart visual asset fcba1cee6845709a677210c9ff30e7ed26a42dcbc95475cba4c59fc8efc4f0ac.jpg: score=1;chart_ratio,square_without_chart_hint,edge:0.17,large
Skip non-chart visual asset a20e0cccadf90784e5e0c2951f0bed8916e81bc878e0f818ef220c93d8f0c188.jpg: score=1;chart_ratio,square_without_chart_hint,edge:0.16,large
Skip non-chart visual asset 1635da3516349298cbab248b549bb947bc0023f6fcf15bb5068b6501c54e197c.jpg: score=1;chart_ratio,square_without_chart_hint,edge:0.27,large
Skip non-chart visual asset aabb584404e3069226d319373bd601cd50202521433d1a8f793c5bb54011f697.jpg: score=-1;odd_ratio:5.20,edge:0.15
Skip non-chart visual asset 350b6927054a7f07680aebc13820438e3670120931cb5b648666d98c846627a7.jpg: score=0;square_without_chart_hint,edge:0.22,large
Skip non-chart visual asset 7837f543a13bd94b14d9a0ca334931b039c9ee8bd5da0a5b26880b60a61ec2e5.jpg: score=-1;odd_ratio:4.95,edge:0.20
Skip non-chart visual asset 1fe2c0cc402c6e0c20e3534f2a10b796783c87893f61e79a652b5000b100f77c.jpg: score=0;chart_ratio,square_without_chart_hint,edge:0.26
Skip non-chart visual asset 6fb1d26305bb50621d9d4453a008e2427e8ad7da823bc40739e3c956a589b0fd.jpg: score=2;edge:0.15
Skip non-chart visual asset 5b4a79dee84f19aada9c0f617ffb6223326a0c20acbb86c0f971ad3a7f3ccc72.jpg: score=-100;too_small:390x251
Skip non-chart visual asset 1704468b2f081196e26d30cd562c275e846622de5bb3564ccc76245b02f53462.jpg: score=2;edge:0.15
Skip non-chart visual asset 740789ead3b1e413beb736efcd3dec597267816fdd659f9615ea557ac03eac20.jpg: score=0;square_without_chart_hint,edge:0.25,large
Skip non-chart visual asset 72b9b330d171a19524c72b1a685019d196c80156aaffa072c0f890e5d6e7baa1.jpg: score=-100;too_small:895x142
Skip non-chart visual asset ceb353b4983d1116587e638ce06f4857d36a9a01e688635f02ade11bddbe389c.jpg: score=-100;too_small:642x109
Skip non-chart visual asset 2ccd784e39ef9f171d23ff11d4a08ccc41106ddaa6fb58d85d60b2c9eac3f9f8.jpg: score=-100;too_small:390x129
Skip non-chart visual asset 27d1bf1c3c53ad0035740671596ea82833ae29dd8336beb5d7f8f7e331e3dddd.jpg: score=-100;too_small:390x187
Skip non-chart visual asset 3e07295228cf65633954ea1279ce09d9a1364ccc5a05cd9e0ec48622b22db190.jpg: score=-100;too_small:481x109
Skip non-chart visual asset f5aafc40dafd6c46186ade7fd1cf6cad219ca0c632f95e88015724a202e3958d.jpg: score=-100;too_small:348x223
Skip non-chart visual asset ce9460012865c4cae80f270cd2516a7fb89c52b59bc252bf298ca8b6b8e9bc4b.jpg: score=1;chart_ratio,square_without_chart_hint,edge:0.28,contrast
Skip non-chart visual asset e8a7015303049619be4b29b7e3c268cdeb69e911d180e6e0a35771b8682a747b.jpg: score=-100;too_small:170x117
Skip non-chart visual asset f4d5dd6e4c982fe825f40b38b4c90a6d415c7a0aa3c43b195f06180fd2507b54.jpg: score=-100;too_small:176x126
Skip non-chart visual asset 9ecb84a1c107c5b2a998f11005fd713573eee92cfd5a3df951ab019573a12657.jpg: score=-100;too_small:190x143
Skip non-chart visual asset b927e5e87f30fb49d993276e5aa9ba538e9603fcd1e8554851c7c9d747bcc089.jpg: score=2;chart_ratio,square_without_chart_hint,edge:0.43,contrast,large
Skip non-chart visual asset fa0a43fc3d06f82043bfd54c227f91c753b2b997fa2f7b226ad4afbb5f212bf5.jpg: score=-100;too_small:176x101
Skip non-chart visual asset ba56b5d908f2f803e469e82e8132f9018391ae8ae79e78e32f182cfbf4ea291f.jpg: score=-100;too_small:189x128
Skip non-chart visual asset c5173b568c84c39107de6c07ed9c057a10edb606013b3f100340a7750bb0db8b.jpg: score=-100;too_small:170x112
Skip non-chart visual asset e3fbe742dc777757d3847d9a31123456c1c8400862c7ad8fe436a2aa2463428c.jpg: score=-100;too_small:217x179
Skip non-chart visual asset d5656293c6d08148b150535a2829b991a64efc83055369d5576da0398f664b33.jpg: score=-100;too_small:168x142
Skip non-chart visual asset 9cb777010fa5a3f0daf5243de42578f64c1aca420e596e4e0f30760cc3dae61c.jpg: score=-100;too_small:167x90
Skip non-chart visual asset 92423639ad0dfe18e8dac089abb1d30655b88acc5e55ff1b2a7c1f24d7afe429.jpg: score=-100;too_small:190x140
Skip non-chart visual asset 5f413e2a3b11150048c7dd1b73deb4f905441ffd4f357f85f06edf3b62777833.jpg: score=-100;too_small:162x98
Skip non-chart visual asset b839a149443e2df22a9e4ae57efad2e4af7527c85d89f11e68d8e002265c0482.jpg: score=-100;too_small:170x148
Skip non-chart visual asset e4f51c14a50b9b571bfcfced535ac595e6081edb3da6760c541c23c88a652ba3.jpg: score=-100;too_small:164x90
Skip non-chart visual asset 186e77ea3066f9b5c7a2fcc983f23abfcfd7d93e8d7dbcc8ebf275454203fd2f.jpg: score=-100;too_small:190x154
Skip non-chart visual asset 6fd2c1feac9ada1a03e82dcaa1ee14425028526b5fc0e0cde1ce460ea630f3f5.jpg: score=1;square_without_chart_hint,edge:0.51,contrast,large
Skip non-chart visual asset fdfd99e535d1d3d6a06a87f58037e5fd1099426ce3110e423ea9f79dd8e8f4a3.jpg: score=-100;too_small:1159x109
Skip non-chart visual asset 765dac3e9a3266f40d91d41755493e3478dd853f9a727bae504e0dad2e42053b.jpg: score=1;square_without_chart_hint,edge:0.50,contrast,large
Skip non-chart visual asset 622eb6272fad87ce7a40d16d25883f3b4ad9b66a1d5f04115ca2a3686ab5f08e.jpg: score=-100;too_small:1159x106
Skip non-chart visual asset 6c2e577e42f22605da3d84dd9070056f8673570c9187a3b06c68ee1eb217fd7c.jpg: score=-100;too_small:398x126
Skip non-chart visual asset 0c4da90e609452af9842f2b36c5424bb3f1c9ac82245d01a9816288b7a91a2d1.jpg: score=1;chart_ratio,square_without_chart_hint,edge:0.30,contrast
Done. Results written to /home/runner/work/rpt_edit/rpt_edit/xhs_notes/dropbox/260717/shard_3; successful_reports=5; mineru_timed_out=False; mineru_attempts=1
All batches completed successfully. Generated 5 report directories.
