Found 74 total PDFs; shard 4/40 has 5 PDFs, skips 0 already converted, will process 5 PDFs with batch_size=5.
Running batch 1: 5 PDFs
Found 5 PDFs. MinerU token slots available=2.
MinerU attempt 1/4 using MINER_U_2: submitting 5 PDF(s).
Uploading PDF to MinerU: /tmp/pdf_batch_001_irp9w07h/pdfs/0001-21-CITI-Sungrow Power Supply -300274- High ESS Shipment Volume Growth- Low 2Q26E Margin Probably Reflected in -30- Share Price Drop in July-260716.pdf
Uploading PDF to MinerU: /tmp/pdf_batch_001_irp9w07h/pdfs/0002-22-CITI-US Communications Equipment 2Q26 Earnings Preview- Investor Focus on Supply Constraints-260716.pdf
Uploading PDF to MinerU: /tmp/pdf_batch_001_irp9w07h/pdfs/0003-23-Deutsche Bank-China Banks-June TSF and new loans remain soft-more policy support expected in 2H-260716.pdf
Uploading PDF to MinerU: /tmp/pdf_batch_001_irp9w07h/pdfs/0004-24-Deutsche Bank-Battery-China Battery - Monthly Monitor-June 2026-260716.pdf
Uploading PDF to MinerU: /tmp/pdf_batch_001_irp9w07h/pdfs/0005-25-Deutsche Bank-Humanoid Robot Pulse-US activities stepping up- China scaling fast- Supportive policies -2Q edition--260716.pdf
MinerU attempt 1 using MINER_U_2 batch_id=b5b4f053-81bc-442f-a47d-b7992229a028
MinerU states: running, running, running, running, pending
MinerU states: done, done, done, running, running
MinerU states: done, done, done, running, running
MinerU states: done, done, done, running, running
MinerU states: done, done, done, done, done
/home/runner/work/rpt_edit/rpt_edit/scripts/pdf_to_xhs_batch.py:292: DeprecationWarning: Image.Image.getdata is deprecated and will be removed in Pillow 14 (2027-10-15). Use get_flattened_data instead.
  pixels = list(gray.getdata())
Skip non-chart visual asset dbe90b244348dadda02dbc63ae3e430eee5899b9524786cfbe6bdeb9d165921f.jpg: score=-100;too_small:42x43
Skip non-chart visual asset 2908d2bebf7bc9c439389903be6a4dbe0bd67687b8b0c2b0aa5d60d305ec76a5.jpg: score=-100;too_small:359x207
Skip non-chart visual asset 5f96385e85fc5306723bc6b2bb5cd2dee645f8a1db0ab923cab815c3dfcd71e0.jpg: score=-100;too_small:359x176
Skip non-chart visual asset 0b091070ac25c5532934defc2c59b370a1fc0f146e8d6765eae6c925e259c761.jpg: score=-100;too_small:432x151
Skip non-chart visual asset d0a2e3e6ee119d46641d5ed27f33e27ee308f40b5eaf4b222bf1b70ded9d1eca.jpg: score=-100;too_small:428x145
Skip non-chart visual asset 51b58971c726c1c852943abf5dbb6ff7e0a4fdad21cfb830750fcf8dfb314974.jpg: score=-100;too_small:420x146
Skip non-chart visual asset 217ccc1e5a69e263841adacebbbf96243db6ced13252a4400aae4522f00bef96.jpg: score=-100;too_small:368x234
Skip non-chart visual asset 5ee4489738e4059ce4dc06632c671201e66d93bedf7e8085e280728861219196.jpg: score=-100;too_small:34x45
Skip non-chart visual asset e6360264a16e7d115797132cc4a3d86de50daa3b0c4168a33c58a01159a90ee9.jpg: score=-100;too_small:432x148
Skip non-chart visual asset c68431ddc8ac59c8bb770edccfc1aec2d9f45ef4075aa93f57e2bcd9bea82216.jpg: score=-100;too_small:428x145
Skip non-chart visual asset 7393c223a2338b5286616f021d19d2f82ab39aebfb036578d9f20da9154451cf.jpg: score=-100;too_small:432x126
Skip non-chart visual asset c0a48a938b45ded9eb628404bb9a57eb7c940a31f21d0be99ce331afe6b402ae.jpg: score=-100;too_small:359x124
Skip non-chart visual asset f274062cccddd8fa8322d3f28ceb2479f5f46a3ef8be2add8ffd6ea160eb647f.jpg: score=2;chart_ratio,large
Skip non-chart visual asset cbac43b0f8c9d4578e930a7efe55dd1200de9f34de32c2dc39ca1234a4f9e041.jpg: score=-100;too_small:365x124
Skip non-chart visual asset a397a0cfa7f9bef15f0c4c260848c1f493caea119fd0917962740184db908c98.jpg: score=-100;too_small:362x176
Skip non-chart visual asset b248b8dac17a272cbd54431b0a468d15d00d186e357372c4b774a8e3e63be38f.jpg: score=-100;too_small:428x145
Skip non-chart visual asset d114a43d466d76fbc417eb48486b9ac5343b121e9dc81eee823301f4c37b840d.jpg: score=-100;too_small:1431x145
Skip non-chart visual asset d4728df94232d98107aa58db9fbbafff4a26f0b03ad038dc4d92c21a8cb729e5.jpg: score=-100;too_small:42x46
Skip non-chart visual asset de73b43826858250638a1e8fc96b4867d07a0d57abf1d268d1cf83103e66e889.jpg: score=-100;too_small:434x148
Skip non-chart visual asset ad5c30b264dc5db605296b64c81da52df1489a1ded627e6df4749e183212a5fd.jpg: score=-100;too_small:428x120
Skip non-chart visual asset 8e6acaf8a67784a30c0632c01dda914f9243230f0dbd4f8d61999f5fabce3129.jpg: score=-100;too_small:420x146
Skip non-chart visual asset f85e11d2560ae4846d3ce204a151b3bffe822e9c9bf6255bdb7eb66e75402453.jpg: score=-100;too_small:368x207
Skip non-chart visual asset 92d3ad20b7c259c2907cc16da4ac7224511c1f4727f59865672ddf16408737a4.jpg: score=-100;too_small:362x179
Skip non-chart visual asset f1e5b4147ac9eb036b485972e7eb8f4eeced3f72d521ac8ee67f9ddf3d5bf29b.jpg: score=-100;too_small:368x207
Skip non-chart visual asset a6d3e7a0c453de3461b4b25e909575dc244d4fe342c4555c2c70708304657722.jpg: score=-100;too_small:368x234
Skip non-chart visual asset 4222a4013845a6a6dea731c817682ed1dad0a69fc170f21321a94f9a7799ef15.jpg: score=-100;too_small:420x145
Skip non-chart visual asset a01b22d3b61c61b346b1ecb4c940e72725cb10535b1a3b285b82078a254bb158.jpg: score=-100;too_small:362x234
Skip non-chart visual asset f93a82b003c76461830e2a739436122d6ceae34a4ae3b392cf48b587f77402eb.jpg: score=-100;too_small:368x131
Skip non-chart visual asset 08c8d8a4f1c1ad2cc782eb53720c9326424d6912b42a2f7e1e300fe1dc6ccce7.jpg: score=-100;too_small:426x120
Skip non-chart visual asset ec7cb2142365aab275e268fded5b7cb469e1d0093156a48c272972c8461873be.jpg: score=0;square_without_chart_hint,edge:0.19,large
Skip non-chart visual asset d82e6867789a7268499a2d54b008884c9e942b08d637ed69c5b6980dea6b5ba1.jpg: score=1;chart_ratio,square_without_chart_hint,edge:0.55,large
Skip non-chart visual asset 64a1103887f0c8db674586ad6b0462704a7711ea37d6a82501467c2cab6b8fa4.jpg: score=1;chart_ratio,square_without_chart_hint,edge:0.59,large
Skip non-chart visual asset d12f9e997e757124a726cfec4154486ed9a418086cf8c98e3d3b1a1f59a4ac2e.jpg: score=-100;too_small:1431x154
Skip non-chart visual asset 72c79a4a5c4fa61e74f1363f40386189734980e366f4d484cf7a578a97d7c861.jpg: score=2;chart_ratio,square_without_chart_hint,edge:0.17,contrast,large
Skip non-chart visual asset 09b07fa092312618b4b06b18388ee60cc464a6aaab23c9e004f591f7d4efe8fc.jpg: score=-1;odd_ratio:5.55,edge:0.21
Skip non-chart visual asset d8f6b3a7f71292dcd74e00493683f63b1b77a43b83895f1f3bc2d294b6a67357.jpg: score=-1;odd_ratio:5.55,edge:0.23
Skip non-chart visual asset 2cadc2850b33863b7cfa53d3b5571032e2dd84ef9def510db01299eea7ebbc79.jpg: score=2;chart_ratio,square_without_chart_hint,edge:0.35,contrast,large
Skip non-chart visual asset 5230d22550959937ed62cc2128e1a80151f3685a91c4c4037715ddcf1589371d.jpg: score=1;square_without_chart_hint,edge:0.35,contrast,large
Skip non-chart visual asset 7fa14835b2353142a196e4d8e3f168f4650bc7ddeb2a5ee17698902c4195451b.jpg: score=2;chart_ratio,square_without_chart_hint,edge:0.15,contrast,large
Skip non-chart visual asset 8074bf240a7a61117140961165c8f21c42b4ca25bd0c5566bb5133e29d395673.jpg: score=-1;odd_ratio:5.45,edge:0.21
Skip non-chart visual asset a957e8c079e94f9513a6ec7496b29b1bcc79a85266dfd58c04426e42f26c3a63.jpg: score=1;chart_ratio,square_without_chart_hint,edge:0.14,contrast
Skip non-chart visual asset bd9304e5bda92eeae5b5054d02189dcbaf6b2b9746e57e6f372bd33f7cdcc7fd.jpg: score=1;chart_ratio,square_without_chart_hint,edge:0.19,contrast
Skip non-chart visual asset f4cb34098e9b2b1dca99dc610bfb89c43bc825d7a46c94c52196801465659689.jpg: score=1;chart_ratio,square_without_chart_hint,edge:0.31,contrast
Skip non-chart visual asset fbaed28ada7346d11e719dcb56656994abf495da2697952f3b085142545d1097.jpg: score=0;chart_ratio,square_without_chart_hint,edge:0.38
Skip non-chart visual asset ea67022d157e786e370840f998a810e6500b444a838b80658406d69a04fc1036.jpg: score=-100;too_small:801x151
Skip non-chart visual asset 65656018f98bde0aaeedf7c00b5c80986ce4eaf961efa92e582c33d4aa071205.jpg: score=-100;too_small:293x334
Done. Results written to /home/runner/work/rpt_edit/rpt_edit/xhs_notes/dropbox/260718/shard_4; successful_reports=5; mineru_timed_out=False; mineru_attempts=1
All batches completed successfully. Generated 5 report directories.
