Found 91 total PDFs; shard 2/40 has 5 PDFs, skips 0 already converted, will process 5 PDFs with batch_size=5.
Running batch 1: 5 PDFs
Found 5 PDFs. MinerU token slots available=4.
MinerU attempt 1/4 using MINER_U_3: submitting 5 PDF(s).
Uploading PDF to MinerU: /tmp/pdf_batch_001_0f3ckc_5/pdfs/0001-11-Bernstein-Spotify Technology SA-SPOT.US-Spotify - US Music- Is this as good as it gets on pricing- We see upside through at least next year-260723.pdf
Uploading PDF to MinerU: /tmp/pdf_batch_001_0f3ckc_5/pdfs/0002-12-Bernstein-U.S. Medical Devices-U.S. Medtech- Top 8 takeaways from SRS 2026- plus thoughts on JNJ Ottava clearance and continued ISRG weakness-260723.pdf
Uploading PDF to MinerU: /tmp/pdf_batch_001_0f3ckc_5/pdfs/0003-13-CITI-China CCL Nanya New Material -688519- Not Covered- - Downstream Accepting CCL Hikes- Mgmt Sees Prices Rising Further-260722.pdf
Uploading PDF to MinerU: /tmp/pdf_batch_001_0f3ckc_5/pdfs/0004-14-CITI-China Internet-Proprietary Survey On Music Streaming Experience - Competition-260722.pdf
Uploading PDF to MinerU: /tmp/pdf_batch_001_0f3ckc_5/pdfs/0005-15-CITI-China Renewable Energy-Good to See Tightened Energy Standards for Polysilicon- but Immaterial Impact on Current Supply-260722.pdf
MinerU attempt 1 using MINER_U_3 batch_id=a2da1b37-3c10-4cbe-9b5f-d6c0f823069f
MinerU states: done, done, done, done, done
/home/runner/work/rpt_edit/rpt_edit/scripts/pdf_to_xhs_batch.py:307: DeprecationWarning: Image.Image.getdata is deprecated and will be removed in Pillow 14 (2027-10-15). Use get_flattened_data instead.
  pixels = list(gray.getdata())
Skip non-chart visual asset 4c79cc70f91baf64cc661dda391f266271008e496b11b29d63c93e5e6be5d3cf.jpg: score=1;square_without_chart_hint,edge:0.24,contrast,large
Skip non-chart visual asset d1f0e9e27622be548d3c28e1e4d2f3389643d9d2050e529c217a4c0f853c3943.jpg: score=-1;square_without_chart_hint,edge:0.27
Skip non-chart visual asset 2a6ab47885e97af5b9dd235038d0d1202cbd7501bf10cca1600d5910606f64d7.jpg: score=-100;too_small:398x251
Skip non-chart visual asset a7447bf02f0444777c5b193a18305c2246dbbeb6eb7cd93d542cea56b5747284.jpg: score=-100;too_small:462x117
Skip non-chart visual asset 2bcfb5805bf3038413a8944ced536dbebb4c3b589158200c49db9b7c3affde00.jpg: score=-1;odd_ratio:5.69,edge:0.16
Skip non-chart visual asset e1dbb74b02ddae88fcee2df3a1820dc7116b70f6f654ae3787ff92dcedc05567.jpg: score=1;odd_ratio:4.99,edge:0.25,contrast,large
Skip non-chart visual asset 7ff09534d63bfd3569fefc68892fd7d80ebb0655422af39cf26712d635b10c94.jpg: score=0;square_without_chart_hint,edge:0.11,contrast
Skip non-chart visual asset 55bff1cc20c8e5e6eb3b6a995e0c305a0804143cce4051c482545b5ccfe271b9.jpg: score=2;chart_ratio,square_without_chart_hint,edge:0.36,contrast,large
Skip non-chart visual asset a247855eafd0434b669e0be05145935f386bf27b01240575bd7141cf42efe9d3.jpg: score=-100;too_small:606x156
Skip non-chart visual asset 73c4841ff80f8877388e4715adf261df1ecc1b152733255e58b5cdd7cfd86242.jpg: score=2;chart_ratio,square_without_chart_hint,edge:0.30,contrast,large
Skip non-chart visual asset a3ba9981ba32a73303e86d87c75770eb86b5f3d2f09a2104321d9e74debf24cd.jpg: score=0;square_without_chart_hint,edge:0.10,contrast
Skip non-chart visual asset c8a361c7a610ada543360945591cf0d090757c373516b39287390637d9e3b7a2.jpg: score=-100;too_small:401x81
Skip non-chart visual asset 4fd917707d6083688d3cc84497bb852fde7db0adc690917b632d10f8ad197dbd.jpg: score=0;chart_ratio,square_without_chart_hint,edge:0.22
Skip non-chart visual asset c7065b154c14a52e01f57d5344002f982746a7f859a8ae6e3050ba6b20014467.jpg: score=0;odd_ratio:5.77,edge:0.29,contrast
Neutralized WeChat title while keeping the report: 伯恩斯坦：Spotify定价与用户渗透增长潜力 -> 伯恩斯坦：研究主题与行业变化观察
Skip non-chart visual asset f1342f014dcc4d6de767bd8feab96ee0c7247492e2e756c63b7fbfa9d69361bf.jpg: score=0;odd_ratio:4.97,edge:0.20,large
Skip non-chart visual asset 0070b2c471f977e0db4ec6920d23d4ec8b9707ec86ff3fe2efe891154c448c41.jpg: score=-100;too_small:90x95
Skip non-chart visual asset 27a6269915760e82bdab66d523f9d69f61ef30fab061b0db9ecbd4e53bc0dbce.jpg: score=1;odd_ratio:4.93,edge:0.23,contrast,large
Skip non-chart visual asset f7a238e5e254b6789ff2e3d552ff6a9b5a11df83080ca31bb4e78e3258882c35.jpg: score=-100;too_small:96x92
Skip non-chart visual asset fa388e2c6e099085c6f44efd4470642b9778f036b79f5659c4db59318576e6b5.jpg: score=-100;too_small:93x93
Skip non-chart visual asset 4c3d78b9f8be67955919849f9e1de203f2e54f7f68b51938c7f82883cc59cc6e.jpg: score=-100;too_small:1431x148
MinerU images did not look like charts; keeping only the title card and letting downstream AI fill body images.
Skip non-chart visual asset c2631833df25385fd9e7329d5ac266a7c8920c343ea635ececf8f2b63646d988.jpg: score=1;chart_ratio
Skip non-chart visual asset bb0aa8825fa5382f185778715f4caece50a03205a7e5a1ca2829f562c0f74dbb.jpg: score=-100;too_small:370x106
Skip non-chart visual asset a5cf7662ab79224bb3583e4ff86dd3dc20d248c5f90d5461ddd0686d6e23bc84.jpg: score=-100;too_small:870x70
Skip non-chart visual asset 584bc6f1a9d2eee74ebffa5931fac58f65da08be7447a4eeea628190540a0ee0.jpg: score=-100;too_small:370x192
Skip non-chart visual asset ae5b598755bd910ca08cc25887b1a87ae4ccdb397bfd848fe974e31ffe5f0beb.jpg: score=-100;too_small:434x178
Skip non-chart visual asset 160435836e0aa734651c9559eb7fd875d2b6f513ed74ad1b9ee13ccb9fd02397.jpg: score=-100;too_small:426x98
Skip non-chart visual asset 085af10db52f1781e0556fc2bfef9e9d4581ce87ddb14400f328474fe57495ea.jpg: score=-100;too_small:373x101
Skip non-chart visual asset 8a62cc262b2b07f85a335df2f790ce807fe74d742e8ed50b91941d64dff4b5fc.jpg: score=-100;too_small:423x173
Skip non-chart visual asset cc3efd3ba6d5007005e38166bc32703b401e260e9653a17546cfb7bc3ad00cea.jpg: score=-100;too_small:368x107
Skip non-chart visual asset a00f70b83587e437e9806dacf3f4135c5cb51b5255bb1cca21229ec2669547bd.jpg: score=-100;too_small:1429x146
Skip non-chart visual asset 82fce12daa0273a4742e5ad2b7ad335a6f7c03ed773e2727141a2b573ff389d0.jpg: score=-2;square_without_chart_hint,contrast
Skip non-chart visual asset f8990cf055c4b04c758033ac62000c9163ec13ed440b339603ede93167585260.jpg: score=-100;too_small:374x156
Skip non-chart visual asset 5a495280b5f3a37f242fee61ef5685ab12499036535faa368fd51725774db655.jpg: score=-100;too_small:365x156
Skip non-chart visual asset 0eef8d276c9624232af35ca7662cdbe50a1dcb9399d3140c16389d6112ea53c4.jpg: score=-100;too_small:365x203
Skip non-chart visual asset 935531d14db92a8cf8341a3c90548d3de112e07983ea3d4de15548b32ac45cc2.jpg: score=-100;too_small:365x107
Skip non-chart visual asset eb771dd47211e12b31bc6d0fc5c5d7501bb5180ccf490da9048c1330249437cc.jpg: score=-100;too_small:371x107
Skip non-chart visual asset 3a7f1c9eec97872bc1251579b7ee12aa64e17dcb7af5faa22fa0acbeced15b49.jpg: score=-100;too_small:870x73
Skip non-chart visual asset 2270c039d9d2c54facd3edfba509606a2e2d5738d4c205aa69bfbaab30289dcc.jpg: score=-1;chart_ratio,square_without_chart_hint,contrast
Skip non-chart visual asset 9d745b42aee681b9212f0b870796553b93259d011ecce8b322039331442fe8e5.jpg: score=2;chart_ratio,contrast
Skip non-chart visual asset 5f790fc3c638852aea0ad479b287f84059d6e91e52e0802abb8c040f7dd12ba0.jpg: score=-100;too_small:368x209
Skip non-chart visual asset 009d81aba09a167083d1f408aa5651a3d113fdb0048b3af224f4975abf9bcd50.jpg: score=1;chart_ratio,square_without_chart_hint,edge:0.12,contrast
Skip non-chart visual asset 2a9d5127cfb77bcc28083a063b57facb20227de980ec1627cedba00e88f129d7.jpg: score=-100;too_small:365x106
Skip non-chart visual asset 561ca31e4bd423375faf99ccc300c85e20e641c3b98006e9c40e19bd03da675b.jpg: score=1;chart_ratio,square_without_chart_hint,edge:0.13,contrast
Skip non-chart visual asset bfdaca2c8d3d7920727639ca9485ab05bece47634c641dd91d740e07a13988b3.jpg: score=-100;too_small:365x153
Skip non-chart visual asset 79d0af3138c458063a179b3c038a5d525f4d4f1096bccd2ccd216b0310f580a7.jpg: score=-100;too_small:431x173
Skip non-chart visual asset c96ad5a4ed13a070ea08a6c9dad9cd586e706d12cdf97177c535c474700dfb45.jpg: score=2;chart_ratio,contrast
Skip non-chart visual asset eb1b6f12cd7269644106f6f16aeb3b0e18e091e9021b6a674bc9bfde7d0892f3.jpg: score=2;chart_ratio,contrast
Skip non-chart visual asset 4e6c3c576e86a1422c8862515363ef3082cc1ec5620d1fd38e90af7f5f761d4b.jpg: score=-100;too_small:437x98
Skip non-chart visual asset b5615ad55d1d3a431a8936c08e924c6409ca018d076ffe787aa7f479c48a4d79.jpg: score=1;chart_ratio,square_without_chart_hint,edge:0.60,large
Skip non-chart visual asset 7be4bcd01c06cb1498665b4d41fdb0e48961d051d652f61468188e178374b2fe.jpg: score=1;chart_ratio,square_without_chart_hint,edge:0.57,large
Skip non-chart visual asset 08bd90ff6d16287a2f95fff9973e981336ecafa0364b9c2dd5f451368c87e096.jpg: score=1;chart_ratio
Neutralized WeChat title while keeping the report: 花旗：中国可再生能源-多晶硅能耗标准收紧影响有限 -> 花旗：能源行业数据与主题变化观察
Done. Results written to /home/runner/work/rpt_edit/rpt_edit/xhs_notes/dropbox/260724/shard_2; successful_reports=5; mineru_timed_out=False; mineru_attempts=1
All batches completed successfully. Generated 5 report directories.
