Selected 4 translated reports from kc_translated_reports/institutions/260710 (institution_filtered=0, skipped_title_policy=0/4)
Fetched WeChat access token
Uploaded trailing image: /opt/actions-runner-rpt-edit/_work/rpt_edit/rpt_edit/prompts/zsxq_img.jpg
After uploading trailing image: pacing sleep 3.0s
Building WeChat article 1/4: 01-0001-BIS_Assessing-the-effects-of-recent-provisioning-rules-on-consum_8a1f5ae8
After uploading inline image 1:[[KC_IMAGE_002]]: pacing sleep 3.0s
After uploading inline image 1:[[KC_IMAGE_003]]: pacing sleep 3.0s
After uploading inline image 1:[[KC_IMAGE_001]]: pacing sleep 3.0s
After uploading cover image 1: pacing sleep 3.0s
Built WeChat article 1/4 in 15.5s: 国际清算银行：108个月成行为分水岭，小银行退出长期消费贷 (body_images=3, ai_images=0)
After building WeChat article 1/4: pacing sleep 12.0s
Building WeChat article 2/4: 02-0002-Bruegel_Competing-for-inputs-how-the-European-Union-can-improve-crit_d87213
After uploading inline image 2:[[KC_IMAGE_001]]: pacing sleep 3.0s
After uploading inline image 2:[[KC_IMAGE_002]]: pacing sleep 3.0s
After uploading inline image 2:[[KC_IMAGE_003]]: pacing sleep 3.0s
After uploading cover image 2: pacing sleep 3.0s
Built WeChat article 2/4 in 16.3s: 布鲁盖尔研究所：中国掌控70%锂加工，欧盟供应链突围要靠贸易协定 (body_images=3, ai_images=0)
After building WeChat article 2/4: pacing sleep 12.0s
Building WeChat article 3/4: 03-0003-IMF_C-te-d-Ivoire-Sixth-Review-Under-the-Extended-Arrangement-Un_0ae7eeae
After uploading inline image 3:[[KC_IMAGE_001]]: pacing sleep 3.0s
After uploading inline image 3:[[KC_IMAGE_002]]: pacing sleep 3.0s
After uploading inline image 3:[[KC_IMAGE_003]]: pacing sleep 3.0s
After uploading cover image 3: pacing sleep 3.0s
Built WeChat article 3/4 in 15.3s: IMF：IMF批准8.3亿美元，科特迪瓦财政赤字压至3%上限 (body_images=3, ai_images=0)
After building WeChat article 3/4: pacing sleep 12.0s
Building WeChat article 4/4: 04-0004-IMF_Gold-in-Central-Bank-Reserves-Strategic-Considerations-Marke_98aa5f97
After uploading inline image 4:[[KC_IMAGE_001]]: pacing sleep 3.0s
After uploading inline image 4:[[KC_IMAGE_002]]: pacing sleep 3.0s
After uploading inline image 4:[[KC_IMAGE_003]]: pacing sleep 3.0s
After uploading cover image 4: pacing sleep 3.0s
Built WeChat article 4/4 in 15.3s: IMF：黄金不是终极避险资产？IMF揭示其流动性远低于预期 (body_images=3, ai_images=0)
Preparing WeChat draft 1: articles=4 payload_bytes=33061
Checking recent drafts before creating WeChat draft 1
Creating WeChat draft 1
Before creating WeChat draft 1: pacing sleep 90.0s
Verifying WeChat draft 1: media_id=avPwUQVH0p7DPpCFFkit8xRo_4TANxtSpXKLtEkhktAaKU9UvokyMbKpOQbrBSh6
Before verifying WeChat draft 1: pacing sleep 8.0s
Verified draft/get: media_id=avPwUQVH0p7DPpCFFkit8xRo_4TANxtSpXKLtEkhktAaKU9UvokyMbKpOQbrBSh6 articles=4/4
Draft 1: articles=4 media_id=avPwUQVH0p7DPpCFFkit8xRo_4TANxtSpXKLtEkhktAaKU9UvokyMbKpOQbrBSh6
Wrote summary: wechat_drafts/institutions/260710/wechat_draft_summary.json
