Found 62 total PDFs; shard 1/40 has 5 PDFs, skips 0 already converted, will process 5 PDFs with batch_size=5.
Running batch 1: 5 PDFs
Found 5 PDFs. MinerU token slots available=4.
MinerU attempt 1/4 using MINER_U_2: submitting 5 PDF(s).
Uploading PDF to MinerU: /tmp/pdf_batch_001_0_we0mso/pdfs/0001-06-Bernstein-Japan Strategy Q326- The bright spot in the region-Ample opportunities for value - growth managers-260723.pdf
Uploading PDF to MinerU: /tmp/pdf_batch_001_0_we0mso/pdfs/0002-07-BofA Securities-Midea Group -H A-- 0300.HK-Improving outlook in 2H26- strong shareholder returns-260721.pdf
Uploading PDF to MinerU: /tmp/pdf_batch_001_0_we0mso/pdfs/0003-08-BofA Securities-NVIDIA Corporation-NVDA.OQ-More cores or faster cores- The NVDA vs AMD agentic CPU debate-260722.pdf
Uploading PDF to MinerU: /tmp/pdf_batch_001_0_we0mso/pdfs/0004-09-BofA Securities-Global Semiconductors-China Semicap Import Tracker -June 2026 down 1- yoy-260721.pdf
Uploading PDF to MinerU: /tmp/pdf_batch_001_0_we0mso/pdfs/0005-10-Bofa-Alphabet Capex increase steals the spotlight from strong Cloud acceleration- Buy-260723.pdf
MinerU attempt 1 using MINER_U_2 batch_id=81574fcb-67fd-4290-94ef-55bae8c90166
MinerU states: done, done, done, done, waiting-file
MinerU states: done, done, done, done, done
/home/runner/work/rpt_edit/rpt_edit/scripts/pdf_to_xhs_batch.py:307: DeprecationWarning: Image.Image.getdata is deprecated and will be removed in Pillow 14 (2027-10-15). Use get_flattened_data instead.
  pixels = list(gray.getdata())
Skip non-chart visual asset 3bb58911a2610b4c4b3cf524b58962f5e966448db58b973d2a0c14b757f0dc0a.jpg: score=0;chart_ratio,square_without_chart_hint,edge:0.28
Skip non-chart visual asset 1f29016210f2725f7101bda3c48876d39bcd91f719f734e9b514ec3275300fce.jpg: score=0;chart_ratio,square_without_chart_hint,edge:0.34
Skip non-chart visual asset 3532f692d8072f838739d3cacd51a289bff0459f76363263c5449cb657bc516e.jpg: score=-100;too_small:320x276
Skip non-chart visual asset ac96cff045a043f29dbf37a7f99fa878f9a181ce93b1e18a48480ac07c1022a3.jpg: score=0;chart_ratio,square_without_chart_hint,edge:0.30
Skip non-chart visual asset 83a551503da3bb771b0db23bfeffce9c8ff6ee27160208ba167d096fd37a9d6b.jpg: score=0;chart_ratio,square_without_chart_hint,edge:0.32
Skip non-chart visual asset 3d96bb142c0d75a366016dbf2a3852003e66ed1a971cd89a224684376b1f3d7b.jpg: score=0;chart_ratio,square_without_chart_hint,edge:0.25
Skip non-chart visual asset 3b55ae98237a0a07e0ab41fbd43d0d4721a4af1b2cc68ff055f0a3e57dcd072a.jpg: score=0;chart_ratio,square_without_chart_hint,edge:0.31
Skip non-chart visual asset b589f1a38a71d15c49471d4fadc8b7bd53fff619330ef02519a0dfb40aa5b5c3.jpg: score=0;chart_ratio,square_without_chart_hint,edge:0.32
Skip non-chart visual asset 93163cf2ce2bb32e488753d2f5436ee036702f9a51b7f334173ed396677f60ea.jpg: score=0;chart_ratio,square_without_chart_hint,edge:0.28
Skip non-chart visual asset c9308687dc4d4fd0a9a9157db2a9d1dd1c5ee16a59eee6726d9893047cce68c6.jpg: score=1;odd_ratio:4.93,edge:0.23,contrast,large
Skip non-chart visual asset 9f965056a7ffda76e813743f29818013f00c86ca083b6af5c8950eb26d4fe711.jpg: score=0;chart_ratio,square_without_chart_hint,edge:0.32
Skip non-chart visual asset 4089b864f61e3ad1d664b72d8d607fad89ab1415cd91479c98afc6096eba3bdd.jpg: score=0;chart_ratio,square_without_chart_hint,edge:0.27
Skip non-chart visual asset ae60f9f0d2d27cd8c5cdad27c0a614fce4d261b28e5276f708681d691784a10e.jpg: score=-100;too_small:324x276
Skip non-chart visual asset 178eaf6996855aca9f6bf7ec6ec119c921cb59179e26da9967ed444684abcccc.jpg: score=-100;too_small:326x275
Skip non-chart visual asset 8be79321b6ee14b6420c019ae0b546a59f63e1a8a8a6e6cdb1c4354135798a62.jpg: score=0;chart_ratio,square_without_chart_hint,edge:0.28
Skip non-chart visual asset 462c21e79742b3c396c285a3bf315e67b026225133bccda3b8945d1bd4e50356.jpg: score=0;chart_ratio,square_without_chart_hint,edge:0.28
Skip non-chart visual asset e03b1a72ee149f29fc63fd2c99868eca74493bf609e273af1b7c159c28669eac.jpg: score=0;chart_ratio,square_without_chart_hint,edge:0.33
Skip non-chart visual asset 55938486545b03ee3dad4f6aa21ae492a35d83886b62de71941a6146639131b9.jpg: score=-100;too_small:321x276
Skip non-chart visual asset 4afc17195ed561ffeca340a7cf82a35b1b7dd43e08dc484a92048aa86837ac38.jpg: score=0;chart_ratio,square_without_chart_hint,edge:0.26
Skip non-chart visual asset 428272c68715be31e71d9f8d23836f39d405bf10346dac78238dfe0f838d08c2.jpg: score=0;chart_ratio,square_without_chart_hint,edge:0.31
Skip non-chart visual asset c64aa185b89c7e69b80b6dcfdfde40b69bfdb317fad09cb9df8e10165c6a4b0b.jpg: score=1;chart_ratio,square_without_chart_hint,edge:0.27,large
Skip non-chart visual asset 0206908bff832f6b44db62ecf9c2d71765567fc2f138637fd8a37ec00d618b14.jpg: score=0;chart_ratio,square_without_chart_hint,edge:0.29
Skip non-chart visual asset d93bddf2db2f1a28d0070379361424cc7180f6c74eb97da2347044d0138a9d83.jpg: score=0;chart_ratio,square_without_chart_hint,edge:0.29
Skip non-chart visual asset da0fccbbe3a69fcb1ab45ba131af9f4ded934a14b991ee09c469f17be9c9a0c7.jpg: score=0;chart_ratio,square_without_chart_hint,edge:0.28
Skip non-chart visual asset 3a6af5d4763e3670fd22e50846b3a62475fa489ac79c90341272279505119c96.jpg: score=0;chart_ratio,square_without_chart_hint,edge:0.30
Skip non-chart visual asset 92b5e80ba5843a2493ff182fd2e3b29b8724698643f8c1bc749a290fade374fa.jpg: score=-100;too_small:90x95
Skip non-chart visual asset 77f0d83cf190fec3152a8294151a6971d532df76873821b8d47abd3d98329589.jpg: score=0;chart_ratio,square_without_chart_hint,edge:0.27
Skip non-chart visual asset 85d611d6faca94d1d6abc56945409f0c1a4bf57a1bdad35bfa77268a2cba2c45.jpg: score=0;chart_ratio,square_without_chart_hint,edge:0.32
Skip non-chart visual asset 63ce702e7cbeb46f2c4086950e7ef6f8883be0417a1490b2b16e143ef132a7f4.jpg: score=0;chart_ratio,square_without_chart_hint,edge:0.29
Skip non-chart visual asset 443c577a14bfd9573c7049439871ca6976a60506b3185636e0a9e059357afd18.jpg: score=0;chart_ratio,square_without_chart_hint,edge:0.30
Skip non-chart visual asset a1b271ca8cbe241076191869273768bbc3dc4a9030fddc160e56d7e03b1f46fc.jpg: score=0;chart_ratio,square_without_chart_hint,edge:0.23
Skip non-chart visual asset 18f9e3060e8df17af9aa0fba42ada9dc0fc99689898dba81b7569fad94225b71.jpg: score=-100;too_small:323x276
Skip non-chart visual asset 4dfa5164f6f03b7a9485060b70426b1878e4b8558cb0612ba3ad8f7f1700cb46.jpg: score=0;chart_ratio,square_without_chart_hint,edge:0.28
Skip non-chart visual asset b5e35ff6b1db37f46ca45aef13fcb1b19a3a4fcd6b6f1a8ea509357d0df4cc77.jpg: score=0;chart_ratio,square_without_chart_hint,edge:0.30
Skip non-chart visual asset 3592d652ce57d4167034f54c9465843e85dbbe88b36663c81ae371687d81e05e.jpg: score=0;chart_ratio,square_without_chart_hint,edge:0.31
Skip non-chart visual asset 0a758d1f542956e496918546a5f0aeba6ca29514a893508b6f0126498655a0b9.jpg: score=-100;too_small:320x282
Skip non-chart visual asset 2fd29c8af201f2813ba96501a328cab14bd494d84f9a5a397b119b71f8819137.jpg: score=-100;too_small:324x278
Skip non-chart visual asset cf8657b5b23d316c75f31a8cba894361eee3c15d33b7f54c77ff796808763a57.jpg: score=0;chart_ratio,square_without_chart_hint,edge:0.26
Skip non-chart visual asset dd27eec1195a9d5775d6b5952628a660259b7a398a4223929f985eaa22219dcc.jpg: score=-100;too_small:326x282
Skip non-chart visual asset cf3812374073938a2b9864f43655ad63cb6ba1285312f485b030b502145585c5.jpg: score=0;chart_ratio,square_without_chart_hint,edge:0.32
Skip non-chart visual asset 41b00234a051bc439b57837cf42a8e904c2123b9cac9269e1f0a4df578967c5b.jpg: score=0;chart_ratio,square_without_chart_hint,edge:0.24
Skip non-chart visual asset ac833bac8bbd79d80e88caa93e8f20052f5a672c82333c1cc6a94ab7a21baf4d.jpg: score=-100;too_small:320x276
Skip non-chart visual asset f5e308e7aaedbc5481e5c37c9e56c11b1729745b5babfa8b0ee848dc8efd40e9.jpg: score=0;chart_ratio,square_without_chart_hint,edge:0.31
Skip non-chart visual asset 1639880213ed2e2cac7402e4e03b27a45931a6be963a143831c513265fade972.jpg: score=0;chart_ratio,square_without_chart_hint,edge:0.29
Skip non-chart visual asset 409b717669a0cc08f215f029925777e2b1aae6b9017f617ba6f9e01c1760cfe5.jpg: score=0;chart_ratio,square_without_chart_hint,edge:0.33
Skip non-chart visual asset 15884c19459b81ae9bafc406f2ceb688dfb5bbbe728898bac1ef3eb87cdd7ac2.jpg: score=0;chart_ratio,square_without_chart_hint,edge:0.32
Skip non-chart visual asset e8d7d1a716e8648d8f75482288bc15751a475b6ac5048c1e023eabe98e8b5425.jpg: score=0;chart_ratio,square_without_chart_hint,edge:0.32
Skip non-chart visual asset 0d63ff0179892d30ecdd05e1ab45eb1d382233a34e1646c4d6e5f119b1df773d.jpg: score=0;chart_ratio,square_without_chart_hint,edge:0.26
Skip non-chart visual asset 55368023239ee47f25203700f1a12f171f30650f68f959a72ca782a09672ba61.jpg: score=-100;too_small:96x95
Skip non-chart visual asset 14228a6a67cb18fe0b1c4a8c8e9d2d8582a72ea60182b46f971ed071bb762571.jpg: score=-100;too_small:326x284
Skip non-chart visual asset 223d53ba29e6044a7946dcdfa0a6dbcf6008fb02ba96bf91cb2641b6b02d9c2c.jpg: score=0;chart_ratio,square_without_chart_hint,edge:0.23
Skip non-chart visual asset f4d61e2ff4c447d84097084377b58ecfa0d445b2782e73e150f82b54f0239a97.jpg: score=0;chart_ratio,square_without_chart_hint,edge:0.34
Skip non-chart visual asset 527d18841aba520f7b478a892083fa74a81946fa6fdf1f8d5d978e07e9549dd3.jpg: score=-100;too_small:320x271
Skip non-chart visual asset fb37d60fcdf59f573e33f4410b3b23a9cc662083204293dbefd286a5f51dd556.jpg: score=0;chart_ratio,square_without_chart_hint,edge:0.30
Skip non-chart visual asset 04b900b99b9af146f6f4ad66b0c91049e9d818a2b1607462064854c9934f84f5.jpg: score=0;chart_ratio,square_without_chart_hint,edge:0.35
Skip non-chart visual asset bf50850c3f1b62576699df60de7ed09ea7c9abaf9cc0622e6f0bd20f71bedfc1.jpg: score=0;chart_ratio,square_without_chart_hint,edge:0.33
Neutralized WeChat title while keeping the report: 伯恩斯坦：日本策略Q326-区域亮点-价值与成长经理机遇 -> 伯恩斯坦：研究主题与行业变化观察
Skip non-chart visual asset 9d0007f6ba615f8c730231abea862f9ca243a77064cd3ce8c7d69b914196b333.jpg: score=1;chart_ratio,square_without_chart_hint,edge:0.18,large
Skip non-chart visual asset 4ced159e6e028a9c0e7c2b4cf2c7761a021519cdf9731f2265bc2cf85c89c61d.jpg: score=-100;too_small:995x148
Skip non-chart visual asset dcc8aa8fdca62be215b50266f3e96f46ea518c2dfdf138d64bb567e5df25016a.jpg: score=-100;too_small:998x143
Skip non-chart visual asset b6b502deb5e470a166a5755a497715fa303b002ba6caf6a018467b0ca1c30697.jpg: score=-100;too_small:1556x117
Skip non-chart visual asset 3bbfe2ecaeba5b63d65c6b976ad095260a1e9f1cdad8474ec16b12ec46f2fc6d.jpg: score=-100;too_small:1554x117
Skip non-chart visual asset f22692bd10d301ef0af98742493c2ca9d5a3159af8502d4442507bbad588ed5d.jpg: score=-100;too_small:1556x118
Skip non-chart visual asset fd843011781e450f5b664edeeeac5b31a03e7e187cbc49a3128d4fe943577082.jpg: score=1;chart_ratio,square_without_chart_hint,edge:0.28,large
Skip non-chart visual asset 9bb62065e826978ab40ffb1210db69a23fdc7bece692f0b9495ad424ddf378dc.jpg: score=2;edge:0.30
Skip non-chart visual asset cf7a3fb59e3d5b7faed44005fa2ae7559888b7c275fa141a2702927a52631d54.jpg: score=-2;square_without_chart_hint,large
Skip non-chart visual asset a3d8e68161ff24c97333c3e2b3648e4720bf879d145ea93bb948de39738e3a71.jpg: score=-100;too_small:998x145
Skip non-chart visual asset accaba7055c4bdaf5a446338e8fb645b91ec64db84529766ca97896c6b58e24d.jpg: score=1;square_without_chart_hint,edge:0.49,contrast,large
Neutralized WeChat title while keeping the report: 美银：美的集团2026下半年展望改善与股东回报 -> 美银：美的集团业务与近期数据观察
Skip non-chart visual asset f4c975a706b4d77cbf102af90c3621592d9c2cc2ba0ef1414748c453ba900935.jpg: score=2;chart_ratio,large
Skip non-chart visual asset 069f00e0d8fb0caf84f7ae4c801cbbfd1337a3c8ff57cbf44a55a4602fc65d54.jpg: score=2;chart_ratio,large
Skip non-chart visual asset dd1fef57bebabd6db959f8405229856fe993efa4cf4283dfe3e539d186355b62.jpg: score=-100;too_small:1557x117
Skip non-chart visual asset 153904414db850f479c057058b205ac896753eb0c715559079952b732f078ae3.jpg: score=-100;too_small:1557x115
Skip non-chart visual asset 1f3f8e31f0e90a72f8f67effe5e9756ad9652719eaf72429baaf60e7a0c44601.jpg: score=-100;too_small:885x151
Skip non-chart visual asset 271d9eef03e310b11c4d7a848a457b8b4586059c6f67d884342e11d92edef66d.jpg: score=-100;too_small:1431x98
Skip non-chart visual asset 8e6ada83405022c8d72c7502c8fe6a40a4719bcb4e274e3214d5cde167d8d1cd.jpg: score=-1;square_without_chart_hint,edge:0.22
Neutralized WeChat title while keeping the report: 美银：NVIDIA与AMD在AI服务器CPU路径上的分歧 -> 美银：AI、CPU技术与行业应用观察
Skip non-chart visual asset 9d5c2553f27fea12cf5a49d07fc79d84b14c493ff7af7529f83151fee63f690f.jpg: score=1;square_without_chart_hint,edge:0.20,contrast,large
Skip non-chart visual asset 6bc71fe92f51cba5d473df8ee5d837b326eeee788c269231c127ae538d73d0c8.jpg: score=1;chart_ratio,square_without_chart_hint,edge:0.17,contrast
Skip non-chart visual asset 13c825f08f45a4a4c64c3dd58fbc4ca11f3698ba4531fb10badf09d81192756a.jpg: score=1;square_without_chart_hint,edge:0.22,contrast,large
Skip non-chart visual asset 96e2384e10a54fc8f8ec0856f3914cad1ce29507779aebf74c0d1c860592ddb4.jpg: score=0;square_without_chart_hint,edge:0.22,large
Skip non-chart visual asset 4dc38dfd51e7961fa4c576ff1e72dea9e3ab5f5a2d8364f4aad20ae7e74c6e34.jpg: score=1;chart_ratio,square_without_chart_hint,edge:0.14,contrast
Skip non-chart visual asset 07264d4728bb46ee4dca34fc9faaf9374ac14ef1ae290466f67f89f87fae611c.jpg: score=1;chart_ratio,square_without_chart_hint,edge:0.17,contrast
Skip non-chart visual asset 9711589d0d11b13221fc0c941f9d6bb7db48255b40c635e9b85084deeaf4ad05.jpg: score=2;chart_ratio,square_without_chart_hint,edge:0.22,contrast,large
Skip non-chart visual asset 7ca2754e32a201468f4f9d727f6986a48cb9be68976eb36d2b16b9d446d90644.jpg: score=1;odd_ratio:5.26,edge:0.16,contrast,large
Skip non-chart visual asset 34bdae85eef339937408f4acea4fb62f7b70d429d4666d13e4626540012fd50d.jpg: score=1;square_without_chart_hint,edge:0.23,contrast,large
Skip non-chart visual asset 04ab258a6c644798abba798ae1c96b5c11a620450e2a6a2d0ce24869f14232f2.jpg: score=1;chart_ratio,square_without_chart_hint,edge:0.20,contrast
Skip non-chart visual asset a2664a482750f0d7315344397c7f1cbd4e51289db7ab518fddf535e35d8503cc.jpg: score=0;square_without_chart_hint,edge:0.12,contrast
Skip non-chart visual asset 6c4de1798a69b87e8be8560653ff6b671ea28b823122ec38c5464aaa8472bc7c.jpg: score=1;square_without_chart_hint,edge:0.21,contrast,large
Neutralized WeChat title while keeping the report: 美银：全球半导体-中国半导体设备进口追踪-2026年6月同比下降1% -> 美银：半导体行业数据与主题变化观察
Skip non-chart visual asset 17cae0855033702a0f3d5059494596df329d2c091051d05becd683f7101b620c.jpg: score=-100;too_small:1001x176
Skip non-chart visual asset d854c4873451d0a03bad8279af3a0c8aea3b8cd3477a78181adad92b21973a22.jpg: score=-100;too_small:1556x118
Skip non-chart visual asset 2b0afc9dabc1d1068058afa3d07afac4a0062566681816eb4ba8feec2dfde566.jpg: score=-100;too_small:495x176
Skip non-chart visual asset 63605f45315f7221be80ca99c67fe02c12d892a34128bcbd01af020eef75ecbf.jpg: score=-100;too_small:1554x114
Skip non-chart visual asset 559f748e6767f33e1058360785e8b69e1f1e4849ebc7697bea32248c5d9a9538.jpg: score=1;chart_ratio,square_without_chart_hint,edge:0.34,large
Skip non-chart visual asset a4540f3c012b1fa69e141d212cfaf1f45645a423cecde22ee3990bd3f9794c67.jpg: score=-100;too_small:1001x154
Skip non-chart visual asset 098b97425601d23afbf11938a01db7eee63e35ed2923c0dc00e894cf344058d6.jpg: score=-1;square_without_chart_hint,edge:0.26
Skip non-chart visual asset 6b74713f4b99dbb2914550e7cf813657e9701066e154eaf9113a5214c1ca3b5b.jpg: score=-100;too_small:473x175
Skip non-chart visual asset a922e54432a38cc56dab0a37f78a32b0ece0c473976cc5a06a294d8480103064.jpg: score=-100;too_small:1471x84
Skip non-chart visual asset 3483e917c2030b13f6cad6f091a7c65f44101adbc38829665e6d11c3e45a8747.jpg: score=1;odd_ratio:4.82,edge:0.28,contrast,large
Skip non-chart visual asset a9e3e9c65b5faf43ec87ac6e218c097b34017026d152aa76ec5f3046f6405260.jpg: score=2;edge:0.21
Skip non-chart visual asset 48eaad1960137302842a8a226c7983f6cb504cd28a0a4fff8b61eeb20f1ea8c2.jpg: score=-100;too_small:492x71
Neutralized WeChat title while keeping the report: 美银：Alphabet资本开支上调与云业务加速 -> 美银：研究主题与行业变化观察
Done. Results written to /home/runner/work/rpt_edit/rpt_edit/xhs_notes/dropbox/260723/shard_1; successful_reports=5; mineru_timed_out=False; mineru_attempts=1
All batches completed successfully. Generated 5 report directories.
