Found 64 total PDFs; shard 4/40 has 5 PDFs, skips 0 already converted, will process 5 PDFs with batch_size=5.
Running batch 1: 5 PDFs
Found 5 PDFs. MinerU token slots available=2.
MinerU attempt 1/4 using MINER_U_2: submitting 5 PDF(s).
Uploading PDF to MinerU: /tmp/pdf_batch_001_pos3ub9j/pdfs/0001-21-Goldman Sachs-Japan Healthcare- JNJ results read-across- Pharma drives favorable 2Q performance- watching US surgical volume trends-260716.pdf
Uploading PDF to MinerU: /tmp/pdf_batch_001_pos3ub9j/pdfs/0002-22-Goldman Sachs-Japan SPE- TSMC results read-across- Capex hike- comments on inflation look positive for the SPE sector as a whole-260716.pdf
Uploading PDF to MinerU: /tmp/pdf_batch_001_pos3ub9j/pdfs/0003-23-Goldman Sachs-Japan Industrials- Multiple cos. announce NVIDIA partnerships physical AI initiatives- Omron is being overlooked- reiterate Buy-260717.pdf
Uploading PDF to MinerU: /tmp/pdf_batch_001_pos3ub9j/pdfs/0004-24-Goldman Sachs-Kingsoft Cloud -KC.US- 2Q26 Preview- Moderated revenue growth against a more normalized base- Capex visibility key to 2H26 growth acceleration- Buy-2607.pdf
Uploading PDF to MinerU: /tmp/pdf_batch_001_pos3ub9j/pdfs/0005-25-Goldman Sachs-South Korea- BOK Hikes to 2.75-- As Expected- and Stresses Data Dependency on the Next Hike-260716.pdf
MinerU attempt 1 using MINER_U_2 batch_id=d430c344-c8dc-44c8-ad60-8cb558c3a99c
MinerU states: pending, pending, pending, pending, waiting-file
MinerU states: done, done, done, running, running
MinerU states: done, done, done, running, done
MinerU states: done, done, done, running, done
MinerU states: done, done, done, done, done
Skip non-chart visual asset ed2c293806028cfadd0c08fd995a0a44e17a98b6881f8ffbd69e4034506608ef.jpg: score=-100;too_small:1159x106
MinerU images did not look like charts; keeping only the title card and letting downstream AI fill body images.
/home/runner/work/rpt_edit/rpt_edit/scripts/pdf_to_xhs_batch.py:291: DeprecationWarning: Image.Image.getdata is deprecated and will be removed in Pillow 14 (2027-10-15). Use get_flattened_data instead.
  pixels = list(gray.getdata())
Skip non-chart visual asset 2352eeb5ac139383b37e1e9e65c1b676c02eb0da9c8a81a6eff6f7351c511f64.jpg: score=-100;too_small:484x106
Skip non-chart visual asset f9f64864d59c0b146b2241cfe9388f43ea97de01b827dc8d42b217c12d95d255.jpg: score=0;chart_ratio,square_without_chart_hint,edge:0.29
Skip non-chart visual asset c559c79f1202a178022340828cbce78c349feb64566865c1427e49ebd3887ba0.jpg: score=-100;too_small:481x106
Skip non-chart visual asset 97ab555a4b27d86d1ee95d1f186c279a44fc188c81084a27ecba2a1c53bf4883.jpg: score=2;edge:0.33
Skip non-chart visual asset 89afcc5a9c1e3c8144b12d96249efbb5d83a0773eb8369214d4c79c915a42622.jpg: score=2;edge:0.29
Skip non-chart visual asset 1510fde059cac0222022d87b4568f2c1b117a02742970dcdb5e7d8f7448cce96.jpg: score=-1;square_without_chart_hint,edge:0.30
Skip non-chart visual asset 5683210ca79daae758d8eb8d8db126dba6d8792567b6cd168938c0d8c429a070.jpg: score=-1;square_without_chart_hint,edge:0.29
Skip non-chart visual asset 68373e91cf45279e27a68775a43c9c75d263a6cebb4933a73223dc854cfdab5f.jpg: score=-100;too_small:484x106
Skip non-chart visual asset c0e50a8f04e00590f8a57cbe671835a002164cf6808179b73bc405ff573ac70b.jpg: score=0;chart_ratio,square_without_chart_hint,edge:0.24
Skip non-chart visual asset dde61ceaa2ea14b9b1a9192b0c639ba9ac419a6002a41709ac7a5a57f635d8d4.jpg: score=-100;too_small:481x106
Skip non-chart visual asset a73246e2c9760a140a6ae91c9f564135192f8d827eaca45b1c9d90ac87558cf0.jpg: score=-1;square_without_chart_hint,edge:0.25
Skip non-chart visual asset 04f5cf024fc3deb01033dca2d43299824fed2a299e0a6682139c3601a32ef767.jpg: score=1;square_without_chart_hint,edge:0.39,contrast,large
Skip non-chart visual asset f243a4707b8cc443a36598da8b7901fee48ac9687bb798626c79736d145cd0df.jpg: score=-100;too_small:1074x118
Skip non-chart visual asset 7744a02ccd7e2506301b16ef69653e679a503fd533e942f93054fec08198b2a7.jpg: score=-1;square_without_chart_hint,edge:0.26
Skip non-chart visual asset 46d22eadc4ecb89c54508038b88e1335a85052bd518e345778e87a515e084c2c.jpg: score=-100;too_small:704x81
Skip non-chart visual asset caafceabe79f0b4136d8892a9f94aa6075188337dd57a6b5c5cad67661684aff.jpg: score=1;chart_ratio,square_without_chart_hint,edge:0.28,large
Skip non-chart visual asset a3d4f1d3c31231bcfa5b24b32cfa56d46bd577a61b54c4d8430bdf21c64b3f7b.jpg: score=-100;too_small:535x170
Skip non-chart visual asset 0df90080745443fa185e3a25c575d525ce6b726c101e81a8bc91ca5ae6d12c3d.jpg: score=-100;too_small:1159x109
Skip non-chart visual asset 614f99730e8b4ef0a242292ff03ba4a9edaf43fdd6f55eb5b4f8d730dc1b950e.jpg: score=0;square_without_chart_hint,edge:0.37,large
Skip non-chart visual asset 32b107c8135be0d6999e532989dbb1a1cbd018368450179e589078dbb72bea1a.jpg: score=1;chart_ratio,square_without_chart_hint,edge:0.33,large
MinerU result contained no standalone chart images; creating title card only.
Done. Results written to /home/runner/work/rpt_edit/rpt_edit/xhs_notes/dropbox/260717/shard_4; successful_reports=5; mineru_timed_out=False; mineru_attempts=1
All batches completed successfully. Generated 5 report directories.
