Found 99 total PDFs; shard 17/40 has 5 PDFs, skips 0 already converted, will process 5 PDFs with batch_size=5.
Running batch 1: 5 PDFs
Found 5 PDFs. MinerU token slots available=2.
MinerU attempt 1/4 using MINER_U_2: submitting 5 PDF(s).
Uploading PDF to MinerU: /tmp/pdf_batch_001__60x70oj/pdfs/0001-86-Nomura-Asia Insights-Many AeJ central banks sold USD in June following the FOMC-s perceived hawkishness-260714.pdf
Uploading PDF to MinerU: /tmp/pdf_batch_001__60x70oj/pdfs/0002-87-Morgan Stanley-Yili Industrial-600887-1H26 On Track- Raw Milk Supply-Demand Improving-260714.pdf
Uploading PDF to MinerU: /tmp/pdf_batch_001__60x70oj/pdfs/0003-88-UBS-China Battery Materials-Hungary battery supply chain investment risk assessment-Expert call takeaway-260714.pdf
Uploading PDF to MinerU: /tmp/pdf_batch_001__60x70oj/pdfs/0004-89-UBS-China Chemical New Materials Sector-Price hikes are the potential catalysts for MLCC electronic gas wet chemicals in H226-260714.pdf
Uploading PDF to MinerU: /tmp/pdf_batch_001__60x70oj/pdfs/0005-90-Nomura-FX Insights-Thoughts on USD-260715.pdf
MinerU attempt 1 using MINER_U_2 batch_id=5e945c1c-ff64-4906-ab52-e3158328dee3
MinerU states: running, running, running, running, waiting-file
MinerU states: done, done, running, running, done
MinerU states: done, done, done, done, done
/home/runner/work/rpt_edit/rpt_edit/scripts/pdf_to_xhs_batch.py:290: DeprecationWarning: Image.Image.getdata is deprecated and will be removed in Pillow 14 (2027-10-15). Use get_flattened_data instead.
  pixels = list(gray.getdata())
Skip non-chart visual asset 84055554685529ea0d11b1bc1abd22dc5d24d08e41206a2647a9d3ad9f2cf345.jpg: score=0;chart_ratio,square_without_chart_hint,edge:0.35
Skip non-chart visual asset c3d246e8993419ce04138f60a50d0b2346c62bae45699c1aabd10454cac6ffe3.jpg: score=0;square_without_chart_hint,edge:0.23,large
Skip non-chart visual asset 8d6a80c23cc5089d5fff3f9a14931b4cdcbb67073720fe87fca6db4e09fb34a2.jpg: score=1;large
Skip non-chart visual asset 626e297e87608004a765b03a141c0f3a6a8ecc1032cbd330305200dcaea66da8.jpg: score=-100;too_small:521x134
Skip non-chart visual asset 2622deb75ccd6df6903a428bc94f1d917f691394ae332a1b9ba53d1f3dbec65e.jpg: score=1;chart_ratio,square_without_chart_hint,edge:0.27,large
Skip non-chart visual asset c088576093a7b7ac72e5c69adfbd7b2bceb446506b13740e5e5f402ab3a58b09.jpg: score=0;odd_ratio:7.58,edge:0.28,contrast
MinerU images did not look like charts; keeping only the title card and letting downstream AI fill body images.
Skip non-chart visual asset f49f63ee4563718087aad0a34f988eefa1733a6ba4a287dd9c2eb9d795e51430.jpg: score=-1;odd_ratio:5.53,edge:0.15
Skip non-chart visual asset b0985e3715ed6f14438a91d1294aa79ea435e1af141feca5174148b89f727720.jpg: score=1;chart_ratio
Skip non-chart visual asset 4feff471b30b841b405d3c2619e2f0716a97491fec8d956911284153c222ff51.jpg: score=1;chart_ratio,square_without_chart_hint,edge:0.21,large
Skip non-chart visual asset 4d9efa62e20a461ea8b2602c2886aa40182c50792c34b48b7bcb6000769856f0.jpg: score=0;odd_ratio:6.73,edge:0.21,contrast
Skip non-chart visual asset 53eda2d908013827d15fce56f8390eeb74284552d3620e75111b8df434f9a3e3.jpg: score=-1;odd_ratio:7.10,edge:0.22
Skip non-chart visual asset af0c62a4bba4c7cbb7562e476da1099e1d9701e47167aabfddd83c28a9794c66.jpg: score=1;chart_ratio,square_without_chart_hint,edge:0.21,large
Skip non-chart visual asset e0b63fddc1baabd022fce2727970b93f27bec6710ba2a1f5fb49668c56d8ec4e.jpg: score=0;odd_ratio:7.58,edge:0.28,contrast
Skip non-chart visual asset 4c54ef4de733222c84700f7a6e527027763482808298e85c4de1ae67270f2e48.jpg: score=0;odd_ratio:7.17,edge:0.28,contrast
Skip non-chart visual asset d7f18b2d2193e9033ffc1b9aaa49b2cd740e85eebeb36b15f63455d3d53bc65f.jpg: score=1;chart_ratio
Skip non-chart visual asset f94fc3de4af6e4d0029e12b1b34ab08382a3cf644d4b5252e8c66b880c5ad2b9.jpg: score=-1;odd_ratio:5.71,edge:0.14
Skip non-chart visual asset 1b3313724b63c1c3197577e21d254a15eb4a3545633d5ce4f27bcc7d9dcf91c5.jpg: score=2;chart_ratio,contrast
Skip non-chart visual asset 0a8b49a1a819d547cc082a81b835a7919f2c1a573cfaca458302ae55a25121d9.jpg: score=-1;odd_ratio:7.10,edge:0.21
Skip non-chart visual asset 842017c7572b73befac686771262b1aaebe9409f917839a83f286d09af3c299e.jpg: score=1;odd_ratio:5.48,edge:0.24,contrast,large
Skip non-chart visual asset 00230c8a40a011289669e5651b59662173523916cdc2de1a6b4b57f24a046803.jpg: score=2;chart_ratio,contrast
Skip non-chart visual asset 5fe5dc93c5c1dc347c0463e4ee9176c2296e22cba0ac779ccf26d3871c9dd701.jpg: score=1;chart_ratio
Skip non-chart visual asset c5838fee512990ed1cf8c00d63b72d25d66906fb69efd3687736f3d107d18a04.jpg: score=1;chart_ratio,square_without_chart_hint,edge:0.20,large
Skip non-chart visual asset 613fb0b57f6f404107ac145047c3a1be03753730f074e2983553b86abeb483d1.jpg: score=-1;odd_ratio:5.71,edge:0.15
Skip non-chart visual asset 568eeb362ee3f1c5b2664f0632e23f7152148f36e347693b22ef51641edd1867.jpg: score=-1;odd_ratio:7.04,edge:0.22
Skip non-chart visual asset 41eea06cb0777ca141d580e04149b647636d068f6ab72b6848ee506899e4a509.jpg: score=-1;odd_ratio:7.09,edge:0.22
Skip non-chart visual asset 2d27fd0fb7205bd9ffc7b7fe96b622220c2d0f46200db5ee3b9eb3305d8be913.jpg: score=-100;too_small:1068x168
Skip non-chart visual asset 99b7d2a88f6a5529ed0e6a20d6b132e69f0b21e3cd61694694c9de471b975133.jpg: score=1;chart_ratio,square_without_chart_hint,edge:0.22,large
Skip non-chart visual asset cbb89edea2700cd43cc0c119c35c9bf3598070efa398a36ba707a357e20e77ca.jpg: score=1;chart_ratio,square_without_chart_hint,edge:0.22,large
Skip non-chart visual asset 611a3d5b1de6d90bbdcdc051e71d7c84884cf325412de7ab9b0078f34fae3f36.jpg: score=-100;too_small:1068x168
Skip non-chart visual asset 59b41999c5741b5b1a065fa8acb260ce5cbcf0f524e1f63ecc3701910f629107.jpg: score=1;chart_ratio
Skip non-chart visual asset 0b8d09f9d5a588c3225c743c85430e9105af6bbb61e5cefad00892fac7c98202.jpg: score=1;chart_ratio
Skip non-chart visual asset a313722171df5453bfdd145027fd9387246c11802a8cfa893a1417acd9c18ffc.jpg: score=0;odd_ratio:6.23,edge:0.27,contrast
Skip non-chart visual asset 707eed6e5f75c91f63d3fde0909c6ab23abe87669e545d7e3bd321ca25a2f8b4.jpg: score=-1;odd_ratio:7.04,edge:0.21
Skip non-chart visual asset a12d2fe9ea5c465244b9be4227c5757ab6141e04e93ee0b98f21ab8bbe782631.jpg: score=-1;odd_ratio:7.09,edge:0.21
Skip non-chart visual asset dc7baed50585d2c4709306a3b014a3293e08c6d05eccb8e4ad30e014c14e4fef.jpg: score=1;chart_ratio,square_without_chart_hint,edge:0.22,large
Skip non-chart visual asset fa3c0fd6f7c3d1cb62d4479f5cadcc40340dfc3f0d9a97d4a27c05fe361e7b47.jpg: score=-100;too_small:1403x159
Done. Results written to /home/runner/work/rpt_edit/rpt_edit/xhs_notes/dropbox/260716/shard_17; successful_reports=5; mineru_timed_out=False; mineru_attempts=1
All batches completed successfully. Generated 5 report directories.
