Found 87 total PDFs; shard 4/40 has 5 PDFs, skips 0 already converted, will process 5 PDFs with batch_size=5.
Running batch 1: 5 PDFs
Found 5 PDFs. MinerU token slots available=2.
MinerU attempt 1/4 using MINER_U_2: submitting 5 PDF(s).
Uploading PDF to MinerU: /tmp/pdf_batch_001_0ow4qsgp/pdfs/0001-21-Goldman Sachs-ExxonMobil Holdings -XOM.US- Takeaways from CEO Lunch- Focus on M-A Strategy- Permian Growth and Exploration-260714.pdf
Uploading PDF to MinerU: /tmp/pdf_batch_001_0ow4qsgp/pdfs/0002-22-Goldman Sachs-Hyundai Mobis -012330.KS-Higher multiple justified on robotics and autonomous driving strategy revamp- Buy -on CL--260714.pdf
Uploading PDF to MinerU: /tmp/pdf_batch_001_0ow4qsgp/pdfs/0003-23-Goldman Sachs-GLOBAL HEALTHCARE- PHARMACEUTICALS The Cardiology Renaissance- Post CARDIO-TTRansform- two top-of-mind catalysts remain for 3Q-260714.pdf
Uploading PDF to MinerU: /tmp/pdf_batch_001_0ow4qsgp/pdfs/0004-24-Goldman Sachs-Global Shipyard Logbook July- New orders for major ship types improved but declined for gas carriers-China-s order market share reaches 85--260714.pdf
Uploading PDF to MinerU: /tmp/pdf_batch_001_0ow4qsgp/pdfs/0005-25-Goldman Sachs-Kao -4452.T-- Marketing strategy briefing- Reinforcing competitiveness in AI-driven recommendations harnessing scientific evidence-260714.pdf
MinerU attempt 1 using MINER_U_2 batch_id=cb505b4c-799b-4241-828f-963c4fc50de9
MinerU states: running, running, running, running, waiting-file
MinerU states: done, done, done, running, done
MinerU states: done, done, done, done, done
/home/runner/work/rpt_edit/rpt_edit/scripts/pdf_to_xhs_batch.py:291: DeprecationWarning: Image.Image.getdata is deprecated and will be removed in Pillow 14 (2027-10-15). Use get_flattened_data instead.
  pixels = list(gray.getdata())
Skip non-chart visual asset bcce4879b2fee2de8abeb6bb007175e06449c54278d4cd899a225d2dfd915bb0.jpg: score=-100;too_small:548x59
Skip non-chart visual asset 3ea64bf359230feb509f01d8feaa933b99a6433e216f370b635f81931816d92b.jpg: score=0;square_without_chart_hint,edge:0.36,large
Skip non-chart visual asset 6aaac828ac8dd4ae485b436286515b2d8263aaf9e889a5a95b85b91fb84e99a0.jpg: score=1;chart_ratio,square_without_chart_hint,edge:0.37,large
Skip non-chart visual asset fb867517732d8157556189a8496a0744207b45843c1d6865f3baf07dcab04dfd.jpg: score=-100;too_small:1159x107
Skip non-chart visual asset b7a070a5364bd13e2ef6e9d3eb56ff1a56bdc2677c37eacab2639bb433a3f3ce.jpg: score=-100;too_small:387x218
Skip non-chart visual asset 2702ff0ed30b4f8341d3da81cace3025e83eeebef4d5b0cae6024a9f53137546.jpg: score=-100;too_small:373x265
Skip non-chart visual asset 386e6895de77970fa3413e68186e62a0975d37576c309a7ee582c86b38b0d8d4.jpg: score=-100;too_small:379x226
Skip non-chart visual asset 99140da2a6632729e1ecbb973befbcf7f15255f43ba663d9f23e83311b6578c3.jpg: score=-100;too_small:476x107
Skip non-chart visual asset 7046fe4c596b5e6ee8058381d2e0ce81f5cf54c17ab3f3176545aadb74193f54.jpg: score=-100;too_small:473x107
Skip non-chart visual asset 0f2fa361999df08656e1bd6f54bf3d8615c928aaa3c91959d5960ff25e33bc61.jpg: score=0;square_without_chart_hint,edge:0.51,contrast
Skip non-chart visual asset 71966b0ef5db1523117e7728f57a687ba6f3a8baa10721935acb082734ef9c63.jpg: score=-100;too_small:465x162
Skip non-chart visual asset 8fc7418c7bd45834476ee474a4b8e04ac8c67e9b15d1dd291cd999d8186c0159.jpg: score=-100;too_small:1064x139
Skip non-chart visual asset d11edd3ac94c6be9eab7ef058c6fdd2dda26dcb2842f4e43ea932e66c60f51a0.jpg: score=2;edge:0.30
Skip non-chart visual asset fc5efca96c63242104e41c634789ccb9083515755850800e5f501eba1824eaa3.jpg: score=0;chart_ratio,square_without_chart_hint,edge:0.25
Skip non-chart visual asset f812f5cf35812798105d8b643add1489eb0468c07c35897eee0f6ec162ab97c2.jpg: score=2;edge:0.32
Skip non-chart visual asset 16caf468d69da57e5c42a3866eee9c311b243fbbbeb5dccea07baea1e3f96aa0.jpg: score=0;chart_ratio,square_without_chart_hint,edge:0.24
Skip non-chart visual asset aabcf173332e39646fad1dd08fbc69fe6c61dcfa2236a58a22d75c0241af51b1.jpg: score=2;edge:0.31
Skip non-chart visual asset a6e166a66c4ec9f952c507c2de3e4e240c972148c853dfea2c458a2560ad1cad.jpg: score=-100;too_small:1159x106
Skip non-chart visual asset 8ea3d1fdba85af73ff0e031a7b7afea61accc488400ef9e0efa8d2d7146594e1.jpg: score=-100;too_small:470x162
Skip non-chart visual asset 4c34e5001dc97f5f314d09802b7c356ead11fd0adee10d5ee809e10de8ae11c8.jpg: score=-100;too_small:379x76
Skip non-chart visual asset 869c21bb703a0c58a0b4fa90dd19d072dd0822f250ef3ec8e8d63f9a08bf7481.jpg: score=-1;odd_ratio:5.62,edge:0.15
Skip non-chart visual asset e378c51d4e2267e1e86762eab4c75451b733246c317ae9c90750fc532f9fe970.jpg: score=0;odd_ratio:5.23,edge:0.43,contrast
Skip non-chart visual asset 0fce39e5d0e300904753b5cd8ee35d5f1411d9a75e755210067132a0e659856f.jpg: score=-100;too_small:459x62
Skip non-chart visual asset b0fac726cee06b4ef73883514c21037dde8a1f380f78a6788bca7991675a161d.jpg: score=-100;too_small:443x218
Skip non-chart visual asset 05c151d7f8917bd8aa56206f6f402db6a59a7412281602226f101b9bf44ed741.jpg: score=-100;too_small:1218x157
Skip non-chart visual asset 3ff74707153a213b54fc1e5b7087587ecf19a3c5a11a9b83ae4c33c885d37e6c.jpg: score=-100;too_small:640x107
Skip non-chart visual asset 874705d0612d733a6d7932d51237ccab1619d95ae4dfe7b60107ae7a41bc44b0.jpg: score=-100;too_small:398x118
Skip non-chart visual asset 969a834ba6c5ca950a01d6652bb634e97d4a784f148c1d04a3c806461c96e67b.jpg: score=2;chart_ratio,square_without_chart_hint,edge:0.54,contrast,large
Skip non-chart visual asset 4ce50bb012c6d569b5de0ad3a07eff12ee9a8a0aa3a63c6455da6625deb79718.jpg: score=-100;too_small:432x217
Skip non-chart visual asset c629a87e1139337487d3002f2a0bab5c97e1f91a4150b05b2f797f25670c03f4.jpg: score=-100;too_small:446x215
Skip non-chart visual asset 8e9c3d53b5ca7ea580fbbf3791d3abe12bd2697722045af0ca3704b38465d7d5.jpg: score=-100;too_small:479x107
Skip non-chart visual asset cddb6e1fd091b53730e8dc2e551d2c906fa4fbe283642d36aaa1f1538f670b87.jpg: score=-100;too_small:1162x106
Skip non-chart visual asset ed496b72e9b060aca8b3b2f1c2887bf551e3b021ca44b7aa9f2932edce7ab444.jpg: score=-1;square_without_chart_hint,edge:0.28
Done. Results written to /home/runner/work/rpt_edit/rpt_edit/xhs_notes/dropbox/260715/shard_4; successful_reports=5; mineru_timed_out=False; mineru_attempts=1
All batches completed successfully. Generated 5 report directories.
