Found 91 total PDFs; shard 18/40 has 1 PDFs, skips 0 already converted, will process 1 PDFs with batch_size=5.
Running batch 1: 1 PDFs
Found 1 PDFs. MinerU token slots available=4.
MinerU attempt 1/4 using MINER_U_3: submitting 1 PDF(s).
Uploading PDF to MinerU: /tmp/pdf_batch_001_4ovfgk1j/pdfs/0001-91-UBS-China Equity Strategy Mutual funds- position in tech sector hit a record high in Q226-260723.pdf
MinerU attempt 1 using MINER_U_3 batch_id=25fcd0ab-63db-4629-944b-60c2e7128e84
MinerU states: done
/home/runner/work/rpt_edit/rpt_edit/scripts/pdf_to_xhs_batch.py:307: DeprecationWarning: Image.Image.getdata is deprecated and will be removed in Pillow 14 (2027-10-15). Use get_flattened_data instead.
  pixels = list(gray.getdata())
Skip non-chart visual asset b52eb83849afd3a00e712205e8f26a4284f6d14549cc262568335253c39b621d.jpg: score=1;chart_ratio,square_without_chart_hint,edge:0.19,contrast
Skip non-chart visual asset f0eaafdd7ec0c2b1dfac26174b0823edbe13520ac9152f9bff2078c6c0340a0e.jpg: score=2;chart_ratio,square_without_chart_hint,edge:0.20,contrast,large
Skip non-chart visual asset 5a3df68d7809ff081576f663f9a311bb9658d480eab2fbf4509bfed2705772f1.jpg: score=0;chart_ratio,square_without_chart_hint,edge:0.20
Skip non-chart visual asset c05617e47b1f3a3515d42f122c7fdcd4eab0c6e570b4be1e5b4f1fb7d042cbd7.jpg: score=1;chart_ratio,square_without_chart_hint,edge:0.17,large
Skip non-chart visual asset 44530c22201155b28b14c036989fd3f0b1d14665b9c230bd1f2df40a2d659221.jpg: score=2;chart_ratio,square_without_chart_hint,edge:0.19,contrast,large
Skip non-chart visual asset 954abf1f84e504a1cc50461f2b348e01b785eec6be38f035bdcda51fb3d2ab39.jpg: score=2;chart_ratio,square_without_chart_hint,edge:0.17,contrast,large
Skip non-chart visual asset 953db03f5958aa6094ace1f6bafe75388e583a285844ffe7f34cc272249d24bd.jpg: score=2;chart_ratio,square_without_chart_hint,edge:0.17,contrast,large
Skip non-chart visual asset 90524c399d8ce2d0815a4b5193ba15ec22cc58a9fe4a1175e4a379da2e3548c9.jpg: score=2;chart_ratio,square_without_chart_hint,edge:0.21,contrast,large
Skip non-chart visual asset 13b32ad88f250133737ea8636168afcd8d2e7988e354f984ad556e46a9594f4c.jpg: score=2;chart_ratio,square_without_chart_hint,edge:0.20,contrast,large
Skip non-chart visual asset 334dec31a69fef6203c4dd924783fc433229b33e8923c6f00653d0e2d4909a5f.jpg: score=1;chart_ratio,square_without_chart_hint,edge:0.21,contrast
Skip non-chart visual asset 1d7415cdbf3b19c8fff417b405f1f40e8b863f52bf450c6efa64065352ef06ca.jpg: score=2;chart_ratio,square_without_chart_hint,edge:0.22,contrast,large
Skip non-chart visual asset 9281fda464ec7719039ad7f5bb2ac7d612097e50c686ff8393ef3b8af868d666.jpg: score=-100;too_small:220x87
Skip non-chart visual asset c71466bbcae3f9509dacad1900e81858ee8f1a724a767dc89e95169f79b8d4ec.jpg: score=2;chart_ratio,square_without_chart_hint,edge:0.20,contrast,large
Skip non-chart visual asset 15d85d191dfe658123925a9fe1b0cc77f16ca27307e829ac35fc96c5eed3d46b.jpg: score=2;chart_ratio,square_without_chart_hint,edge:0.21,contrast,large
Skip non-chart visual asset ba6c225b520c5aa655abd601b5f624af0b48a56faa033681f0ce8e089b50991c.jpg: score=0;chart_ratio,square_without_chart_hint,edge:0.15
Skip non-chart visual asset ccb218560deb7f53c7a0ce03e2c093b8c3746ea4b840dc743de53389a336988a.jpg: score=1;chart_ratio,square_without_chart_hint,edge:0.19,contrast
Skip non-chart visual asset f194dc9839769e459d1391e7a68319698b7685134809b1e93b3b80bbd7206275.jpg: score=1;chart_ratio,square_without_chart_hint,edge:0.18,contrast
Skip non-chart visual asset a52a61e09ce44405231345c347c13c6f576dd362c670e1cde7d702a9fa1b5c23.jpg: score=0;odd_ratio:7.58,edge:0.28,contrast
Skip non-chart visual asset 521b587c9173088372134cf6adec817623c8580f095af00d6d67b4eac098fe28.jpg: score=0;chart_ratio,square_without_chart_hint,edge:0.20
Neutralized WeChat title while keeping the report: 瑞银：瑞银中国权益策略，公募科技板块持仓占比Q226达57.3% -> 瑞银：研究主题与行业变化观察
Done. Results written to /home/runner/work/rpt_edit/rpt_edit/xhs_notes/dropbox/260724/shard_18; successful_reports=1; mineru_timed_out=False; mineru_attempts=1
All batches completed successfully. Generated 1 report directories.
