Found 64 total PDFs; shard 12/40 has 4 PDFs, skips 0 already converted, will process 4 PDFs with batch_size=5.
Running batch 1: 4 PDFs
Found 4 PDFs. MinerU token slots available=2.
MinerU attempt 1/4 using MINER_U_2: submitting 4 PDF(s).
Uploading PDF to MinerU: /tmp/pdf_batch_001_qq4wy2ea/pdfs/0001-61-Nomura-Asia Insights Korea- BOK delivers a unanimous decision for a 25bp hike-260716.pdf
Uploading PDF to MinerU: /tmp/pdf_batch_001_qq4wy2ea/pdfs/0002-62-Nomura-Asia Insights China- Sectoral breakdown of Q2 GDP-260716.pdf
Uploading PDF to MinerU: /tmp/pdf_batch_001_qq4wy2ea/pdfs/0003-63-Morgan Stanley-Sieyuan Electric Co.Ltd.-002028--Look Through the Dip-260715.pdf
Uploading PDF to MinerU: /tmp/pdf_batch_001_qq4wy2ea/pdfs/0004-64-Nomura-USD CNY fix model-Projection- 6.7739-260717.pdf
MinerU attempt 1 using MINER_U_2 batch_id=797c259b-f8fa-47f0-8c9d-b910763858ad
MinerU states: running, running, pending, waiting-file
MinerU states: done, done, pending, done
MinerU states: done, done, running, done
MinerU states: done, done, done, done
/home/runner/work/rpt_edit/rpt_edit/scripts/pdf_to_xhs_batch.py:291: DeprecationWarning: Image.Image.getdata is deprecated and will be removed in Pillow 14 (2027-10-15). Use get_flattened_data instead.
  pixels = list(gray.getdata())
Skip non-chart visual asset 569e5b2d47379c75faa72ce0f42aa510b15b006f839337084184c64f055e316e.jpg: score=1;chart_ratio,square_without_chart_hint,edge:0.21,large
Skip non-chart visual asset 900f5f64328a5d4925e95f143afc6a9e51a8de29d7ce524a006906bec39dbe1b.jpg: score=0;chart_ratio,square_without_chart_hint,edge:0.16
Skip non-chart visual asset 6d922efac559c12756bb96f4a6c1d62921a1d575a9227fd2887772c674daf47a.jpg: score=-100;too_small:1412x115
MinerU images did not look like charts; keeping only the title card and letting downstream AI fill body images.
Skip non-chart visual asset 9864c0bbee59b5ae2b36e7348ad441d6fda53b9c7686be28837c3185f069cf0f.jpg: score=1;chart_ratio,square_without_chart_hint,edge:0.31,large
Skip non-chart visual asset 872723d9aa773b5e741f3b8ebff4f06822e9b5544d3383f97adb1cf258eafb08.jpg: score=2;chart_ratio,square_without_chart_hint,edge:0.21,contrast,large
Skip non-chart visual asset 9efa3f6253c5c5b7c7a9014eb47d62e857b2c2ffeae332c8a663a6c494c1693c.jpg: score=1;chart_ratio,square_without_chart_hint,edge:0.31,large
Skip non-chart visual asset b81551798760c5ce5dc7fdff3f7413dd4ebf9faaad2c27017dcd8da1fe4bd9b9.jpg: score=-100;too_small:449x204
Skip non-chart visual asset e2a5963068594af5a6f8443ffce73318007e76fbe7365643e2d29ac0a637b5e8.jpg: score=-100;too_small:521x137
Skip non-chart visual asset 6c0c23d2cc393904d079195522258ccd684a753f09320d855985a0cc20db3a0f.jpg: score=0;chart_ratio,square_without_chart_hint,edge:0.37
Skip non-chart visual asset 3b886468ccc0b1733f77248b3ea59c893bcaa8226496035b5d765d4a02a69f44.jpg: score=-100;too_small:526x115
Skip non-chart visual asset 29879d87f87c2cc5ebe90b003105a3b3693a9b9c8e3b126cad37f90db69fa14b.jpg: score=-1;odd_ratio:6.12,edge:0.16
Skip non-chart visual asset fd779183fdadc8d6ee03c300790c83538ac870aab4f85510a69d368cb74f05ac.jpg: score=2;chart_ratio,large
Skip non-chart visual asset 451217980be8f6e88ba3c82537018796c47adf7c11cb8188d79a3ac2d404b2ea.jpg: score=0;square_without_chart_hint,edge:0.37,contrast
Skip non-chart visual asset 0bbcca357df3238aa1f199e8bf4a4424adc439741d5e700854ca0a9942d477de.jpg: score=-1;square_without_chart_hint,edge:0.12
Skip non-chart visual asset 28995d5d261ba794bec2b54644af1b398abba5f52ed9f8d8eeb3bb6c12d495ce.jpg: score=-100;too_small:379x143
Skip non-chart visual asset 4563f8a2e034ebc3f994bd9b32ad518069eb1962445f05757bbb549f82a6530d.jpg: score=-100;too_small:417x198
Skip non-chart visual asset b8fb98e24758e3189904bc32878791835010129b9471f7dce5611c3fe683fc49.jpg: score=0;odd_ratio:7.36,edge:0.34,contrast
Skip non-chart visual asset cf1227d73aba3da515dbe53847ec339e814ec558700f3dbf6ff99d812caf0e99.jpg: score=1;large
Skip non-chart visual asset f1391a663f1b050cf7d757bc20d0986599fdfd9173b2986d4deceff56383c6b1.jpg: score=1;chart_ratio
Skip non-chart visual asset e414ebdd76f70e5025c4c91c8ab0e80a37b3bc1a6ee9362a9a1b67a1129fadeb.jpg: score=2;chart_ratio,square_without_chart_hint,edge:0.39,contrast,large
Skip non-chart visual asset a874a1de488db436c0e6327ef962331457cbd3886f6a8af64ae9e86659d67a5e.jpg: score=-100;too_small:334x134
Skip non-chart visual asset 0a2c96d2db37869c1be77a9d398df0e975c968cd8eaefc2ad8973c334ad57bb3.jpg: score=1;chart_ratio,square_without_chart_hint,edge:0.29,large
Skip non-chart visual asset bc721426e6ca677f7d41afe1f8d54f5e9fdb389a179a006917814193dd5dea79.jpg: score=-100;too_small:431x37
Skip non-chart visual asset 06437ef06a3d16ed599f8ca0994b79b0b85f48fe6c25967ef304f1077feb8276.jpg: score=0;square_without_chart_hint,edge:0.47,large
Skip non-chart visual asset b11a2e7fce9c7a52fde609ddd569e6e08b1185a6f5749b513ca3db50045584d9.jpg: score=1;chart_ratio,square_without_chart_hint,edge:0.19,contrast
Done. Results written to /home/runner/work/rpt_edit/rpt_edit/xhs_notes/dropbox/260717/shard_12; successful_reports=4; mineru_timed_out=False; mineru_attempts=1
All batches completed successfully. Generated 4 report directories.
