Found 40 total PDFs; shard 6/40 has 5 PDFs, skips 0 already converted, will process 5 PDFs with batch_size=5.
Running batch 1: 5 PDFs
Found 5 PDFs. MinerU token slots available=2.
MinerU attempt 1/4 using MINER_U_2: submitting 5 PDF(s).
Uploading PDF to MinerU: /tmp/pdf_batch_001_lcndgrdd/pdfs/0001-31-J.P. Morgan-Zijin Mining Zijin Gold-First Take- Slight miss but maintain top pick-260710.pdf
Uploading PDF to MinerU: /tmp/pdf_batch_001_lcndgrdd/pdfs/0002-32-Nomura-China Aerospace Net catch- China-s original route to rocket reuse-260710.pdf
Uploading PDF to MinerU: /tmp/pdf_batch_001_lcndgrdd/pdfs/0003-33-J.P. Morgan-Taiwan Energy-2Q NP rises to 5-year high- reiterate full set OW with NPC- FPC FCFC -FPCC-260710.pdf
Uploading PDF to MinerU: /tmp/pdf_batch_001_lcndgrdd/pdfs/0004-34-Nomura-China Auto EV-Same story for each month in 2Q26-260710.pdf
Uploading PDF to MinerU: /tmp/pdf_batch_001_lcndgrdd/pdfs/0005-35-Nomura-China consumer-CPI moderates in June-260709.pdf
MinerU attempt 1 using MINER_U_2 batch_id=898e6091-1373-489b-b754-bc48ac7b858d
MinerU states: done, running, running, running, waiting-file
MinerU states: done, done, done, done, done
Skip non-chart visual asset 40bf294e3d880bbaaea7e542b7467c1d4701d1026d0dd0d021feef0f080d037b.jpg: score=-100;too_small:379x157
Skip non-chart visual asset 7181ab3029e548d1cfd03705e7e1a5c66dd2d3f691011705042f9865de96825c.jpg: score=-100;too_small:540x134
/home/runner/work/rpt_edit/rpt_edit/scripts/pdf_to_xhs_batch.py:291: DeprecationWarning: Image.Image.getdata is deprecated and will be removed in Pillow 14 (2027-10-15). Use get_flattened_data instead.
  pixels = list(gray.getdata())
Skip non-chart visual asset 17f802eed9182183fc92e08c46ad310393e5beb6b9abe492c07458e409156157.jpg: score=2;chart_ratio,large
Skip non-chart visual asset 6a054cb2b890a5268e287ff5433b4997d88966f476fb15903b9521227327acc3.jpg: score=-100;too_small:1457x170
Skip non-chart visual asset 410b3b815532084bb59444d88ed4b0169d696168f8aeb30855460a6baa82e39d.jpg: score=-100;too_small:1409x134
Skip non-chart visual asset d74783ffc1ada69d1b974d7c6b6572fc7c619d14832f2e9dba1425defbc1d6d6.jpg: score=1;chart_ratio,square_without_chart_hint,edge:0.15,contrast
Skip non-chart visual asset fc13ed78ba96db43a571bc330113470419d30907767dac1936ef144781edbdff.jpg: score=-100;too_small:1459x171
Skip non-chart visual asset c918892b8b4a584cb1150ec16f2a4de8befeba30f69267ae011ed9a6c37b98c7.jpg: score=1;chart_ratio,square_without_chart_hint,edge:0.19,contrast
Skip non-chart visual asset f2ee1a30df9fc6716edd377dad19c6a68e60c74270d76adb0307a78fb96fc953.jpg: score=1;chart_ratio,square_without_chart_hint,edge:0.18,contrast
Skip non-chart visual asset 6bea715c471a57cc0b9353f449bfe95527ed581be12f764591688a1fdcd5f3ae.jpg: score=1;chart_ratio,square_without_chart_hint,edge:0.13,contrast
Skip non-chart visual asset d14b717254b7efe1741cdffa6b2d716054bb723acbf631767f514ad99523e35c.jpg: score=2;chart_ratio,square_without_chart_hint,edge:0.35,contrast,large
Skip non-chart visual asset c1ff94910f9ad2b7d962980ded5711f95bed009055e58b49f193e5a1d66feaf9.jpg: score=-100;too_small:1412x148
Skip non-chart visual asset c461f3adcb19226867b2260e068e2c9c3bce317260f4fc2e2107d32618f99d35.jpg: score=-100;too_small:1412x115
Done. Results written to /home/runner/work/rpt_edit/rpt_edit/xhs_notes/dropbox/260711/shard_6; successful_reports=5; mineru_timed_out=False; mineru_attempts=1
All batches completed successfully. Generated 5 report directories.
