Skipped WeChat draft article by title policy: 布鲁盖尔研究所：中国光伏行业利润率转负，产能过剩是结构性的，供给驱动的代价，补贴赤字与产能失控 (china_negative_title_terms=中国;negative=过剩,赤字)
Selected 35 translated reports from kc_translated_reports/institutions/260706 (institution_filtered=0, skipped_title_policy=1/36)
Fetched WeChat access token
Uploaded trailing image: /opt/actions-runner-rpt-edit/_work/rpt_edit/rpt_edit/prompts/zsxq_img.jpg
Building WeChat article 1/35: 01-0001-ADB_Asian-Development-Bank-and-Brunei-Darussalam-Fact-Sheet_88a518f0
Built WeChat article 1/35 in 94.8s: 亚洲开发银行：60亿美元私人资本撬动，2025年操作答卷解读，制度变革，修宪扩权，为未来20年铺路 (body_images=3, ai_images=3)
Building WeChat article 2/35: 02-0002-ADB_Corporate-Digital-Transformation-and-Environmental-Performan_7fbe8c48
Built WeChat article 2/35 in 4.2s: 亚洲开发银行：中国A股数据揭示，制造数字化对环保拉动效果远超电商，制造端数字化，拉动环保绩效的最强引擎 (body_images=3, ai_images=0)
Building WeChat article 3/35: 03-0003-ADB_Exploring-the-Impact-and-Opportunities-of-Carbon-Pricing-in-_49e41a4f
Built WeChat article 3/35 in 3.8s: 亚洲开发银行：碳定价在交通领域真正机会，不是征税而是循环投资，碳税的直接效果有限，但循环投资可放大50-100倍 (body_images=3, ai_images=0)
Building WeChat article 4/35: 04-0004-ADB_Outlook-and-Challenges-for-Local-Currency-Transactions-An-An_c0baca7d
Built WeChat article 4/35 in 3.4s: 亚洲开发银行：去美元化不是选择题，而是基础设施竞赛，本币结算的“亚洲实验”，泰国领先，印尼和马来西亚落后 (body_images=3, ai_images=0)
Building WeChat article 5/35: 05-0006-ADB_Satellite-Earth-Observation-A-Compendium-of-Capabilities-and_657bb97b
Built WeChat article 5/35 in 3.4s: 亚洲开发银行：不是卫星数量，而是数据应用，亚洲发展的新测量逻辑，卫星数据市场正在爆发，但真正的价值在于“最后一公里”应用 (body_images=3, ai_images=0)
Building WeChat article 6/35: 06-0007-ADB_The-Unfolding-Heat-Crisis-in-Thailand-and-Southeast-Asia-Cha_f10cf555
Built WeChat article 6/35 in 3.7s: 亚洲开发银行：高温致2.4万亿损失，亚洲开发银行警示供应链韧性挑战，热应激的多维冲击，从健康到基础设施的系统性风险 (body_images=3, ai_images=0)
Building WeChat article 7/35: 07-0008-Bruegel_Artificial-intelligence-competition-in-Europe-the-role-of-DM_f95c50
Built WeChat article 7/35 in 115.3s: 布鲁盖尔研究所：数字市场法案要求谷歌开放系统，第三方AI服务迎来转机，谷歌正在复制搜索市场的垄断剧本 (body_images=3, ai_images=3)
Building WeChat article 8/35: 08-0009-Bruegel_Defence-innovation-and-procurement-reform-an-empirical-evalu_39327e
Built WeChat article 8/35 in 3.3s: 布鲁盖尔研究所：五角大楼用十年验证，硅谷创新融入国防，不是靠砸钱而是靠机制，DIU模式的核心，降低交易成本与信息不对称 (body_images=3, ai_images=0)
Building WeChat article 9/35: 09-0010-Bruegel_European-Union-capital-requirements-on-megabanks-the-low-roa_5f9320
Built WeChat article 9/35 in 4.0s: 布鲁盖尔研究所：欧盟银行业真正的敌人不是美国，而是自己，美国监管转向，从“高路”到“低路”的戏剧性变化 (body_images=3, ai_images=0)
Building WeChat article 10/35: 10-0011-Bruegel_Green-finance-or-financing-green-Bridging-the-EU-s-sustainab_ba8ec9
Built WeChat article 10/35 in 127.5s: 布鲁盖尔研究所：不是规则太少，而是规则太复杂，欧盟绿色金融的结构性矛盾，信息披露的悖论，投资者不买账，企业却要买单 (body_images=3, ai_images=3)
Building WeChat article 11/35: 11-0012-Bruegel_Progress-made-by-EU-candidate-countries-on-accession-related_64a9e1
Built WeChat article 11/35 in 3.4s: 布鲁盖尔研究所：世界银行数据之外，欧盟候选国法治改革决定入盟进程，加权评分揭示真实改革进度，法治章节权重最高 (body_images=3, ai_images=0)
Building WeChat article 12/35: 13-0014-OECD_A-Review-of-Greek-Emigrants_ef5b5dbd
Built WeChat article 12/35 in 3.4s: 经合组织：希腊人才外流真相，不是流失而是待激活的全球网络，海外人才画像，高学历、高技能、高度集中 (body_images=3, ai_images=0)
Building WeChat article 13/35: 14-0015-OECD_Adopting-the-OECD-Regional-Attractiveness-Approach-to-Enhanc_ff18607b
Built WeChat article 13/35 in 3.5s: 经合组织：拉脱维亚地方经济，真正的隐形资产不是GDP而是森林和博物馆，经济吸引力高度集中，但自然资产是真正的“沉睡资产” (body_images=3, ai_images=0)
Building WeChat article 14/35: 15-0016-OECD_Evaluating-Updating-and-Monitoring-Anti-Fraud-Strategies_5edd938e
Built WeChat article 14/35 in 3.2s: 经合组织：5万亿美元欺诈吞噬全球GDP，经合组织指战略评估成治理漏洞，监测体系不能只数活动，要测风险是否下降 (body_images=3, ai_images=0)
Building WeChat article 15/35: 16-0017-OECD_Geographic-disparities-in-service-accessibility-in-Estonia-a_916b9437
Built WeChat article 15/35 in 4.3s: 经合组织：中国城镇化启示，服务公平不是缩短距离，而是匹配容量，距离越近，竞争越激烈，城市家庭面临的服务悖论 (body_images=3, ai_images=0)
Building WeChat article 16/35: 17-0018-OECD_Masculinity-and-Gender-Equality_e46cc3fa
Built WeChat article 16/35 in 3.5s: 经合组织：科特迪瓦数据颠覆认知，年轻男性比女性更保守，政策误判风险，养家糊口与决策权威，限制性男性气质的两大支柱 (body_images=3, ai_images=0)
Building WeChat article 17/35: 18-0020-OECD_OECD-FAO-Agricultural-Outlook-2026-2035_8f58ce75
Built WeChat article 17/35 in 3.7s: 经合组织：经合组织警告，未来十年农业真正瓶颈不是土地，而是劳动力，劳动生产率才是真正的增长引擎，但地区分化正在加剧 (body_images=3, ai_images=0)
Building WeChat article 18/35: 19-0021-OECD_OECD-Responsible-Business-Outlook-2026_cf2bc1ff
Built WeChat article 18/35 in 3.4s: 经合组织：69%大企业有承诺，但真正行动者仍是少数，承诺遍地开花，但供应链溯源和补救机制仍是盲区 (body_images=3, ai_images=0)
Building WeChat article 19/35: 20-0022-OECD_OECD-Survey-on-Drivers-of-Trust-in-Public-Institutions-2026-_fc47da81
Built WeChat article 19/35 in 3.8s: 经合组织：不是意识形态而是治理能力，经合组织揭示政府信任的真正驱动力，公共服务体验是信任的基石，而非宏大叙事 (body_images=3, ai_images=0)
Building WeChat article 20/35: 21-0025-OECD_Revisiting-local-tax-attribution-under-central-control_c7704470
Built WeChat article 20/35 in 3.2s: 经合组织：不是地方税而是转移支付，经合组织揭穿92国统计陷阱，2008年成为分水岭，地方税认定标准从宽松走向严格 (body_images=3, ai_images=0)
Building WeChat article 21/35: 22-0027-OECD_Tackling-the-affordability-gap-through-increased-supply-of-a_b574e2fb
Built WeChat article 21/35 in 3.4s: 经合组织：住房支出挤压消费，经合组织发现真正被低估的政策不是降息，住房危机不只是房价问题，它正在重塑经济结构 (body_images=3, ai_images=0)
Building WeChat article 22/35: 23-0028-OECD_Tax-Inspectors-Without-Borders-Annual-Report-2026_5e58878f
Built WeChat article 22/35 in 3.1s: 经合组织：经合组织十年帮发展中国家增收27亿美元，不是援助而是实战，从单一审计到六条业务线，TIWB如何回应发展中国家真实需求 (body_images=3, ai_images=0)
Building WeChat article 23/35: 24-0029-OECD_The-regulation-of-non-compete-clauses-across-OECD-countries_69b02f12
Built WeChat article 23/35 in 4.2s: 经合组织：全球竞业限制法规的隐性成本与政策拐点，竞业限制法规的三大支柱，从立法到执行的全景扫描 (body_images=3, ai_images=0)
Building WeChat article 24/35: 25-0030-UNCTAD_Financing-development-External-flows-of-financial-capital-to_8a42486
Built WeChat article 24/35 in 3.5s: 联合国贸发会议：联合国贸发报告，发展中国家每流入1美元，72美分又流回境外，外部融资贡献率十年间从14%降至11%，波动性主要… (body_images=3, ai_images=0)
Building WeChat article 25/35: 26-0031-UNCTAD_Fostering-environmentally-sustainable-electronic-commerce-UN_b11ac36
Built WeChat article 25/35 in 4.5s: 联合国贸发会议：联合国贸发报告，电商六年增10万亿美元，环境代价被低估，电商的环境账本，正面与负面效应并存 (body_images=3, ai_images=0)
Building WeChat article 26/35: 27-0032-UNCTAD_Fragile-prosperity-Natural-disasters-and-economic-growth-in-_4315e55
Built WeChat article 26/35 in 4.9s: 联合国贸发会议：小岛国灾害损失被低估，真正风险在单位面积灾害密度，灾害频率被低估，小岛国的“隐形”风险 (body_images=3, ai_images=0)
Building WeChat article 27/35: 28-0033-UNCTAD_Global-collaboration-for-inclusive-and-equitable-artificial-_ea66ea7
Built WeChat article 27/35 in 3.6s: 联合国贸发会议：4万亿美元市场洗牌，AI或终结发展中国家人口红利时代，技术巨头垄断市场，发展中国家廉价优势面临威胁 (body_images=3, ai_images=0)
Building WeChat article 28/35: 29-0034-UNCTAD_Harnessing-regional-integration-and-green-industrial-policy-_28677bd
Built WeChat article 28/35 in 3.5s: 联合国贸发会议：绿色转型不是市场能解决的，联合国贸发会议谈产业政策，绿色资源是“门票”，但产业多元化才是“入场券” (body_images=3, ai_images=0)
Building WeChat article 29/35: 30-0035-UNCTAD_Integrating-Beninese-SMEs-into-regional-value-chains-Sectora_5413464
Built WeChat article 29/35 in 4.3s: 联合国贸发会议：贝宁经济韧性背后，中小企业为何没跟上基础设施投资，基础设施改善未能带动出口结构升级 (body_images=3, ai_images=0)
Building WeChat article 30/35: 31-0036-UNCTAD_Poverty-and-disability-Evidence-from-Africa-Working-Paper-No_16d918f
Built WeChat article 30/35 in 3.8s: 联合国贸发会议：不是贫困导致残疾，而是残疾加剧贫困，联合国非洲新发现，残疾与贫困的“双向绑定”，数据揭示的残酷现实 (body_images=3, ai_images=0)
Building WeChat article 31/35: 32-0037-UNCTAD_Preparing-to-seize-artificial-intelligence-opportunities-wit_7cd4f3b
Built WeChat article 31/35 in 3.7s: 联合国贸发会议：AI竞赛中，中国和印度不是追赶者，而是真正的结构性例外，中国和印度，人口规模转化为AI人才池的独特优势 (body_images=3, ai_images=0)
Building WeChat article 32/35: 33-0038-UNCTAD_Review-of-the-Papua-New-Guinea-tariff-reduction-programme_a28e794e
Built WeChat article 32/35 in 4.5s: 联合国贸发会议：不是关税而是电力与政策不确定性，巴新企业瓶颈何在，关税削减并未引发进口激增，反而伴随更强劲的经济增长 (body_images=3, ai_images=0)
Building WeChat article 33/35: 34-0039-UNCTAD_Revisiting-the-trade-poverty-nexus-in-developing-countries-W_d66f713
Built WeChat article 33/35 in 3.6s: 联合国贸发会议：关税政策在非洲失灵，贸易增长为何难解贫困？，贸易减贫的“必要条件”陷阱 (body_images=3, ai_images=0)
Building WeChat article 34/35: 35-0040-UNCTAD_Science-technology-and-innovation-in-the-age-of-AI_e4909e73
Built WeChat article 34/35 in 4.2s: 联合国贸发会议：发展中国家面临AI研发重构，不是追赶权而是参与权问题，AI正在把研发速度翻倍，但只有顶尖科学家能受益 (body_images=3, ai_images=0)
Building WeChat article 35/35: 36-0041-UNCTAD_Strategic-diversification-Empirical-insights-for-leveraging-_dce1164
Built WeChat article 35/35 in 3.6s: 联合国贸发会议：联合国报告揭示悖论，全球经济增长反而加深资源依赖国困境，经济复杂度，比“出口多元化”更精准的衡量标尺 (body_images=3, ai_images=0)
Preparing WeChat draft 1: articles=8 payload_bytes=97095
Checking recent drafts before creating WeChat draft 1
Creating WeChat draft 1
Verifying WeChat draft 1: media_id=avPwUQVH0p7DPpCFFkit8zIstXkoxCpLjTsFyI8nOHZLOdShpcbyl1ivQmvDH-Bu
Verified draft/get: media_id=avPwUQVH0p7DPpCFFkit8zIstXkoxCpLjTsFyI8nOHZLOdShpcbyl1ivQmvDH-Bu articles=8/8
Draft 1: articles=8 media_id=avPwUQVH0p7DPpCFFkit8zIstXkoxCpLjTsFyI8nOHZLOdShpcbyl1ivQmvDH-Bu
Preparing WeChat draft 2: articles=8 payload_bytes=93970
Checking recent drafts before creating WeChat draft 2
Creating WeChat draft 2
Verifying WeChat draft 2: media_id=avPwUQVH0p7DPpCFFkit83032D0LQ1lCKh5GFTyzUw704LC4r2rLi1wuPD9F7UzV
Verified draft/get: media_id=avPwUQVH0p7DPpCFFkit83032D0LQ1lCKh5GFTyzUw704LC4r2rLi1wuPD9F7UzV articles=8/8
Draft 2: articles=8 media_id=avPwUQVH0p7DPpCFFkit83032D0LQ1lCKh5GFTyzUw704LC4r2rLi1wuPD9F7UzV
Preparing WeChat draft 3: articles=8 payload_bytes=100151
Checking recent drafts before creating WeChat draft 3
Creating WeChat draft 3
Verifying WeChat draft 3: media_id=avPwUQVH0p7DPpCFFkit82dUaVQQAGBRjNR-oGJDE8z15BwYubRIPmKDEj8_66IG
Verified draft/get: media_id=avPwUQVH0p7DPpCFFkit82dUaVQQAGBRjNR-oGJDE8z15BwYubRIPmKDEj8_66IG articles=8/8
Draft 3: articles=8 media_id=avPwUQVH0p7DPpCFFkit82dUaVQQAGBRjNR-oGJDE8z15BwYubRIPmKDEj8_66IG
Preparing WeChat draft 4: articles=8 payload_bytes=95408
Checking recent drafts before creating WeChat draft 4
Creating WeChat draft 4
Verifying WeChat draft 4: media_id=avPwUQVH0p7DPpCFFkit82u6JV9Y0FF4Xn4VJoDSxO8bxBanb-DQV-Fl3yaV9ybW
Verified draft/get: media_id=avPwUQVH0p7DPpCFFkit82u6JV9Y0FF4Xn4VJoDSxO8bxBanb-DQV-Fl3yaV9ybW articles=8/8
Draft 4: articles=8 media_id=avPwUQVH0p7DPpCFFkit82u6JV9Y0FF4Xn4VJoDSxO8bxBanb-DQV-Fl3yaV9ybW
Preparing WeChat draft 5: articles=3 payload_bytes=33613
Checking recent drafts before creating WeChat draft 5
Creating WeChat draft 5
Verifying WeChat draft 5: media_id=avPwUQVH0p7DPpCFFkit8yFPGbGFcEafQVH2t-QxiFKpI7VtHFpgJkFTmqSCqBbC
Verified draft/get: media_id=avPwUQVH0p7DPpCFFkit8yFPGbGFcEafQVH2t-QxiFKpI7VtHFpgJkFTmqSCqBbC articles=3/3
Draft 5: articles=3 media_id=avPwUQVH0p7DPpCFFkit8yFPGbGFcEafQVH2t-QxiFKpI7VtHFpgJkFTmqSCqBbC
Wrote summary: wechat_drafts/institutions/260706/wechat_draft_summary.json
