Found 8 total PDFs; shard 0/40 has 5 PDFs, skips 0 already converted, will process 5 PDFs with batch_size=5.
Running batch 1: 5 PDFs
Found 5 PDFs. MinerU token slots available=2.
MinerU attempt 1/4 using MINER_U_2: submitting 5 PDF(s).
Uploading PDF to MinerU: /tmp/pdf_batch_001__ubxl_hn/pdfs/0001-01-Goldman Sachs-Global Rates Trader-Lower inflation risks- steeper curves-260703.pdf
Uploading PDF to MinerU: /tmp/pdf_batch_001__ubxl_hn/pdfs/0002-02-Goldman Sachs-Global Markets Daily- More JPY Weakness to Come Without a Shift in the Macro Backdrop-260703.pdf
Uploading PDF to MinerU: /tmp/pdf_batch_001__ubxl_hn/pdfs/0003-03-Goldman Sachs-GLOBAL FX TRADER-Halftime Adjustments-260703.pdf
Uploading PDF to MinerU: /tmp/pdf_batch_001__ubxl_hn/pdfs/0004-04-Goldman Sachs-China Economic Activity and Policy Tracker- July 3-260703.pdf
Uploading PDF to MinerU: /tmp/pdf_batch_001__ubxl_hn/pdfs/0005-05-Nomura-US Economic Weekly-Taskmasters-260702.pdf
MinerU attempt 1 using MINER_U_2 batch_id=070a5ce5-77ae-49c8-9006-c263d1adea7e
MinerU states: done, running, running, running, waiting-file
MinerU states: done, done, done, done, running
MinerU states: done, done, done, done, done
/home/runner/work/rpt_edit/rpt_edit/scripts/pdf_to_xhs_batch.py:284: DeprecationWarning: Image.Image.getdata is deprecated and will be removed in Pillow 14 (2027-10-15). Use get_flattened_data instead.
  pixels = list(gray.getdata())
Skip non-chart visual asset d4467ff1ccc198b38b8cbe808690df3e52e47e5ac2203191f5e070eec250370a.jpg: score=-100;too_small:1387x145
Skip non-chart visual asset 0dd383c8e8a574979733b449d30f5457564e5a733e7a3bfd7ce7cd342470af0e.jpg: score=0;odd_ratio:5.84,edge:0.39,contrast
Skip non-chart visual asset ce9117df4647b7e33fab46a81d04ba5dceddd6638ddb74ee6a9fcb2c9ca118e0.jpg: score=0;chart_ratio,square_without_chart_hint,edge:0.10
Skip non-chart visual asset 81ab056b4c1877153e8d8281dca360e340af1cda12a771e681a0b9c973814b92.jpg: score=0;chart_ratio,square_without_chart_hint,edge:0.11
Skip non-chart visual asset 9c3975d3b764baae0eeb19130472b3e15accd797914111e9631af4fbf00e660a.jpg: score=-100;too_small:348x215
Skip non-chart visual asset 8ce50f8f1d6790bf416c6fd6acf55f14cd02decb003c00c716788bfd06a3d5d3.jpg: score=1;chart_ratio
Skip non-chart visual asset 7339d3c9604fe22007a0046fa78f798d77c41e360669fb45ee4a36496762daf9.jpg: score=-100;too_small:1382x170
Skip non-chart visual asset 05243f8ec94f00ee8f7a1469fab8da29b6e84a38dc222c38072cf9b9a65c7e67.jpg: score=1;square_without_chart_hint,edge:0.20,contrast,large
Skip non-chart visual asset 9d5a28c4bb403475d71f68c0bb6f537a3050ebc57b7baeea429660cf69928639.jpg: score=1;square_without_chart_hint,edge:0.22,contrast,large
Skip non-chart visual asset ab03d0ac97f86c980eff7097293fc0c07977a23713d54bc029e1c4aa6b5677bd.jpg: score=2;chart_ratio,square_without_chart_hint,edge:0.34,contrast,large
Skip non-chart visual asset d3d23c66d634b85684891ce80c25d20ce1d353b8640830b6ac8f0c5205f117d4.jpg: score=2;chart_ratio,square_without_chart_hint,edge:0.21,contrast,large
Skip non-chart visual asset f79033164ee03cd9950eea49e381eea9e649ce936d7e62ad06ffc5c9f4ed9915.jpg: score=2;chart_ratio,square_without_chart_hint,edge:0.30,contrast,large
Skip non-chart visual asset 270db0a7acd519fbadbf3993bd5ea2e3272f1166a97f4a052ef6e210d1810879.jpg: score=2;chart_ratio,square_without_chart_hint,edge:0.31,contrast,large
Skip non-chart visual asset 31d9f2f3e73de9ad26267be0d905bc23dd265c893df1906beb5e504415bfe3f6.jpg: score=2;chart_ratio,square_without_chart_hint,edge:0.15,contrast,large
Skip non-chart visual asset dc715551f49ffd1dafe08f7539692591961b3309aaf739de1258f623f1810b62.jpg: score=2;chart_ratio,square_without_chart_hint,edge:0.30,contrast,large
Skip non-chart visual asset 63f7fd051329cab165370ea763de9219d5e8e8d87158d5171c421a74fcc01362.jpg: score=2;chart_ratio,square_without_chart_hint,edge:0.24,contrast,large
Skip non-chart visual asset e43b22ddc76894ebcb10abe228c26cc955435ef4aeaefad67b52463073320ceb.jpg: score=2;chart_ratio,square_without_chart_hint,edge:0.35,contrast,large
Done. Results written to /home/runner/work/rpt_edit/rpt_edit/xhs_notes/dropbox/260704/shard_0; successful_reports=5; mineru_timed_out=False; mineru_attempts=1
All batches completed successfully. Generated 5 report directories.
