Found 87 total PDFs; shard 7/40 has 5 PDFs, skips 0 already converted, will process 5 PDFs with batch_size=5.
Running batch 1: 5 PDFs
Found 5 PDFs. MinerU token slots available=2.
MinerU attempt 1/4 using MINER_U_2: submitting 5 PDF(s).
Uploading PDF to MinerU: /tmp/pdf_batch_001_dbk5fadl/pdfs/0001-36-Goldman Sachs-South Korea Automobiles- US June auto pricing update for HMC and Kia-260715.pdf
Uploading PDF to MinerU: /tmp/pdf_batch_001_dbk5fadl/pdfs/0002-37-HSBC-TSMC -2330.TT-Buy- Increasing capex pressure to drive long-term growth-260713.pdf
Uploading PDF to MinerU: /tmp/pdf_batch_001_dbk5fadl/pdfs/0003-38-Goldman Sachs-Wuliangye Yibin -000858-- Preliminary Results- 1H26 NP at c.50- of 1H24 level likely on continued de-stocking- Sell-260715.pdf
Uploading PDF to MinerU: /tmp/pdf_batch_001_dbk5fadl/pdfs/0004-39-J.P. Morgan-2026 Summer Chemicals- Agriculture - Packaging Outlook-260713.pdf
Uploading PDF to MinerU: /tmp/pdf_batch_001_dbk5fadl/pdfs/0005-40-J.P. Morgan-ASML 2Q26 First Take-3Q and 2026 guidance substantially higher. Large capacity increases guided mean -28 earnings potential is dramatically above consensus-260715.pdf
MinerU attempt 1 using MINER_U_2 batch_id=6bca65da-162a-461e-9dbf-f29e1e5b4450
MinerU states: running, running, running, running, pending
MinerU states: done, done, done, running, done
MinerU states: done, done, done, running, done
MinerU states: done, done, done, running, done
MinerU states: done, done, done, done, done
/home/runner/work/rpt_edit/rpt_edit/scripts/pdf_to_xhs_batch.py:291: DeprecationWarning: Image.Image.getdata is deprecated and will be removed in Pillow 14 (2027-10-15). Use get_flattened_data instead.
  pixels = list(gray.getdata())
Skip non-chart visual asset 25dc78477a1588e9db293898d40079bec152c41075dfffab494fff07b580466c.jpg: score=-100;too_small:1159x110
Skip non-chart visual asset 5c6c67818487d34843e91aa65e0651ece0673778dc1b223ac5c493b4c0911c9f.jpg: score=1;chart_ratio,square_without_chart_hint,edge:0.33,large
Skip non-chart visual asset cc87de2cfcca30822909acb8d70f416cd6ebfaffb4f415179c6fd7f952641f2e.jpg: score=0;square_without_chart_hint,edge:0.38,large
Skip non-chart visual asset 2e543aeb8b3ad4b9b890c081d2c4a0619c197e3bedceba0f0c8c1d50094a91f3.jpg: score=0;square_without_chart_hint,edge:0.40,large
Skip non-chart visual asset 150af6d73f97ec2d9f32f6bbdb9aede7d08ba67c04b591bdcb19ed6b47644bd2.jpg: score=-100;too_small:498x190
Skip non-chart visual asset 015a5e56e6b649df77c4a2fec6751c3d959ac5b86831a81804b3c0dadf650448.jpg: score=0;odd_ratio:6.53,edge:0.24,contrast
Skip non-chart visual asset b1d41106b0ccd1798e9db202bb7c4808e8542e00fddf3c9f46220b26c2ebb34a.jpg: score=-100;too_small:1426x76
Skip non-chart visual asset cb5c54e15494d6fead81926760312e9bb7ef3aff02f777e581154b47675ef82b.jpg: score=-100;too_small:690x162
Skip non-chart visual asset 24831910ce13bce1c9b3ccb49c3f84af70df8af0b6ee078f2447330d4bcf24cf.jpg: score=2;edge:0.14
Skip non-chart visual asset ed47a370eeaafc0753bebaf68c5b94479777aaa13cd81f16d4c80f76bc66853f.jpg: score=-100;too_small:337x148
Skip non-chart visual asset efe401eed85d2b72a434f3e6f9b59bff233a45c01f8edac5961756dcc0718514.jpg: score=-100;too_small:334x148
Skip non-chart visual asset c6cc1065e41cb3c812a65239e7d2726f3f0e1a83fa9573d161fb3e140848a7db.jpg: score=-100;too_small:1074x95
Skip non-chart visual asset e1ec6f3646d3700094c96135eefe19bd2cfda9c9e5226d17de746972bebaf26b.jpg: score=-100;too_small:73x67
Skip non-chart visual asset 8bf7b7ec92ac0019f35fa4be6c2610829d3b219fc5d9ba3d4a9b6b313543fd3a.jpg: score=-100;too_small:243x76
Skip non-chart visual asset a5c8954b4bb11acf32582e8fa6c5565eb4d9ddf683fc111ae314ed1b87762eee.jpg: score=1;odd_ratio:4.87,edge:0.43,contrast,large
Skip non-chart visual asset bea9088624a92e28e11394700af030ac723edead1ef421028aad450d75f2708e.jpg: score=-1;square_without_chart_hint,edge:0.27
Skip non-chart visual asset 06b372960c4b4830a631f3895d3e9a5f29ed36fc61c5aa2ca822ca43c14ef7bf.jpg: score=2;edge:0.23
Skip non-chart visual asset 62c26889dc344f3793671f37a157d15a2f9b582629d7ed7d6f31fd41670d2f3c.jpg: score=-100;too_small:1159x112
Skip non-chart visual asset 9b5a452a6d4e5e1455727452de5b5044ae6e3c76121905b08277fcb2744abc37.jpg: score=0;square_without_chart_hint,edge:0.16,contrast
Skip non-chart visual asset 66892e79fc2742266405fb0084f15eee5a43e92178e9d3f87ce28c964149fa6c.jpg: score=1;odd_ratio:5.05,edge:0.30,contrast,large
Skip non-chart visual asset 7a6bc4839e605d9ab1f5ffdb5b5f945acc35243f347666db7278262278346f67.jpg: score=1;square_without_chart_hint,edge:0.48,contrast,large
Skip non-chart visual asset b343656069568546425ec9566edc9b0b5d6ec8ca8feb9203375edaf8a95bcdb2.jpg: score=2;chart_ratio,square_without_chart_hint,edge:0.17,contrast,large
Skip non-chart visual asset 77e3a6197df53492cfc1069b61efa99588a3b3693fc3a6c67570c4cd27eed2e7.jpg: score=1;chart_ratio,square_without_chart_hint,edge:0.25,large
Skip non-chart visual asset 1b6b4d416fd2b2711ef607ffa8877db6ae28d8548d7b389e56f2b4c90b09d04a.jpg: score=0;square_without_chart_hint,edge:0.21,contrast
Skip non-chart visual asset 7513a4657e4cbef7a97a17c7be41c35bd84bb545b2658ee949233638644f1d63.jpg: score=1;chart_ratio,square_without_chart_hint,edge:0.14,contrast
Skip non-chart visual asset e3aad83eccc37487f6eb83e7b86576b12e7b4860370da67814ceb0eb172d28c5.jpg: score=0;odd_ratio:6.86,edge:0.19,contrast
Skip non-chart visual asset f9d6a1117399bfb01aade62a0ab131e3dd3527239eda9ae0240b6dd4f7f34b6c.jpg: score=0;square_without_chart_hint,edge:0.50,large
Skip non-chart visual asset e9fc0d27fc9113f7e23577c89596af200deee42b1ce1a38545a6458b027aed37.jpg: score=1;square_without_chart_hint,edge:0.27,contrast,large
Skip non-chart visual asset 5d4a3927029f8e6d17d38532e8d8e9f7888acb411bbf29a15b75efcca96d204d.jpg: score=0;odd_ratio:0.29,edge:0.23,large
Skip non-chart visual asset f8d2083034df135ceb2ca8edade88ebc2c3da93c43afa34c2a7ad127570529a4.jpg: score=1;odd_ratio:6.98,edge:0.45,contrast,large
Skip non-chart visual asset d84732fc5b19e9a2731f0e79c2ec9b2e0f9af1be6f304d097d394a473fdbd24a.jpg: score=2;chart_ratio,large
Skip non-chart visual asset dfcece6c3a6c0c2aa74a5d404cbfaa27e569e1be4d12ff461ea4f9efa82bede9.jpg: score=2;chart_ratio,square_without_chart_hint,edge:0.43,contrast,large
Skip non-chart visual asset b3bb342320fe806d03e8d90973c98bf3537d9087d6ba51a407a11c2f109f772a.jpg: score=0;square_without_chart_hint,edge:0.25,large
Skip non-chart visual asset 0b115a679b4ff54b3453a21b95859c52f0d354e96f69ca3bbe5cdc37b69e575f.jpg: score=0;odd_ratio:0.38,edge:0.37,large
Skip non-chart visual asset 756e9eb75a40414653147baf30761ffe3bcf706b17ea13a068862c605d0efe2c.jpg: score=1;chart_ratio,square_without_chart_hint,edge:0.25,large
Skip non-chart visual asset e98530b71273aea4b210191c50ed73257ce670916add5d5d032c2d6d9a466c4b.jpg: score=2;chart_ratio,large
Skip non-chart visual asset 98b081475c4afd3409f7803095ed0a97520ed4f898bcba693f6ab770a73317f9.jpg: score=2;chart_ratio,square_without_chart_hint,edge:0.12,contrast,large
Skip non-chart visual asset 8f9216b98e0a63dc1f86ded994b0b84e36e446805db19d7a8d51e4282a08c1a6.jpg: score=2;chart_ratio,large
Skip non-chart visual asset 821b1802f13020ca7a25be2e9705236e7fe1a86780e97a10535594c3369847c6.jpg: score=0;square_without_chart_hint,edge:0.26,large
Skip non-chart visual asset 23763b59608ed0956baf0411ee32f15877eed7f27d226e26d81282b809fb7b2f.jpg: score=1;odd_ratio:5.38,edge:0.42,contrast,large
Skip non-chart visual asset 863afdcfd9e92b9e6458be1c1774310b91ea4125bbfc0c2ad09aa9116add9414.jpg: score=0;square_without_chart_hint,edge:0.17,contrast
Skip non-chart visual asset 1743b6b50d2cc31828ec6b6ee95104ad17ef86615047d51074901ccf1b112da5.jpg: score=0;chart_ratio,square_without_chart_hint,edge:0.11
Skip non-chart visual asset 87742c5767c820cfd5e2a5a743f1e9448583d4818fb239abdb937d9322ebae63.jpg: score=0;square_without_chart_hint,edge:0.41,large
Skip non-chart visual asset 50e0d8885fcf5b14962f82bb5f23925937e668fe39b85ea380e6787b9378d1a3.jpg: score=1;square_without_chart_hint,edge:0.51,contrast,large
Skip non-chart visual asset b9bdb07156707cf8d7fd1d529f424a1044306b2296beca9b78c05ce94d3d2a63.jpg: score=0;square_without_chart_hint,edge:0.30,large
Skip non-chart visual asset b8192c6c0f139a24086e850f2189cbe6d960fdd3253fee709204c1ac67c797d0.jpg: score=0;odd_ratio:9.97,edge:0.35,contrast
Skip non-chart visual asset aeefd60e2d9e2c7d55c05907e502b4bd64241f5d8a3aa70de61c60b18dde1e88.jpg: score=-100;too_small:1881x173
Skip non-chart visual asset 7c937bfe322eb2be891c75960708778fa8aa9773be0e87c00213dbf54d5eb942.jpg: score=2;chart_ratio,square_without_chart_hint,edge:0.38,contrast,large
Skip non-chart visual asset 28146297597b9b2cdc33ff40efa242ddfdf9ddb24ec9746e1369e75005c94bfc.jpg: score=1;chart_ratio,square_without_chart_hint,edge:0.21,large
Skip non-chart visual asset 389c34aae7d98b04e0b75b733779c295896c856b49a0f837998075d2000d30c7.jpg: score=1;odd_ratio:7.20,edge:0.45,contrast,large
Skip non-chart visual asset cdc13e9df857cd2bc55c94ffc1c83cfeb0f25bf4c81d0aef6da7a1bbed820275.jpg: score=0;square_without_chart_hint,edge:0.39,large
Skip non-chart visual asset 152fc0c8c95512fbc1553eee550b11176b151aa5df846388db2aa2d5f2cb134c.jpg: score=2;chart_ratio,square_without_chart_hint,edge:0.14,contrast,large
Skip non-chart visual asset 030354a7f79fe412b56462af6f9e5b9d9916e502ff445e62179cb1276cfebb28.jpg: score=1;chart_ratio,square_without_chart_hint,edge:0.15,large
Skip non-chart visual asset 0df996a2ef2113b02caeb9cc217cf7fc4d21589919734edb18f9ac9b47c72330.jpg: score=0;chart_ratio,square_without_chart_hint,edge:0.30
Skip non-chart visual asset 39005bd65747866859d1e923b1bcf013b17d12df5a78f4ad6f105b377973a0c0.jpg: score=-100;too_small:1457x168
Skip non-chart visual asset 657a83ada70043e573ab67a72415a838e37beef3be81fa37d61111fa8619a3c9.jpg: score=-100;too_small:95x98
Done. Results written to /home/runner/work/rpt_edit/rpt_edit/xhs_notes/dropbox/260715/shard_7; successful_reports=5; mineru_timed_out=False; mineru_attempts=1
All batches completed successfully. Generated 5 report directories.
