Found 34 total PDFs; shard 3/40 has 5 PDFs, skips 0 already converted, will process 5 PDFs with batch_size=5.
Running batch 1: 5 PDFs
Found 5 PDFs. MinerU token slots available=2.
MinerU attempt 1/4 using MINER_U_2: submitting 5 PDF(s).
Uploading PDF to MinerU: /tmp/pdf_batch_001_oolibzv0/pdfs/0001-16-Goldman Sachs-Guoquan -2517.HK-- APAC Consumer - Leisure Corporate Day 2026 Takeaways- Jun on a tough base- large-store revamps driving SSSg-260706.pdf
Uploading PDF to MinerU: /tmp/pdf_batch_001_oolibzv0/pdfs/0002-17-Goldman Sachs-Circle Internet Group -CRCL.US-- Key takeaways from management meetings-260705.pdf
Uploading PDF to MinerU: /tmp/pdf_batch_001_oolibzv0/pdfs/0003-18-Goldman Sachs-GCC Online Food Delivery-Competition and shift to q-commerce outweigh benefits from consolidation- Talabat to Sell from Buy-260706.pdf
Uploading PDF to MinerU: /tmp/pdf_batch_001_oolibzv0/pdfs/0004-19-Goldman Sachs-Hengan -1044.HK-- APAC Consumer - Leisure Corporate Day 2026 Takeaways- Still intense pricing competition- maintained SD- FY sales-260706.pdf
Uploading PDF to MinerU: /tmp/pdf_batch_001_oolibzv0/pdfs/0005-20-Goldman Sachs-Kuaishou Technology -1024.HK-Kling raises up to US-3bn implying US-15bn pre-money value while Kuaishou retains control- Buy-260705.pdf
MinerU attempt 1 using MINER_U_2 batch_id=7d1dc7b7-00dd-488c-a951-9c7b47eedce4
MinerU states: pending, pending, pending, pending, waiting-file
MinerU states: done, done, running, done, done
MinerU states: done, done, done, done, done
Skip non-chart visual asset 1c618afa8b037e3b0b76c4059880af2268e449a7c3cb0142ef0967aef4a1d574.jpg: score=-100;too_small:1159x109
Skip non-chart visual asset 3e1868b29a54bc1a310e7e0d015f1e10ab821060514514c5f97b52f5289e5bd6.jpg: score=-100;too_small:312x118
MinerU images did not look like charts; keeping only the title card and letting downstream AI fill body images.
/home/runner/work/rpt_edit/rpt_edit/scripts/pdf_to_xhs_batch.py:285: DeprecationWarning: Image.Image.getdata is deprecated and will be removed in Pillow 14 (2027-10-15). Use get_flattened_data instead.
  pixels = list(gray.getdata())
Skip non-chart visual asset 172be6b0f205a401826617af29d471d02d6b55f0afa97a985f79f1379ce8edf8.jpg: score=-1;square_without_chart_hint,edge:0.27
Skip non-chart visual asset 5a484c98fc3577943eab0d6352ea37213e85c3e878ec30814148e38b18ee8eb5.jpg: score=-100;too_small:481x106
Skip non-chart visual asset 7042638e4cbe81570e5541bbb2f211c9cb5227541a40a13ab811fb148ad70a83.jpg: score=-100;too_small:484x106
Skip non-chart visual asset 394703ecc463f97ef98252147e58010dbd363453226e26cd9f2a461daa124393.jpg: score=-100;too_small:1029x45
Skip non-chart visual asset c8c73eca431085261e4cbf42d1ca3c18ba191a9e837353853e5d76db1bdf529a.jpg: score=-100;too_small:1159x107
Skip non-chart visual asset 6bf018d3bca320ce32e02957732740b6d618627c437cdbc3ba1b377788504699.jpg: score=-100;too_small:526x151
Skip non-chart visual asset 9ed43963c5f35239f3849dee4f00304f8c86a6066784f520472d2b838715c65b.jpg: score=2;chart_ratio,large
Skip non-chart visual asset 7c42341d545fe9e806f2ed9af8fc36c525cd213ec06cb791651894783e6395e4.jpg: score=2;edge:0.16
Skip non-chart visual asset bc3627603d6afdd77e7eb9090dffd21c6b9890b57c80ddd2e46a1f301d70c6fc.jpg: score=1;chart_ratio,square_without_chart_hint,edge:0.20,contrast
Skip non-chart visual asset af8936c873edf07d1827122dcee42f27bc5e48e073fe4894ca62beec2756eb80.jpg: score=-100;too_small:654x168
Skip non-chart visual asset 10bc6cf61dec7d9386af18eebb6cb6c23a68bb24a5300ec0d92485d257ffc10b.jpg: score=-100;too_small:518x150
Skip non-chart visual asset 0333539d58ab440a26a2bddabd4464703658245a00540f23ada376c380617372.jpg: score=2;chart_ratio,large
Skip non-chart visual asset 96628f6ca91eb1b2f6e73b0c94262b47db7222fe4a880696186e0388fde19984.jpg: score=-100;too_small:1159x106
Skip non-chart visual asset 6262ab7fc325463c06dd20ffa812c70a49afaf0c0e2cef6541d43e0c77df0789.jpg: score=-100;too_small:312x118
MinerU images did not look like charts; keeping only the title card and letting downstream AI fill body images.
Skip non-chart visual asset e51c440b28e3c08238e01cee1f0416ae82461c7437476e2784e22b213c0de58c.jpg: score=-1;square_without_chart_hint,edge:0.26
Skip non-chart visual asset 303b7636246cc7d60505bd141063667b36c1f9699f26bcedb9ee72a2130f0f50.jpg: score=-100;too_small:1159x107
Skip non-chart visual asset 78809db165a01daecbd457e038893437e6b8171820b766359a7df1adbce80886.jpg: score=-100;too_small:689x162
Skip non-chart visual asset 02f88a200209355705048c2d33c74bac6d7f608536bc2b997a5b4dc8200b53ee.jpg: score=2;chart_ratio,contrast
Skip non-chart visual asset a8b499f1e5120ee70d2770514f237a816be25ebf5791e3ddf485fa3814acec5a.jpg: score=-100;too_small:687x148
Skip non-chart visual asset 53e6317a5122853cd99c3e649f199b6976ee66e4df0a623c377b4189c661a7c6.jpg: score=1;chart_ratio,square_without_chart_hint,edge:0.28,large
Skip non-chart visual asset 4cd763e3a64852885d119e4fd4bbc6bd00787c61f6ca8fd36d65cfca54694d24.jpg: score=1;chart_ratio
Skip non-chart visual asset 9317ab89c375741e0d463d9cabcc0c6477556ce640d0883046b73e8c15889238.jpg: score=1;chart_ratio,square_without_chart_hint,edge:0.36,large
Skip non-chart visual asset b2365bffc14c6b804bf30b16055307347222eb00c45345908ea9b4ed8e39439c.jpg: score=0;square_without_chart_hint,edge:0.38,large
Done. Results written to /home/runner/work/rpt_edit/rpt_edit/xhs_notes/dropbox/260706/shard_3; successful_reports=5; mineru_timed_out=False; mineru_attempts=1
All batches completed successfully. Generated 5 report directories.
