Found 99 total PDFs; shard 18/40 has 5 PDFs, skips 0 already converted, will process 5 PDFs with batch_size=5.
Running batch 1: 5 PDFs
Found 5 PDFs. MinerU token slots available=2.
MinerU attempt 1/4 using MINER_U_2: submitting 5 PDF(s).
Uploading PDF to MinerU: /tmp/pdf_batch_001_f14np2mv/pdfs/0001-91-UBS-China Consumer Appliances Sector-June domestic retail sales weak- except for RVC-260714.pdf
Uploading PDF to MinerU: /tmp/pdf_batch_001_f14np2mv/pdfs/0002-92-UBS-China Economic Comment-Another positive surprise in export to yield strong 1H26-260714.pdf
Uploading PDF to MinerU: /tmp/pdf_batch_001_f14np2mv/pdfs/0003-93-UBS-China Healthcare Expert call takeaways- Pulse check on China-s clinical CROs in Q226-260714.pdf
Uploading PDF to MinerU: /tmp/pdf_batch_001_f14np2mv/pdfs/0004-94-UBS-European MedTech-Dragons at the gate- new VBP proposals raise further China risk-260714.pdf
Uploading PDF to MinerU: /tmp/pdf_batch_001_f14np2mv/pdfs/0005-95-UBS-China Industrials-Shipping supply chain weekly- trade flows- freight and Hormuz updates -week 28--260714.pdf
MinerU attempt 1 using MINER_U_2 batch_id=102d3b48-61e7-48ef-97af-72fdba9eadc9
MinerU states: running, running, running, running, waiting-file
MinerU states: done, done, done, running, running
MinerU states: done, done, done, done, done
Skip non-chart visual asset 5ba5ae714316852051d8f4fb6326b6697c033ad91b2997796ae036590795eb9c.jpg: score=-100;too_small:1415x148
/home/runner/work/rpt_edit/rpt_edit/scripts/pdf_to_xhs_batch.py:290: DeprecationWarning: Image.Image.getdata is deprecated and will be removed in Pillow 14 (2027-10-15). Use get_flattened_data instead.
  pixels = list(gray.getdata())
Skip non-chart visual asset e78d1ac47f802d70d82d00eaaa4fbb02cea453c3fd715ac6f1919c88aa57ea2b.jpg: score=1;chart_ratio,square_without_chart_hint,edge:0.33,contrast
Skip non-chart visual asset 4da6d4471bf54da627176af2e123279b3173b2ef7a3262439c3116ff7d1d61c8.jpg: score=0;odd_ratio:7.58,edge:0.28,contrast
Skip non-chart visual asset 3660e4e852f439b7122933dba914b882bac403c3f75ca9570f04490b9be8d129.jpg: score=2;chart_ratio,large
Skip non-chart visual asset 852df1932e1f3f3e088d42d052f8ac009cb59952c154795a5fdf2a0e7d6c26d4.jpg: score=1;chart_ratio,square_without_chart_hint,edge:0.36,contrast
Skip non-chart visual asset 00dd2d61d65fb6d0b37fafbb043b589b0f35d8453e0103c565668baf8c1cdb2c.jpg: score=0;odd_ratio:5.44,edge:0.18,large
Skip non-chart visual asset 2bc7ada0d16c201fc9774041c52c13fe6a61623ea3a6ca86885541b77b435091.jpg: score=-100;too_small:223x85
Skip non-chart visual asset 599185e9d0a13e928ce8c61bd41292453cd4b02cd074a20f6ff50c89ef535b1a.jpg: score=0;chart_ratio,square_without_chart_hint,contrast,large
Skip non-chart visual asset 4b4c85dcad49d00a41abedd87560e1fd8c1f7ae50333aa69f4f8fd87917ce192.jpg: score=-1;chart_ratio,square_without_chart_hint,large
Skip non-chart visual asset 70340f02ce9996e51f70ecef3b509bf8de6adbe06112144bbfb833180e6fd297.jpg: score=-1;chart_ratio,square_without_chart_hint,large
Skip non-chart visual asset 94ee79c2153d7fc1e352f4695a968162f3dab9247edd26cea113a8904b069773.jpg: score=2;chart_ratio,square_without_chart_hint,edge:0.25,contrast,large
Skip non-chart visual asset 3066ae0f1d03b48b56ef10043b654f75de477d40a7ba70a94e1aa98fb299b51d.jpg: score=1;chart_ratio,square_without_chart_hint,edge:0.11,large
Skip non-chart visual asset 6dd35f207dc9d0c54bc083705155ff14c6aa475c66eeb4a67fffa18fcbb129ee.jpg: score=2;chart_ratio,square_without_chart_hint,edge:0.16,contrast,large
Skip non-chart visual asset 3bd72108a7b2ba432b88c94ad5eacaede65e8c0c6fb3104a4c7ee9a3affb467f.jpg: score=0;odd_ratio:7.58,edge:0.28,contrast
MinerU images did not look like charts; keeping only the title card and letting downstream AI fill body images.
Skip non-chart visual asset 1459847b38c3a61479ff2abf03adb5e2c69a9194f06432e2e8f3716a23f2f16f.jpg: score=0;odd_ratio:7.46,edge:0.18,contrast
Skip non-chart visual asset 86f182713b2f0b272a0eea77091fdfebbec0b882c8f0eb3be509283648085930.jpg: score=-1;odd_ratio:7.15,edge:0.18
Skip non-chart visual asset 74ad195b919c901fbacd5567a4582eae91be995cfdd37a2a2e819025971df2c0.jpg: score=0;odd_ratio:7.58,edge:0.28,contrast
Skip non-chart visual asset feef269ba0ad67ae0bd58824d7de9ec1df375ed14393cf2b2a2e802c40232a94.jpg: score=-100;too_small:1387x93
Skip non-chart visual asset 8a53ed103a84c9d3659cd8e4eaf8860941819c12268c4baf13491191b4d81371.jpg: score=-1;odd_ratio:5.97,edge:0.18
Skip non-chart visual asset f7e87e1d471f132652c8f8ed51efaddf91f1625cd6f1a3803dc20ed7e50d787b.jpg: score=0;odd_ratio:7.58,edge:0.28,contrast
Done. Results written to /home/runner/work/rpt_edit/rpt_edit/xhs_notes/dropbox/260716/shard_18; successful_reports=5; mineru_timed_out=False; mineru_attempts=1
All batches completed successfully. Generated 5 report directories.
