Found 59 total PDFs; shard 4/40 has 5 PDFs, skips 0 already converted, will process 5 PDFs with batch_size=5.
Running batch 1: 5 PDFs
Found 5 PDFs. MinerU token slots available=4.
MinerU attempt 1/4 using MINER_U: submitting 5 PDF(s).
Uploading PDF to MinerU: /tmp/pdf_batch_001_y3tpp0uh/pdfs/0001-21-Goldman Sachs-AMERICAS ENERGY- OIL US Majors- Screen for Attractive Valuation and Free Cash Flow Growth- Highlight 18- Total Return to COP -on Conviction List--260724.pdf
Uploading PDF to MinerU: /tmp/pdf_batch_001_y3tpp0uh/pdfs/0002-22-Goldman Sachs-Fed Chatterbox- July Edition-260724.pdf
Uploading PDF to MinerU: /tmp/pdf_batch_001_y3tpp0uh/pdfs/0003-23-Goldman Sachs-FX Comment- US Treasury FX Report- No -Currency Manipulators- and a More Constructive Tone-260724.pdf
Uploading PDF to MinerU: /tmp/pdf_batch_001_y3tpp0uh/pdfs/0004-24-Goldman Sachs-GLOBAL FX TRADER-Carry- With Energy-260724.pdf
Uploading PDF to MinerU: /tmp/pdf_batch_001_y3tpp0uh/pdfs/0005-25-Goldman Sachs-Global PMI Monitor- Elevated Manufacturing Suppliers- Delivery Times-260724.pdf
MinerU attempt 1 using MINER_U batch_id=3d181a4d-8607-46d6-bfb0-3864990e3e65
MinerU states: running, pending, pending, running, waiting-file
MinerU states: done, done, done, done, done
/home/runner/work/rpt_edit/rpt_edit/scripts/pdf_to_xhs_batch.py:307: DeprecationWarning: Image.Image.getdata is deprecated and will be removed in Pillow 14 (2027-10-15). Use get_flattened_data instead.
  pixels = list(gray.getdata())
Skip non-chart visual asset 343e724d97858cd6078fab3a03717bd01a5b46f2777fd5acf81492b06ac334d0.jpg: score=0;chart_ratio,square_without_chart_hint,edge:0.26
Skip non-chart visual asset c99f2cf5fc7b422ec27444b23628de98e34bbbe0dd7bd062e94d3a58da47c4e6.jpg: score=-100;too_small:1156x112
Skip non-chart visual asset f6510f661d94be15237431d062476a29f802025ca02832952e9732a29383f745.jpg: score=2;edge:0.33
Skip non-chart visual asset dcd9ba8e31c44c3538b6f7dc027c2d673d72ba9485ccd4a8521839e2e4c3cebc.jpg: score=-1;square_without_chart_hint,edge:0.29
Neutralized WeChat title while keeping the report: 高盛：美国石油巨头估值与自由现金流增长筛选 -> 高盛：研究主题与行业变化观察
Neutralized WeChat title while keeping the report: 高盛：美联储官员通胀路径分歧收窄 -> 高盛：价格数据与市场变化观察
MinerU result contained no standalone chart images; creating title card only.
Skip non-chart visual asset 806ec08c796cfb9c6734b65426bd0990329b60e7d245072f1ebe883dac4cbdbc.jpg: score=1;square_without_chart_hint,edge:0.21,contrast,large
Skip non-chart visual asset 444ec1d6011ccbf78ff7f03beabee80024e1565140f7f395d693a8ee23351b4d.jpg: score=1;square_without_chart_hint,edge:0.20,contrast,large
Skip non-chart visual asset 98cf309118abcf6843a942b9fccf8c26021e845c78b546553a03158226af224a.jpg: score=1;chart_ratio,square_without_chart_hint,edge:0.20,large
Skip non-chart visual asset d5101afa46debef02b9663324ed439501513f2c4537e6b11380403aee714a24e.jpg: score=1;chart_ratio,square_without_chart_hint,edge:0.24,large
Skip non-chart visual asset 6a51797278b9d386e69ef687b4312a5ea421ce0c53e07b68d586f926c7b7fb77.jpg: score=0;chart_ratio,square_without_chart_hint,edge:0.29
Done. Results written to /home/runner/work/rpt_edit/rpt_edit/xhs_notes/dropbox/260725/shard_4; successful_reports=5; mineru_timed_out=False; mineru_attempts=1
All batches completed successfully. Generated 5 report directories.
