Found 87 total PDFs; shard 1/40 has 5 PDFs, skips 0 already converted, will process 5 PDFs with batch_size=5.
Running batch 1: 5 PDFs
Found 5 PDFs. MinerU token slots available=2.
MinerU attempt 1/4 using MINER_U_2: submitting 5 PDF(s).
Uploading PDF to MinerU: /tmp/pdf_batch_001_4xi9l3np/pdfs/0001-06-Bernstein-Walmart Inc-WMT.US-Walmart -WMT-- Price investment fear overdone- omni-channel profitability supports upside-260714.pdf
Uploading PDF to MinerU: /tmp/pdf_batch_001_4xi9l3np/pdfs/0002-07-CITI-Shengyi Technology -600183- Preliminary 1H26 Profit Alert Beats Citi Expectation-260713.pdf
Uploading PDF to MinerU: /tmp/pdf_batch_001_4xi9l3np/pdfs/0003-08-CITI-Estun -002747- Fundamentals Improve But Share Price Seems Overshooting-Maintain Sell-260713.pdf
Uploading PDF to MinerU: /tmp/pdf_batch_001_4xi9l3np/pdfs/0004-09-BofA Securities-Tech Hardware-Asia Pacific-The essence of FAU-alignment and automation-260714.pdf
Uploading PDF to MinerU: /tmp/pdf_batch_001_4xi9l3np/pdfs/0005-10-CITI-WUS Printed Circuit -002463- 2Q26 NP Guidance Beat-260713.pdf
MinerU attempt 1 using MINER_U_2 batch_id=288b56d3-dd73-48b4-96db-ec4317c244ae
MinerU states: running, running, running, running, pending
MinerU states: running, done, done, done, done
MinerU states: done, done, done, done, done
/home/runner/work/rpt_edit/rpt_edit/scripts/pdf_to_xhs_batch.py:291: DeprecationWarning: Image.Image.getdata is deprecated and will be removed in Pillow 14 (2027-10-15). Use get_flattened_data instead.
  pixels = list(gray.getdata())
Skip non-chart visual asset 7d4839946bd98406c5dfa815c7d1bc4ea3143fc70b9dff34c3b3e4fb17b87d41.jpg: score=0;odd_ratio:4.96,edge:0.34,contrast
Skip non-chart visual asset f45044dbf996ee344ee7340127b5251e4205c545aa89670bf27fd2962c0f4abc.jpg: score=1;chart_ratio,square_without_chart_hint,edge:0.20,contrast
Skip non-chart visual asset a25822284b8ba1949c5668510e4227ebc1252806fc66df9b8331f9dc5d0f84d6.jpg: score=1;odd_ratio:4.93,edge:0.23,contrast,large
Skip non-chart visual asset 86d77e3e6de0a7d71b062d6bf9f67de9c1d6dd7d792b322b29fc7da746b1ccae.jpg: score=-100;too_small:1037x117
Skip non-chart visual asset d3b69ffb95c4b287720540bb4f23c4c0471bec2e36192aa1e6504e3cb166dd46.jpg: score=-1;square_without_chart_hint,edge:0.26
Skip non-chart visual asset 6c30fa6ba1e081f37b862fe627b27a14466e16fab55b5fec4dd6939507a70fc5.jpg: score=1;chart_ratio,square_without_chart_hint,edge:0.18,contrast
Skip non-chart visual asset c9d80af2f3908a8547d1a92d077f4f8c84228785e937db966bb0912888528ea2.jpg: score=-100;too_small:96x95
Skip non-chart visual asset 918ea3a03402ea968ce3d5ff020d2838b747b35ca43edd339e3f90917abf9b3b.jpg: score=1;square_without_chart_hint,edge:0.27,contrast,large
Skip non-chart visual asset 32b2ff72e90e4a23cb2836c4ee5d83847579e4e583cabccb3a86e0fdaf5e7274.jpg: score=-100;too_small:1331x165
Skip non-chart visual asset de299435a88b2247fd33ebf28e774c124c972dc93b571805fc704a49aa8fb68f.jpg: score=-100;too_small:96x95
Skip non-chart visual asset 75286a618a745b1629f52f25d09be5ac24e82a53964c29c99c1c490938521462.jpg: score=-100;too_small:395x245
Skip non-chart visual asset 6a16c04cf346d64aa5a1498169fe5f2f786ec2c717234d38ac4d905cc469d8cf.jpg: score=-100;too_small:365x126
Skip non-chart visual asset c7aa606134168fcc865310b969725916260ba7caf4bd8e45c84f104a5f92b2b5.jpg: score=-100;too_small:368x132
Skip non-chart visual asset 19dfa73acd90580a1dfd2026699951ac6ec69f832dd6ca173829bd202448ba87.jpg: score=-100;too_small:367x123
Skip non-chart visual asset 001279074be8704e043ff7adf27eb44292b1850fc92f128966e12e9964e83867.jpg: score=2;chart_ratio,large
Skip non-chart visual asset f620a00954d71bed87326d7a5e25330b2c32580dd4b9a53b076ea9cded0a9198.jpg: score=2;chart_ratio,square_without_chart_hint,edge:0.29,contrast,large
Skip non-chart visual asset 6454ac9999d7048e704a07ecb76ed8a5d164b04d4dd9c964269169794e8e958a.jpg: score=-100;too_small:359x129
Skip non-chart visual asset 12da2f607f382e71993ff59c8912e61000c27c6f6ecd2cd610853a93902d4a3f.jpg: score=2;chart_ratio,large
Skip non-chart visual asset b4afa3d92a19de7b86f9dbd0470dcbaa408e3957d8480b04a5f50cccd8666f17.jpg: score=-100;too_small:1429x151
Skip non-chart visual asset 600e1f6778adc62dd16d230b9d9cf71185f1bcaf53e41ea047122f3c20926635.jpg: score=-100;too_small:368x129
Skip non-chart visual asset f693622bbba16bdda4d48b03c3fd28bbcf223cd03d3441f521dd6e5fc73b8886.jpg: score=-100;too_small:356x123
Skip non-chart visual asset 4565fa0e954a66d5dcd75e8f77c3be2da8138c25dcfa2e24303da7d9afb4e673.jpg: score=-100;too_small:1304x106
Skip non-chart visual asset 9adc780daf6ac3c95546f3065195115b7476d0784e4a976baa136d96a879cc50.jpg: score=-100;too_small:368x107
Skip non-chart visual asset cfa558312948b1dfa37b1fbf949f7dc55d7ecdd4171710d8680cdeaeacc7a6f4.jpg: score=-100;too_small:362x75
Skip non-chart visual asset 5802ff4cadf372ca121ea64de92ee2171b04c017a6b41ead14d666379090bf58.jpg: score=-100;too_small:706x157
Skip non-chart visual asset 5d4d8f037fe9497f0af04a51bbae06e244185c4d12765d09df93e0f25fbbd17f.jpg: score=-100;too_small:373x84
Skip non-chart visual asset 25facde8434d6bf1e01ba8d8126df78aaead81754ef1700f892751a8fc6f130a.jpg: score=2;chart_ratio,square_without_chart_hint,edge:0.29,contrast,large
Skip non-chart visual asset fa2414e99824b5de44784ccedd2a075547308a59d36388cafe7bd3be419b4bdf.jpg: score=-100;too_small:368x101
Skip non-chart visual asset 59a2e2ed455d62f44351801b4af98f2c9f69e2ae9cb07e378a5e115ea4f8310f.jpg: score=-100;too_small:51x57
Skip non-chart visual asset 5367c6c01ae6f9b9e0c1278fb9f42d498d7ffa8410065a88bb81ada5495c0d85.jpg: score=-100;too_small:1431x148
Skip non-chart visual asset aa950f3b14c4f4a107e54d9afeea754799fb5801bec2d25c299ed8179798fc3e.jpg: score=-100;too_small:370x75
Skip non-chart visual asset 5256d25930036b7cfbcb6fe6422ac173b4f0b39032df97785fe351f6bb5dde4a.jpg: score=2;chart_ratio,large
Skip non-chart visual asset ca44170c32b05423026c7a8639d7c967c25996018cc50c284866f8c5f5e6e2d6.jpg: score=-100;too_small:43x56
Skip non-chart visual asset ccf798827d29f556da3f17338284acbdf2f269f4ceee817d0ab071a5c17c0d1a.jpg: score=2;chart_ratio,large
Skip non-chart visual asset bafb59383f3bf68a99b06a00e6b6c6dd1b06c83214b9283aee3b88637cf9223d.jpg: score=2;chart_ratio,square_without_chart_hint,edge:0.24,contrast,large
Skip non-chart visual asset ddbd65c36eb8a7a6fa86d4385a207a12ba5ce8213879d6275305ea889fda1b4b.jpg: score=-100;too_small:1307x107
Skip non-chart visual asset c8446837d6fe726422ac8173671a803497f2697c2210534cc7f42bca87ff3709.jpg: score=-100;too_small:45x53
Skip non-chart visual asset c24f2a8284e9dc4dc6cac5149f36d1cceea4d92380854df6056ff26c96d7464f.jpg: score=-100;too_small:359x104
Skip non-chart visual asset 12c15b8d54e91a8e981ac947bde5349240f0b3beab617703abb22926843b2000.jpg: score=-100;too_small:706x176
Skip non-chart visual asset dff1da71a0e818f22e951595369d5ff5661982892c87bd8ac16be32014c50dcc.jpg: score=1;chart_ratio,square_without_chart_hint,edge:0.11,large
Skip non-chart visual asset 655b50c839d1c4981324197e7c13131ab6b87c31946deca2001af51f892cd79c.jpg: score=-100;too_small:1267x90
Skip non-chart visual asset db8ea6e7ee13308dc8a875c038e1c5b992b1c55ab7311e6d128132ad6a13debe.jpg: score=-2;square_without_chart_hint,large
Skip non-chart visual asset 1c14d7f17467482bb3db5641968982341ff80692d2a94e330be44259ffeb735d.jpg: score=1;chart_ratio,square_without_chart_hint,edge:0.22,contrast
Skip non-chart visual asset 1cd5b847f204de975c0d684b2e61d42eb3e9007350d5be2c7133578a618bbb46.jpg: score=-100;too_small:982x95
Skip non-chart visual asset e3aa8f016a25863c8faca3a58e1354e26acde3a4e6d4d379d588fbbac1719732.jpg: score=1;chart_ratio,square_without_chart_hint,edge:0.13,contrast
Skip non-chart visual asset 9a438b53e210d2d63d7dfb8e097344acdc53d4a5fbfb011ee2768d435a292691.jpg: score=-100;too_small:1562x120
Skip non-chart visual asset e80cdc617d27359ba943c8b9c7a94fca4c5c2515c624727c75c77e6ddae17f8b.jpg: score=-100;too_small:1562x112
Skip non-chart visual asset 0882e78a828049d94d974ba9ce0cf83e392bee9e62f785b7a88dd7ab9410b5fd.jpg: score=2;chart_ratio,large
Skip non-chart visual asset 54e82494be700e9802d4c983d80f2f4c026c181adc89395d12ac9f684f4a25dc.jpg: score=-100;too_small:706x170
Skip non-chart visual asset a28d13ef7d4365c7206b0b4d667d3ecb7fada562ee86e7851c60945dedca408d.jpg: score=1;chart_ratio,square_without_chart_hint,edge:0.20,contrast
Skip non-chart visual asset 3e49325898c066f01028b5035f68258988ef18f57261205d2f5b592df8995eca.jpg: score=-100;too_small:1562x121
Skip non-chart visual asset 3ccfa49b92ad4b6cab0ea3ff7c2804a35fc519c1b22a2c9be1b19618d782ca6d.jpg: score=-100;too_small:41x42
Skip non-chart visual asset 7524b39ae0ccddc5affe5d48ba08ad1228e51b0af8df445ab3296c1058aca30a.jpg: score=2;chart_ratio,large
Skip non-chart visual asset b8e41737c169ffc55e23567e9361a6481d10e91ff0b63f86bf3fc5990330c085.jpg: score=-100;too_small:1431x154
Skip non-chart visual asset 50a37f49467c34056404b0ca3e350d64223ad948a555304a07b304e01c55f4bc.jpg: score=1;large
Skip non-chart visual asset 055187be905bf215bb2aa99ed881f1b269ff0a4bc969b4f35393b4de64334e4d.jpg: score=-100;too_small:41x46
Done. Results written to /home/runner/work/rpt_edit/rpt_edit/xhs_notes/dropbox/260715/shard_1; successful_reports=5; mineru_timed_out=False; mineru_attempts=1
All batches completed successfully. Generated 5 report directories.
