Found 42 total PDFs; shard 0/40 has 5 PDFs, skips 0 already converted, will process 5 PDFs with batch_size=5.
Running batch 1: 5 PDFs
Found 5 PDFs.
Uploading PDF to MinerU: /tmp/pdf_batch_001_g2x51yeu/pdfs/0001-01-Bofa-Asia Fund Manager Survey From growth concerns to AI conviction-260519.pdf
Uploading PDF to MinerU: /tmp/pdf_batch_001_g2x51yeu/pdfs/0002-02-Bofa-Global Fund Manager Survey In It to Win It-260519.pdf
Uploading PDF to MinerU: /tmp/pdf_batch_001_g2x51yeu/pdfs/0003-03-Deutsche Bank-Europe Macro Outlook 2026-The two-economy problem-resilience vs rigidity amid an energy shock-260519.pdf
Uploading PDF to MinerU: /tmp/pdf_batch_001_g2x51yeu/pdfs/0004-04-Goldman Sachs-China-SAFE data suggest some FX inflows in April-260518.pdf
Uploading PDF to MinerU: /tmp/pdf_batch_001_g2x51yeu/pdfs/0005-05-Goldman Sachs-GOAL Kickstart-The name is bond -again--rising bond yields weigh on portfolios-260518.pdf
MinerU batch_id=2a00c226-3d0e-439a-8e6c-43fe20075858
MinerU states: running, pending, pending, pending, waiting-file
MinerU states: running, running, running, done, pending
MinerU states: running, running, running, done, running
MinerU states: done, running, running, done, running
MinerU states: done, running, running, done, running
MinerU states: done, running, running, done, running
MinerU states: done, running, running, done, running
MinerU states: done, running, running, done, done
MinerU states: done, running, running, done, done
MinerU states: done, running, done, done, done
MinerU states: done, running, done, done, done
MinerU states: done, running, done, done, done
MinerU states: done, running, done, done, done
MinerU states: done, done, done, done, done
Done. Results written to /home/runner/work/rpt_edit/rpt_edit/xhs_notes/dropbox/260519/shard_0
All batches completed successfully.
