Found 86 total PDFs; shard 4/40 has 5 PDFs, skips 0 already converted, will process 5 PDFs with batch_size=5.
Running batch 1: 5 PDFs
Found 5 PDFs. MinerU token slots available=2.
MinerU attempt 1/4 using MINER_U_2: submitting 5 PDF(s).
Uploading PDF to MinerU: /tmp/pdf_batch_001_0cfo3alw/pdfs/0001-21-CITI-Taiwan Electronic Components - Equipment-Riding the AIDC BBU Growth Cycle-Initiate Dynapack at Buy-260707.pdf
Uploading PDF to MinerU: /tmp/pdf_batch_001_0cfo3alw/pdfs/0002-22-Deutsche Bank-China Solar Sector-Lingering at the bottom- solar glass nearing a cyclical turning point-260707.pdf
Uploading PDF to MinerU: /tmp/pdf_batch_001_0cfo3alw/pdfs/0003-23-Deutsche Bank-China NEV demand leading indicator -weekly new orders--July 1st week-260707.pdf
Uploading PDF to MinerU: /tmp/pdf_batch_001_0cfo3alw/pdfs/0004-24-Deutsche Bank-Estun Automation-2Q26E preview- Potential humanoid acquisition- Initiate H shares at Hold-260707.pdf
Uploading PDF to MinerU: /tmp/pdf_batch_001_0cfo3alw/pdfs/0005-25-Deutsche Bank-VNET Group-VNET.US-Transformation generates value-add - Initiate at BUY-260707.pdf
MinerU attempt 1 using MINER_U_2 batch_id=ee2dfa9e-5797-4b9f-b11e-447e0653d17d
MinerU states: running, running, running, pending, waiting-file
MinerU states: running, done, done, done, running
MinerU states: done, done, done, done, done
/home/runner/work/rpt_edit/rpt_edit/scripts/pdf_to_xhs_batch.py:285: DeprecationWarning: Image.Image.getdata is deprecated and will be removed in Pillow 14 (2027-10-15). Use get_flattened_data instead.
  pixels = list(gray.getdata())
Skip non-chart visual asset 436075184e2b32f56d372bd26c561b2b2883199f0a2e18f3f1a427939ace9dbb.jpg: score=1;odd_ratio:5.07,edge:0.20,contrast,large
Skip non-chart visual asset fa60214ed4cfa606605b09d81de075df5ffadc03a179d66f3baba48f21a937b0.jpg: score=2;chart_ratio,large
Skip non-chart visual asset 318ede0deab3420d05aa2a292dbb415d8c71359cb28b1ef93e12e583dcb21209.jpg: score=2;chart_ratio,square_without_chart_hint,edge:0.29,contrast,large
Skip non-chart visual asset e37a9a863b5f84347ecf05ede41d09178c12f8ec6da3cc31cdef30944f01607e.jpg: score=-100;too_small:53x59
Skip non-chart visual asset 7225cc654e2dce531c9c85c7bd3f916ceeb07628709a0b2dbc9f06cc1fc15878.jpg: score=-100;too_small:368x106
Skip non-chart visual asset 454b210513c9720e889006a5267e9977f83d7c0d4e6887f8c471b417906371b8.jpg: score=-100;too_small:43x51
Skip non-chart visual asset ba2fe63e8d297d079a963e48938746bd472bd9e91846dee7a8b3047890f67d7d.jpg: score=-100;too_small:706x162
Skip non-chart visual asset f5c4fe921687640a1851e01d23aed25af5d7dea613c8b51c1d560ab6652f1a66.jpg: score=1;chart_ratio,square_without_chart_hint,edge:0.19,large
Skip non-chart visual asset 3777d6b66ca6250afca64a0474d82c0981b70c455095649259b54bf38d825e61.jpg: score=-100;too_small:1431x148
Skip non-chart visual asset 0901ea635f9a9dca6d92fdfe6cf7db8a74f57dcf91494334833b8ac38a166f55.jpg: score=1;odd_ratio:6.72,edge:0.28,contrast,large
Skip non-chart visual asset 952976cecab302d9b87f4601c989e60057bce6ebc5ffc1c669bba8dc0ee6fd52.jpg: score=0;square_without_chart_hint,edge:0.45,contrast
Skip non-chart visual asset f27e27ccefeb0cc1cf5cdeabfd93e35856fe3f84cffdbf851751dcdd3d54b5d2.jpg: score=-100;too_small:1307x157
Skip non-chart visual asset 889b383cf114db6b6387c64b082f2a6eb30705cb26c1a216ecd4b44a2869ac7e.jpg: score=-100;too_small:371x109
Skip non-chart visual asset b8399c9a59fc4b93330a7bc08be269e44e9ae99758debd9989a310a425087e9d.jpg: score=-100;too_small:365x104
Skip non-chart visual asset 18f49fd92a24a24a123882f8ff132557ca79884a0e7e36fa9b87cb570e63a36f.jpg: score=1;chart_ratio,square_without_chart_hint,edge:0.35,large
Skip non-chart visual asset 27c0b75147f9d075279b419876279f6dd8950c2aa22546f7ae5f9c120081ea5a.jpg: score=-100;too_small:45x51
Skip non-chart visual asset e005b9c14909bcd0d02d74472aad923663d81bcffca13d945fe9a91e18bcc82f.jpg: score=-100;too_small:376x107
Skip non-chart visual asset 87440e56a152e7367c52bfec2583c06c82e1b2a47eed0dfd6d53d8c3f5ae3e20.jpg: score=2;chart_ratio,large
Skip non-chart visual asset dd93704cf9eb4d1438f1a7974ba1cde6c903e2469b127e5c9a1e057e0c2cf3e8.jpg: score=2;chart_ratio,square_without_chart_hint,edge:0.27,contrast,large
Skip non-chart visual asset ca27f86fc3a6df645236898228da90abeaab5b06d36f7364b8c3251c29285cd0.jpg: score=1;chart_ratio,square_without_chart_hint,edge:0.20,large
Skip non-chart visual asset 129b1ad4a44a6bee25bfdda64c99dcc523f59473bc080046a5544d75ab463be9.jpg: score=-100;too_small:43x51
Skip non-chart visual asset 36bc8b03f1596c4bdd919166e671e22cc8f9a6c68c347dce9a535f7d5b5d6f46.jpg: score=-100;too_small:370x100
Skip non-chart visual asset 24c12d2f996e300f712965f9df3835fa1ad51b30d0a3227ca298a5ea859c1cd9.jpg: score=2;chart_ratio,square_without_chart_hint,edge:0.26,contrast,large
Skip non-chart visual asset 7e7cd3b149d7bf614208e844bd1b12dbfecc2d3e7db4a547f9f4b5dc5c5c9f9c.jpg: score=1;chart_ratio
Skip non-chart visual asset d760cd093fdf9114b1903de66a26ae4e485e344d41336c106b6b9ffd281583b0.jpg: score=2;chart_ratio,square_without_chart_hint,edge:0.28,contrast,large
Skip non-chart visual asset 4bf457b21a3171521daaeb7d69573855265022bb088e3913e94329c7f8130018.jpg: score=-100;too_small:48x54
Skip non-chart visual asset 1dd47c2b467e018d2e496fd007341da1e68e4bda39f19375655e32ae62ab9f22.jpg: score=1;chart_ratio
Skip non-chart visual asset 403ba48792ed52d848931a87e00961fe58eab850ea855f48c777cd4b22c3cf93.jpg: score=1;chart_ratio,square_without_chart_hint,edge:0.19,large
Skip non-chart visual asset 40e04593a2d7eb6c74e088033f8c37c44fd50b723530d3cf4137800ffaa1abd7.jpg: score=-100;too_small:873x96
Skip non-chart visual asset c3975855c37bd6dd433401b60d52f654bad1515deafec26ffb8934cf4e0b1722.jpg: score=-100;too_small:1140x137
Skip non-chart visual asset 2b0e9bc84aceb04f52d3cf4b033a5c0c381a0f11b494ce671bca01d599300d2d.jpg: score=-100;too_small:426x67
Skip non-chart visual asset 9e3f9c9449e01842335e98777110305b8e0cdb79ecd6b8e57d3e871d0b5e3958.jpg: score=2;chart_ratio,large
Skip non-chart visual asset 5258313d888a5f5bcd3e4d449b82ee70e4c089518b9e036ffe6bf93e611aebdd.jpg: score=-100;too_small:51x48
Skip non-chart visual asset 602fc3ca2b0e1a8c5e19c50326187018595159d34fc7d73c857593263a3c0370.jpg: score=1;square_without_chart_hint,edge:0.36,contrast,large
Skip non-chart visual asset c1d58b2528638bbb1dcddc481f9137c594040c9c2b5de0995b1e87f459d66cd4.jpg: score=2;chart_ratio,large
Skip non-chart visual asset e4c98795fe7549cf9f7fe81950009f954bf355cd680f4e82f3c6cc78bbac6ab5.jpg: score=-100;too_small:373x106
Skip non-chart visual asset 44e6bd212e681571126d2cfe2ba1265062103644b9cc28ae3bf65e65643dbaa1.jpg: score=0;square_without_chart_hint,edge:0.11,contrast
Skip non-chart visual asset b50933cd4dc58be40c41d0af8c4b5de1226616788bd230367037c31365a6e369.jpg: score=-100;too_small:706x162
Skip non-chart visual asset a0e517fd2e33d62ce6ca0c3b6b6f710a5258e7a3ae0916de4b523c8fb86dd019.jpg: score=1;chart_ratio,square_without_chart_hint,edge:0.25,large
Skip non-chart visual asset 099fb7bb1f6fbcccbc04bf8454af908cba17968645bee068533669958fdd61e1.jpg: score=2;edge:0.25
Skip non-chart visual asset 49b4ebc59bf7e364f1b1cf1b32addcd952da59464cc2d22027ae3046f96f69fb.jpg: score=2;edge:0.25
Skip non-chart visual asset c38ddde5816e6368816cbea8d659a358e0143c690797e8bf643d427931eaffae.jpg: score=-100;too_small:1379x175
Skip non-chart visual asset ecd6a9fdc137d577b66f3437bf6896a52ae5cb30cd7c026676166c75d42eaed5.jpg: score=0;odd_ratio:5.04,edge:0.23,large
Skip non-chart visual asset 32dc6ff65a902221d2b3286b1f90e75593c059e077256ebdf46c59ed4dcdf43d.jpg: score=2;edge:0.24
Skip non-chart visual asset d47afccefcc9106db932b1e334bb8af7d6fcb7df71d5df0e38588b4c66815251.jpg: score=-100;too_small:801x151
Skip non-chart visual asset e6fff7ccdafa5719a320e5d272548b28ab821c96a7f7b3003311d16cd4dfdb28.jpg: score=2;edge:0.18
Skip non-chart visual asset dc85704e75696c7c10c56be714fc6afa60b235d39f5587af597970958b915693.jpg: score=-100;too_small:1390x178
Skip non-chart visual asset d3f15a426eb8be9e485d224978037c1c0dd991cf082f618485cb8010b97c5e60.jpg: score=0;odd_ratio:7.85,edge:0.30,contrast
Skip non-chart visual asset c4a4625e3d84bddae04ce53e4144ddfd39bd93925c8c70bb75035281a3bb6faa.jpg: score=1;odd_ratio:7.13,edge:0.39,contrast,large
Skip non-chart visual asset f9e76717c1440e834afa85bf9dbcfc20d1c87410bbbec434cdcff21316caf9bf.jpg: score=2;edge:0.18
Skip non-chart visual asset 80807b2144813e1604bd768530323661b9d4a58ac7ab8558e620867f25d00bdc.jpg: score=-100;too_small:445x217
Skip non-chart visual asset aad7fed69e5879f7efcd2b057548330a18087f797f79c094b88b2270bc77a63c.jpg: score=1;chart_ratio,square_without_chart_hint,edge:0.15,contrast
Skip non-chart visual asset 7c77b02cc61bb7f90251c5bb8073eb07ec08597039632cdd0cfb3835986b264d.jpg: score=2;edge:0.17
Skip non-chart visual asset 8aadb4f6082817995bf73f6fe9e0962c81b0ae75607cb87087b99e94bf7c8a62.jpg: score=2;edge:0.25
Skip non-chart visual asset 6f7ea0d2f60ad616228368ae42f78e996606c946af6b16009270c5d98c639365.jpg: score=-100;too_small:1420x118
Skip non-chart visual asset 16a0e16ad3145d48add634f6ec77d9f060af1c6fe0cc7f30145fea8ed9d22c45.jpg: score=0;odd_ratio:7.32,edge:0.41,contrast
Skip non-chart visual asset 1e421557ef8a79e370f403f1a26c367db461f4767224b7ad3944682853cc298c.jpg: score=-1;odd_ratio:5.45,edge:0.21
Skip non-chart visual asset 2a69d785b282316952c06e40bc1c20fa4295874a584556cb59986f90ea375c69.jpg: score=2;edge:0.23
Skip non-chart visual asset 52dc22600e12a18cae9276df1672f070e6c49e86a8a40c105db7ae2c84714819.jpg: score=2;edge:0.23
Skip non-chart visual asset 8425bc6e21af9adbb0697db75f4f23e7370b0a9d4c006b7a5673be9d6f77f783.jpg: score=1;odd_ratio:4.91,edge:0.34,contrast,large
Skip non-chart visual asset 1b2e1991b6fadfc92d8998dc3650965a640ceaa10991a91ac0c79fda899c93fb.jpg: score=0;odd_ratio:4.92,edge:0.28,large
Skip non-chart visual asset 7379d8f597d559b698794cbbef2483f5e83ad985c2a8f4b7fd413565d5e0d979.jpg: score=-100;too_small:776x160
Skip non-chart visual asset 120940be6ccf23cfb91ee376a3882e41521d8e039d1d16bd5759391cbaa13a01.jpg: score=-100;too_small:773x162
Skip non-chart visual asset 3843b08599ad05ce65144534ae6940a7c6ef2ec211efac66d6dc47e734a794e0.jpg: score=0;odd_ratio:6.38,edge:0.34,contrast
Skip non-chart visual asset 0a850a7f5c5550f8007377acc0fa89d2bd50953be8d5867036f1f8259ba89786.jpg: score=0;odd_ratio:6.77,edge:0.44,contrast
Skip non-chart visual asset e78b38c007b60630b357f658572046d3a3def09d7fb509a759af16c9d5105137.jpg: score=-100;too_small:493x187
Skip non-chart visual asset 4278fd6bccd6fe5ef21a62f04bcf87742240a2dd34214b6521ccf1c5626b3d9e.jpg: score=2;edge:0.23
Skip non-chart visual asset 0542fe38ce73088276fbad8642832a744a37adc67b4ad0d355f34b26496b7845.jpg: score=1;chart_ratio,square_without_chart_hint,edge:0.15,contrast
Skip non-chart visual asset 8fa60593b839f67e6eff1c170ca4108e54ba1ab2aaa4403b656b516de0baff7a.jpg: score=-100;too_small:1412x156
Skip non-chart visual asset 60d1c3549dd04b73411e78fc49a2e5654a70e1a868f5b227c5a0e12ff36fd595.jpg: score=0;odd_ratio:7.69,edge:0.49,contrast
Skip non-chart visual asset c41997ea7fd8ca004c7f6d974f4ebf70203b8d4349289aa3e887116c5bf76332.jpg: score=-100;too_small:801x151
Skip non-chart visual asset f84b8f4d64e7861995cc25cf17936cd50385db1d585fe20dfe0ebf9ce1a605a6.jpg: score=2;edge:0.22
Skip non-chart visual asset 1f07efa714cf789889433253979af6cc716006f39ed23b54ee0e005090612cae.jpg: score=2;edge:0.22
Skip non-chart visual asset efa1cbb9b7022b82da4baf02b399962222545dadd15332e8093e22b6ac71edf1.jpg: score=-100;too_small:493x192
Skip non-chart visual asset 75a3b8691dca443a3b5e1126da3b74c7fe2831b81541aa320698323daf9ce1d7.jpg: score=-1;square_without_chart_hint,edge:0.38
Skip non-chart visual asset 092be22b099b9ac0ba98f53d5eab0ef273ec477deb5094d50e9a97558f323e18.jpg: score=2;edge:0.24
Skip non-chart visual asset 68f7f86a59bb6a36f4739933f4f9f5edface2c692b42f65d8a59dc2733bccfb8.jpg: score=-1;odd_ratio:5.45,edge:0.21
Skip non-chart visual asset 05654dbd74aa5b3f643961ba3b66c66313717a78910b5a71b7f4172305b3273e.jpg: score=2;edge:0.19
Skip non-chart visual asset 3cb485aef11f9120cd770bb0eeba0da5df35986056a16397b45774ecb653f492.jpg: score=2;edge:0.18
Skip non-chart visual asset 7b2e7f0c1d8720b16a16cc1f31f2a18d70db74af8e4b72e455a922558b16d420.jpg: score=1;chart_ratio,square_without_chart_hint,edge:0.15,contrast
Skip non-chart visual asset d636657f33a9c2c72a0b0a5a261c1584fbf85ce2ebb43122a0711f250f30f184.jpg: score=-100;too_small:448x140
Skip non-chart visual asset 2586cee468b2ecb806492c608dd70e4dbd6be180c525cc7e252662e6a0340444.jpg: score=-1;odd_ratio:5.45,edge:0.21
Skip non-chart visual asset af61f57d1ab496ab9433662b6a450a7c05fe365ec9c0c91d0b7cd4e25efef090.jpg: score=-100;too_small:1412x117
Skip non-chart visual asset 2af93071122b8cd8543751aa250547c0d959147ec5f9d7973f521d5c9eedf8be.jpg: score=2;edge:0.25
Skip non-chart visual asset d96d254f3c74c442f5ee4cb6f7e95d84b713a08907d561e8afafb257bc05c394.jpg: score=0;odd_ratio:4.85,edge:0.28,contrast
Skip non-chart visual asset 4343d44fda33ef137366b164d97cb25ddd8bdbe1ce8780aa8c6dbbba3f18574b.jpg: score=2;edge:0.24
Skip non-chart visual asset a8ded8dc2d121934e451aaa257136ae8c4d9f69f6f861eb7926195c7b490213b.jpg: score=2;edge:0.18
Skip non-chart visual asset 62cf164475edfb709847d1a341c3a46ddb745c0c4a69f419ce2d0933bb26039a.jpg: score=-100;too_small:801x151
Done. Results written to /home/runner/work/rpt_edit/rpt_edit/xhs_notes/dropbox/260709/shard_4; successful_reports=5; mineru_timed_out=False; mineru_attempts=1
All batches completed successfully. Generated 5 report directories.
