Found 42 total PDFs; shard 4/40 has 5 PDFs, skips 0 already converted, will process 5 PDFs with batch_size=5.
Running batch 1: 5 PDFs
Found 5 PDFs.
Uploading PDF to MinerU: /tmp/pdf_batch_001_izijph0j/pdfs/0001-21-MS-Semiconductor Capital Equipment 2Q-26 WFE update- memory mismatch unresolved- LAM up to OW- AMAT down to EW-260518.pdf
Uploading PDF to MinerU: /tmp/pdf_batch_001_izijph0j/pdfs/0002-22-MS-Greater China Semiconductors - Asia Pacific-The Foundry Floorplan-All boats riding on the same tide - mature node up-cycle begins-260518.pdf
Uploading PDF to MinerU: /tmp/pdf_batch_001_izijph0j/pdfs/0003-23-Morgan Stanley-Chinese Airlines April 2026- Growth Softened amid Pricing Inflation- LCC and Int-l the Bright Spots-260517.pdf
Uploading PDF to MinerU: /tmp/pdf_batch_001_izijph0j/pdfs/0004-24-Morgan Stanley-Greater China Technology Hardware-Automation - Read-across from Preliminary JMTBA April 2026 Orders-260517.pdf
Uploading PDF to MinerU: /tmp/pdf_batch_001_izijph0j/pdfs/0005-25-Nomura-China e-commerce-E-commerce sales decelerated in April-260518.pdf
MinerU batch_id=db2e7e3b-9684-43f8-a094-31a04b6855da
MinerU states: running, running, pending, pending, pending
MinerU states: running, running, done, done, done
MinerU states: running, running, done, done, done
MinerU states: running, running, done, done, done
MinerU states: running, running, done, done, done
MinerU states: running, running, done, done, done
MinerU states: running, running, done, done, done
MinerU states: running, running, done, done, done
MinerU states: done, running, done, done, done
MinerU states: done, done, done, done, done
Done. Results written to /home/runner/work/rpt_edit/rpt_edit/xhs_notes/dropbox/260519/shard_4
All batches completed successfully.
