Found 18 total PDFs; shard 3/40 has 3 PDFs, skips 0 already converted, will process 3 PDFs with batch_size=5.
Running batch 1: 3 PDFs
Found 3 PDFs.
Uploading PDF to MinerU: /tmp/pdf_batch_001_ra3m5sym/pdfs/0001-16-Goldman Sachs-CHINA COSMETICS 618 pulse check- Top tier KOL Day 1 livestreaming better than Women-s day though not overly exciting- Mao Geping continues to lead-260522.pdf
Uploading PDF to MinerU: /tmp/pdf_batch_001_ra3m5sym/pdfs/0002-17-Goldman Sachs-Japan Healthcare- Medical Devices- China business climate for Medtech- Global company views from results briefings-260522.pdf
Uploading PDF to MinerU: /tmp/pdf_batch_001_ra3m5sym/pdfs/0003-18-J.P. Morgan-China Healthcare Global China Summit Takeaways -Day 2-- AI applications in early and late drug development- China pharma panel-260522.pdf
MinerU batch_id=33e43060-13e0-4ab9-992d-b702498c5ab9
MinerU states: running, pending, waiting-file
MinerU states: running, done, done
MinerU states: running, done, done
MinerU states: running, done, done
MinerU states: running, done, done
MinerU states: running, done, done
MinerU states: running, done, done
MinerU states: running, done, done
MinerU states: running, done, done
MinerU states: running, done, done
MinerU states: running, done, done
MinerU states: running, done, done
MinerU states: running, done, done
MinerU states: running, done, done
MinerU states: running, done, done
MinerU states: running, done, done
MinerU states: running, done, done
MinerU states: running, done, done
MinerU states: done, done, done
Done. Results written to /home/runner/work/rpt_edit/rpt_edit/xhs_notes/dropbox/260523/shard_3
All batches completed successfully.
