Found 99 total PDFs; shard 14/40 has 5 PDFs, skips 0 already converted, will process 5 PDFs with batch_size=5.
Running batch 1: 5 PDFs
Found 5 PDFs. MinerU token slots available=2.
MinerU attempt 1/4 using MINER_U_2: submitting 5 PDF(s).
Uploading PDF to MinerU: /tmp/pdf_batch_001_8e6wg167/pdfs/0001-71-Morgan Stanley-Greater China Technology Hardware-Monthly Databook-Jun-26 shipments-10- vs.MSe-2Q 8- y y-3Qe at-15- y y-260714.pdf
Uploading PDF to MinerU: /tmp/pdf_batch_001_8e6wg167/pdfs/0002-72-Morgan Stanley-IBM-IBM.UN-A Capex Reprioritization - 5 Key Takeaways-260714.pdf
Uploading PDF to MinerU: /tmp/pdf_batch_001_8e6wg167/pdfs/0003-73-Morgan Stanley-Memory Cycle Debates - Key Stock Ideas-260714.pdf
Uploading PDF to MinerU: /tmp/pdf_batch_001_8e6wg167/pdfs/0004-74-Morgan Stanley-Jiangsu Zhongtian Technology Co. Ltd.-600522--Preliminary 2Q26 slightly below expectations due to revenue recognition- strong 3Q26 outlook-260714.pdf
Uploading PDF to MinerU: /tmp/pdf_batch_001_8e6wg167/pdfs/0005-75-Morgan Stanley-Korean luxury market overview-260714.pdf
MinerU attempt 1 using MINER_U_2 batch_id=3d325bcc-0ef3-40e6-a816-ffd743909021
MinerU states: running, running, running, pending, waiting-file
MinerU states: done, done, done, done, done
/home/runner/work/rpt_edit/rpt_edit/scripts/pdf_to_xhs_batch.py:290: DeprecationWarning: Image.Image.getdata is deprecated and will be removed in Pillow 14 (2027-10-15). Use get_flattened_data instead.
  pixels = list(gray.getdata())
Skip non-chart visual asset 92d836f30644af4e4088539960a2168b63af1a9e768df59952225644d4524815.jpg: score=2;edge:0.46
Skip non-chart visual asset be9d853e58f03d4a58e7ab83ddba29d2c80ed2d0b156f3619c3b0337e28a57be.jpg: score=1;large
Skip non-chart visual asset dd56315fc82286cfdf92eb6963f554d012b4331795746556aa64abc1ac51d6c3.jpg: score=-100;too_small:518x137
Skip non-chart visual asset 5fd18bd7db1cb65ef6eba65fcdc48ec13e583341f96e875f63d0a69b9198ee07.jpg: score=-1;odd_ratio:5.01,edge:0.19
Skip non-chart visual asset 6da70c2c42fd42d57ea46d03cb5a935bd455ccad858119242f78da1a5aa52859.jpg: score=-100;too_small:307x84
Skip non-chart visual asset 6fb449f5c2f35d8cb0abc8264b041961c4f4c618551b64b7ebd62fd0caa6734c.jpg: score=-100;too_small:453x70
Skip non-chart visual asset 67b1e4db1dfa2734b9d0b13c17c0e9128676c62f8f741c5b4e8335f78275b148.jpg: score=-100;too_small:449x134
Skip non-chart visual asset 13d15a2f4b54dfd3da04551e35cb64542f2d48a29a450553a9145fbf6e489a75.jpg: score=2;chart_ratio,large
Skip non-chart visual asset 1738b1630c63687a5e9e5eaf46118f523f14a9bb3bd2d29b55f01b790a4b6527.jpg: score=1;large
Skip non-chart visual asset 0a5b8f2f1f62769549fd07abc45746fe61c5ed9e82707d9e833181f14f30fe98.jpg: score=-100;too_small:122x123
Skip non-chart visual asset 58c85ddf46abe5cfec946ffc027fe118287e1f3b99228ab441937dc4618dcc38.jpg: score=-100;too_small:531x167
Skip non-chart visual asset a7d3e4c2399fd790be44b25a5a692d47187f3bd6a72e8ec360eea52646e8b7f3.jpg: score=-100;too_small:504x112
Skip non-chart visual asset 5b5d844dafef7f5f3c9bf72de925ac457e0952b87ddd0cbc7dd2d6587d240b32.jpg: score=2;chart_ratio,square_without_chart_hint,edge:0.36,contrast,large
Skip non-chart visual asset 666088813f994367d6106b11a7f8893bed73d9696ff95aa1e901301b113e9edd.jpg: score=-1;odd_ratio:0.29,edge:0.38
Skip non-chart visual asset a0d1ec548829ed3090c5cd7a218634337daf0e63b8014218eff1dc2caed2c02a.jpg: score=-100;too_small:437x112
Skip non-chart visual asset c0cb333e7c2c2c78174bac3f5886a0e6c5ec1c955631c9aeaf28f74b45ccb0be.jpg: score=0;square_without_chart_hint,edge:0.39,large
Skip non-chart visual asset 9c84a99b5c67db08f97bc949619ddd30bd964a5348dfdf6cb5cdb2daa3cfa4c5.jpg: score=0;chart_ratio,square_without_chart_hint,edge:0.11
Skip non-chart visual asset df8d26dc083e88df606ceb716fcef7dbd5e8da9f54fdff96f5bb3ebb17cafd2c.jpg: score=0;odd_ratio:0.37,edge:0.26,large
Skip non-chart visual asset 0b52574a8189fc7632c627fd888778fc26a3e96ca9196b71803964e8ff75e695.jpg: score=-100;too_small:531x156
Skip non-chart visual asset 21f406673d3a9ad664687d2eae2b429f60c5c6f264704db69565d8cd725308b3.jpg: score=-100;too_small:131x126
Skip non-chart visual asset 8049d1548c76fdf6490020ed92057910755a3c69fcdccbb4007bb91dcce86c67.jpg: score=-2;odd_ratio:6.74,large
Skip non-chart visual asset a28a506162309f21fe47c1820a83ee27204c35cabf94519b38ab8c7d7da60cb2.jpg: score=1;chart_ratio,square_without_chart_hint,edge:0.19,large
Skip non-chart visual asset ee264bf6958812d9443b1da357df19cc34643a3ce22b288fbd56e518aaf142c2.jpg: score=-100;too_small:512x134
Skip non-chart visual asset 7bf4cc2573dc841e7bb51936c1e5a0438fda30ea2c63b5b4365d0742554a8ebe.jpg: score=-100;too_small:46x62
Skip non-chart visual asset 05252f5cb5bb161458c986d813662e59bc5a0e59ddd317ed4c1ea639a9d600c6.jpg: score=-100;too_small:43x62
Skip non-chart visual asset ef97771ddccc83236faf2c2bed284e95c8cd92a68d1ce83a46517648256a2fe9.jpg: score=1;chart_ratio,square_without_chart_hint,edge:0.16,large
Skip non-chart visual asset 32a166d1071b984f60b05fbc731de3d8a2bc518e7a68bdb55060fdeeb761ce00.jpg: score=-100;too_small:131x129
Skip non-chart visual asset 5cb449f6ca5920680279bf1a85b95bdf703dd40c66e4b6b9f978fe75d52b1e3b.jpg: score=-100;too_small:46x65
Skip non-chart visual asset b0d264dca16eeaa97285c6c3b77998ba64d21c9dbcb9d5c914835d5cca8b8b27.jpg: score=-100;too_small:129x129
Skip non-chart visual asset 64b72150541cdb8c78855feea78cf0bcd4bccda3a5ce4b8e3b4727d43006aedd.jpg: score=0;chart_ratio,square_without_chart_hint,edge:0.37
Skip non-chart visual asset f05aff99f4d3dc557251f16cff78b63e3daaba14be8a1128dd366f966e8d677d.jpg: score=-1;odd_ratio:5.28,edge:0.14
Skip non-chart visual asset bdc3e62c98a5393c74d951c69d6efd7a30df4de8963378d4d2fbc71db4a75e63.jpg: score=-100;too_small:521x134
Skip non-chart visual asset e11eeb25dce1f9c8c56c78a9ad318f32a614af48d3f9771814cd4a81a388055f.jpg: score=1;chart_ratio
Skip non-chart visual asset d132874bc3c0dc954a480ba46b5492e82df1b1095b8af3e4ddfd22e5c97c657f.jpg: score=1;large
Skip non-chart visual asset b647edd205f3b0abc71d4afb1082f1db2cce4923c2ba5a7f0c07f439e1506369.jpg: score=2;chart_ratio,square_without_chart_hint,edge:0.26,contrast,large
Skip non-chart visual asset 27777527c2364666e77e4ba0a6a383c22f6e7205b58beb4ec3ab275a60875e86.jpg: score=1;chart_ratio
Skip non-chart visual asset 0b72379009c78aa59004740cf0a245550dcfbdcecbb1eab577940ba3802f2a8d.jpg: score=1;square_without_chart_hint,edge:0.10,contrast,large
Skip non-chart visual asset c98dc1a50f5d83ef82b73c230eddbcc948f4b845fe4ffa716a13fcba2e6e6f41.jpg: score=1;chart_ratio,square_without_chart_hint,edge:0.19,large
Skip non-chart visual asset 740b86da174cdf858ebc74b9be306b334b0fa8165a75b8ebbc476c2f5792d0ed.jpg: score=1;chart_ratio,square_without_chart_hint,edge:0.21,large
Done. Results written to /home/runner/work/rpt_edit/rpt_edit/xhs_notes/dropbox/260716/shard_14; successful_reports=5; mineru_timed_out=False; mineru_attempts=1
All batches completed successfully. Generated 5 report directories.
