Found 59 total PDFs; shard 11/40 has 4 PDFs, skips 0 already converted, will process 4 PDFs with batch_size=5.
Running batch 1: 4 PDFs
Found 4 PDFs. MinerU token slots available=2.
MinerU attempt 1/4 using MINER_U_2: submitting 4 PDF(s).
Uploading PDF to MinerU: /tmp/pdf_batch_001_kbkvsydl/pdfs/0001-56-Nomura-Hubei Dinglong-300054-Scaling on track- record slurry month- photoresist ramping up-260710.pdf
Uploading PDF to MinerU: /tmp/pdf_batch_001_kbkvsydl/pdfs/0002-57-Nomura-Asia Insights-China- CPI inflation retreated while PPI inflation climbed in June-260709.pdf
Uploading PDF to MinerU: /tmp/pdf_batch_001_kbkvsydl/pdfs/0003-58-Nomura-USD CNY fix model Projection- 6.7936-260710.pdf
Uploading PDF to MinerU: /tmp/pdf_batch_001_kbkvsydl/pdfs/0004-59-UBS-Gold Mining-2Q26 Quarterly Preview-260708.pdf
MinerU attempt 1 using MINER_U_2 batch_id=837af12f-9989-44d2-ab32-9b9b7e0496a7
MinerU states: running, pending, pending, pending
MinerU states: done, done, done, running
MinerU states: done, done, done, done
/home/runner/work/rpt_edit/rpt_edit/scripts/pdf_to_xhs_batch.py:285: DeprecationWarning: Image.Image.getdata is deprecated and will be removed in Pillow 14 (2027-10-15). Use get_flattened_data instead.
  pixels = list(gray.getdata())
Skip non-chart visual asset 0670eac234acb7e7766a26bac8139293384925fc002c6e42be5f5fa9c044bf56.jpg: score=-100;too_small:1409x87
Skip non-chart visual asset 861c1f8c787368d09c9e7ebaa505992701402a846b48a0fdadd859a9f4263863.jpg: score=-100;too_small:434x195
Skip non-chart visual asset c6977a8540ce559bdc46b7ab71fc361884f42f3d51c445db0a93071f0f2c886a.jpg: score=1;chart_ratio,square_without_chart_hint,edge:0.23,contrast
Skip non-chart visual asset 09d267b16f4c3fd1a24abea12d3fdfc86aaf233a65dacb6717bf1aa654f13ae8.jpg: score=0;chart_ratio,square_without_chart_hint,edge:0.21
Skip non-chart visual asset e394007fe1f945b1d653004f671671c1dc97c5370aa00e4240d80ab35336816a.jpg: score=1;chart_ratio,square_without_chart_hint,edge:0.23,large
Skip non-chart visual asset 2fe7c351393af9dfb0753b35fc766303fdacb4f857c20b0af0291070ca9c2585.jpg: score=1;chart_ratio,square_without_chart_hint,edge:0.21,large
Skip non-chart visual asset d3f61870a4f75e3859aac7f88908922efd11da85ce8aedfcfbc1b0139ca3342a.jpg: score=2;chart_ratio,square_without_chart_hint,edge:0.25,contrast,large
Skip non-chart visual asset 6381fd494bbfa13e1f6b6d786e1f6f592c1fb5b40bff0f152684b39cdb481d6a.jpg: score=1;chart_ratio,square_without_chart_hint,edge:0.25,large
Skip non-chart visual asset 676dcab36dd3df121c49454997904d910c756c02b72ca1827310ca311de7a03c.jpg: score=1;square_without_chart_hint,edge:0.24,contrast,large
Skip non-chart visual asset 9319c6ea0df626d612341871dfd44d9431fdcee595c9844f8663f03076542608.jpg: score=0;odd_ratio:7.58,edge:0.28,contrast
Done. Results written to /home/runner/work/rpt_edit/rpt_edit/xhs_notes/dropbox/260710/shard_11; successful_reports=4; mineru_timed_out=False; mineru_attempts=1
All batches completed successfully. Generated 4 report directories.
