Found 59 total PDFs; shard 8/40 has 5 PDFs, skips 0 already converted, will process 5 PDFs with batch_size=5.
Running batch 1: 5 PDFs
Found 5 PDFs. MinerU token slots available=4.
MinerU attempt 1/4 using MINER_U: submitting 5 PDF(s).
Uploading PDF to MinerU: /tmp/pdf_batch_001_z_zuw545/pdfs/0001-41-Morgan Stanley-ServiceNow Inc-NOW.US-2Q26 Results-Building Confidence into the Second Half-260723.pdf
Uploading PDF to MinerU: /tmp/pdf_batch_001_z_zuw545/pdfs/0002-42-Morgan Stanley-Greater China Materials-China Steel and Iron Ore Weekly Update-260723.pdf
Uploading PDF to MinerU: /tmp/pdf_batch_001_z_zuw545/pdfs/0003-43-Morgan Stanley-Software-Cyber Thoughts on Hugging Face Security Incident-260723.pdf
Uploading PDF to MinerU: /tmp/pdf_batch_001_z_zuw545/pdfs/0004-44-Nomura-Akeso-9926.HK-1H26F preview and FY26F forecast revisions-260724.pdf
Uploading PDF to MinerU: /tmp/pdf_batch_001_z_zuw545/pdfs/0005-45-Morgan Stanley-Texas Instruments-TXN.US-Holding Up-260723.pdf
MinerU attempt 1 using MINER_U batch_id=f0514a73-5d83-4833-85be-ff98359ffc90
MinerU states: running, running, running, running, waiting-file
MinerU states: running, done, done, done, running
MinerU states: done, done, done, done, running
MinerU states: done, done, done, done, done
/home/runner/work/rpt_edit/rpt_edit/scripts/pdf_to_xhs_batch.py:307: DeprecationWarning: Image.Image.getdata is deprecated and will be removed in Pillow 14 (2027-10-15). Use get_flattened_data instead.
  pixels = list(gray.getdata())
Skip non-chart visual asset b3b24807eb8e610c5cff297c5eda38b983ee61645a927a59a9523932d8542d1e.jpg: score=1;chart_ratio,square_without_chart_hint,edge:0.37,large
Skip non-chart visual asset fd20cbb540c9b9bc5736695bae117e77606de67d6ce9bf57c8e7b562c25409cc.jpg: score=-100;too_small:446x165
Skip non-chart visual asset 9520ec05b08e17475a0c4b5f5ef02c6c283eed17406fb4a9969a7dfd5bd36597.jpg: score=2;chart_ratio,large
Skip non-chart visual asset 70adb3cca4eb40be6524752174a0750c6223321d748f859f79f4b77965e49f55.jpg: score=-100;too_small:448x70
Skip non-chart visual asset a41f037fce99b0ee5aa4e3e8d072cce08be0fd8d2ea65a2af2514a298ac8e568.jpg: score=1;large
Skip non-chart visual asset 47ea9ddb67138e71eca40b057b8f219f871946c1016467c182920442d89af1d9.jpg: score=1;large
Skip non-chart visual asset 4ca007aa53454646a9baa61041c61647ca32c548ed4c8f57d20f7fcfb1a6f36c.jpg: score=-100;too_small:437x112
Skip non-chart visual asset a569f5dc69587ce3215efad87c6d0c09681a375ab29ac4d00a6de36ea68ab3b1.jpg: score=-100;too_small:529x162
Skip non-chart visual asset 49ef6cb7c428873a2e5a43871fd6ec772165c67b86860a9f766bfe98a0e82864.jpg: score=-1;square_without_chart_hint,edge:0.10
Skip non-chart visual asset a8571dc0519aa40298ac3b06bb453d6f741a597ec7df7495edfd8942eb0b4ced.jpg: score=-100;too_small:529x170
Skip non-chart visual asset b2fbb6200812bcba9fd8db4afe5d1fa4820d0aff299cf778805b38021aa83565.jpg: score=1;chart_ratio
Skip non-chart visual asset e7c3f0e644f455e21cf2ea5036720cf8b413f9c98ce211925daeb73887066235.jpg: score=-100;too_small:501x112
Skip non-chart visual asset 8353d0c36ed50d724bfaa0f279a2a863f7b5dbcb549f044ab5a64d691dcf9778.jpg: score=1;chart_ratio,square_without_chart_hint,edge:0.51,large
Skip non-chart visual asset facd5d11499f8916570ae25b728211905323c6734bc209ba7cbc1c61b57a692c.jpg: score=-100;too_small:529x156
Skip non-chart visual asset ffc94c5a452c39f65ea14a3fbb363a5260c14349557a08acc78977b75114a3c4.jpg: score=-100;too_small:757x162
Skip non-chart visual asset 400352c68a418b36e93a9dd03f13b51e807c006f417812d51cc9e676f675625c.jpg: score=1;chart_ratio,square_without_chart_hint,edge:0.20,large
Skip non-chart visual asset f8e5ccf877a69cde43fdbc5de54243fcefa2ce55709675f30131a658d68c217c.jpg: score=-100;too_small:1287x137
Neutralized WeChat title while keeping the report: 摩根士丹利：1.AI业务年化合同价值突破10亿美元 -> 摩根士丹利：1.AI与AI及近期数据观察
Skip non-chart visual asset 46600c02b75e4afaebe959593950a665bfd2b1ea78a0d941268a861382fcda4b.jpg: score=-100;too_small:518x134
Skip non-chart visual asset 019eeb63ec368de60a712ed3e653ff40f7d679ce9f3bc25a234785bc9d0f1941.jpg: score=0;square_without_chart_hint,edge:0.29,large
Skip non-chart visual asset 168c264e5f22279d074a4e1378860951c911f80ea73ad23accabd768820453b0.jpg: score=-100;too_small:520x90
Skip non-chart visual asset b1ab5f82a9fb04a1a93e320b5cbf7d2a6e5c14de8fa17cc411c37d17faef3721.jpg: score=1;large
Skip non-chart visual asset 63ad5f0908ab71bde178e1b6757bb50c217e153db28f77d04a55835e03510fad.jpg: score=-100;too_small:1301x128
Skip non-chart visual asset bc6a459a0f26eebe6d064c6f69f010724c6c73958ef48308efa4bfc53c067bbc.jpg: score=1;chart_ratio,square_without_chart_hint,edge:0.21,large
Skip non-chart visual asset 5a210c54e6fc944fcc5edf4658dbda788cd94c686b4d26f4e198725770191188.jpg: score=1;large
Skip non-chart visual asset b87e962fb35dd6e1446b19a96e07023cb51a1db539f9d88b6b3d27a9e2fd3215.jpg: score=1;large
Skip non-chart visual asset 0e27cab02ed0b1f0b2d0d20682eca0818d5bdb63a7e8c21df127bc2c17d6e7fd.jpg: score=-100;too_small:1412x81
Skip non-chart visual asset 198095508f4d33972cc4c7edd8cce7501ba09baf069085e5b56f64b2f31e284d.jpg: score=-100;too_small:434x70
Skip non-chart visual asset 47d7e1f17772f5186ff5e79a98f960f411b8c91d23a70fb7d5c9ee8c71e10464.jpg: score=1;chart_ratio,square_without_chart_hint,edge:0.25,contrast
Skip non-chart visual asset 8a33fa3be54487e19f4b1bb7444d47a7de55ee857c3f75a9b85765f6dafb4593.jpg: score=-100;too_small:434x45
Skip non-chart visual asset 03ca4c584b9cdba0cc41e7d3887df64a616a64618ae982d418546778ac79c3f6.jpg: score=1;square_without_chart_hint,edge:0.34,contrast,large
Skip non-chart visual asset f8072c0399044b1ab557b392dcd2d88f8ba59f6f80882e5df2c9808d5a46bd0d.jpg: score=-100;too_small:729x151
Skip non-chart visual asset c87360457c13f11a20fb4e77437defd528bb12bbb8c1e2b0a975c738892e4727.jpg: score=-100;too_small:262x387
Skip non-chart visual asset 7c31a37577414fa5f218b6831d7cc405e7a375bfdeb069babb1d6eacfd12d04e.jpg: score=2;chart_ratio,large
Skip non-chart visual asset 58a06b63ce212f1dfc5c8f7f6dc11ca7a85c4c4b4b779077ec33f0091da5904f.jpg: score=0;odd_ratio:5.14,edge:0.45,contrast
Skip non-chart visual asset 889f141daa0f8d357ab0b0a76fa89db5fec5ecf3aa959117e3d44fede7c777ce.jpg: score=1;large
Skip non-chart visual asset f0f9b3fa090b54a27ef76e3ab9bd79f5dc8e9621d9f2c7c53a06c2d0f183eeb9.jpg: score=-100;too_small:504x112
Skip non-chart visual asset c8d74a7e2a03e62b923b7d8a5a2a2fce00bf78026a3407129919e2148c96afe3.jpg: score=-100;too_small:526x154
Skip non-chart visual asset 4155e37cab66bf19b0391c607d2c55303bc2e729ad47379c86fecbb78d5d85f5.jpg: score=2;chart_ratio,square_without_chart_hint,edge:0.36,contrast,large
Skip non-chart visual asset b9a8a2aeb0a4e45f50109b4c5f70314bdb7c2d67b923fd856b706d210ec53c4d.jpg: score=0;chart_ratio,square_without_chart_hint,edge:0.14
Skip non-chart visual asset 8ff2cc9eded210889f9eb4bb09134eedff2ad4a55b59b8067f1b747671d7b254.jpg: score=-100;too_small:1298x179
Skip non-chart visual asset eef8be1d6b8d726b384badda83b73d18bb3e8ed0f05b94f3e9e237f52be4c0eb.jpg: score=-100;too_small:437x109
Skip non-chart visual asset 88729289a3baf4a7fe72bc54c72cb045b8a5ca4689a106a49c65b3fd0af36884.jpg: score=-100;too_small:414x176
Skip non-chart visual asset fe38e41e97a1f548402bd414177b07e8fad735a28a5ec9ba4f06d3be3888c234.jpg: score=-100;too_small:529x173
Skip non-chart visual asset 7a49308ab825348490bdaee29da32736f3a7623d23cd2b0685870d0bd51f0995.jpg: score=-100;too_small:248x412
Skip non-chart visual asset 92acbbdbf886373533c5b04ad34e161dda8f96fc032313d3e8509bb3fe043330.jpg: score=-100;too_small:453x68
Skip non-chart visual asset 43c5484be0ccc055b81214b716a7a8a35bf24c5335de22a8db295bd83d07db68.jpg: score=-100;too_small:449x203
Skip non-chart visual asset bf3896568642cc2d334a052d2682cdc4a945bddbd35f1b4653a07c0b4d7ace14.jpg: score=-1;square_without_chart_hint,edge:0.11
Skip non-chart visual asset 13c44f0f544884e8222cc2b1eb0a50d7619583cf216028b1587b16d93d87b134.jpg: score=1;chart_ratio,square_without_chart_hint,edge:0.23,large
Skip non-chart visual asset c98e7a4b9bd0efd98eaac8fb1f86715622e3b4a07f62def69c5e8afd65b19591.jpg: score=-100;too_small:526x176
Done. Results written to /home/runner/work/rpt_edit/rpt_edit/xhs_notes/dropbox/260725/shard_8; successful_reports=5; mineru_timed_out=False; mineru_attempts=1
All batches completed successfully. Generated 5 report directories.
