Found 74 total PDFs; shard 11/40 has 5 PDFs, skips 0 already converted, will process 5 PDFs with batch_size=5.
Running batch 1: 5 PDFs
Found 5 PDFs. MinerU token slots available=2.
MinerU attempt 1/4 using MINER_U_2: submitting 5 PDF(s).
Uploading PDF to MinerU: /tmp/pdf_batch_001_lcvdj1tn/pdfs/0001-56-Morgan Stanley-Beijing Kingsoft Office Software Inc-688111-WAIC 2026 New Product Launch-260716.pdf
Uploading PDF to MinerU: /tmp/pdf_batch_001_lcvdj1tn/pdfs/0002-57-Jefferies-AI Series -58- Kimi K3 Model Capabilities an Unexpected Surprise for Market-260716.pdf
Uploading PDF to MinerU: /tmp/pdf_batch_001_lcvdj1tn/pdfs/0003-58-Morgan Stanley-China Property-1H26 Preview- Weak Earnings amid Further Margin Squeeze-260716.pdf
Uploading PDF to MinerU: /tmp/pdf_batch_001_lcvdj1tn/pdfs/0004-59-Morgan Stanley-Horizon Robotics-9660.HK-HSD 2.0 - Safe Before Sharp-260717.pdf
Uploading PDF to MinerU: /tmp/pdf_batch_001_lcvdj1tn/pdfs/0005-60-Morgan Stanley-China Steel and Iron Ore Weekly Update-260716.pdf
MinerU attempt 1 using MINER_U_2 batch_id=f0a04f15-5d81-4bfc-920e-df100b196e18
MinerU states: running, running, running, pending, waiting-file
MinerU states: done, running, running, done, done
MinerU states: done, done, running, done, done
MinerU states: done, done, done, done, done
Skip non-chart visual asset e220667d29580df0e6cc47ad9fc398859af783f24722decdf74dd478db9d4f59.jpg: score=-100;too_small:521x137
/home/runner/work/rpt_edit/rpt_edit/scripts/pdf_to_xhs_batch.py:292: DeprecationWarning: Image.Image.getdata is deprecated and will be removed in Pillow 14 (2027-10-15). Use get_flattened_data instead.
  pixels = list(gray.getdata())
Skip non-chart visual asset 2224de698ce5ad09b393e9d848c47bad2dc37e14a9667eb52cf382802e4c9fe7.jpg: score=1;large
Skip non-chart visual asset 7899a7459cea102fc78f6d6ea324100af4d92ccef882d6b5b441ae39e95f89a7.jpg: score=1;chart_ratio
Skip non-chart visual asset f8cff3a6eaf0dabef9ee18ac583bfc45c7ce1316c67a83ed23676759c6181118.jpg: score=-100;too_small:365x137
Skip non-chart visual asset be172889abe0db85e29788a132a9406ed18662c2a853e9292e326053c0fb8fd5.jpg: score=-100;too_small:410x132
Skip non-chart visual asset b39ef430c93ab6f7ba4fadb314d69186fc54129e79021ee5ecd803f0448dd9ed.jpg: score=-100;too_small:390x134
Skip non-chart visual asset 5cf761f98a030aa1f725163638f2cb2a2ea90053a2c0d2e8efa3726959fcb494.jpg: score=1;chart_ratio
Skip non-chart visual asset 781a52408134638c50cc57bb56d9ceb4654fd546099dfe1bb0b1e5b3250278f8.jpg: score=2;chart_ratio,large
Skip non-chart visual asset 8c940b41dd49c87a44480a0a96e124dde1ec287c799eba4414173fac30a24dc6.jpg: score=1;chart_ratio
Skip non-chart visual asset 94e598ccb3d28ad7312de43e976a6e337b1232780ac12b355aa647ab9433b80c.jpg: score=-100;too_small:401x239
Skip non-chart visual asset 783348eddc9ac7db80aa1d070f9c764a4f85111b74bfd4a7bde6f20791746636.jpg: score=1;chart_ratio
Skip non-chart visual asset f3d8d35ccf7ded4637ef74acb60cda58e3262c36b1a12ef008f12944fb258c44.jpg: score=-100;too_small:404x231
Skip non-chart visual asset c798f20d5476ac5cd98ad400614da58ebe8e85cfe41341c8944c65ba6d8634c0.jpg: score=-100;too_small:251x126
Skip non-chart visual asset caec1b0debcdb9861e020c3917169b0876fe96e2dda88a6d0e3f902ffa924c23.jpg: score=2;chart_ratio,contrast
Skip non-chart visual asset 5b83f8d16a96af22adc5d07a58b16434126493259c4a74e6b0c8305c9ea18305.jpg: score=-100;too_small:307x126
Skip non-chart visual asset f605ae1d3afd96d276304bf315633bda7ee561e72da2b9c30ad53b4029ff3cc1.jpg: score=2;chart_ratio,large
Skip non-chart visual asset f3bf52e93f7bf23f62bd93c67e0824cf99dcda53c5a4c81842a1a33895c97782.jpg: score=1;chart_ratio
Skip non-chart visual asset 06374ed010b3f618b2357342d61694125925f99c172800cc444a86a79d736ab3.jpg: score=-3;chart_ratio,square_without_chart_hint,low_edge:0.04,large
Skip non-chart visual asset ae78b057f6fa8ad445a61b4ef806a1fe1b4ab77bb89f3ea38f4e482f596505fc.jpg: score=-100;too_small:385x139
Skip non-chart visual asset 1954d24e804065d5d69e245bd325b7b13d69c42c0e3591d778e20c8b7d0958cb.jpg: score=-100;too_small:407x224
Skip non-chart visual asset 2ddd38e6e32cd9ace97397e0cac66c122924050ad7d3b1a058905e1717e0b578.jpg: score=-100;too_small:279x123
Skip non-chart visual asset 0b011e53dae3db14a7780eaf7a39ebd0f3fc146ef69537d0f28d36162955f9ce.jpg: score=-100;too_small:404x137
Skip non-chart visual asset abda497e12b01231d9f1597944231c93b9d76ef1804744a30e8314dc99ac3a75.jpg: score=-100;too_small:929x171
Skip non-chart visual asset e2d23ae8a697ab9bdfd53a6b3c045995d9cb40e9dc79c26742d28906366746c1.jpg: score=2;chart_ratio,large
Skip non-chart visual asset 130b0534893147217343aeda53a9e3537826e4713b7fb6ec6fdf94761df0d1e7.jpg: score=-100;too_small:376x148
Skip non-chart visual asset eb9dc2aef1f0ac5168dc7bdebdce4dcf47920c2fc033f49b29838115a8c1b465.jpg: score=-1;odd_ratio:5.73,edge:0.20
Skip non-chart visual asset 94b7262a21855f0786c0912ea10fbaaeae85ebb18014f7f059a8f6ba00c9ee51.jpg: score=1;chart_ratio
Skip non-chart visual asset 136dd5a328c0e940b45ddfe488548e50d13d1aabc990da867aa2cdca90ce7684.jpg: score=-1;chart_ratio,square_without_chart_hint,large
Skip non-chart visual asset bb7344f47718a9c2e2956dc197fb43d77e8b291cb48d1033efc1e7a03915c0f3.jpg: score=2;chart_ratio,large
Skip non-chart visual asset c947c12de36dd29ef0eae2e07cff08d5f3d798b5b886ac3c705bdfc806a7a408.jpg: score=1;chart_ratio
Skip non-chart visual asset 227c6f0ce227fc26bbb6f5fa55776d8370c729b52234dbea0cb8ebe08967fc00.jpg: score=-100;too_small:401x120
Skip non-chart visual asset 8dbf0adba6c7918b3a728aefd11c58fbeaef0b00646c8cb016aa6f88d3a71bb0.jpg: score=-100;too_small:410x115
Skip non-chart visual asset 6b4e0fa0de068d530ae21c5fbd887a8866206557cb5ebf48a81245d7d7b4cc7b.jpg: score=-100;too_small:387x131
Skip non-chart visual asset 705b0090263efd0ca642dac4dc0d063a70e22428154c4a332072e5ef96ed1b6d.jpg: score=1;chart_ratio
Skip non-chart visual asset b3e678e7097dcfcf5565b4b4666abab4ec922f016c3d0cfc2247c42893e7a16d.jpg: score=1;chart_ratio
Skip non-chart visual asset 56a2d631a9d56f96f5667ec80ee7859f6d294b72a51a671517587aa81f117655.jpg: score=-100;too_small:365x137
Skip non-chart visual asset 5050cccff9fd7949143628c04580e16c29a68bb666d9e233349d0aa5bbe524b0.jpg: score=-100;too_small:926x171
Skip non-chart visual asset 9474b4c7191923489b73a99bc289b6ed1b72b48100f5368f30ba630707669e84.jpg: score=-100;too_small:268x142
Skip non-chart visual asset cf698f818e131cb3793524493f107d2787a55398d543b9f8109e1192fa5115b0.jpg: score=-100;too_small:401x140
Skip non-chart visual asset 7905bd9158fb8e34b529aca749ddcc2e144c80622081c5f9a4375f14d2ce3cd6.jpg: score=-100;too_small:518x137
Skip non-chart visual asset 46aacffeae7949f22f8e129a165e9db26b9f16a0927b51ffd9bde68987dda40c.jpg: score=0;chart_ratio,square_without_chart_hint,edge:0.11
Skip non-chart visual asset 8674100ce210aea357f9d84186e4a46f4d8943cd420022d5114fc34335861a93.jpg: score=-100;too_small:945x37
Skip non-chart visual asset fcdae524694f65a1e346b8057aed00fcbaeb3477821420b3cf00131ea3982372.jpg: score=-100;too_small:943x31
Skip non-chart visual asset 34db74f4c34189aa0b690f51af675e72a66810d5b49faf298241b36df743d7f6.jpg: score=0;square_without_chart_hint,edge:0.41,large
Skip non-chart visual asset 7099cf6dfc31a5dbcf2bf45417c69bf401974aca613349df0da0b87c752a8994.jpg: score=-100;too_small:437x37
Skip non-chart visual asset b191f8fab60b2a9a05c59a3e05c999af47eddd93e4428bb2cceeadad9875a005.jpg: score=-100;too_small:449x201
Skip non-chart visual asset c2895f9a26009f0fc80eae3b39523b7ab1246833382fdfe17b54242bae5e142c.jpg: score=2;chart_ratio,square_without_chart_hint,edge:0.36,contrast,large
Skip non-chart visual asset c9ca10a987f26f78edade0eb4df048e398d2a12aed6b15d17f225e44db999660.jpg: score=-100;too_small:318x62
Skip non-chart visual asset 27294cd26eb650f38b52198b6edf5ec2b1dd607d5b2521bf3b7313c895824611.jpg: score=2;chart_ratio,large
Skip non-chart visual asset 06ff821debb8d7ae6c6c785dd88f5a94aaf59e838f475ff3ab317ca94b7ad430.jpg: score=-100;too_small:501x114
Skip non-chart visual asset 2876bffa84d2f10d3263add9154cb6ef099348cc53e07c788853af1607ceb1f6.jpg: score=2;chart_ratio,square_without_chart_hint,edge:0.35,contrast,large
Skip non-chart visual asset 255eee78e4c513a0d408e408b35f1e473cafb4c807f8d51816b12d1a251096b9.jpg: score=1;large
Skip non-chart visual asset c8701e15102a84e5a06360bff1aafde9b8d433582077c95c8738cab7669998b6.jpg: score=-100;too_small:965x137
Skip non-chart visual asset c1a82a8a0df9269f4135b26eeb60ad0a7ce3cc42ce8c3d79d8822e70d292fda3.jpg: score=-100;too_small:379x123
Skip non-chart visual asset 8af4b13e763452d8dee2e5f1f871254422c89d8db5c45cd4ea61316c1c086b9f.jpg: score=-100;too_small:339x123
Skip non-chart visual asset 8385b07e4c942d5f11dd15230ed3196a25e0230e241b51ef4011e3f4c29336df.jpg: score=-100;too_small:518x135
Skip non-chart visual asset cdf0e36f55dd322d1840acafc95454a2fccea4011cd1a86e9600ab87e7f31f1f.jpg: score=-100;too_small:437x37
Skip non-chart visual asset 4befc47482212750f836e1c0c1af79547c243110a4ebb7c1fa53a55af76b3b1d.jpg: score=-100;too_small:120x121
Skip non-chart visual asset a1d6b9e838bf4551ae1d33cc9613aa82678c7fde5eb65a430f1147c9d9405a55.jpg: score=1;chart_ratio
Skip non-chart visual asset cf8791cc737da5443ac2dcd2cde1b6c7d50850a08daf8978a9e7e26593bb024d.jpg: score=1;chart_ratio,square_without_chart_hint,edge:0.29,large
Skip non-chart visual asset cac43cb17540333304c1fc7e9dfabae6a0c680699bcbb0061c60342bebd94fed.jpg: score=-100;too_small:510x114
Skip non-chart visual asset a9563bd45b492df6251b2fc77e016a8f4766833c97cbe5fb100d7897ce2eede3.jpg: score=1;large
Skip non-chart visual asset 98fddb5721e1bab94efae9d1ecc5f57c231a759dd44baaf3f82681f29cfe8e22.jpg: score=-100;too_small:449x198
Skip non-chart visual asset e6b1d0bc378e77660125408766df4bbff01806d80d46d7c3b6cf7476407ac976.jpg: score=-1;square_without_chart_hint,edge:0.12
Skip non-chart visual asset f94a02f4abf845903c0947c631659b9adcf3a6a8ab9c4b34c4e8a5661a215a68.jpg: score=1;large
Skip non-chart visual asset e1c89aa661e24e87fd2ff53b243505392ca30b33947452ff213de6d286a60351.jpg: score=-100;too_small:518x134
Skip non-chart visual asset 63f92b14a70a9ab9c9fec645a98e01c9d59cf35320f5c685dc55118563b79478.jpg: score=0;square_without_chart_hint,edge:0.30,large
Skip non-chart visual asset cbede99f959e99bd7175318aaaf5fe7a157b4b1aea269680ed87b0ce6ea27664.jpg: score=-100;too_small:523x90
Done. Results written to /home/runner/work/rpt_edit/rpt_edit/xhs_notes/dropbox/260718/shard_11; successful_reports=5; mineru_timed_out=False; mineru_attempts=1
All batches completed successfully. Generated 5 report directories.
