Found 64 total PDFs; shard 9/40 has 5 PDFs, skips 0 already converted, will process 5 PDFs with batch_size=5.
Running batch 1: 5 PDFs
Found 5 PDFs. MinerU token slots available=2.
MinerU attempt 1/4 using MINER_U_2: submitting 5 PDF(s).
Uploading PDF to MinerU: /tmp/pdf_batch_001_dx14rkmw/pdfs/0001-46-Morgan Stanley-2Q26 CIO Survey - An Improved Revision Risk Picture for 2026 IT Budgets-260716.pdf
Uploading PDF to MinerU: /tmp/pdf_batch_001_dx14rkmw/pdfs/0002-47-Morgan Stanley-2Q26 CIO Survey - Budget Support Improves- But Winners Remain Selective-260716.pdf
Uploading PDF to MinerU: /tmp/pdf_batch_001_dx14rkmw/pdfs/0003-48-J.P. Morgan-Zoom Communications-ZM.US-CFO Meeting Takeaways-260715.pdf
Uploading PDF to MinerU: /tmp/pdf_batch_001_dx14rkmw/pdfs/0004-49-Morgan Stanley-China Economics-June Credit Slowed Further-Faster Fiscal Deployment Awaited-260715.pdf
Uploading PDF to MinerU: /tmp/pdf_batch_001_dx14rkmw/pdfs/0005-50-Morgan Stanley-China Financials-Deleveraging continued in June with ongoing new household savings shift-260715.pdf
MinerU attempt 1 using MINER_U_2 batch_id=c7333a40-5c08-41b7-92c2-710c701c8324
MinerU states: running, pending, pending, pending, waiting-file
MinerU states: running, running, done, done, done
MinerU states: done, running, done, done, done
MinerU states: done, running, done, done, done
MinerU states: done, running, done, done, done
MinerU states: done, running, done, done, done
MinerU states: done, running, done, done, done
MinerU states: done, done, done, done, done
/home/runner/work/rpt_edit/rpt_edit/scripts/pdf_to_xhs_batch.py:291: DeprecationWarning: Image.Image.getdata is deprecated and will be removed in Pillow 14 (2027-10-15). Use get_flattened_data instead.
  pixels = list(gray.getdata())
Skip non-chart visual asset 3baac677734d3ebb7dad89f8a961886ae62814dff023c6ec6789399b07677492.jpg: score=0;square_without_chart_hint,edge:0.17,large
Skip non-chart visual asset 32a514e71fb6cfb5d8f8d241585b7ef7b954d258d1fd1d1ca0cb647ff374b610.jpg: score=0;square_without_chart_hint,edge:0.19,large
Skip non-chart visual asset c4c32f8640319491cbf407465a741fa21d0375b1bfad55f6ea946fb47cd2c3e1.jpg: score=0;square_without_chart_hint,edge:0.18,large
Skip non-chart visual asset f02c804e56af27a4ebd9fe4e615ee564c77e40a340dfdaf2d4a8bffefb9a9ddf.jpg: score=1;odd_ratio:5.34,edge:0.38,contrast,large
Skip non-chart visual asset 216655bb758bf3d3976e04f617d8f379989e500f009ac37c27844e259b78ba75.jpg: score=0;square_without_chart_hint,edge:0.24,large
Skip non-chart visual asset 2eec835c0f3395b692dc2355a66623677cf6ff2f6f216f0d73b9f7829c4fbef9.jpg: score=0;odd_ratio:5.26,edge:0.16,large
Skip non-chart visual asset b587ede2084285b3cd1abf115758798308fc756c69447216d9818dc0fe39e0b9.jpg: score=0;odd_ratio:5.36,edge:0.21,contrast
Skip non-chart visual asset 8f0ec1375869fecbbf6aa5447d4867e41338f161e0d2f853cf362f7e5a45a3b1.jpg: score=1;large
Skip non-chart visual asset 7b1096410ef672daad5d191592a95d6305fe8345a64d96df839866a2fe3958a0.jpg: score=1;odd_ratio:0.36,edge:0.29,contrast,large
Skip non-chart visual asset c99df830881bb1ac8e18bbe6ac006ac5f274cb2d61b8ea0c128e9c27142c616e.jpg: score=2;chart_ratio,square_without_chart_hint,edge:0.47,contrast,large
Skip non-chart visual asset fe2a534496891a2fc2cdf8f18d13dfed12d58a7478c3c0a6efac1db80fbc052d.jpg: score=-100;too_small:40x40
Skip non-chart visual asset eea360093095ddd19e3beda1e23711a6eecac29a478377597197bddefc632f3f.jpg: score=0;odd_ratio:6.64,edge:0.32,contrast
Skip non-chart visual asset a515e093caceea393f4b1c0d02f00d9aad5dd088b8dc73530816a3b783e1a38e.jpg: score=1;odd_ratio:5.28,edge:0.29,contrast,large
Skip non-chart visual asset 2c1bd63ff01c6160d15b8de69d8f352d08ced6a863878d78020598efca1893a6.jpg: score=0;square_without_chart_hint,edge:0.25,large
Skip non-chart visual asset fc0ab0f52b4a5ffca5b9d59a2ccad29fd6b5a7c7695630b9cb9c0516c6325042.jpg: score=0;square_without_chart_hint,edge:0.13,large
Skip non-chart visual asset 60746798d88c8db3a4d69fc8fb4b3a3d420abb4b59dced208d0a178f96a490f5.jpg: score=0;square_without_chart_hint,edge:0.39,contrast
Skip non-chart visual asset 84cd1adcc3161013c73fe6794df2d8d4f7756299127a0f6176cd512563a97516.jpg: score=0;odd_ratio:6.65,edge:0.30,contrast
Skip non-chart visual asset 309b96590e15aadc8cc39769a12b7ebfb78a3e3633cbe325f3520ef7607281db.jpg: score=-100;too_small:1287x174
Skip non-chart visual asset 7f612ebf8167c919439df4050836f658c952e0154d094293281b9561de14b50e.jpg: score=0;square_without_chart_hint,edge:0.18,large
Skip non-chart visual asset ab79adfcd6a5236ded08ccf9071ed19c23f43d204bebbbc22f9d5ef5bc739366.jpg: score=0;square_without_chart_hint,edge:0.19,large
Skip non-chart visual asset b747994295ef5c2fb6f5c1428380d1e0ebbd6b5737ab2e09f838423ad7eb69cb.jpg: score=-100;too_small:950x168
Skip non-chart visual asset 23e4efa104a7f5bd952f01fdfabdd04c9ffae2cc684d7a65dd37c6844803383e.jpg: score=0;odd_ratio:4.84,edge:0.25,contrast
Skip non-chart visual asset 945f35d8fa6575cbab2dc9afa1ab90273598161ad30585e5d5a05940328a8a29.jpg: score=-100;too_small:948x173
Skip non-chart visual asset 41fd212c15cd4d4dde62580c66f21747f8ab3aa85792db283727552c2f55cf9e.jpg: score=0;square_without_chart_hint,edge:0.16,large
Skip non-chart visual asset a98672b6a9b7b2ed5889aca99c206a7e5b2706d99644790ddd9af63721412433.jpg: score=0;square_without_chart_hint,edge:0.18,large
Skip non-chart visual asset 46662ad8fd726d9fe948da4d62dd4a65a14ec1ed947515d34ab2400935080725.jpg: score=0;square_without_chart_hint,edge:0.15,large
Skip non-chart visual asset 706a3cdbdb7cbe42710be2d3ba9289c2ebcb012ac09d887d40ac15ce12cab8c9.jpg: score=0;square_without_chart_hint,edge:0.27,large
Skip non-chart visual asset 8971b33f6aedcc90578de315ef942c1fba0e3503b7aa602644c87a4ab272cf59.jpg: score=-1;odd_ratio:5.16,edge:0.17
Skip non-chart visual asset 5da628fe23c120f8b55c9f07e73b091fb86d3be546070202a188d753162d79c8.jpg: score=1;square_without_chart_hint,edge:0.27,contrast,large
Skip non-chart visual asset 84962f018f24f80f30affd521021435a195ac9e52741bfe3317b9c707fd5e68e.jpg: score=-1;odd_ratio:6.62,edge:0.15
Skip non-chart visual asset a72371d722506e25c70e28e044e6bc99cb77e09b558b7bbe164db90811973dd5.jpg: score=0;square_without_chart_hint,edge:0.20,large
Skip non-chart visual asset 62e1f8044329c64dd718a8e2fe20afe2b9d5c9df00000fdec00da78549b3f010.jpg: score=2;chart_ratio,large
Skip non-chart visual asset 536fb9349bf1b96410abf11f5567a366725f017b51c917807afde697feef1430.jpg: score=-100;too_small:1303x168
Skip non-chart visual asset c120ff5d03ac031206828b363f92ddf408f15de19ce4c4910f8e22f6ff41ce66.jpg: score=1;large
Skip non-chart visual asset 30e6af43beabce1cbf19f2f5d38aa85c935c5ecf2a0d4be1944bb762b3880c76.jpg: score=1;chart_ratio
Skip non-chart visual asset aee045447f22ec57a9883b8ec1f1bca85b48be515bd5a92f6d531f697cf0e3ee.jpg: score=0;square_without_chart_hint,edge:0.19,large
Skip non-chart visual asset a6b8e6f9ee4b2a182e0746f9133e5e1d4dd0e6ceb3ae12293a9cc6a17d72aa87.jpg: score=0;square_without_chart_hint,edge:0.18,large
Skip non-chart visual asset cd4223cdbad5cc91a768fa6cd173172a1202f188dcff4a002bc7fdf4a45cdaa3.jpg: score=0;square_without_chart_hint,edge:0.25,large
Skip non-chart visual asset 5a2b1901e84ebcab1ac059ce96e436c09ab8c6776183f1cec24c3747f528765b.jpg: score=1;chart_ratio,square_without_chart_hint,edge:0.17,large
Skip non-chart visual asset 76d1b0f1fc084c3f25a980d66eb3d005ac8b116760fa9e44bb94530968a45e51.jpg: score=2;chart_ratio,large
Skip non-chart visual asset 081b1e5f2b0d5e1fb5f77382989f75463355fc6ce7911a5b3654d7a84c6db52d.jpg: score=-1;odd_ratio:5.17,edge:0.22
Skip non-chart visual asset 1d1c9aff2e47086d787a27c39ff6fce93e3e66963c0d3a05b61c5da31daff538.jpg: score=-100;too_small:457x210
Skip non-chart visual asset 3a7c3ac78a92c58e2e7412ba6c44ab58bda45518e9a8e4c709cd38c168f17c50.jpg: score=0;square_without_chart_hint,edge:0.14,large
Skip non-chart visual asset 9765448a8a285febe12639bcf3c7ad0f386cc1978e53814bdf2687d4eb4f6448.jpg: score=-100;too_small:459x207
Skip non-chart visual asset a652543e9643478a8cc641591b9623ed1e8663f7ff69dabcf307791303bac763.jpg: score=1;large
Skip non-chart visual asset 513aa46e6244b536591bc913cf850aa4cca7ab3dc9b4d79f17a38cf8fba86d45.jpg: score=0;square_without_chart_hint,edge:0.27,large
Skip non-chart visual asset 6ec6635ec2f0b3ab944520db9d6a548c3023546d27a8d10d87bff1ec153604dc.jpg: score=0;odd_ratio:4.84,edge:0.28,contrast
Skip non-chart visual asset eca480f70413112e6dce37ea7fdd02300e7fb14627e0a0b86ffb2d15d173ea08.jpg: score=2;chart_ratio,large
Skip non-chart visual asset 7daa9f8cfc25c5d38affbfdff12ccd3c6831bf0cd712cf8000f4ec04bbfaaddb.jpg: score=0;square_without_chart_hint,edge:0.19,large
Skip non-chart visual asset 6a34181d0b889cdb2263531861445b92c1e1269dc00e5f7a46747bb0bd70008b.jpg: score=2;chart_ratio,square_without_chart_hint,edge:0.60,contrast,large
Skip non-chart visual asset 2e8fa12bff20786f899e6200577d8d2c1bdad8df27dee03af69a5096cfb2fa61.jpg: score=2;chart_ratio,large
Skip non-chart visual asset ca727a8af69183ed657b9743708c564de19876d0cb900859c0b34432f6c33d21.jpg: score=-100;too_small:1457x170
Skip non-chart visual asset 15c94b4ab0cf3273ec11e06f078df1f8efbec416fabeeecd8cc1a5f36082600b.jpg: score=0;chart_ratio,square_without_chart_hint,edge:0.15
Skip non-chart visual asset 0ce82b1b5b4c7fc655cba7eb80f1a3f2124ed2e2d01cc82d0cbab74ee3591492.jpg: score=-100;too_small:515x134
Skip non-chart visual asset f5de9c35d0b10d23dafdc564c3b605639f645434812c47ed22fb88b525b2c99b.jpg: score=1;chart_ratio,square_without_chart_hint,edge:0.29,large
Skip non-chart visual asset a2954ff4ab3eab8e572c193f14c7a7dd6e77e4fe9da147075c38e4deaed392f9.jpg: score=1;large
Done. Results written to /home/runner/work/rpt_edit/rpt_edit/xhs_notes/dropbox/260717/shard_9; successful_reports=5; mineru_timed_out=False; mineru_attempts=1
All batches completed successfully. Generated 5 report directories.
