Found 34 total PDFs; shard 5/40 has 5 PDFs, skips 0 already converted, will process 5 PDFs with batch_size=5.
Running batch 1: 5 PDFs
Found 5 PDFs.
Uploading PDF to MinerU: /tmp/pdf_batch_001_5g11t2bg/pdfs/0001-26-HSBC-Powering AI-Positive read-across from Cummins and Deere-260526.pdf
Uploading PDF to MinerU: /tmp/pdf_batch_001_5g11t2bg/pdfs/0002-27-MS-Greater China Semiconductors - Asia Pacific Old Memory-Upside Surprise Ahead-260528.pdf
Uploading PDF to MinerU: /tmp/pdf_batch_001_5g11t2bg/pdfs/0003-28-MS-Microsoft Infrastructure Monetization - Still Early Days in the AI Cycle-260527.pdf
Uploading PDF to MinerU: /tmp/pdf_batch_001_5g11t2bg/pdfs/0004-29-MS-Greater China Semiconductors Double Catalysts from Memory Expansion and Huawei-s t (Tau)-Law-260527.pdf
Uploading PDF to MinerU: /tmp/pdf_batch_001_5g11t2bg/pdfs/0005-30-Morgan Stanley-China Autos - Shared Mobility-China EV Weekly Orders - Wild swings persist as a steady stream of new models steal the show-260526.pdf
MinerU batch_id=3ae5b7fc-8f3c-4c9f-97e2-e0578030f00d
MinerU states: done, pending, pending, pending, waiting-file
MinerU states: done, pending, pending, pending, done
MinerU states: done, pending, pending, pending, done
MinerU states: done, running, running, pending, done
MinerU states: done, running, running, pending, done
MinerU states: done, running, running, pending, done
MinerU states: done, running, running, pending, done
MinerU states: done, running, running, running, done
MinerU states: done, running, running, running, done
MinerU states: done, running, running, running, done
MinerU states: done, running, running, running, done
MinerU states: done, running, running, running, done
MinerU states: done, running, done, running, done
MinerU states: done, running, done, running, done
MinerU states: done, running, done, running, done
MinerU states: done, running, done, running, done
MinerU states: done, running, done, running, done
MinerU states: done, running, done, running, done
MinerU states: done, done, done, running, done
MinerU states: done, done, done, done, done
Done. Results written to /home/runner/work/rpt_edit/rpt_edit/xhs_notes/dropbox/260528/shard_5; successful_reports=5; mineru_timed_out=False
All batches completed successfully. Generated 5 report directories.
