Found 99 total PDFs; shard 2/40 has 5 PDFs, skips 0 already converted, will process 5 PDFs with batch_size=5.
Running batch 1: 5 PDFs
Found 5 PDFs. MinerU token slots available=2.
MinerU attempt 1/4 using MINER_U_2: submitting 5 PDF(s).
Uploading PDF to MinerU: /tmp/pdf_batch_001_5ho9gqft/pdfs/0001-11-CITI-China Economics-AI Supercycle Powers a Structural Export Upswing-260714.pdf
Uploading PDF to MinerU: /tmp/pdf_batch_001_5ho9gqft/pdfs/0002-12-CITI-China Auto Manufacturers-Weekly Orders Update-Implied July EV Retail at -5- MoM -3- YoY-260714.pdf
Uploading PDF to MinerU: /tmp/pdf_batch_001_5ho9gqft/pdfs/0003-13-CITI-Metal Matters-PGMs update - Takeaways from the Shanghai Platinum Week-260714.pdf
Uploading PDF to MinerU: /tmp/pdf_batch_001_5ho9gqft/pdfs/0004-14-CITI-Global Precious Metals 2Q26 prod preview- Sequentially better- investor focus likely on cost and inventory release- changes to TPs-260714.pdf
Uploading PDF to MinerU: /tmp/pdf_batch_001_5ho9gqft/pdfs/0005-15-CITI-Estun -002747- 2Q26 Preliminary Earnings Could Grow by 9.8x-14.8x YoY to Rmb52mn82mn from a Low Base-260714.pdf
MinerU attempt 1 using MINER_U_2 batch_id=74234b68-b039-4cc3-b50c-38a8df07c73c
MinerU states: running, running, running, running, waiting-file
MinerU states: done, done, done, running, done
MinerU states: done, done, done, done, done
/home/runner/work/rpt_edit/rpt_edit/scripts/pdf_to_xhs_batch.py:290: DeprecationWarning: Image.Image.getdata is deprecated and will be removed in Pillow 14 (2027-10-15). Use get_flattened_data instead.
  pixels = list(gray.getdata())
Skip non-chart visual asset d70040e3c00d155223b4f880e882587041c7e04fd532133d341071e294016a0c.jpg: score=0;square_without_chart_hint,edge:0.14,large
Skip non-chart visual asset c705c80f75ed259b1c213eea05f920aac1ee0a95ea2d4a1b6d53bf789ae9983c.jpg: score=-100;too_small:428x175
Skip non-chart visual asset 2615340c7dc51ee448231a0d8a832f94845e6803af8e62b6b662f6c9c3e676a9.jpg: score=-100;too_small:420x173
Skip non-chart visual asset b4a4838eb00011caa20861efb914e8273e271bb0e220e24116baf9b24435c785.jpg: score=-100;too_small:362x99
Skip non-chart visual asset d3e70e6e66627b259387ae9efec2ce37759f3eecae77b7ce46bb67fa08ed61c1.jpg: score=-100;too_small:373x81
Skip non-chart visual asset a1f32585b6264da7cd22eb0373aad3f604b89442bc5854c7e7547b1b8f0c844f.jpg: score=-100;too_small:365x104
Skip non-chart visual asset afcb7155356ff09f0a9d5defc83edd31198efa70d27cda5d011629c6b3485ffc.jpg: score=-100;too_small:428x201
Skip non-chart visual asset 06759b558a1ee589117333652db427b72a219c987d3e6bef3e215d1c7529d4d9.jpg: score=-100;too_small:356x98
Skip non-chart visual asset 8c0818d69eb3a77e8f0b09a4c7e21dcc14a4b7e1ab2b2aac016205f1ff7be99b.jpg: score=-100;too_small:434x173
Skip non-chart visual asset c8f8c9d7099de5b24c7553aab04ae0c5feebda449921896dd08881f56680b7e4.jpg: score=-100;too_small:359x101
Skip non-chart visual asset 00d9b3ffefdf789b69f448ba9ea118c0e857183a13c2c41b90ed992fb581b51a.jpg: score=-100;too_small:434x198
Skip non-chart visual asset aabc623dc95a3f470bbbbd348b0f6ef56e74c3f996c16488313e8be6a59729ac.jpg: score=-100;too_small:368x101
Skip non-chart visual asset 289b03f7e297a6499749109a112622b2e1992a6269c8d2a92e617ef236bdb3f3.jpg: score=-100;too_small:423x198
Skip non-chart visual asset 38546a5bd510625d1d7c9e8ec0a4c976fc05d87faaa19db1853b4dd66cc19920.jpg: score=1;chart_ratio,square_without_chart_hint,edge:0.57,large
Skip non-chart visual asset 9b86c2ae902360200c86807a13fb33bdf6e9dd51a2050de809e60720ee4686ff.jpg: score=-100;too_small:376x134
Skip non-chart visual asset 19ea5c6a706eb246e7e70f2a29f183cd879a2e84dd825850abd4ab693c46cbd2.jpg: score=-100;too_small:362x95
Skip non-chart visual asset 29ba3d7114cfa302ce4f39548b92ade22f54a9dafa452fb104f88fec042487a7.jpg: score=-100;too_small:368x132
Skip non-chart visual asset 35938c2ec470e97805bbd95129d99274a08783576fabf8f158625778f56372af.jpg: score=-100;too_small:373x82
Skip non-chart visual asset 1f4c757bc0d70737eb548e6a631d9b2e3bc61e0e6d74e5182048d34c4e0605e2.jpg: score=-100;too_small:362x129
Skip non-chart visual asset b9961603b978dd74429693612a5972699acb1f5baec8c7db38b338a18bac9c9f.jpg: score=-100;too_small:914x78
Skip non-chart visual asset 0eace41bfe8609236c0e5bb222ef8475bb2c883061f365c68496502191120d6f.jpg: score=-100;too_small:920x146
Skip non-chart visual asset 44dd8dc6ec1713b1d28ea29a6539db0e4a5696d06985962f47945d3013ae1bb4.jpg: score=0;chart_ratio,square_without_chart_hint,edge:0.19
Skip non-chart visual asset a3f2fa36b6c52ab4763a4d17177c5d47cab9f40fe1f0c87ab460a2386bb2c603.jpg: score=0;chart_ratio,square_without_chart_hint,edge:0.21
Skip non-chart visual asset acb35176def99293fa71b01dbc2d2f4dd1195e8544420ae0fd9d50346acde6cd.jpg: score=0;chart_ratio,square_without_chart_hint,edge:0.18
Skip non-chart visual asset 1c896eb8e24aa3f19acabda2f2b657c43673bd724e4dd60d49f5fe233f9f083e.jpg: score=0;chart_ratio,square_without_chart_hint,edge:0.20
Skip non-chart visual asset 3203097a937aff4d977f0eb723753c233271fdbcf5b05cc7d1ff92a9d0d3f7dc.jpg: score=-100;too_small:1429x157
Skip non-chart visual asset b8f43c4f306ae91bbc011acda654839ae0950e6faea36af2969f9665fdb40143.jpg: score=0;chart_ratio,square_without_chart_hint,edge:0.20
Skip non-chart visual asset 18bd5f6656bcda28bd2ac71fbaa3c185a728b295f5911e7bc4d5bba94ae15ae6.jpg: score=1;chart_ratio,square_without_chart_hint,edge:0.18,large
Skip non-chart visual asset 0352252032e1dc4497241490bb77ec9e74518ebdcec87b85b1154da031d29b41.jpg: score=1;chart_ratio
Skip non-chart visual asset 8b3742017905b5df899f3f855d9f9989ede3941b3522a1b1272a46e1065b5af2.jpg: score=-100;too_small:762x84
Skip non-chart visual asset 2d0a23162d4fa345f8d608964f5fe495d1177ff97a94d3480317381c4539f96d.jpg: score=-100;too_small:420x145
Skip non-chart visual asset e64a36074cd052e82b036f3e82e101c16b11330e26d3b0263804c287151c1a88.jpg: score=2;chart_ratio,large
Skip non-chart visual asset 01f69d6b4fb49e4dfea06351e9a0eeb614539d26422bb1c598941e2b63d86154.jpg: score=-100;too_small:754x81
Skip non-chart visual asset 9c93fd0703731a7d7d3a57b36239d34bf9e49873c71e82424480fd51a999f266.jpg: score=-100;too_small:873x73
Skip non-chart visual asset d17c31059d76ae0ad9c8bc431fbaa2512deb1a39dcb3f9322cd221885804cc9e.jpg: score=-100;too_small:359x154
Skip non-chart visual asset 74d64fae5d2ed02c924a9ea0a865a5fbb176dca37e15c7d45662d688c6c6ffc7.jpg: score=-100;too_small:371x181
Skip non-chart visual asset bc79f24598dcfda6c26d396cebcf3af9e2ec669b2b9b1e49c5415109913c2871.jpg: score=2;chart_ratio,large
Skip non-chart visual asset a539b81f359fc2a852ebae6e07ee0e2810f027dff43de199181da31f8ba2c2f7.jpg: score=-100;too_small:47x51
Skip non-chart visual asset 9466acbcfb16bc48404a1a892e4a9484437e6eeb81298f98dc20642b35e33eb2.jpg: score=2;chart_ratio,large
Skip non-chart visual asset 27c432bf40ad54183bcf02cce63d74d71b46879361537a71fe716c19a7a1fa33.jpg: score=2;chart_ratio,large
Skip non-chart visual asset 30a4d1d786e772d1951dbb0d83b54d835f58551c969d50d9c7b389e9ad4972d7.jpg: score=-100;too_small:43x48
Skip non-chart visual asset 7e3e2be7cbeb317543d87d18258d149f0595296fe9fcfe2eff8c1f97ea7e23ec.jpg: score=-100;too_small:426x96
Skip non-chart visual asset 51d978033f4e52d67154131e82fd5a271927b0c8c5dde53c3e1f4a8d3af9304b.jpg: score=-100;too_small:48x60
Skip non-chart visual asset 39f5c7cf46565ad26df6f877bd448c990986f3b78087889abf26d5050233cfa6.jpg: score=-100;too_small:45x45
Skip non-chart visual asset e21c9ba0461a93b9c629b2d2dc36dbbeb74a86bedb3210eb6c350e2a428b0d5d.jpg: score=0;square_without_chart_hint,edge:0.20,large
Skip non-chart visual asset ab6c50c85e9d90a2c880b42461693afa3d777fd99de783e04d5251d35ef67f55.jpg: score=-100;too_small:420x92
Skip non-chart visual asset 33e8a745a2682a73eb6e3f3fe6e1cb12fb9c1338d6516b265a0881fca689c939.jpg: score=-100;too_small:426x89
Skip non-chart visual asset 8b24b4647e50704a29f493ac2c45f4bec93fa4ddb378a665645d6d8638be5ff2.jpg: score=-100;too_small:50x51
Skip non-chart visual asset dda1158a6f73cc0d6b5e905be8246c69fe1096d46b09d9222c27bbbe4a46aa25.jpg: score=-100;too_small:870x98
Skip non-chart visual asset 6e849819787922b6e4b00e90a7560e87c21928bd6a12895d0d0be2b8b09d43b3.jpg: score=1;chart_ratio
Skip non-chart visual asset 159cf11def5cce6341e2121f08d67079aefa2218e8b066a7c5c26247185db97a.jpg: score=-100;too_small:428x145
Skip non-chart visual asset d313484e6fbf430a0a0d2a6078e5a310b0f0e08c42e5714ee1c7f0d65ee12a18.jpg: score=0;odd_ratio:6.44,edge:0.32,contrast
Skip non-chart visual asset 3585f3ee1ce09a54963a8f0e5e0059cb8661f2fdccd2aff332f2f2685612cdbe.jpg: score=-100;too_small:51x60
Skip non-chart visual asset 2e0c1ab95ca93b0b5085d712e1e608d5348b2f23771dd357fcad1d17f5aad90f.jpg: score=-100;too_small:43x46
Skip non-chart visual asset 85f6b3926712f41651c6e505b685764bc6998cd7132acc4314168b5181a41dff.jpg: score=0;odd_ratio:6.00,edge:0.27,contrast
Skip non-chart visual asset f0145a14a9424cf3f98db0cec6acdeec70aab9711140d32f38385da07986e7b5.jpg: score=2;chart_ratio,large
Skip non-chart visual asset 1db34d41f1c1619c56882cfcb86d17d35ce41d732f0438e4c07e4fba07d68a91.jpg: score=-100;too_small:426x201
Skip non-chart visual asset b37291db217d065e5e170fa8545f377528cbfbec73c68673b5455bf290aee387.jpg: score=-100;too_small:359x104
Skip non-chart visual asset 0510c7ca507ac1142e6a68e71ae0d7bd3631d0ea759529a8559a9ef8c9292973.jpg: score=-100;too_small:371x153
Skip non-chart visual asset 532d43e82f3bc4156418b0ec5368d5c110b3889a0d9b29b2231de176ddfea9e8.jpg: score=-100;too_small:46x57
Skip non-chart visual asset c84ec97ef107273cbb082f8f62af94716f0064020bdb36fc21f66abb4560516d.jpg: score=-100;too_small:373x156
Skip non-chart visual asset e4bc0befddd80758bb9729bd686ecc1174bcc6513488d1187a363d632dadeac8.jpg: score=2;chart_ratio,large
Skip non-chart visual asset 7e71b011b9f45e4fb47af05e56188da2c5a6d53e4a230f5ca44438955c9804c4.jpg: score=-100;too_small:48x60
Skip non-chart visual asset d8a61c5467771b29997c5a6202dde3596f184fdb8e321e81c849eb390ac7cd62.jpg: score=-100;too_small:762x82
Skip non-chart visual asset 1cbf358cdf95724dc92b7bc1e7b46b9c09f24a28a0ccc0235074684fcc309d45.jpg: score=-100;too_small:368x103
Skip non-chart visual asset 40b09929b429a7979f4cb00e2b024f7ea077868df991446294088208031b5c13.jpg: score=-100;too_small:437x95
Skip non-chart visual asset 807f4be813c2fdc04a4e1c9a4301c8b6e0b202a9b10d5048006de57a2aa6a34a.jpg: score=-100;too_small:51x56
Skip non-chart visual asset 0155a8a1ae017dbdb638b19619358b635b1c6b7e99365dec33d9c5192bd8f737.jpg: score=-100;too_small:426x70
Skip non-chart visual asset aa7509fe367e48bdd40e595900c89c65cac2d60717e3dda634767cbde0ab3fc1.jpg: score=-100;too_small:434x92
Skip non-chart visual asset 1d62511ac95089d5d032809e3ea651910ab71bba3764485bb3cb1c146a45d87a.jpg: score=-100;too_small:1431x98
Skip non-chart visual asset 887689d1bbce23ae0e0a48becff9cbe88e860b2bb3d877a84ec261cef91d3fd9.jpg: score=-100;too_small:48x51
Skip non-chart visual asset d17d8f400742168473f7d4f4db0703527325c0343d045c3d240f6438bd7ea75f.jpg: score=-100;too_small:43x45
Skip non-chart visual asset ead968e992823274c86c2f41f08d2bd9b9367344ffd8efd57b108e92a0669ae3.jpg: score=-100;too_small:48x45
Skip non-chart visual asset c7d3f6f715a9e2504cb3a0b9b55807520063ea0251c2997f8897c41646ec76f8.jpg: score=-100;too_small:365x160
Skip non-chart visual asset ae76139ae202a3790755ce8ef658f4e2bdedc9f9a469ec514cda155c0a467f90.jpg: score=2;chart_ratio,large
Skip non-chart visual asset bc6c0c2cdfd9f1d056b212f877828b0e834f9c06f3da1750b8ad5fee75cdb1cf.jpg: score=1;chart_ratio
Skip non-chart visual asset 3cd611f8146a6b8a1fab4fa97089f18ed0013cd832526d9769255e9ac8a934b5.jpg: score=-100;too_small:368x184
Skip non-chart visual asset e9228a67a1ad6c9de43f1acad072b255ffb3456d16e643fa8500c82b22ee6b05.jpg: score=0;odd_ratio:6.53,edge:0.33,contrast
Skip non-chart visual asset 4fb8bfc4e96f6b3150985d4702a2250bd2d499cf49da611e1769b184a8ab34bb.jpg: score=-100;too_small:368x156
Skip non-chart visual asset d3ac16156fc6b9483baba239ff58e893e045c77a8f7e46d0b7f9035dd85a780d.jpg: score=-100;too_small:870x73
Skip non-chart visual asset e87c62dad84f7202af48b634aeefbbe9d16fc81fdbdab9ebda314c8c06c26259.jpg: score=-100;too_small:365x154
Skip non-chart visual asset 86a472ac792dc3ec0efc46a9c2d4dd27f70a1162805212929856d172aa74e972.jpg: score=2;chart_ratio,large
Skip non-chart visual asset bb96aa8ce6d76736325f606b87398cd01466277b62bbb5adf40c6e5c7511b3f7.jpg: score=-100;too_small:428x198
Skip non-chart visual asset 39dcbb5b1c29c9bdbece4daeeded990dc8b8a8e7ac1e0afc78420a47c0b3680c.jpg: score=-100;too_small:45x56
Skip non-chart visual asset 4305c84cac8db965566f10ff2ebeb90ba37dde69d30d6a2c782ef2175a406ed0.jpg: score=-100;too_small:51x60
Skip non-chart visual asset db6da81b839ee3de811423cd22406d8c5fa98becc51567b4560b3b228db3ccd8.jpg: score=-100;too_small:45x59
Skip non-chart visual asset 0623f0773f087b05d3594db61a4544c184fb944f6e99a9fef46c4c7e0b1d3cee.jpg: score=-100;too_small:45x53
Skip non-chart visual asset 57084e84ad3343b86a6261e4284ed96c09bd57797db52f44d287cd9f95fd6daa.jpg: score=-100;too_small:1429x62
Skip non-chart visual asset 7ec409d7c3c6c4f561dd117794955c16dd152077bf36e8b5cf919cd82745a84b.jpg: score=-100;too_small:48x45
Skip non-chart visual asset ef4d028ad53b0e48780754ef3a359ed09a24723a1f7b9aa90dbbe959da512948.jpg: score=1;chart_ratio
Skip non-chart visual asset 775cffacd7b0ba5ea38e1e8153f6820c77b6836d32dd0be167415214edee10c9.jpg: score=2;chart_ratio,large
Skip non-chart visual asset 75abf4fe76e0afb0b98512063119ade2c6876a64446759305912e94ecc64e884.jpg: score=-100;too_small:762x87
Skip non-chart visual asset b763bfce259159ab6c8bebacb3354fce8fdf9d8acc15474b83b07934f0da7cfd.jpg: score=0;odd_ratio:6.00,edge:0.25,contrast
Skip non-chart visual asset 2c7ad058e8855c3831300c5ba43b402140cca108b9f0b10790907ab1bbb70544.jpg: score=-100;too_small:45x49
Skip non-chart visual asset 5f30e0172012afe7f8515e136430b52372014927fdfd1dcbbf4f7a1d2cf59156.jpg: score=-100;too_small:45x56
Skip non-chart visual asset b40f6df771c77bb91e0c2fe8101910138186c58483870d1c94956fdcffd69b86.jpg: score=-100;too_small:432x148
Skip non-chart visual asset e19532523a8af5f33b0212e18d90c224a328dc402774b120cf18dc3660cd1c0a.jpg: score=2;chart_ratio,large
Skip non-chart visual asset cb0cea63a746edfc0645aaad9bd3b107eae0fd5299880a77d90611e7688fac43.jpg: score=-100;too_small:42x87
Skip non-chart visual asset 813a5ed6bf7d5dbecbd2a6bc823682c11e150ee75da3f49af8f5efeb56dc4bfb.jpg: score=-100;too_small:437x70
Skip non-chart visual asset c7d9a8ab7e1a421a75a1f079ad26e99b3a93489f2e86b9a6b3410ea1e2656d71.jpg: score=-100;too_small:368x104
Skip non-chart visual asset 9e2a963ca496b14fbe346bdb31aac0acf922ae94e752e0ea1090276c4d84fb1a.jpg: score=-100;too_small:43x59
Skip non-chart visual asset 93a4055b39357e3c0f0a2d52d75dd44773a51a938ef00c3ced6d27ed32ca688e.jpg: score=-100;too_small:43x56
Skip non-chart visual asset 75dc9b0d4c362681becbc4a35ec8eb9e1f8e5a2dfdacd447fc14fe3f060c98f0.jpg: score=-100;too_small:762x84
Skip non-chart visual asset eea574601596a109618d9f4f9dc2483a8a39b64ae38ca44ab7fd5c052129ea0a.jpg: score=-100;too_small:46x48
Skip non-chart visual asset 3a9f0e880f90c9a2757eca99592012822c8889020a540e33583552eea9f10527.jpg: score=-100;too_small:373x184
Skip non-chart visual asset 21c8fb05649c27468e9ca7f4b3d1aef3a5485395a229cf613284f5932d14d461.jpg: score=-100;too_small:50x51
Skip non-chart visual asset 84119d4e6e2e39e7f161fc26e7675a0398dff174661f5fd9923dbb4baac67bc3.jpg: score=-100;too_small:51x59
Skip non-chart visual asset 21d23ed2e32a0bcf55760be2a358aaca2e0879dfa2da5eb8706b20d2f9fa9a80.jpg: score=1;chart_ratio
Skip non-chart visual asset b84770969b420d9a412eb9e5f9e61713d5c647342ace3e75586fea1f1f498918.jpg: score=-100;too_small:45x57
Skip non-chart visual asset 5a3f131be86a1e5f3b69680b012485dac3203865a0dca1016961e26d24a5d46d.jpg: score=-100;too_small:432x201
Skip non-chart visual asset 8b924d05e132dfd8f4b93d88f3112495a0de2f00e2d1bf6cf04c9d99a9ce9598.jpg: score=2;chart_ratio,large
Skip non-chart visual asset 28609de7d9cbce30aefe4be258f8723cf65cf21405c1486dd628519b42570c37.jpg: score=-100;too_small:359x153
Skip non-chart visual asset 88aeb23647c8bd0a5962787dae7813890eba8dc0b2b9a391e84a4bd92a8a2b79.jpg: score=-100;too_small:1307x132
Skip non-chart visual asset f5ea3299f7b730c557fb2398199e7ebcbcec8af7ed6bc453e74001db4e56b424.jpg: score=-100;too_small:1431x170
Skip non-chart visual asset 6af7692c34c08950538dd0627e5e96d49fd6e6973645d7e0a6a2e192ba44f580.jpg: score=-100;too_small:432x126
Skip non-chart visual asset 6000d4439f67a4170482e000fd3ac9399583f8c3fb037314b3f99e08b5961ea7.jpg: score=1;chart_ratio
Skip non-chart visual asset 60eaff808736f72500dc81160d945f32bf266c9b3e077356ad24af9817934126.jpg: score=-100;too_small:359x129
Skip non-chart visual asset e475dc64cd67190d55244291a631aa1dc8b6f2e66ced793ea6849a0a2ec2cfa3.jpg: score=-100;too_small:365x132
Skip non-chart visual asset d25543d446d356ef240a602fda50877012a90c0770c52d6cf09d557a5127e59b.jpg: score=-100;too_small:373x159
Skip non-chart visual asset 386ebe0bc38c0520b0938b4966e32e17525a729b0912f12314d75d316f9f30c3.jpg: score=-100;too_small:371x132
Skip non-chart visual asset 7e11dc1a903caf2a7c788aadde81bc2b0ed31bdf960501cc329f5e1e11806973.jpg: score=2;chart_ratio,large
Skip non-chart visual asset d2783ae74122cf8ff425bc9df1d50998aa0fa549d4c9e69afc3dcea095dc8411.jpg: score=-100;too_small:420x121
Skip non-chart visual asset 8616d1dac83f16994e4e75cfe024541531d71c08932ffd47d61ac50c382e7f87.jpg: score=-100;too_small:42x43
Skip non-chart visual asset d22a9325b5ea2f3c6f65966ae4e2014b5bba17728b9a47b10c65720fb33645de.jpg: score=-100;too_small:1143x84
Skip non-chart visual asset e685a64a2057fa612e0b9dee6047a1161ad8cc8cc9418ba8a44fd7885f948900.jpg: score=-100;too_small:367x106
Skip non-chart visual asset 1612f9dcb90b2167556a9c8a981a939b36d1ea82d8db53d9143256e7b2a366e0.jpg: score=-100;too_small:423x95
Skip non-chart visual asset 017e4a7f79f0fd7d21a21bc34cb0ccaa90d8c8df361b9c0dd10222e29c99e2ee.jpg: score=2;chart_ratio,large
Skip non-chart visual asset 1119bee94496156f9ce6e20578c7d2cc0a41241df1738842f80ab681cf116d40.jpg: score=0;odd_ratio:5.30,edge:0.23,contrast
Skip non-chart visual asset 4ad4d795d6cd5df16fe11de382e13f6adfa5bc81792f16ff066a48d5feba4529.jpg: score=-100;too_small:368x156
Skip non-chart visual asset 485b376b728f6da194d71f31bd56084dda9a8ed866cda231a9fde350fb924a3d.jpg: score=-100;too_small:434x118
Skip non-chart visual asset c431358a53f3eddfe955a365e4f8dbc20883fbb1d396264968aef4e1e08cc895.jpg: score=1;chart_ratio
Skip non-chart visual asset b119b753d065b4cc19b0b27bd44d1caf2f55a8a3d5512b725ccd8b03bb63c560.jpg: score=-100;too_small:426x95
Skip non-chart visual asset 16beb48280a5aed1ded8093fa6374f7f8ccf153bda65eb0e7991ef497be03409.jpg: score=-100;too_small:45x46
Skip non-chart visual asset 8b29f5183195fd27f4648c79f659fd116c0847ae729c3a15bfb207a90c962713.jpg: score=-100;too_small:765x85
Skip non-chart visual asset 0bd98e1ba97ffb626e875283a43b661b2ee5e53ad7c1383f09de93849834e31f.jpg: score=-100;too_small:434x93
Skip non-chart visual asset 7c2eebba342949ecd74863814a58d846e5ba65f1a144556ae385b0745bda3ee6.jpg: score=-100;too_small:432x126
Skip non-chart visual asset 50fe40784a6b91e15c8e96a38c47dc949cd9ab541a8089a5101c092b9b6c95e0.jpg: score=-100;too_small:370x106
Skip non-chart visual asset 3c8bf2c25ee4ad38b23ceb1900db9cc9a678dc66d66bf37b4c21ef74376abfdc.jpg: score=-100;too_small:374x106
Skip non-chart visual asset 3d4140b71820cf2797625dbf39fcdacfab3a6acac65e80d15c9164eae8e45856.jpg: score=-100;too_small:420x120
Skip non-chart visual asset 0b7a4ec0ae7261d93f960fc25d50fa131c2a47442c266c0cc345c45632f8b84d.jpg: score=-100;too_small:428x121
Skip non-chart visual asset 9fb3cda1a81334a0cdebca6b1fef0c728f98d29195993efb267dddb7a22f0d25.jpg: score=-100;too_small:37x42
Done. Results written to /home/runner/work/rpt_edit/rpt_edit/xhs_notes/dropbox/260716/shard_2; successful_reports=5; mineru_timed_out=False; mineru_attempts=1
All batches completed successfully. Generated 5 report directories.
