Found 20 total PDFs; shard 0/40 has 5 PDFs, skips 0 already converted, will process 5 PDFs with batch_size=5.
Running batch 1: 5 PDFs
Found 5 PDFs.
Uploading PDF to MinerU: /tmp/pdf_batch_001_dfgu8m8v/pdfs/0001-01-Bofa-Global Memory Tech Theme of the week-NAND surprise- Samsung labor strike- TCB sales miss-260516.pdf
Uploading PDF to MinerU: /tmp/pdf_batch_001_dfgu8m8v/pdfs/0002-02-Goldman Sachs-ASIA IN FOCUS-Philippines trip notes - Policymakers and markets navigate a stagflationary energy supply shock-260515.pdf
Uploading PDF to MinerU: /tmp/pdf_batch_001_dfgu8m8v/pdfs/0003-03-Goldman Sachs-China- Q1 2026 BOP data show lower current account surplus-260515.pdf
Uploading PDF to MinerU: /tmp/pdf_batch_001_dfgu8m8v/pdfs/0004-04-Goldman Sachs-China Economic Activity and Policy Tracker- May 15-260515.pdf
Uploading PDF to MinerU: /tmp/pdf_batch_001_dfgu8m8v/pdfs/0005-07-Goldman Sachs-Europe- Tracking the European Economic Implications of the Middle East Conflict -15 05--260515.pdf
MinerU batch_id=02c18913-d9aa-4e9f-8da8-e9d85c0c158c
MinerU states: running, running, running, pending, waiting-file
MinerU states: running, done, done, running, running
MinerU states: running, done, done, running, running
MinerU states: running, done, done, running, running
MinerU states: running, done, done, done, running
MinerU states: running, done, done, done, running
MinerU states: running, done, done, done, done
MinerU states: running, done, done, done, done
MinerU states: running, done, done, done, done
MinerU states: running, done, done, done, done
MinerU states: running, done, done, done, done
MinerU states: running, done, done, done, done
MinerU states: running, done, done, done, done
MinerU states: running, done, done, done, done
MinerU states: running, done, done, done, done
MinerU states: running, done, done, done, done
MinerU states: running, done, done, done, done
MinerU states: running, done, done, done, done
MinerU states: done, done, done, done, done
MuPDF error: format error: No common ancestor in structure tree

MinerU result contained no standalone images; rendering PDF page fallback cards.
Done. Results written to /home/runner/work/rpt_edit/rpt_edit/xhs_notes/dropbox/260517/shard_0
All batches completed successfully.
