Found 68 total PDFs; shard 0/40 has 5 PDFs, skips 0 already converted, will process 5 PDFs with batch_size=5.
Running batch 1: 5 PDFs
Found 5 PDFs. MinerU token slots available=2.
MinerU attempt 1/4 using MINER_U_2: submitting 5 PDF(s).
Uploading PDF to MinerU: /tmp/pdf_batch_001_u5thyfvt/pdfs/0001-01-Bernstein-Asia Semiconductors and Equipment - Global Memory Taiwan Semiconductor Manufacturing Co Ltd-TSMC-2Q26 revenue arrived at guidance high-end-260713.pdf
Uploading PDF to MinerU: /tmp/pdf_batch_001_u5thyfvt/pdfs/0002-02-Barclays-European Luxury Goods - Specialty Retail-The Luxury Data Handbook- July -26-260713.pdf
Uploading PDF to MinerU: /tmp/pdf_batch_001_u5thyfvt/pdfs/0003-03-Bernstein-China Pharma - Biotech- 2Q 1H26 earnings preview-amid anti-corruption and VBP- innovative leaders separate from the pack-260714.pdf
Uploading PDF to MinerU: /tmp/pdf_batch_001_u5thyfvt/pdfs/0004-04-Bernstein-European Airlines- Ryanair Rising- Part V. Deep dives on unit cost- locked down for years to come-260713.pdf
Uploading PDF to MinerU: /tmp/pdf_batch_001_u5thyfvt/pdfs/0005-05-Bernstein-Delta Air Lines Inc-DAL.US-Delta Air Lines -DAL- 2Q26- Taking numbers up on strong booking curve and pricing backdrop- raise PT to -106-260713.pdf
MinerU attempt 1 using MINER_U_2 batch_id=d1b98417-01bc-4ff9-99da-a5784714a230
MinerU states: done, running, running, running, waiting-file
MinerU states: done, done, done, done, running
MinerU states: done, done, done, done, done
Skip non-chart visual asset e6e5117cb9c0e7be819941dc9b82fefd75ac331da8131c505ed7c95963649bf6.jpg: score=-100;too_small:95x93
/home/runner/work/rpt_edit/rpt_edit/scripts/pdf_to_xhs_batch.py:291: DeprecationWarning: Image.Image.getdata is deprecated and will be removed in Pillow 14 (2027-10-15). Use get_flattened_data instead.
  pixels = list(gray.getdata())
Skip non-chart visual asset 413441b0fd15ecd6e0ff1972d01f1178b5dbc10f0a37cd66d88c0dc9d472eee2.jpg: score=1;chart_ratio,square_without_chart_hint,edge:0.21,contrast
Skip non-chart visual asset b5b8f6a5bb2c9c30b59abaf6b38f32525586fdb9aab5a1ad2ccaa5c3a716c102.jpg: score=-1;odd_ratio:5.60,edge:0.15
Skip non-chart visual asset cb98aa195d136016f8555abb3d8f8b7098ca2f51f40d27cdb77f47756f114bcd.jpg: score=-100;too_small:95x93
Skip non-chart visual asset 05cb39c2e220beedc88e825468e179639c3786ee2ea82be7048ee68c3bc7c686.jpg: score=-100;too_small:462x123
Skip non-chart visual asset abd620f72b3cb35410030703e180516373f101657b610f23586690fc2b07bdc7.jpg: score=1;odd_ratio:4.88,edge:0.22,contrast,large
Skip non-chart visual asset db1cde762036bdd7cabe421fe5f5f29e80796d101a17dc9ac455715610b67fb8.jpg: score=-100;too_small:95x92
Skip non-chart visual asset 2b6d86843e796ce7776f85403a7ea57b9a0dcf9b8173c10f57fa50288fe8abf9.jpg: score=1;chart_ratio,square_without_chart_hint,edge:0.36,contrast
Skip non-chart visual asset 7ce7c41fb681869f710409059add58a66006030659d5ddd1c2cc713462886ada.jpg: score=-100;too_small:460x154
Skip non-chart visual asset 8e691721ace8d52a6ed0811b7cf4a220e060b775c039db81a3bed0c845eb54ce.jpg: score=-100;too_small:209x620
Skip non-chart visual asset 25ff7f2d8c2e0c5a38767f3b21bad4e5da56a36b681717c62504de1d9e61907e.jpg: score=-100;too_small:1401x156
Skip non-chart visual asset a067273c3c7154ed547bb26967b9481943ef137ea5b155e276280f7c804dee73.jpg: score=-100;too_small:96x92
Skip non-chart visual asset 05e764f8b7dcd88cdd4a8f806771f2ec541291e7792e278b7fc9dfd86a3c7609.jpg: score=1;chart_ratio,square_without_chart_hint,edge:0.38,contrast
Skip non-chart visual asset 47d472a5dd1d3fc9e8b0384ee5314b61365da6ab4f83710ee3a8933d7ed61ee0.jpg: score=-100;too_small:662x173
Skip non-chart visual asset 3e33d1fe4c91d3429184ab5fd7ca9b6f14fc4f1b34d8683f548a8496b9b10da5.jpg: score=1;odd_ratio:4.97,edge:0.24,contrast,large
Skip non-chart visual asset e4d7479e117dc5d392c55e6f43cc02aba5269a8e8d53757c6687c33bd0043783.jpg: score=-100;too_small:105x66
Skip non-chart visual asset dd1ad6fbedfa3774a1d607b74b80463c6214bc4d6738899eea39add3d08f4318.jpg: score=-100;too_small:117x70
Skip non-chart visual asset 335b91367f6de30f2a6e98f7d5d8ad0c8be24ba7d7e91f23907043ea21159357.jpg: score=1;odd_ratio:4.95,edge:0.27,contrast,large
Skip non-chart visual asset a151ba75067f522fb657882d6d282e96e204a87e181bda7a0089807e3bd74fc0.jpg: score=2;chart_ratio,square_without_chart_hint,edge:0.37,contrast,large
Skip non-chart visual asset c5d7fd57be561be06307a9b4ce25710e2a011b8dcf94de1627babc1d5d3fdf6a.jpg: score=1;chart_ratio,square_without_chart_hint,edge:0.45,contrast
Skip non-chart visual asset b5f46cfb2d87eb496cc9699841a509b36cf498ea6bc1897faa3efefb0c9729d3.jpg: score=-100;too_small:93x95
Skip non-chart visual asset b6f5584062d96397b6843060856129e10ea2fa07e0995d211350e17a6a108af6.jpg: score=1;odd_ratio:4.91,edge:0.22,contrast,large
Skip non-chart visual asset f31de325dbcafc21d6b99efd7033359bfd11644e0aca267e54b3025ed9123ae3.jpg: score=1;chart_ratio,square_without_chart_hint,edge:0.25,contrast
Skip non-chart visual asset 9c3abc9b93d86b66d62ba1f756ea514a575947b59317ab9f47befcfcc08e13cf.jpg: score=2;chart_ratio,square_without_chart_hint,edge:0.15,contrast,large
Skip non-chart visual asset ec323b3170a13961616995d2b5bc1d245d592076dfd67a05ae94f70d09cc43d1.jpg: score=1;chart_ratio,square_without_chart_hint,edge:0.43,contrast
Skip non-chart visual asset 065ff0a4b7e19f0e7142a49b5db7942a63d4d3ac14a9885b050e058f83b52a92.jpg: score=1;odd_ratio:5.02,edge:0.21,contrast,large
Skip non-chart visual asset 569733cd85d07f3ae59e25dd7872a1f48ac84be1bec9a77b6d6cafc26a4aae72.jpg: score=-100;too_small:123x135
Skip non-chart visual asset 948147d2366c538840cfebac2b3f0e7e3719ed879107bfeac7d2ee1b655bb7e1.jpg: score=-100;too_small:96x98
Skip non-chart visual asset f0dae13a15f0c77cd7180e8f7e3e5a4990dcec48fbf992697fa57907099c23b6.jpg: score=-100;too_small:117x118
Skip non-chart visual asset f5686e65ca610beb46b290c124fb830cf4e15935b343781cd3ca5984fc654837.jpg: score=-100;too_small:1337x101
Skip non-chart visual asset b0dbe46d489cb0203ec7e4b5b15c6f940b021a90424c19df6452c5d7ac6cac8d.jpg: score=1;chart_ratio,square_without_chart_hint,edge:0.13,contrast
Skip non-chart visual asset ecd3b1bd2b156e8912978802f941b36124cc307334d494d50e845a746a2b25ad.jpg: score=0;square_without_chart_hint,edge:0.18,contrast
Skip non-chart visual asset f03640fa4c6a998967a09dcff6dc48daa2271f020114e53d05538b2c4e8da0e0.jpg: score=-100;too_small:1331x104
Skip non-chart visual asset c956dfa0291a2b4f07b2de540798ab996524993a4f0d69ad4899a92b0832ea91.jpg: score=-100;too_small:1329x39
Skip non-chart visual asset 9a79e8f9a8c0767fe1a30875f4377b5015e6360f85fa2092f60539dbe58fa966.jpg: score=-100;too_small:96x95
Skip non-chart visual asset 7760b752dcdc5b541e6d21103c47224f7575c24da5e0167b1e66cf98b43dd76a.jpg: score=-100;too_small:309x51
Skip non-chart visual asset f5afed391903366787564fda9202fa84e9265bb241eb2adb05f9951175266c3d.jpg: score=1;square_without_chart_hint,edge:0.36,contrast,large
Skip non-chart visual asset 357dc97dbaa7ad87a6e366ed9957ab95e8711b9e8bcbb0bf299a5d23ee13eed5.jpg: score=1;square_without_chart_hint,edge:0.35,contrast,large
Skip non-chart visual asset e8b944b065dd98e7f315d685888dfaed815d68bdea669f144952d388bfbb6d27.jpg: score=1;chart_ratio,square_without_chart_hint,edge:0.32,contrast
Skip non-chart visual asset bd427c2f0f23cc540b1f2a8500845b459fb25311bd659a03b711e8edc50ef97f.jpg: score=-100;too_small:115x118
Skip non-chart visual asset 30d7a1cccdca72e44af2dee0b7d0e0309fdcec8f9941510c6cb72466222c0d5e.jpg: score=1;chart_ratio,square_without_chart_hint,edge:0.26,contrast
Skip non-chart visual asset 8c8c0241294b33985468c6ef6cbdc1aa09c74656a96001a6838a38bf633ccd87.jpg: score=1;chart_ratio,square_without_chart_hint,edge:0.26,contrast
Skip non-chart visual asset dcab5961dc88b3855948be50e01434d54116d02334780d29fb7619cd27c0cb45.jpg: score=0;odd_ratio:6.66,edge:0.32,contrast
Skip non-chart visual asset 0b4ac3d85ab45e3fd807ae74331c19139fa826a4c924265a6f2ffa69e60288ab.jpg: score=-100;too_small:1334x168
Skip non-chart visual asset d28554a7c256d8d15067839d7abeb6c4a50f14f0b2ae9c16aa98159c69f4e4b1.jpg: score=1;chart_ratio,square_without_chart_hint,edge:0.18,contrast
Skip non-chart visual asset d7c60df4c89faed713a3fe759aa27913bc6ae2f7be014ff1eb4cbbb56305768c.jpg: score=0;odd_ratio:6.11,edge:0.18,contrast
Skip non-chart visual asset 9e386e9ee2d51cc3bd044c4cdd242784e882d6b4a2d7ceeeb5e2b31d8e46dcaa.jpg: score=0;odd_ratio:5.25,edge:0.23,contrast
Skip non-chart visual asset 8532189d4085466259b0e721c10a978e594a3e41ec4802333a1962763a4cffa5.jpg: score=-100;too_small:96x93
Skip non-chart visual asset 84cdfb00f6ffdbb485162fc09188a07ca5abf1c10b413bb890e115d05ccbeb53.jpg: score=-100;too_small:96x95
Skip non-chart visual asset 4eb2bcf03819645129d1d7b8ac102fbfdec05a2e82c3081ce897fdc5dbbc000f.jpg: score=-100;too_small:392x246
Skip non-chart visual asset cdce200ef23710d9d34a2b79f9d2692c0b2a0a54d6d583bc3e795c5aa7bf6b23.jpg: score=1;square_without_chart_hint,edge:0.30,contrast,large
Skip non-chart visual asset 58f61bd35983245297536b88a31125c44cb3f5191f6ba7c3de7b438b17b5e1db.jpg: score=1;odd_ratio:4.93,edge:0.22,contrast,large
Skip non-chart visual asset 0a619cda146703a354d6d730327a91305738680c10088d98cd3b7b70ee6afed8.jpg: score=2;chart_ratio,square_without_chart_hint,edge:0.40,contrast,large
Skip non-chart visual asset fcb6dddf64eb141937ba287cccdfaa338811f976a55f7453128b63141d4c1c5f.jpg: score=-100;too_small:468x121
Skip non-chart visual asset 9b39ee6aa1abd335ddfae87e84da6e54a0097187d26eeb4c58b38af5775d0de9.jpg: score=-100;too_small:462x134
Skip non-chart visual asset bcd9b56cd601dbf2b181bdb7c5811f0929b2c428898243b229aca7137db80e5a.jpg: score=-1;odd_ratio:6.62,edge:0.14
Skip non-chart visual asset e0c684297e7a9a1178a40aea152efeaf5406c1f040145510cff6a1cd579a5e0b.jpg: score=-100;too_small:96x92
Skip non-chart visual asset 856b6615a335d3a22b08f00eb31e74aa6aad3a07181f8529c9926a02aec41e48.jpg: score=2;chart_ratio,square_without_chart_hint,edge:0.29,contrast,large
Skip non-chart visual asset 4e7322ac4c95ab324fc53f720e4ce340dfb0f862e1c5e4484684fb468b29bb50.jpg: score=1;square_without_chart_hint,edge:0.31,contrast,large
Skip non-chart visual asset dc1aa070cf133c55f670991592295842992ed567aba1e654df02453ac7bf28ea.jpg: score=1;chart_ratio,square_without_chart_hint,edge:0.33,contrast
Done. Results written to /home/runner/work/rpt_edit/rpt_edit/xhs_notes/dropbox/260714/shard_0; successful_reports=5; mineru_timed_out=False; mineru_attempts=1
All batches completed successfully. Generated 5 report directories.
