Found 86 total PDFs; shard 0/40 has 5 PDFs, skips 0 already converted, will process 5 PDFs with batch_size=5.
Running batch 1: 5 PDFs
Found 5 PDFs. MinerU token slots available=2.
MinerU attempt 1/4 using MINER_U_2: submitting 5 PDF(s).
Uploading PDF to MinerU: /tmp/pdf_batch_001_9swrmzaf/pdfs/0001-01-Bernstein-China - Japan Semiconductors Memory Interface Chip Primer- Riding on the agentic AI boom-260709.pdf
Uploading PDF to MinerU: /tmp/pdf_batch_001_9swrmzaf/pdfs/0002-02-Bernstein-European Utilities - Clean Energy- 2Q26 power production - lower hydro production across the board except in Sweden-260708.pdf
Uploading PDF to MinerU: /tmp/pdf_batch_001_9swrmzaf/pdfs/0003-03-Bernstein-Exxon Mobil Corp-XOM.US-Americas Oil- Ignore the facts in front of you...the crack-implied oil price is --90 bbl-260708.pdf
Uploading PDF to MinerU: /tmp/pdf_batch_001_9swrmzaf/pdfs/0004-04-Bernstein-Global Luxury Goods- The Handbag Price - Mix Barometer - Diverging LFL price and product changes in 2Q26-260707.pdf
Uploading PDF to MinerU: /tmp/pdf_batch_001_9swrmzaf/pdfs/0005-05-Bernstein-Global Aerospace - Defense European Defense- Into Q2-26 - Long Leonardo- Thales- Rheinmetall-260708.pdf
MinerU attempt 1 using MINER_U_2 batch_id=6a08527a-0a5f-45e0-8f7a-b480919f136b
MinerU states: running, running, running, running, waiting-file
MinerU states: done, done, done, done, running
MinerU states: done, done, done, done, done
/home/runner/work/rpt_edit/rpt_edit/scripts/pdf_to_xhs_batch.py:285: DeprecationWarning: Image.Image.getdata is deprecated and will be removed in Pillow 14 (2027-10-15). Use get_flattened_data instead.
  pixels = list(gray.getdata())
Skip non-chart visual asset 1ce72aef7c89c85f850a54f7a30f98172f3f6961c6c5abcd7ba6a90b7e9707c1.jpg: score=0;square_without_chart_hint,edge:0.47,contrast
Skip non-chart visual asset 1678eff81df82f48cd62c88c16133f06aac30c9fed70fefc07b065f9628202aa.jpg: score=1;square_without_chart_hint,edge:0.40,contrast,large
Skip non-chart visual asset ccd5052449d9d8133e3c54d68d2e961b17d8bcb3bbe49f6835fe56b3bf798ec1.jpg: score=1;odd_ratio:4.97,edge:0.24,contrast,large
Skip non-chart visual asset 51fb9822f51ce0604a5004ab429f9f7528fb0d9f8d450946b59fbcdc05384e20.jpg: score=-100;too_small:42x53
Skip non-chart visual asset cee8dcc7902a773005de066ab110b1f2ab0278c5be49b3eab4ef75bb34a428bb.jpg: score=-100;too_small:93x95
Skip non-chart visual asset 0b220004179813db63e915c03a3bfd8bf34710e887bb9be05cc4219d597ec78b.jpg: score=1;chart_ratio,square_without_chart_hint,edge:0.23,contrast
Skip non-chart visual asset 3457a604457963482dc7985dedd024f35caa1753ea3c52990941162a7849aaf2.jpg: score=2;chart_ratio,square_without_chart_hint,edge:0.26,contrast,large
Skip non-chart visual asset 46d50e5e00de6c56e1b547932d380fcc0b46f093e103241714480c12c4a4ef98.jpg: score=2;edge:0.13
Skip non-chart visual asset 819d412f8710e8dd25c48c13dbb90560aa53cc02e3b45ca93a75e704db497e61.jpg: score=-100;too_small:282x143
Skip non-chart visual asset 8c89900cf27a71dfdebd87ddd024c96363912cf218c89780613858a4fb0826e5.jpg: score=-100;too_small:60x59
Skip non-chart visual asset 5fdd56157749a2824ab2941598abe99bda9bd6585321292db8b200485b0986a1.jpg: score=-100;too_small:79x79
Skip non-chart visual asset bbfd263f7061bfaf94518b7e227c8d2f10b0d8f1ca0a16b50841cd66ed455ac0.jpg: score=1;square_without_chart_hint,edge:0.42,contrast,large
Skip non-chart visual asset bb239338cc1e7dd97d807bd0d9a4c53fcc61ddb78ab867e80f264685b24b7a98.jpg: score=2;chart_ratio,square_without_chart_hint,edge:0.15,contrast,large
Skip non-chart visual asset d8362b6cf491b929990b128b2a1db8d0ad03cb6eae8b92634d720e2e801fc810.jpg: score=-100;too_small:93x95
Skip non-chart visual asset 26da1980a6a38a5d71a6739cfce63ab40e0dd36b3d38198cc79d51bf3d6b2590.jpg: score=0;square_without_chart_hint,edge:0.26,contrast
Skip non-chart visual asset c671b946a9a74bc14b6dcd633591df449ce5736035a14be404c33891fc58af27.jpg: score=1;chart_ratio,square_without_chart_hint,edge:0.12,contrast
Skip non-chart visual asset cb527abe034a2e301eeb4dbc9ee90ed23f0d05e9fca0b00527c7a86b95defe8f.jpg: score=-100;too_small:48x54
Skip non-chart visual asset c77e8c3cf97a95893f342d8982a7c3a5009809ed2840ab17ffab45791edc08d8.jpg: score=-100;too_small:76x70
Skip non-chart visual asset feb36e731d29af53b7f899165587eea352ec5f4f50d9e05afb0b295d2acedc9e.jpg: score=-100;too_small:76x70
Skip non-chart visual asset 9c75bb2bb6e95c275cdccf1132eec9ca5bfdd91f7f33a519e941abdf96f7d5e2.jpg: score=-100;too_small:272x165
Skip non-chart visual asset dbfdc5ab82dc33baffaf351ddc20635c9b38258ff4bb9c7d999b5e15dae538e3.jpg: score=-100;too_small:262x134
Skip non-chart visual asset 85d6328afdee7dccc60dca14aae87dc3d385bec7049eae8d47a5627791a2766a.jpg: score=-100;too_small:96x93
Skip non-chart visual asset 8247c0f4d5df7fe3851d89b0d998967a9c561ef07bcbce52738e16c14afa8448.jpg: score=-100;too_small:93x93
Skip non-chart visual asset 313085ba6ccbe08a3d6d02d2b8524b8227606b1ad54beb768646970e3ae4ea1d.jpg: score=-100;too_small:214x134
Skip non-chart visual asset 667192e4d7cf90b62df01066363b5ee890baf2ec5bc2ac5010f2a4061a543032.jpg: score=1;square_without_chart_hint,edge:0.32,contrast,large
Skip non-chart visual asset 28a26b0048a8636c66df7ebe78d183f1fe603947dbafcf09ad7a4cc39ba85493.jpg: score=-100;too_small:93x95
Skip non-chart visual asset 5730354d2fbe14c9ec928626aff6e6456e84a3dadb56c079a4e780ce7c4b6a69.jpg: score=2;chart_ratio,square_without_chart_hint,edge:0.42,contrast,large
Skip non-chart visual asset d3411d1462fe6033c6256b1bbcf1c76b86983226538160ecd994b6d4819fd7f2.jpg: score=-100;too_small:48x48
Skip non-chart visual asset 5966e8f1641cebd46e2b232d9d0d3804dc740e7ab91a2b181c83f54b4cdf6b1e.jpg: score=-100;too_small:376x126
Skip non-chart visual asset 8e0069f54e513e396899630258c1a6c8491acaca4f690ca0d2d64b12e8984b93.jpg: score=-100;too_small:59x59
Skip non-chart visual asset 4ce0f9bc07929f4cdf74c9e4334389ef919933f06f5c38fddb34087bdb4c2663.jpg: score=-100;too_small:59x62
Skip non-chart visual asset d8bcbf204a6add95779500278b8263e8307b3b80ebbf7972f2efd7755349ac05.jpg: score=2;chart_ratio,large
Skip non-chart visual asset 44894aaa3f80aced5bd43fc5bccde78a1902b0e950aea298be9c2e1497c7a701.jpg: score=-100;too_small:65x59
Skip non-chart visual asset 2f7e183df3978430aeceaab7ea233a6700fb0831253dbbdae02f5250a16da34f.jpg: score=0;chart_ratio,square_without_chart_hint,edge:0.35
Skip non-chart visual asset 2c2f6f7fb2ad290d5b9a324759d91ae82faf1c7b1194512a93747c9d2c4d924f.jpg: score=-100;too_small:96x95
Skip non-chart visual asset dc435f3a942a59879236e551087acb069ae6658a6ca00fe000ba8edcc94409cd.jpg: score=-100;too_small:93x96
Skip non-chart visual asset f31887d4f8d5e8ee5a05e6bcc6df60c4d20d070573b310010af4213205ecc65d.jpg: score=-100;too_small:59x62
Skip non-chart visual asset e9d289762adfe586c2671ea8a0bffa27b1c9e9447468ba4e56b68411ba291dcf.jpg: score=-1;odd_ratio:5.41,edge:0.14
Skip non-chart visual asset 17d837d695f230b77196b650738d94275bc27a2eec2cadb0e8eb10819edcaa6f.jpg: score=-100;too_small:90x90
Skip non-chart visual asset f53f1f7375943576e6dbecb4f2a9c392880b989abdcf49ffd8a4f92dbf95022c.jpg: score=2;edge:0.23
Skip non-chart visual asset 484f2915bacb4cc7b5c63b7b13ed516a1c5729a59ea9361aca76df957cdb60ad.jpg: score=-1;odd_ratio:5.05,edge:0.26
Skip non-chart visual asset 2303bb7c8b24c62a7860c66493030b1e6cf5c54d46f3c3b45ad72d3dd9b63428.jpg: score=-100;too_small:676x167
Skip non-chart visual asset 97aa1151eb02fbb2c94b6b19fb75259355628f7caf290e1d5f1efd1fbee0a32e.jpg: score=-100;too_small:96x92
Skip non-chart visual asset 9840826e849c903a5974cb63b1b5365412c7498cc8dc6da1c439459d7dbea8bc.jpg: score=2;edge:0.22
Skip non-chart visual asset caf5a3333f38b351cf34d5c48dc10ade7498b8e758e01b383f323be01c5f9ad6.jpg: score=-100;too_small:96x95
Skip non-chart visual asset f0ee93c209f5a8613b1c188dea8323e1ef58cbe60cab802c2715eb0318c2a029.jpg: score=-1;odd_ratio:5.71,edge:0.28
Skip non-chart visual asset 004dd1a1004e794b0bfcac21ec21ac3fc58c5b87f905e864e13d6a637867331e.jpg: score=2;edge:0.19
Skip non-chart visual asset b43c2d3d2ba73169d857a0b8391e228593922d900b4204ff90aa7b3b44cfbeae.jpg: score=1;odd_ratio:4.99,edge:0.21,contrast,large
Skip non-chart visual asset 1fc13f0fc8c82da12bd6998c2ffb5a884ba93834392504804aa5f62275dcd975.jpg: score=-100;too_small:323x304
Skip non-chart visual asset 4205a5830f1b68cfa87a2c43855beccccc12a0fa6c0032bd5f86bcec849b0e7a.jpg: score=-100;too_small:96x90
Skip non-chart visual asset feb28d4b34ac03e49f57731b55d497bf8b9dbe5295b66623ac769dfb594c1b48.jpg: score=-100;too_small:637x167
Skip non-chart visual asset 81f7f47fd3f4a2aa9031486fdfcb6e6001407e57201537c31984a3a0f8b6463b.jpg: score=-100;too_small:90x90
Skip non-chart visual asset f54428c2ff520e71535043a54d71c5b7e03d30b1f2dc091650e4a4c00f6d54e5.jpg: score=2;chart_ratio,large
Skip non-chart visual asset 920e6e7a87e4dd2866a2fa7b3d1f7ac6ce5abba1bae3dbb70dab2908252c9b30.jpg: score=-100;too_small:96x95
Skip non-chart visual asset ade6c13807b244c136a18292d2dde0f485e43f352b2da3d546c7923fdf95a6d0.jpg: score=-1;square_without_chart_hint,edge:0.27
Skip non-chart visual asset 89bf1ba8050efc780af58f775e3753b542ed0944093e8cc02e81583402438763.jpg: score=-100;too_small:96x95
Skip non-chart visual asset 8583653d9a8ece5a7108dc6077cd968f9f327c56167b10c1d77b622033885572.jpg: score=-100;too_small:401x159
Skip non-chart visual asset 624753c0d260693c3405572e8573213c54d44d9026939236fbe44726d2a44769.jpg: score=-100;too_small:96x92
Skip non-chart visual asset 5c6ab704ff9e4ce660d508e198d46db71178e547bbf9ca82c09b927f0712811a.jpg: score=-100;too_small:395x246
Skip non-chart visual asset 41186b5d73addd58645d0d42d6efe29aea2d358e70805a7d07c5a876fd4ed810.jpg: score=-100;too_small:462x79
Skip non-chart visual asset 5f74d2f2cd2e9eef2467b905bbf812238177944bdaa2e928194df7f927809268.jpg: score=-100;too_small:335x32
Skip non-chart visual asset 0e833b50632350dec1204e8b49d442fb3771b9d2125e63db4af05d5980d7b26c.jpg: score=-100;too_small:454x29
Skip non-chart visual asset a85b3aa44903b26c6f37e9703a66cecf23fe90ec701a09f5916ad4dfddc5244e.jpg: score=-100;too_small:93x95
Skip non-chart visual asset 8283c6ba64a4bee322d5b28b2047cd3b127685d73dd2b069a9c0abe407a709ab.jpg: score=1;odd_ratio:4.99,edge:0.25,contrast,large
Skip non-chart visual asset 90d39423d70c2cda82eed4a77a7e1543ca82c813e5920c0f0fb306e0a5363faa.jpg: score=0;chart_ratio,square_without_chart_hint,edge:0.27
Skip non-chart visual asset cb70b520336ffc681b61b69ea521b7f77e236556230f9e0e1913e24f1db2003c.jpg: score=-100;too_small:90x95
Skip non-chart visual asset 313d827d7acc2929716426ce8c48243ac12f3e6d87748e4435941c01065dfab7.jpg: score=1;odd_ratio:4.97,edge:0.24,contrast,large
Skip non-chart visual asset 6afe8f4abe201a5464c26c6c5c69159886901fae7ce0cabc5c3ba1098a615ec2.jpg: score=-100;too_small:96x93
Skip non-chart visual asset b4822c803996cd1abc6deeb21a089f6487bcc058091b006bc0a0e88f87ab43a2.jpg: score=-100;too_small:93x95
Skip non-chart visual asset 64c2e1227deb95178f640ef57f66412f78206bc4d129fef837ddc7bf5dfa0294.jpg: score=-100;too_small:96x96
Skip non-chart visual asset 2938cee85b3fa789b052273c7bd46eb6517ac707e408b3d75ec84615fd0a8bfb.jpg: score=0;chart_ratio,square_without_chart_hint,edge:0.27
Skip non-chart visual asset 6f97c9ddf6f8037a9d58486ccd762d6673f0ff43477c01fcb9f1062b02f0b3eb.jpg: score=-100;too_small:96x93
Skip non-chart visual asset f074e6092634aa20c7171a6d5f27807efdbaab4c421ff77b7139430d6c3e1fd5.jpg: score=2;chart_ratio,square_without_chart_hint,edge:0.31,contrast,large
Skip non-chart visual asset 23d54a7c48c391fb502b2d7ff30262cbe4651b63b9a1a36b44e33bddb729fef8.jpg: score=-100;too_small:93x93
Skip non-chart visual asset ce63232db9d4e7b045af36e5998a4589b56ed1dee67a4772a9c2ac0b272939e6.jpg: score=0;odd_ratio:6.04,edge:0.36,contrast
Skip non-chart visual asset 57fdb2b1268407ac8de78f9c09e716579f21ae690fdff346b7b3f2aaba875885.jpg: score=0;odd_ratio:6.55,edge:0.32,contrast
Skip non-chart visual asset ebea2a0fad006eb4cd84bffdc3e3c74d741bf2889d6451b7bd090c0146074b33.jpg: score=2;chart_ratio,square_without_chart_hint,edge:0.28,contrast,large
Skip non-chart visual asset 37b9bd8d92a01423d1854b3dcf76173825ad12cc18a3a64cb4303449bca26582.jpg: score=1;odd_ratio:4.91,edge:0.22,contrast,large
Skip non-chart visual asset 5fce2f1caefb690c2ce9c1b5284208b3ce2e312a1850e902e7fb6ad3ba0e15d2.jpg: score=-100;too_small:90x92
Skip non-chart visual asset e82efa49abbc0c4c8f7d5401e8d965e2c15de2cf3b97a4bfa644a98b759abcaf.jpg: score=-100;too_small:96x95
Skip non-chart visual asset f2094c0ae645a400f3164a61b5a9685eac57b3103e61f409d644c1a6a6324645.jpg: score=1;chart_ratio,square_without_chart_hint,edge:0.38,large
Skip non-chart visual asset b6c05340762f0530a9f29fdc348b694d0c3cfe314b1d1ca7380b14ad2654c70f.jpg: score=1;square_without_chart_hint,edge:0.31,contrast,large
Skip non-chart visual asset db71ec1a8bbf24056fa27e16ca34324f46587e0d6c67762a68697be91aa68517.jpg: score=1;square_without_chart_hint,edge:0.31,contrast,large
Skip non-chart visual asset 478db8dbb20724201fcb599d0a2aa6fb6a6922ec10eb7dbb3b3b866cbf5b5455.jpg: score=2;chart_ratio,square_without_chart_hint,edge:0.38,contrast,large
Skip non-chart visual asset aa7f3b69d27084ac7c7e7f3b621a942cb84d72a6227a91465f12879a503dda2e.jpg: score=-100;too_small:96x90
Skip non-chart visual asset e97723b32cea86601cefef68b5cce0428b3f48c1d22d4b3ba92169f926aca059.jpg: score=2;chart_ratio,square_without_chart_hint,edge:0.39,contrast,large
Skip non-chart visual asset b987c704b90fa11562a2dfad17e1148ce3325d5b4493588f7288235b4f6ee782.jpg: score=0;square_without_chart_hint,edge:0.28,large
Skip non-chart visual asset 47b5b5856b7944dca39494da2aa3f45aa7acd5fa9a19bef468c872eed63028de.jpg: score=1;odd_ratio:5.11,edge:0.40,contrast,large
Skip non-chart visual asset b650cda2975accd726cf458d465be3b0585ffbb4cd9532139b04192e14b79040.jpg: score=0;odd_ratio:6.59,edge:0.34,contrast
Skip non-chart visual asset 43c24a6dedd233201b4c54455240612dec609b7b93c2cd4bcd1ddbb218e881a9.jpg: score=1;square_without_chart_hint,edge:0.31,contrast,large
Done. Results written to /home/runner/work/rpt_edit/rpt_edit/xhs_notes/dropbox/260709/shard_0; successful_reports=5; mineru_timed_out=False; mineru_attempts=1
All batches completed successfully. Generated 5 report directories.
