Found 86 total PDFs; shard 8/40 has 5 PDFs, skips 0 already converted, will process 5 PDFs with batch_size=5.
Running batch 1: 5 PDFs
Found 5 PDFs. MinerU token slots available=2.
MinerU attempt 1/4 using MINER_U_2: submitting 5 PDF(s).
Uploading PDF to MinerU: /tmp/pdf_batch_001_t89ztaxx/pdfs/0001-42-Goldman Sachs-ServiceNow Inc. -NOW.US- 2Q26 Preview- Stock re-rating hinges on improving growth algorithm with AI contribution-260708.pdf
Uploading PDF to MinerU: /tmp/pdf_batch_001_t89ztaxx/pdfs/0002-43-Goldman Sachs-Victory Giant -300476.SZ-- Thailand Tech Tour- Capacity diversification continues- mix upgrade towards AI PCB- Buy -on CL--260708.pdf
Uploading PDF to MinerU: /tmp/pdf_batch_001_t89ztaxx/pdfs/0003-44-Goldman Sachs-USA-GS Economic Indicators Update-260708.pdf
Uploading PDF to MinerU: /tmp/pdf_batch_001_t89ztaxx/pdfs/0004-45-Goldman Sachs-Walt Disney Co. -DIS.US-Orlando airport arrivals in May decrease 2- yoy-260708.pdf
Uploading PDF to MinerU: /tmp/pdf_batch_001_t89ztaxx/pdfs/0005-46-J.P. Morgan-China Merchants Securities Company Ltd-H-6099.HK-2Q26 profits up 160-198- y y- a beat- but does this matter--260708.pdf
MinerU attempt 1 using MINER_U_2 batch_id=06a92748-389e-4ac8-a4f9-db57c90d1f46
MinerU states: done, running, running, pending, pending
MinerU states: done, done, done, done, done
/home/runner/work/rpt_edit/rpt_edit/scripts/pdf_to_xhs_batch.py:285: DeprecationWarning: Image.Image.getdata is deprecated and will be removed in Pillow 14 (2027-10-15). Use get_flattened_data instead.
  pixels = list(gray.getdata())
Skip non-chart visual asset b2dccec855587da95a0bd3e7f5eff7e279787169f1e271e87cc1ab16323943b0.jpg: score=1;chart_ratio
Skip non-chart visual asset 9ce3414f35cc3d2686933c03a7780aa6da4c76c4c2e7778e23d2a4ab2e3ae2b8.jpg: score=0;square_without_chart_hint,edge:0.35,large
Skip non-chart visual asset 3e9594b694cd883148aee4ffef6e10b407a8404837bf79dbd8716f45d2d6f6ab.jpg: score=1;chart_ratio
Skip non-chart visual asset 35d8737aed0f116c75a9315d45f1723c820152c993cae9e4ba2f7d15529ab5a3.jpg: score=-100;too_small:1159x106
Skip non-chart visual asset 9e9c3b4e7c89e2d4c571f55d7220ff71463f38020711d7b93384ea81c46a6d93.jpg: score=0;odd_ratio:6.94,edge:0.33,contrast
Skip non-chart visual asset 3b7a47c8064736d2e01148f38ff995bd9fba4ccbcdbd58b7544df0198c178006.jpg: score=-1;square_without_chart_hint,edge:0.34
Skip non-chart visual asset feb95285cebc74c8979c311e8703de3f363761c05ee4940474354870c907bd2a.jpg: score=-100;too_small:107x109
Skip non-chart visual asset a8a1ad890e99983125ae586814c82c5c4b8d7e34b97d70072524c08d8b1c3c06.jpg: score=-100;too_small:551x176
Skip non-chart visual asset 0e866b31a6425cf0a57f62957161995876972b0e591ad9529d70b9dcb41cf15f.jpg: score=0;odd_ratio:6.77,edge:0.34,contrast
Skip non-chart visual asset b2267bf3c1e623b023c10fce93cf93a1ad78ed1b68d86c7b8ff054dcb095b5fe.jpg: score=0;square_without_chart_hint,edge:0.34,large
Skip non-chart visual asset 63b48b367687d9a092533827e7d0d6f92051b2cc8d512628add2c405a83b5b92.jpg: score=0;odd_ratio:5.78,edge:0.34,contrast
Skip non-chart visual asset 9f64c464cf29752cf91c70285efcc6e52847a58b3418bd6a63e0da8b01e13ed2.jpg: score=1;chart_ratio,square_without_chart_hint,edge:0.33,large
Skip non-chart visual asset ebbf4fcf52f791c4ccdc4f131c8cdf3eaf787e9053dac19ea75d1e159934f668.jpg: score=-100;too_small:1159x109
Skip non-chart visual asset b9a3f287eb81333db0d5ed9b1666cb917f1789c1738dfe87d9355f3cd77c22a7.jpg: score=1;chart_ratio,square_without_chart_hint,edge:0.25,large
Skip non-chart visual asset 1457b36b165870043a13f6ac9315fdb36633803ff4425b6f7941260df66a1ca4.jpg: score=1;chart_ratio,square_without_chart_hint,edge:0.23,large
Skip non-chart visual asset 27b82a040d47383ffdeb81178883c901ba7361c738b52debc16d28442d6ceb85.jpg: score=1;chart_ratio,square_without_chart_hint,edge:0.20,large
Skip non-chart visual asset 082de3a3ef929bd5b6218b98e9f3f31c39870b5ef6da9ac6cd954383697eee01.jpg: score=1;chart_ratio,square_without_chart_hint,edge:0.20,large
Skip non-chart visual asset b899c0293c2330bc0308d5ccf4714f331c9ea0e02a2c21164e4b456e5ae739ef.jpg: score=-100;too_small:1392x126
Skip non-chart visual asset 9d25398dfa5d686e028367f979b387d4e56aa5d84f8d9329e689117749f5f671.jpg: score=-100;too_small:1412x178
Skip non-chart visual asset 2b7d7bbb81e8f4abb8ea075aaae668f2046db1abdf60609240419a8cd82f163f.jpg: score=0;square_without_chart_hint,edge:0.36,large
Skip non-chart visual asset 3f9e185db135e838fc271cb553e88ca5763b6001d8d8df3dab5f8a549e62461b.jpg: score=-100;too_small:1159x109
Skip non-chart visual asset 43c6f6c22b2ba72c43e4a87673178a348cc773b8444d20168b16e3db87c09970.jpg: score=-1;square_without_chart_hint,edge:0.29
Skip non-chart visual asset 2bce67d162c9cdda3087396efb9a31eb5ce5c0de12c18e9e3e582156d300d4e1.jpg: score=1;chart_ratio,square_without_chart_hint,edge:0.35,large
Skip non-chart visual asset c2e2403a1562c5d99d1633121eb1a79b4152bd86875e164fb6990f739424a153.jpg: score=1;chart_ratio,square_without_chart_hint,edge:0.31,large
Skip non-chart visual asset 2f1a9dd1aa16f5e32fbabaf8d7ffeb2144c004ad6771ea4bf3bb9a1f528e2c91.jpg: score=1;chart_ratio,square_without_chart_hint,edge:0.35,contrast
Skip non-chart visual asset f63b581ed72fd13fc8f1ee5e5d27a018a7614609ead3d3c89b767470ad1b0994.jpg: score=-100;too_small:924x162
Done. Results written to /home/runner/work/rpt_edit/rpt_edit/xhs_notes/dropbox/260709/shard_8; successful_reports=5; mineru_timed_out=False; mineru_attempts=1
All batches completed successfully. Generated 5 report directories.
