Found 27 total PDFs; shard 5/40 has 2 PDFs, skips 0 already converted, will process 2 PDFs with batch_size=5.
Running batch 1: 2 PDFs
Found 2 PDFs. MinerU token slots available=2.
MinerU attempt 1/4 using MINER_U_2: submitting 2 PDF(s).
Uploading PDF to MinerU: /tmp/pdf_batch_001_ppenwvpo/pdfs/0001-26-Morgan Stanley-Weekly Monitor- Energy Storage Continues to Support Lithium Battery Demand-260717.pdf
Uploading PDF to MinerU: /tmp/pdf_batch_001_ppenwvpo/pdfs/0002-27-UBS-Momenta-6880.HK-Steering mainstream carmakers into the autonomous era- initiate at Buy-260716.pdf
MinerU attempt 1 using MINER_U_2 batch_id=b764b036-dd03-4c20-a11e-ff635fbabd2e
MinerU states: running, pending
MinerU states: done, running
MinerU states: done, running
MinerU states: done, running
MinerU states: done, done
/home/runner/work/rpt_edit/rpt_edit/scripts/pdf_to_xhs_batch.py:292: DeprecationWarning: Image.Image.getdata is deprecated and will be removed in Pillow 14 (2027-10-15). Use get_flattened_data instead.
  pixels = list(gray.getdata())
Skip non-chart visual asset ac8431fc1b8aa546b68cadcfe4bdf2ca5dca948306225efb1008be1fbf6fb162.jpg: score=0;square_without_chart_hint,edge:0.30,large
Skip non-chart visual asset 3140afe2915cd371188f998c75df771f11ae7bb0df3dbbd9b21b0fd617487058.jpg: score=1;chart_ratio,square_without_chart_hint,edge:0.31,large
Skip non-chart visual asset cae0a205a19f97268111c03b4d0732548eff5474ca0715144cc475a525ae59ab.jpg: score=1;large
Skip non-chart visual asset 2a2b2a675f6e3ccae66e40a511e701201623cfcab01a82eee0ead956d76534ed.jpg: score=-100;too_small:518x135
Skip non-chart visual asset 54778ab27f61bd07a5e1d3761bca3ed40e72344d56bc71efd2cfa94908c8648e.jpg: score=1;chart_ratio,square_without_chart_hint,edge:0.13,large
Skip non-chart visual asset 9183b08e66e0d49172e8c3f96442fe67a4ef9e6f1902333b2f6123361f547f20.jpg: score=1;chart_ratio,square_without_chart_hint,edge:0.11,contrast
Skip non-chart visual asset 75e0893c320464b23c87952f3ce29a452eb7d92ab3f08b7b4478cb5e34fa0060.jpg: score=-1;odd_ratio:7.35,edge:0.22
Skip non-chart visual asset 08c340ec39f3397ee18615f3d75b4e5354dbc7b32d9c5494b1a5ee0f15ffe8c3.jpg: score=2;chart_ratio,square_without_chart_hint,edge:0.14,contrast,large
Skip non-chart visual asset d35a0e74e52768fbef925c1fe63807eaf27942094cfe0656ed05a00730d53803.jpg: score=-3;odd_ratio:5.71
Skip non-chart visual asset 06711505fa13f6ae10fdbd234f9635a0184bbb0e0ec1bf290fae30410ffe1ec7.jpg: score=2;chart_ratio,contrast
Skip non-chart visual asset 135d38af3baf4138a297db670e5ed3b9356d79859a259a796ffe959abd56935e.jpg: score=-1;odd_ratio:7.71,edge:0.18
Skip non-chart visual asset b0aa09d87823f017ca5ed6cbbdf8bb94a5dd7c01fd00e6739ead3b84a9bceffc.jpg: score=1;chart_ratio
Skip non-chart visual asset 6ab8f76ae0ccf279405cd87e6e390eba687cde350e757937ae2a629a0ff54c0e.jpg: score=1;chart_ratio,square_without_chart_hint,edge:0.11,large
Skip non-chart visual asset f49598567523886d4136583320c5b69d4d97b53a24b00b77318563b85e92223d.jpg: score=2;edge:0.12
Skip non-chart visual asset a545cf8166d0639c014458bd5b9de385b188f37c965a4096bb8e78c56ef81011.jpg: score=-100;too_small:451x118
Skip non-chart visual asset 90ea3bdf336508a8f6b6a5190acf3d04650ee50c423f77bbfcab4ef3cd320e3f.jpg: score=1;chart_ratio,square_without_chart_hint,edge:0.11,large
Skip non-chart visual asset b70fb6486e9d1832fa4f2bb230f025926b9539965fafe00083c402e299290ac8.jpg: score=1;chart_ratio
Skip non-chart visual asset a2e240adae38f4694ffe24c411cd3f890613e53d9cd32cdfdd80e2c563faa5d1.jpg: score=0;square_without_chart_hint,edge:0.20,large
Skip non-chart visual asset ed20bebcb0e4257e8cb93ddba29a654242e19e0b557d0d702176262b385ac9d6.jpg: score=0;odd_ratio:7.58,edge:0.28,contrast
Skip non-chart visual asset 96cb56da488a86a8ac0db0fac16ab4a98b2e8850b946a52ccb5f79aa43e258df.jpg: score=1;odd_ratio:5.59,edge:0.30,contrast,large
Skip non-chart visual asset 27562b52046f766c0434a6bd6e4f46719449f0dcf1e6742acf1d89da5caf801c.jpg: score=-100;too_small:440x84
Skip non-chart visual asset 2f74305ac338085c95a581b799b319709e01edfe0d7ce89f44c030e842e25eff.jpg: score=-100;too_small:223x84
Skip non-chart visual asset 6a048fd9011c56839b5139c8f1483c156356334965e329106bf5922f04dd5e51.jpg: score=2;chart_ratio,large
Skip non-chart visual asset 638a7e3ec897cb0468d5bc887162c34cd447a5ab1f3a8105c30c1da505134243.jpg: score=-100;too_small:1412x104
Done. Results written to /home/runner/work/rpt_edit/rpt_edit/xhs_notes/dropbox/260719/shard_5; successful_reports=2; mineru_timed_out=False; mineru_attempts=1
All batches completed successfully. Generated 2 report directories.
