Found 34 total PDFs; shard 1/40 has 5 PDFs, skips 0 already converted, will process 5 PDFs with batch_size=5.
Running batch 1: 5 PDFs
Found 5 PDFs.
Uploading PDF to MinerU: /tmp/pdf_batch_001__uej5dw2/pdfs/0001-06-Goldman Sachs-Global Markets Daily-The Energy Shock Impact on Foreign Official Treasury Demand-260527.pdf
Uploading PDF to MinerU: /tmp/pdf_batch_001__uej5dw2/pdfs/0002-07-Goldman Sachs-US Consumer Dashboard- May 2026- Low Confidence-260527.pdf
Uploading PDF to MinerU: /tmp/pdf_batch_001__uej5dw2/pdfs/0003-08-HSBC-China Real Estate-Demand reawakens- Affordability at a decade-best level-260526.pdf
Uploading PDF to MinerU: /tmp/pdf_batch_001__uej5dw2/pdfs/0004-09-J.P. Morgan-China Steel-Channel checker-10-day China steel production-1- vs previous --1- YoY-. FOB iron ore prices flat since start of conflict as shipping costs rise-260526.pdf
Uploading PDF to MinerU: /tmp/pdf_batch_001__uej5dw2/pdfs/0005-10-Morgan Stanley-China Free Liquidity vs. MSCI China YoY Change-260526.pdf
MinerU batch_id=121234a8-fe2e-4aff-b29f-99e62217ecb6
MinerU states: done, pending, pending, done, waiting-file
MinerU states: done, pending, pending, done, done
MinerU states: done, running, running, done, done
MinerU states: done, running, running, done, done
MinerU states: done, running, running, done, done
MinerU states: done, running, running, done, done
MinerU states: done, running, done, done, done
MinerU states: done, running, done, done, done
MinerU states: done, running, done, done, done
MinerU states: done, done, done, done, done
Done. Results written to /home/runner/work/rpt_edit/rpt_edit/xhs_notes/dropbox/260528/shard_1; successful_reports=5; mineru_timed_out=False
All batches completed successfully. Generated 5 report directories.
