Found 64 total PDFs; shard 7/40 has 5 PDFs, skips 0 already converted, will process 5 PDFs with batch_size=5.
Running batch 1: 5 PDFs
Found 5 PDFs. MinerU token slots available=2.
MinerU attempt 1/4 using MINER_U_2: submitting 5 PDF(s).
Uploading PDF to MinerU: /tmp/pdf_batch_001_4fjlqecr/pdfs/0001-38-Goldman Sachs-Global Weekly Kickstart-Momentum reversal ahead of Q2 season-260706.pdf
Uploading PDF to MinerU: /tmp/pdf_batch_001_4fjlqecr/pdfs/0002-39-Goldman Sachs-Hong Kong- PMI increased in June-260706.pdf
Uploading PDF to MinerU: /tmp/pdf_batch_001_4fjlqecr/pdfs/0003-40-Goldman Sachs-Japan Consumer Products- Singapore investor visit feedback- Focus on Middle East impact- consumption tax cut- and inflation resilience-260706.pdf
Uploading PDF to MinerU: /tmp/pdf_batch_001_4fjlqecr/pdfs/0004-42-Goldman Sachs-NetEase-9999.HK-A compelling -non-AI- compounder-well-placed into 2H26 with catalysts ahead-260707.pdf
Uploading PDF to MinerU: /tmp/pdf_batch_001_4fjlqecr/pdfs/0005-43-Goldman Sachs-The Credit Line-Tracking credit-funded AI datacenter builds-260706.pdf
MinerU attempt 1 using MINER_U_2 batch_id=bc878263-c777-43b5-8e12-5f5e79f43371
MinerU states: running, running, pending, pending, waiting-file
MinerU states: done, done, done, done, done
/home/runner/work/rpt_edit/rpt_edit/scripts/pdf_to_xhs_batch.py:285: DeprecationWarning: Image.Image.getdata is deprecated and will be removed in Pillow 14 (2027-10-15). Use get_flattened_data instead.
  pixels = list(gray.getdata())
Skip non-chart visual asset 4b5808eec09aeea95e4e0c382e9413d5d0ca712f2ac976510c795a5939d02682.jpg: score=1;square_without_chart_hint,edge:0.36,contrast,large
Skip non-chart visual asset ebdfa4932d91a0d94d682f0355fea2d47d4cefeb36723565a0320159c1cd9f5e.jpg: score=1;square_without_chart_hint,edge:0.38,contrast,large
Skip non-chart visual asset 3779d71e34f42a92758c980e8ab06597ea63f89f368a62137f790adff06bd157.jpg: score=1;chart_ratio
Skip non-chart visual asset 84488f8e47a5d6b1b47776216b638efc2d520d2a8d73a79eb909e5c6d58c16c3.jpg: score=2;chart_ratio,contrast
Skip non-chart visual asset 2ed36d47a66adb534817f06e4c5681d1f80d2c7c06ca2356870dee9e3f3b3bc8.jpg: score=0;chart_ratio,square_without_chart_hint,edge:0.25
Skip non-chart visual asset b36e164ef65f558d0acb02362f65928836cb5834d10b7365f1cf38aa63602581.jpg: score=-100;too_small:462x120
Skip non-chart visual asset 3391dfa8ec2833bed124ef8e7e731947437a2ea94a0bfd0ae9d50165c777d7c3.jpg: score=-1;square_without_chart_hint,edge:0.27
Skip non-chart visual asset 065089a750f942ea4cacb47a8bed5d2cf010fd02c654ef5dd442dc0a3de69229.jpg: score=-100;too_small:1159x106
Skip non-chart visual asset 89754082983a7020cf482651e48a1519e12f62f49bc76b6d8ac98c2f998f41bd.jpg: score=-100;too_small:481x117
Skip non-chart visual asset b86cf0204fe7901c71f65aa7264bfe79abccb192eec2bc66b667be9fc0729d37.jpg: score=-100;too_small:95x96
Skip non-chart visual asset 3b9db752fdb3287d096374fe1ebb97a089b9ab39a9a6136eb5fa7d7893ca1560.jpg: score=2;chart_ratio,large
Skip non-chart visual asset f227ab18b56921c17782d01d7d6f4661671e1da492d3b527843cd4332281727c.jpg: score=-100;too_small:93x93
Skip non-chart visual asset 27558e2365f4cd432222b8989a9d5865c763a7415a0b4cf267d3abdd71480bc0.jpg: score=-100;too_small:93x96
Skip non-chart visual asset 4d834223f5adaf67af0124bc4b1510ec525b9d7dcce3fdac5f5c5cd0b9541464.jpg: score=-100;too_small:482x107
Skip non-chart visual asset 4ed9e7b065238d1b59da53352962e418ca54d355191bea6cab68b5a45d0f9ded.jpg: score=-100;too_small:479x104
Skip non-chart visual asset 44179a3044c101b76802692230a3899b323f12456a288d065e258923f260cd15.jpg: score=2;chart_ratio,contrast
Skip non-chart visual asset 1514114bee4cec63971a00825e224bd671041ceed89b4b82f19af4094fd00afa.jpg: score=1;chart_ratio
Skip non-chart visual asset cb0c1145e0e0fb1b6e0ec9ed9dbc5e345bbc144f5fc5da055d4da66c499d04d9.jpg: score=1;chart_ratio
Done. Results written to /home/runner/work/rpt_edit/rpt_edit/xhs_notes/dropbox/260707/shard_7; successful_reports=5; mineru_timed_out=False; mineru_attempts=1
All batches completed successfully. Generated 5 report directories.
