Found 31 total PDFs; shard 1/40 has 5 PDFs, skips 0 already converted, will process 5 PDFs with batch_size=5.
Running batch 1: 5 PDFs
Found 5 PDFs. MinerU token slots available=2.
MinerU attempt 1/4 using MINER_U_2: submitting 5 PDF(s).
Uploading PDF to MinerU: /tmp/pdf_batch_001_oo5at7je/pdfs/0001-06-Bernstein-Renesas Electronics Corp-6723.JP-Quick Take- Renesas Memory Interface IC Investigation Likely Manageable-260720.pdf
Uploading PDF to MinerU: /tmp/pdf_batch_001_oo5at7je/pdfs/0002-07-Goldman Sachs-Americas Banks- Key Takeaways from TFC- FITB- and RF earnings-260719.pdf
Uploading PDF to MinerU: /tmp/pdf_batch_001_oo5at7je/pdfs/0003-08-Goldman Sachs-Americas Technology-Internet-Ridesharing - Delivery Q2-26 Preview- Analyzing the Industry Debates - Estimates-260719.pdf
Uploading PDF to MinerU: /tmp/pdf_batch_001_oo5at7je/pdfs/0004-09-Goldman Sachs-Americas Technology-Internet-Online Travel Q2-26 Preview- Analyzing the Industry Debates - Estimates-260719.pdf
Uploading PDF to MinerU: /tmp/pdf_batch_001_oo5at7je/pdfs/0005-10-Goldman Sachs-Asia Economics Analyst-Korea-s Equity Rally-Household Wealth Gains amid Consumption Constraints-260719.pdf
MinerU attempt 1 using MINER_U_2 batch_id=492090fc-0d84-4871-8100-34fa687dd751
MinerU states: running, running, running, running, waiting-file
MinerU states: done, running, running, running, running
MinerU states: done, running, running, running, running
MinerU states: done, done, done, running, done
MinerU states: done, done, done, running, done
MinerU states: done, done, done, done, done
/home/runner/work/rpt_edit/rpt_edit/scripts/pdf_to_xhs_batch.py:292: DeprecationWarning: Image.Image.getdata is deprecated and will be removed in Pillow 14 (2027-10-15). Use get_flattened_data instead.
  pixels = list(gray.getdata())
Skip non-chart visual asset 02b642ead62577cc7e5f77137bf6d51ccc7421bb91a49e6c4ae14d270ae103e1.jpg: score=1;odd_ratio:4.94,edge:0.20,contrast,large
Skip non-chart visual asset d6ab7999adc6e0bb66e8c4c3638ae46e4f666390e2c0bfa7d091ba3552ae5895.jpg: score=-100;too_small:93x96
Skip non-chart visual asset 5300c6b1b9c2e88b7a8cba6430a94f645e537fdb9e6abe5b475739cdbe00ffeb.jpg: score=-100;too_small:1326x165
Skip non-chart visual asset fa8a847e7b55f69598824829d9e6a0b3cf6a7564ab52758f777ca9e8cb3de41d.jpg: score=-100;too_small:401x157
Skip non-chart visual asset ae72115eb34447e106657e031b603e802c8bf9ec798baa6cf50744073ac242bc.jpg: score=-100;too_small:459x137
Skip non-chart visual asset e95a0ce6d09b81a2826d96abde765d821c421f074b6cce59e44f2a00e785d8b6.jpg: score=-100;too_small:93x92
Skip non-chart visual asset 8f179435ad4d99e41b18c9eaa6b6f8abca13d3e2772d6b81a3c0474557e47f40.jpg: score=-100;too_small:93x93
Skip non-chart visual asset 90085911c73b574b1e2deb7e2abba2a8977460aebabe400b7b3b962fa8789b3f.jpg: score=-100;too_small:1037x134
Skip non-chart visual asset 707a75f6ab259c54a2d03ad526579a7f7e0f962908b3edc9bf0c592161e3979d.jpg: score=-100;too_small:93x95
Skip non-chart visual asset bab98113109d488db217aa985706799ffa0faf0b2f446d352d621cf566f1eb3f.jpg: score=-100;too_small:484x109
Skip non-chart visual asset b86c43a3963e8920bf70661aa2c638e0cf332a40d5d0d1a0e2e2a5a1b19b0e51.jpg: score=-100;too_small:642x109
Skip non-chart visual asset 35214c73314f48fe36172a0ca242e414bfcd7db8fefabb58b061c18773da5a0d.jpg: score=-1;square_without_chart_hint,edge:0.28
Skip non-chart visual asset fa5bef94b17bb956c8b1e43415c2b5f798024467b69f50e02f44900f2c83f0ba.jpg: score=1;square_without_chart_hint,edge:0.47,contrast,large
Skip non-chart visual asset 5bfcb24ba38c9b893c292d040d880f28ee5c506ab955bf06dcee72c51282ba25.jpg: score=0;odd_ratio:6.32,edge:0.23,contrast
Skip non-chart visual asset 6162077d1360c8503d4e8511b5527ea5e2485dc244f88a5ceb20f1d54db20e1b.jpg: score=0;square_without_chart_hint,edge:0.35,large
Skip non-chart visual asset 35083fd14985bea8d0887b359afe1f740bf8ca23c4f0ac561dd0d022ca05aef6.jpg: score=0;chart_ratio,square_without_chart_hint,edge:0.28
Skip non-chart visual asset 29f51b01b20aa59c148c288ed846f92c1dbaffa870d2a08205c49d137ac8fee2.jpg: score=0;odd_ratio:6.20,edge:0.27,contrast
Skip non-chart visual asset 631c73b2389d9421a5c66f3291f21e351135b2b2b7a67700c850d5bb9504bfbe.jpg: score=0;odd_ratio:5.14,edge:0.33,large
Skip non-chart visual asset 88278ddd22cf7974e2eb806690111a107abcabb6f79d2e1bbaf7230d3d67d929.jpg: score=0;odd_ratio:5.06,edge:0.32,large
Skip non-chart visual asset 61f7a128bf3745ede7acaf44c703500c0dd3398b837b03115ee708c62bd2855b.jpg: score=-1;odd_ratio:4.86,edge:0.22
Skip non-chart visual asset 605c736b9f3323244e5c2b2041a77f1c206df4d6c976e356977546a6336b6ca7.jpg: score=1;square_without_chart_hint,edge:0.46,contrast,large
Skip non-chart visual asset 1f98ad7970f78fa3ab6ce486ed175b8932790bd05df0957d52c5ecb6e153f1bb.jpg: score=-1;odd_ratio:6.08,edge:0.34
Skip non-chart visual asset acaed0ab2525ab770dd507c2d46c004b75788d9dd501a1f7c45444da117375fd.jpg: score=-100;too_small:1159x112
Skip non-chart visual asset c7b4eae857609524310660d877945bfa843d5849d9a55e4ee06ec55b4901dc88.jpg: score=0;square_without_chart_hint,edge:0.46,contrast
Skip non-chart visual asset 7f4310c7accac0c6a3f081f1fc5cf6cd9aed517b760ee6ee52e4f7aa8ec230e6.jpg: score=1;square_without_chart_hint,edge:0.47,contrast,large
Skip non-chart visual asset 5f442f33208bb2e4b163450d6b731d457094e808dd5b87313ed137b2039bdc5a.jpg: score=1;square_without_chart_hint,edge:0.45,contrast,large
Skip non-chart visual asset 9e800f5f919094158d99cea0201420b7bcbaa4dfd29e2f47086b67ddbce9b92e.jpg: score=0;odd_ratio:5.48,edge:0.30,large
Skip non-chart visual asset 619c701197dd6f2240273c2294298af5b4e5666962236256cf94a46d1c12bdbd.jpg: score=0;odd_ratio:4.91,edge:0.35,large
Skip non-chart visual asset b282a91ef8a516495716feb07072af0d9f1b34880665372f516c2dece6ecb45f.jpg: score=-100;too_small:632x165
Skip non-chart visual asset 89d7a8ec2d93f3ada4b69c561515e674ea2ee15df9a553900649f22f104ba833.jpg: score=-100;too_small:1159x109
Skip non-chart visual asset 707902429e9100b5157c049b035005333273530a2d6f0b8d4b017c071a880e27.jpg: score=-1;square_without_chart_hint,edge:0.30
Skip non-chart visual asset 7e78174b6f42a4ab28ea3b9a85745a33aafa368dc27d2ddfd2fd2ab0d041a649.jpg: score=0;odd_ratio:4.93,edge:0.33,large
Skip non-chart visual asset 925bcd7690146468887d3fe6ada276a27e4e8d7c215b3bcc14afa7ae1380f6d0.jpg: score=0;square_without_chart_hint,edge:0.44,large
Skip non-chart visual asset 536b8aaffbcffbb36b5d2ea97fc16547d54d0812021715e553c35fd4b885a90d.jpg: score=0;chart_ratio,square_without_chart_hint,edge:0.26
Skip non-chart visual asset a56a7a712b93111c0028aa1d11ad1ec11c65f74452a720734854dd7f4e09a38d.jpg: score=0;square_without_chart_hint,edge:0.44,large
Skip non-chart visual asset 0ee79854a76e479bfa96ec91dd5770b8ff3584992061ca450aceb07a0fc5efdc.jpg: score=0;chart_ratio,square_without_chart_hint,edge:0.25
Skip non-chart visual asset 14d7669aa025c1c1f4e11526affa39e4843af2d2c4e53edc2c582c328790e309.jpg: score=0;square_without_chart_hint,edge:0.44,large
Skip non-chart visual asset 46fcd0346beaf7409d5babdb02cd17734a9910c7434ada3a7e940d3b944b312f.jpg: score=0;odd_ratio:5.28,edge:0.30,large
Skip non-chart visual asset 58e8ab66789a51d6926f6c2547df8509473142ed22bd5bede9e5a43204313b9f.jpg: score=1;chart_ratio,square_without_chart_hint,edge:0.34,large
Skip non-chart visual asset 834c0b076372de051d84c421d5aff9c4e2a7857d452e41f4c6d37db3b2d83f28.jpg: score=0;square_without_chart_hint,edge:0.44,large
Skip non-chart visual asset 3a0d47da28915438c1ed8b78894f49f9716b8c4f4783af437892171fb5a984c7.jpg: score=0;square_without_chart_hint,edge:0.43,large
Skip non-chart visual asset 8a8485465d0f8458781f28e479650af0c67c7e76b4dc42a3e6ee7b9be93e7daf.jpg: score=-1;square_without_chart_hint,edge:0.33
Skip non-chart visual asset 0f0bd5bc6d95ceccbb3f31447cd699730e9498192720618699fef07cb386d98c.jpg: score=-1;square_without_chart_hint,edge:0.30
Skip non-chart visual asset 28ae04e56c94e1c186234216cc98c02032a6701b62fd6cdee46a4992f6d8ab46.jpg: score=0;chart_ratio,square_without_chart_hint,edge:0.17
Skip non-chart visual asset 286132b02a6a8677be041131181873b6f7e36a62cf72cea58c950e65a172bbb6.jpg: score=1;chart_ratio,square_without_chart_hint,edge:0.25,contrast
Skip non-chart visual asset 205f0228d810c8e787f9b2f15c46d8f0994b8e57a0a1093c7b8daab80558d997.jpg: score=0;chart_ratio,square_without_chart_hint,edge:0.16
Skip non-chart visual asset 5beb1445cb3a720e4dff2136b15a6614a981d5683bd02dde60ba4111519ff10c.jpg: score=1;chart_ratio,square_without_chart_hint,edge:0.19,contrast
Done. Results written to /home/runner/work/rpt_edit/rpt_edit/xhs_notes/dropbox/260720/shard_1; successful_reports=5; mineru_timed_out=False; mineru_attempts=1
All batches completed successfully. Generated 5 report directories.
