Found 62 total PDFs; shard 0/40 has 5 PDFs, skips 0 already converted, will process 5 PDFs with batch_size=5.
Running batch 1: 5 PDFs
Found 5 PDFs. MinerU token slots available=4.
MinerU attempt 1/4 using MINER_U: submitting 5 PDF(s).
Uploading PDF to MinerU: /tmp/pdf_batch_001_7lu8q6ky/pdfs/0001-01-Bernstein-Comment- Nike cutting online sales to China partners-260722.pdf
Uploading PDF to MinerU: /tmp/pdf_batch_001_7lu8q6ky/pdfs/0002-02-Bernstein-China CDMO- Primer on Peptide CDMOs Part 1-Supply-side leaders differentiate in scale- cost- and technology breadth-260723.pdf
Uploading PDF to MinerU: /tmp/pdf_batch_001_7lu8q6ky/pdfs/0003-03-Barclays-IT Hardware and Communications Equipment-Read-through-AT-T Capex and iPhones-260722.pdf
Uploading PDF to MinerU: /tmp/pdf_batch_001_7lu8q6ky/pdfs/0004-04-Bernstein-Texas Instruments Inc-TXN.US-Q226 recap-The world is not enough--260723.pdf
Uploading PDF to MinerU: /tmp/pdf_batch_001_7lu8q6ky/pdfs/0005-05-Bernstein-Global Digital Assets Emerging AI Infra- The -third party capacity- trade has legs -continue to see strong deal traction and execution-260723.pdf
MinerU attempt 1 using MINER_U batch_id=1dc90e29-3eff-40d5-aa1e-15e5b6fcba51
MinerU states: done, done, done, done, waiting-file
MinerU states: done, done, done, done, done
/home/runner/work/rpt_edit/rpt_edit/scripts/pdf_to_xhs_batch.py:307: DeprecationWarning: Image.Image.getdata is deprecated and will be removed in Pillow 14 (2027-10-15). Use get_flattened_data instead.
  pixels = list(gray.getdata())
Skip non-chart visual asset 899ff6a939058218ace55fac0d26e1f2ab318080d809287adb10d13262917479.jpg: score=-100;too_small:1462x170
Skip non-chart visual asset f0f87556769ed729cee0ec4e9dacf0ed7fc12bb976d958391f3742ae1ce0692e.jpg: score=1;chart_ratio,square_without_chart_hint,edge:0.27,large
Skip non-chart visual asset bcbfd1f1f4d9a280764c61cb4e9dbfcfc94f2efbd0ce47e2c7cf97a19833c12a.jpg: score=-100;too_small:90x95
Skip non-chart visual asset 6f38a3fe1eb6d1c86ea023d4830c85db8c42c4415bfaa819a3fe21f591ab7c77.jpg: score=0;chart_ratio,square_without_chart_hint,edge:0.19
Skip non-chart visual asset 0b30ff738d6732881a7c89540ff76804920b80df137af746206dcfbcd11ded4c.jpg: score=1;odd_ratio:4.93,edge:0.22,contrast,large
Skip non-chart visual asset 9ec79ce2369147c33d8511a7e428f1d0a9d36f45966cd0f734b31b283862f966.jpg: score=-1;chart_ratio,square_without_chart_hint,contrast
Skip non-chart visual asset 6f3a3fd6e38accc355c5d9d3e4081dee23a8bf85eb17235a5bc61cacec2aabca.jpg: score=-1;square_without_chart_hint,edge:0.12
Skip non-chart visual asset cb813bc68e7f47a338374be2f265c6b06cd8054e2d2b5d40e1546e7ace545133.jpg: score=-100;too_small:96x92
Skip non-chart visual asset b7eb858f360fd7d05c95e8604fc0c2a927979df00410631da62afce317f021d2.jpg: score=1;chart_ratio,square_without_chart_hint,edge:0.20,contrast
Skip non-chart visual asset 1dbd3bb9ce61c33f2126f3a455f8f662bcda092718b4a8365420820c54399402.jpg: score=0;chart_ratio,square_without_chart_hint,edge:0.13
Skip non-chart visual asset e021b0d56d6a7d14fb17779cd563eab38cb746e1abee3966cb8bc81b9115fc9d.jpg: score=0;chart_ratio,square_without_chart_hint,edge:0.11
Skip non-chart visual asset d017625dd1be9979f1612fae753c6547ae1ede449ce44a920f55dd369b9be77d.jpg: score=-1;chart_ratio,square_without_chart_hint,large
Skip non-chart visual asset 310eaab40467be34493662a5a32f22f1887c48f291ccd3b43585008a93e6cafe.jpg: score=-1;chart_ratio,square_without_chart_hint,large
Skip non-chart visual asset be391b305069ed47e1e9005edc77cc1993a9243d1ae6b5137e10c0e9c6c6ec67.jpg: score=-100;too_small:1398x154
Skip non-chart visual asset 6f7391852ed85f761159cdc2f959b2ac4f9ba9db3719ca7bdc1adb208bff8d6d.jpg: score=0;square_without_chart_hint,edge:0.25,large
Skip non-chart visual asset 114871ae22d573aec12d5bfb84eea92186125980676242b50d08d5de87184083.jpg: score=-3;odd_ratio:6.26
Skip non-chart visual asset bd900a4ba9d81eae6ab3daf0ed43ceba055c7cb3770e31445f5bb95b9c244d1e.jpg: score=0;chart_ratio,square_without_chart_hint,edge:0.21
Skip non-chart visual asset f1092e8e51c9f5328e3f4e03caf9c00f8454abce7144397dcbb65ca32b67c955.jpg: score=-1;chart_ratio,square_without_chart_hint,large
Skip non-chart visual asset 872941f9c4e1f44b0af49b6dd95341627dfd81bc54a5754ef3dba9731d66b4d0.jpg: score=-1;chart_ratio,square_without_chart_hint,large
Skip non-chart visual asset 1861739ad667660c0da08d641a348da969952200db082d42fac58ac58a4cbe0e.jpg: score=1;chart_ratio,square_without_chart_hint,edge:0.11,large
Skip non-chart visual asset d1174953110633e89625ab629b5838ce1039a74ce1143ea203eee91a2cd0a08f.jpg: score=-100;too_small:401x75
Skip non-chart visual asset dcba167f54a30f4c2f5f476a638168f8f3c74e011a4a191e6891b4e371065d6f.jpg: score=-100;too_small:562x156
Skip non-chart visual asset 1911c23db823c1438f88e2ba6ba5e0f524e85ad86d827cfcdb5eaae0dd00ccce.jpg: score=1;odd_ratio:4.91,edge:0.22,contrast,large
Skip non-chart visual asset 5804de50be86b844ffbab5c08315896e5c99d3704f9f9a3f58ff4fb72f1cab91.jpg: score=-100;too_small:96x95
Skip non-chart visual asset b2df4e3da569bacb6be8fb70324a50b1431df24a231543cdf5fa6207031d4518.jpg: score=0;odd_ratio:6.62,edge:0.23,contrast
Skip non-chart visual asset eb0b6a78881e81fff557a8ce7073553e9b04d94da7f9c8eb5d65ef7310d5bedb.jpg: score=-100;too_small:93x95
Skip non-chart visual asset 88ab08db094a98f3c8a854e97518d4d5d879ab2c554538c33aea933b988df920.jpg: score=-100;too_small:462x131
Skip non-chart visual asset 5b1312d9b692ba9e871570a93848a3d2bc611683153d074536748a42deb5b024.jpg: score=-100;too_small:465x128
Skip non-chart visual asset e4c0045a3bd6a0a824366458ef13554d4bf9fcb1c3e686f39d5536910d3e4eee.jpg: score=-100;too_small:96x95
Skip non-chart visual asset 53639a8c632e7b4ab3f572ff2c8146b0b22c16ab33540efbc3992d0409d955e2.jpg: score=-100;too_small:1823x176
Skip non-chart visual asset f3e4db6ad01921ff7ea35c6bd603278b5dbc186aa1bd187f1a055256297dc3ce.jpg: score=1;odd_ratio:6.42,edge:0.50,contrast,large
Skip non-chart visual asset a88748285bff15c9d4d7277b99dd9ca184ec1afe813327df9e2f9d75a1207169.jpg: score=-1;odd_ratio:6.72,edge:0.15
Skip non-chart visual asset 4a07d1ac73248b424dd92aaab0d78f9d624719dbfb42c91c6eabda7353eb4ee3.jpg: score=-100;too_small:1334x132
Skip non-chart visual asset 542bc2ff60ed6ad1fe4c11f26073817e2b6ce44c515f9f0bf14849cd127ef868.jpg: score=1;chart_ratio,square_without_chart_hint,edge:0.42,contrast
Skip non-chart visual asset 3344c5c4fb75e25c34aa0ce53633000cc7f75f3c89648b86a65a24caf2b54e53.jpg: score=1;chart_ratio,square_without_chart_hint,edge:0.38,contrast
Skip non-chart visual asset d60a39b50ab8ccbbb5328794fde24d92f9f7c6d0cf92ea63ab63f329091710a8.jpg: score=-100;too_small:398x251
Skip non-chart visual asset 12461cc7056ad89c73dc18f8159dc8c958358616840f4ee3383cc4b89b7db263.jpg: score=0;square_without_chart_hint,edge:0.18,contrast
Skip non-chart visual asset 278d213b5e901aa1d5777baef770bf8bf0c60e590055bb575f44028e815fb75c.jpg: score=0;square_without_chart_hint,edge:0.23,contrast
Skip non-chart visual asset a3c76eefd21b712e3898516d14e2f128ba0a6c06e9e5bbb8110917ce1f543bca.jpg: score=-100;too_small:93x95
Skip non-chart visual asset aef0e25583c92ee7e5a5a027f1151587ab30200f21df63c7bc3fbb522b4f536f.jpg: score=0;square_without_chart_hint,edge:0.23,contrast
Skip non-chart visual asset ba47a0ea377869b35407a7cc59f4cca33801dfa4162ad630266aaa0e153b7813.jpg: score=0;square_without_chart_hint,edge:0.24,contrast
Skip non-chart visual asset b2abb3a2a31d6823bff22c9624bef2765da542d2da3b27b38c9a6daa2c8c76e2.jpg: score=0;square_without_chart_hint,edge:0.21,contrast
Skip non-chart visual asset e59c290b4b60cebc326e66eda86395133800e04094cc3e6b221174410253078d.jpg: score=1;odd_ratio:4.97,edge:0.24,contrast,large
Skip non-chart visual asset bc547a66d1f2773ae4ac13bfb676b9a15e13adfad5d6be00448effc9154db850.jpg: score=-100;too_small:93x93
Skip non-chart visual asset 2a393d05c611e948c9478e56023be34b0f2749376eb3c00642de8c23278f55ca.jpg: score=-100;too_small:96x92
Skip non-chart visual asset d83c9400debcfca776e08457d04762874e1e15905c0abb4974dd2148677bcd26.jpg: score=-100;too_small:93x90
Neutralized WeChat title while keeping the report: 伯恩斯坦：全球数字资产与新兴AI基础设施-第三方算力交易持续获执行支撑 -> 伯恩斯坦：AI技术与行业应用观察
Done. Results written to /home/runner/work/rpt_edit/rpt_edit/xhs_notes/dropbox/260723/shard_0; successful_reports=5; mineru_timed_out=False; mineru_attempts=1
All batches completed successfully. Generated 5 report directories.
