Found 41 total PDFs; shard 2/40 has 5 PDFs, skips 0 already converted, will process 5 PDFs with batch_size=5.
Running batch 1: 5 PDFs
Found 5 PDFs. MinerU token slots available=2.
MinerU attempt 1/4 using MINER_U_2: submitting 5 PDF(s).
Uploading PDF to MinerU: /tmp/pdf_batch_001_8fh29m2e/pdfs/0001-13-Bofa-Global Fund Manager Survey The Frozen Bulls-260616.pdf
Uploading PDF to MinerU: /tmp/pdf_batch_001_8fh29m2e/pdfs/0002-14-Deutsche Bank-FX Blog-Beneficiaries of the peace-260615.pdf
Uploading PDF to MinerU: /tmp/pdf_batch_001_8fh29m2e/pdfs/0003-15-Morgan Stanley-The Oil Manual--Let the Oil Flow--260615.pdf
Uploading PDF to MinerU: /tmp/pdf_batch_001_8fh29m2e/pdfs/0004-16-Goldman Sachs-Taiwan Technology- US marketing feedback- AI ASIC remains the preferred theme with focus on CPU and next supply chain bottlenecks-260615.pdf
Uploading PDF to MinerU: /tmp/pdf_batch_001_8fh29m2e/pdfs/0005-17-Bofa-Asia Fund Manager Survey Tech Hardware rises- Indonesia slips-260616.pdf
MinerU attempt 1 using MINER_U_2 batch_id=c406d522-b486-4250-b0fa-cb0945763157
MinerU states: running, running, pending, pending, pending
MinerU states: running, done, running, running, running
MinerU states: running, done, running, running, done
MinerU states: running, done, running, running, done
MinerU states: done, done, running, done, done
MinerU states: done, done, running, done, done
MinerU states: done, done, done, done, done
MuPDF error: format error: No common ancestor in structure tree

MuPDF error: format error: No common ancestor in structure tree

Done. Results written to /home/runner/work/rpt_edit/rpt_edit/xhs_notes/dropbox/260616/shard_2; successful_reports=5; mineru_timed_out=False; mineru_attempts=1
All batches completed successfully. Generated 5 report directories.
