Found 34 total PDFs; shard 2/40 has 5 PDFs, skips 0 already converted, will process 5 PDFs with batch_size=5.
Running batch 1: 5 PDFs
Found 5 PDFs.
Uploading PDF to MinerU: /tmp/pdf_batch_001_afirmyiv/pdfs/0001-11-Morgan Stanley-Asia Economics-The Viewpoint-Marketing Feedback - Addressing Questions From Investors-260526.pdf
Uploading PDF to MinerU: /tmp/pdf_batch_001_afirmyiv/pdfs/0002-12-Morgan Stanley-China Materials-Aluminum overproduction inspection starts- reports-260526.pdf
Uploading PDF to MinerU: /tmp/pdf_batch_001_afirmyiv/pdfs/0003-13-Morgan Stanley-Chinese Urea Export Window Opens-260526.pdf
Uploading PDF to MinerU: /tmp/pdf_batch_001_afirmyiv/pdfs/0004-14-Morgan Stanley-Machine Tools- Apr 2026 Confirmed Orders-China Recovers to Record Levels-Sharp Domestic Expansion Led by Autos - Electrical-260526.pdf
Uploading PDF to MinerU: /tmp/pdf_batch_001_afirmyiv/pdfs/0005-15-Morgan Stanley-The Viewpoint- Is Asia-s macro story all about semis--260520.pdf
MinerU batch_id=4062040b-03c2-4761-9cdd-d4205d5d6f71
MinerU states: running, done, done, done, waiting-file
MinerU states: running, done, done, done, pending
MinerU states: running, done, done, done, running
MinerU states: running, done, done, done, running
MinerU states: running, done, done, done, running
MinerU states: running, done, done, done, running
MinerU states: running, done, done, done, running
MinerU states: done, done, done, done, running
MinerU states: done, done, done, done, running
MinerU states: done, done, done, done, done
Done. Results written to /home/runner/work/rpt_edit/rpt_edit/xhs_notes/dropbox/260528/shard_2; successful_reports=5; mineru_timed_out=False
All batches completed successfully. Generated 5 report directories.
