Found 59 total PDFs; shard 9/40 has 5 PDFs, skips 0 already converted, will process 5 PDFs with batch_size=5.
Running batch 1: 5 PDFs
Found 5 PDFs. MinerU token slots available=2.
MinerU attempt 1/4 using MINER_U_2: submitting 5 PDF(s).
Uploading PDF to MinerU: /tmp/pdf_batch_001_2w9axirx/pdfs/0001-46-Morgan Stanley-Greater China Technology Hardware GB200 and GB300 NVL72 Racks in June 2026-260708.pdf
Uploading PDF to MinerU: /tmp/pdf_batch_001_2w9axirx/pdfs/0002-47-Morgan Stanley-Greater China Technology Hardware-Chart of the Day- China PC and Tablet Shipments in May 2026-260709.pdf
Uploading PDF to MinerU: /tmp/pdf_batch_001_2w9axirx/pdfs/0003-48-Morgan Stanley-Global Materials Aluminum- From Deficit to Oversupply-260708.pdf
Uploading PDF to MinerU: /tmp/pdf_batch_001_2w9axirx/pdfs/0004-49-Morgan Stanley-RMB Internationalization- via CNH-260708.pdf
Uploading PDF to MinerU: /tmp/pdf_batch_001_2w9axirx/pdfs/0005-50-Morgan Stanley-Kingsoft Cloud Holdings- Transition to AI Cloud Bearing Fruit- MaaS Brings Further Upside-260708.pdf
MinerU attempt 1 using MINER_U_2 batch_id=83098203-c727-4756-bc64-9a8069cd5c8c
MinerU states: running, running, running, pending, pending
MinerU states: done, done, running, done, done
MinerU states: done, done, running, done, done
MinerU states: done, done, done, done, done
/home/runner/work/rpt_edit/rpt_edit/scripts/pdf_to_xhs_batch.py:285: DeprecationWarning: Image.Image.getdata is deprecated and will be removed in Pillow 14 (2027-10-15). Use get_flattened_data instead.
  pixels = list(gray.getdata())
Skip non-chart visual asset afc022f0427cc424b8c9758cf1eaa034f71cf5976d517b610c7e91f3254b298d.jpg: score=1;large
Skip non-chart visual asset 31e2e46f4903a4f3414e8c612fd0a75e96ba627ba104587f5600a1c341b155a9.jpg: score=1;chart_ratio,square_without_chart_hint,edge:0.11,contrast
Skip non-chart visual asset 2dbc1b6c156948e69dcb76286e19969a90880db02db011e1f8f978567b4d982c.jpg: score=0;square_without_chart_hint,edge:0.12,contrast
Skip non-chart visual asset 94cfa181934dcad2c3aa6b0eef0e15868ddbc5b612baa24f371856987374abe5.jpg: score=-100;too_small:518x137
Skip non-chart visual asset 1542dba60fe1af4f0161edf0e689af02944487763cb7f2550b6b4d750ab57907.jpg: score=-100;too_small:518x134
Skip non-chart visual asset bb39948e21bbd79f271f3ced44b451ee121c7eda481666ced9c301bff923a599.jpg: score=1;large
Skip non-chart visual asset cd0e5615a46de54627c968d46dfd1c19eec3d368c368afa0809db42198214518.jpg: score=-100;too_small:409x184
Skip non-chart visual asset ed307469a1cb286e234a2853386858113f5782d652dd266bf7eb7f1c46d04598.jpg: score=-100;too_small:531x118
Skip non-chart visual asset a940a0c842cce7cbe70f38fa86fcb2f9b7f7f263bdca82ac7ee7b8a49addf0fe.jpg: score=-100;too_small:651x87
Skip non-chart visual asset 6d6298eb5c4db9bd57c9c93328b5086d9962beb49600b0976931d15f21b2e181.jpg: score=-1;square_without_chart_hint,edge:0.12
Skip non-chart visual asset a00f3b041c01cf90ee5dd5799b2ed3d3b2867f2dceb02ad8fb05569ed9b4cf9e.jpg: score=-100;too_small:449x137
Skip non-chart visual asset 557cb0d5bc684353ec49c857516a7f54c767082276090b4605e4845a84b019a6.jpg: score=-100;too_small:479x192
Skip non-chart visual asset cbed564a1107e22ead96bec4a6463addc0cbbe433ec194079b0e1f9b35b914a2.jpg: score=-100;too_small:337x123
Skip non-chart visual asset 668fec6cb153b2fbc57c002c8d7e5f8d2839e4dd66028632b09b54db3f3698d7.jpg: score=-100;too_small:462x162
Skip non-chart visual asset 629f9e90538faa443f769976b7cf975b168f8d2c30056d59b61044de18ea874b.jpg: score=-100;too_small:473x148
Skip non-chart visual asset 0f577e5cbcc4efde914b8a81c8ab5e875799d22363d3f2b7be1cf59c970b8a52.jpg: score=-100;too_small:951x76
Skip non-chart visual asset dad07b04736eca67276c3859c93eaf204cf2428d6a2651b5138812704f6d6cfb.jpg: score=0;square_without_chart_hint,edge:0.42,contrast
Skip non-chart visual asset dda4895d43f0d490cc33316ec5250b251405a53e3c84f21f871b2a3ce120d63b.jpg: score=-100;too_small:404x189
Skip non-chart visual asset 73fc95e2295fc5d4cf29302aae1995887d8a06ff0ff361e03600b8f97584d59e.jpg: score=-100;too_small:417x176
Skip non-chart visual asset 4327f1858439e6b901f0d2326e70fbf14a6e1d78347749690f1091b5d2d97903.jpg: score=-100;too_small:421x175
Skip non-chart visual asset 30fbccdf5ff1998d34fd95475b74f5a5d0a08bca8f3ae5a9b93a9c78d2717ca8.jpg: score=2;chart_ratio,large
Skip non-chart visual asset 843252597fd3a22dd8e5cfcdd638c0fc8b2cf631ab94911dea730123c7921c95.jpg: score=-100;too_small:409x139
Skip non-chart visual asset c393487b8de5fa5bae532e8179deda0c0182d0a5c6dbe982686e994463307c66.jpg: score=-100;too_small:409x179
Skip non-chart visual asset 88c1c1997be87d5f63b65936e8fbad20ba7b238ecdf968b401f4ee155070217e.jpg: score=-100;too_small:379x148
Skip non-chart visual asset edbda91af1e7bf74ac10fd6304c567557717c1e5187e6759e4457fcacdab0f7c.jpg: score=-100;too_small:1471x140
Skip non-chart visual asset d1054b409a0a21df3ce59736f3e17e783478067d4f2085ff78c446a3cc7c462a.jpg: score=1;chart_ratio
Skip non-chart visual asset 29b2642b54bbe9e83e29075abdd896b835bd8472d53a110a08a7b8230aea2d37.jpg: score=-100;too_small:167x109
Skip non-chart visual asset 36f75caa2fb5bf7614143993c253a2ff2665a865058d52118e83088c65bcefe4.jpg: score=2;chart_ratio,large
Skip non-chart visual asset cc64341c126bb8cb9d043928ed9e1531a546be8bfae53dd48e72f910807506f8.jpg: score=1;chart_ratio
Skip non-chart visual asset 6580461e2bbf92baa97d5009054d75e9c1fe700052ea66e89d9d3f32b929b62c.jpg: score=2;chart_ratio,contrast
Skip non-chart visual asset a5f9911537c7ac2858d2adff184357f0f8374a9b20cfe7abd6a3cbdafc1412b2.jpg: score=2;chart_ratio,large
Skip non-chart visual asset 0a0334827c1b5a515088bf6d31e6333c393ef690896b0c40c37f87d0ed505668.jpg: score=-100;too_small:457x76
Skip non-chart visual asset 7c59943cb3e936409e98fa9c35ab220b7941d7ef0a1cb204cd4a6946da3290e7.jpg: score=2;chart_ratio,contrast
Skip non-chart visual asset 849115460ba62c7e00706a520adde32565961ce0dfb27cddc01a5fc6f716dff3.jpg: score=-100;too_small:437x40
Skip non-chart visual asset 3a66f9141ed41431da65633288c4b7143a3254de6b8a3193ac1fb5375f680dd8.jpg: score=-100;too_small:479x143
Skip non-chart visual asset 25c4c78a90343b594de13694a1730f28704f8a39476876c58f9a97d9b934bbfa.jpg: score=0;chart_ratio,low_edge:0.04,large
Skip non-chart visual asset 236b3e7f50c54d46f36b3568a5e95ce6149d7e20759c3a98a53b0d577678cc65.jpg: score=-100;too_small:501x156
Skip non-chart visual asset 7dc8cdf565a8d8503e4e0dcdddace778e9054c8a05316edb5df11937fd120b57.jpg: score=-100;too_small:337x126
Skip non-chart visual asset 18eae1d4372d1668329f7d586eeb53fd1c0704378fd0c4024588661edd930d75.jpg: score=-100;too_small:490x93
Skip non-chart visual asset bea5c12d452f968aad4464c55d0caa2bbf6bdc93cfa9aa9c17a8ce10c9a2befb.jpg: score=-100;too_small:951x76
Skip non-chart visual asset da58938a9dd3de7c6df8e15db8cc748bef2fdd21ea2d3065225d1d0748353409.jpg: score=2;chart_ratio,square_without_chart_hint,edge:0.31,contrast,large
Skip non-chart visual asset 0763da73145a2c2f86641a7b226ff7f2ece69ea5cf1d0f0729e3807d30d5197e.jpg: score=-100;too_small:418x178
Skip non-chart visual asset 7096042ed3bfce11d1a8d17f13232eabc8206c1cc5ca445783aca7b6f4014870.jpg: score=1;chart_ratio
Skip non-chart visual asset e83641d04e8b754d1d745b4cad5193162ec296cc76b2d960cf58c9e0fe1d577c.jpg: score=-100;too_small:465x146
Skip non-chart visual asset fdb847b11fe497c3572cfa5ca07e2a111e23abadfd67f8c7f7dfa94af3e27a48.jpg: score=-100;too_small:490x204
Skip non-chart visual asset ff7b908ab2069b8705e15d55f7605d549238b608422167c6f9a257efc63319de.jpg: score=-100;too_small:404x189
Skip non-chart visual asset ff7ff14c5b75c2891f6886b31671e7631681939bef76569862a6fb4da741dbe4.jpg: score=-100;too_small:465x154
Skip non-chart visual asset f412939f786476c701594ac5edf066c24b66720ab1f0983d321c32b661152299.jpg: score=-100;too_small:409x176
Skip non-chart visual asset cf7b1a18506c3e63346064e589131837f1df0fdb0ec2434255d2363db3ae6b54.jpg: score=-100;too_small:409x137
Skip non-chart visual asset bd04e9f179bd7da94c889b6d6aaf082d21f89b9fc58f9010303f4c2fe67853c0.jpg: score=-100;too_small:462x56
Skip non-chart visual asset 080dc587438fc791f2aec31470671a62f36c06855beb614ccafbb76fc7416296.jpg: score=-100;too_small:348x126
Skip non-chart visual asset e3715f39d8206f47c47c0203e202a513af2ab485dfc4070e834c4469aa37fc99.jpg: score=-100;too_small:965x145
Skip non-chart visual asset 9b1bdae448c45971c60f9dd3c64414cc2687f7a129351d2896492e12c6a3a014.jpg: score=-100;too_small:417x179
Skip non-chart visual asset 507aea2e5cc009eb55c97f8c1b341de043419de90afc00ee2a7e974598d90922.jpg: score=-100;too_small:122x128
Skip non-chart visual asset 6cf7a7d255798ee6f09a0184c4d542116ea4388f07c5be2a665b7d8f3cd1afcd.jpg: score=1;chart_ratio
Skip non-chart visual asset 0b8bc639f848f11c6f03372e0dd51b4943e2cb4212b7855363c336ef4e85bc5e.jpg: score=-100;too_small:445x218
Skip non-chart visual asset f9826d0d77285d98ac6673db691f57658ece3502b08ace7566c26d2e9e4a3228.jpg: score=-100;too_small:510x117
Skip non-chart visual asset 5093b4076989cd89cb3be5fbe09c5299f30fd94daa7ad2c541c089b4af7729d3.jpg: score=-100;too_small:531x114
Skip non-chart visual asset 2a4cb2e424959445f8f2e5c63b10c4f32bb472a560bd365cf3ac97e0b331bc76.jpg: score=1;chart_ratio
Skip non-chart visual asset 8d1dab6f8f9c352aff051a62b90b5e8505dc8fbf9e72999cc1c11f328949ae43.jpg: score=-100;too_small:437x39
Skip non-chart visual asset b1a81a20643622c762e37266b6caed8be391086ffa2affb562a22bd0c85a5729.jpg: score=-100;too_small:523x89
Skip non-chart visual asset 81eeed49100fba1b4a3dc571d31472d6d1d53ca8e396969171cdb7370d812807.jpg: score=-2;square_without_chart_hint,contrast
Skip non-chart visual asset 522f833f4a93a0f718ca2fb62a5ea7934ba974f45045827c0f99de0296c97148.jpg: score=-100;too_small:409x167
Skip non-chart visual asset b42dce51f7c2637753b9da7074b44ba16c0ec098d32ed5f055e2383abf58d754.jpg: score=-100;too_small:462x137
Skip non-chart visual asset e9dbaef0b121491a6362783ad00e0052f81843f5e7597fed4056fed8056d19c3.jpg: score=-100;too_small:481x115
Skip non-chart visual asset d8927f40510446f37d8d205b33c4c29cc0071180b19ec478137fe582ec589561.jpg: score=-100;too_small:409x164
Skip non-chart visual asset 87e42a0d7337057bcbb185fb300251c8fa225e40089c5ab074ad68aa2e4bf02e.jpg: score=-100;too_small:479x73
Skip non-chart visual asset acad49e485eabb065b636b66ee60cb5a5cab377c17d3ed1656dc55f7f7d3d4b9.jpg: score=-1;square_without_chart_hint,edge:0.13
Skip non-chart visual asset 056467f8951eff9d0e6c11ff876f1bc8a80184d2ee21b72e59cb15cd49c1c679.jpg: score=1;chart_ratio
Skip non-chart visual asset 44f257f7c5a4584571a418599c5ec6b37ad6fc2395d79b516c19aa06e5b93329.jpg: score=-100;too_small:462x96
Skip non-chart visual asset 901960a88c87872f7be9abc2d5f4bd7154272185b84499df0ab369fc945829af.jpg: score=0;odd_ratio:4.96,edge:0.27,contrast
Skip non-chart visual asset 0d276c7d4e9871a06577d484e46fab2b3ede383113b103242c0ae450a7f916bb.jpg: score=-100;too_small:501x168
Skip non-chart visual asset 69d2f6430c4e7f21f73c2803a7ad1f8fa05de50abbb3a77a5064dc69fc8bbe6c.jpg: score=-100;too_small:437x70
Skip non-chart visual asset ab5be84df1fbc031a362f6e489280be1b9336e20375a9cb4343432a39ccbcc84.jpg: score=-100;too_small:470x126
Skip non-chart visual asset 623224ec9429d99bc0a89254f7f43e32a45521eb2e088566ff38cb72725df980.jpg: score=1;chart_ratio,square_without_chart_hint,edge:0.29,contrast
Skip non-chart visual asset ee770360c79475fa34f69f1f347d0bc16c7429f624f4b4feb33c0a0425073105.jpg: score=-100;too_small:476x112
Skip non-chart visual asset b8feb3d0a06a8f2cd1adb5374b4cf8d05c64267fc2079a31f77144f8c2962761.jpg: score=-100;too_small:965x170
Skip non-chart visual asset 98a63d1b89e5cdc513ec594a4824d7c0f6b40bd43993df6b705623267a73c1b9.jpg: score=-100;too_small:437x37
Skip non-chart visual asset d8473bec4e45d3c7e46e0871ef5b8bf8fbabdf0ab8c903e1b6edc9daf89c3cf3.jpg: score=2;chart_ratio,large
Skip non-chart visual asset bb69056f780ae8ecae98b421169946d61714d675b42b9774610be01f704e7c64.jpg: score=-100;too_small:518x112
Skip non-chart visual asset 73da67104212ea5153aa5c3c9f405fd25a050a1db48d32c3681177ef51bbd0ec.jpg: score=-100;too_small:449x206
Skip non-chart visual asset ee309ae230e2773bfa5931afe7bcd420e9556f6ddf4858c5775b1b606ae84aaf.jpg: score=-100;too_small:448x134
Skip non-chart visual asset 219d8a7260513fc3df6f47578660c966e6e38aee42b85723befdabbb5daba5c6.jpg: score=-100;too_small:417x126
Skip non-chart visual asset 48446c580e5f430424528163209d0cecdb1834d005a12f10562ec451331b5eb4.jpg: score=-100;too_small:418x175
Skip non-chart visual asset 69c0fbecb15c0c86364f141de48810ab7cc01cd8756866b6ef21e7a5c59b1648.jpg: score=-100;too_small:449x201
Skip non-chart visual asset 5c80bb2572215ef11eba052e80cb6b78e1e7e33f6315ba4cac935dd6c218d1c0.jpg: score=-100;too_small:531x115
Skip non-chart visual asset 9bc9b3999e8d2047b72b6e1e9e929455e9a63aad0b98e0baa5728b9747fffe0b.jpg: score=-100;too_small:476x142
Skip non-chart visual asset 29cb9c8727eb2b3ab0946e2723935aa4a3cd37a1b4f7aa308066e249fe24029a.jpg: score=-100;too_small:409x182
Skip non-chart visual asset 89938ca490e62c85eab3b02d4c88655cc2b3c281ea4c16b798010cef4b92e59b.jpg: score=-100;too_small:948x73
Skip non-chart visual asset 85e962e444623987725b6b69cc13ee9d6b925bbc0686e932a2abe97af6dac25e.jpg: score=-100;too_small:465x184
Skip non-chart visual asset 9da03a84e025e0503d1b6ac3b04dad7ceba2258eb29f8533ca934890606e6197.jpg: score=-100;too_small:418x179
Skip non-chart visual asset 28daef5c4ffb990d5383e968d9df4a6818e38adb5f1b4959b0b42d847247e996.jpg: score=2;chart_ratio,large
Skip non-chart visual asset 758dac070f5c04e268da58f4ef55b5cfb5b6710886f670194f8aa818f322cbf2.jpg: score=-100;too_small:445x212
Skip non-chart visual asset 7fa3f4115ec77c16259f3c047ed7831da73f273b61001c59501f3994572726e8.jpg: score=-100;too_small:487x84
Skip non-chart visual asset 8e41d6d401360e6c1de552e7cd0e025be3dfb166c29982065dee96059c26310d.jpg: score=-100;too_small:437x39
Skip non-chart visual asset 116cbc0807298b012e01e9569322546a3384323ec93294149b1e7484fae6798a.jpg: score=-100;too_small:462x134
Skip non-chart visual asset 2e17ccf3caee1bb9b8332e3fcbbe4d1a9fa0e7e8cfaf85f9ff77397ed39cca22.jpg: score=-100;too_small:501x170
Skip non-chart visual asset 4dc69bde8b2ab31342f51ec04d617bb9051f9b75dd4c7420276bc4cb70e22d3e.jpg: score=-100;too_small:454x106
Skip non-chart visual asset df65ae2fa76e3ecc6b1cec90332243d7ba14553d771d981832700a6a045010d3.jpg: score=-100;too_small:473x109
Skip non-chart visual asset 17621e8ba4386fe280d67ac591ffd733af5de93cb130805577e56c617453fb7c.jpg: score=1;chart_ratio,square_without_chart_hint,edge:0.29,large
Skip non-chart visual asset 4895df28a78a0dc025d3ce9443db5504dffa5fd3008d7bb9174bdd16457b64c9.jpg: score=-100;too_small:465x132
Skip non-chart visual asset da379217e183a88514975c99ca1b756a5cec41a05d4907abfe703c9ed61eca44.jpg: score=-100;too_small:465x185
Skip non-chart visual asset dae4fb6fc6d977637de35385a6134d322344cee73a7f68dacc99ffdd395c8f2b.jpg: score=1;large
Skip non-chart visual asset 924dcd3af8bdf86392ac96083adff54bd7f1b099057a2ea993e0811b05494082.jpg: score=-100;too_small:448x217
Skip non-chart visual asset c83b741f38f0403b3f7194fce9f6959de65f89f608af0376d98dce1700ba5f73.jpg: score=-100;too_small:418x178
Skip non-chart visual asset 33a22f822a1cd63b25303d7804d62fdbcabe385ebbde4967bf80c2551157c93e.jpg: score=-100;too_small:965x84
Skip non-chart visual asset a566aedaf3bb218f4069193200d762ea66909966511782ad681c19543dba42db.jpg: score=-100;too_small:512x112
Skip non-chart visual asset 29e21006fa5bed471454cd593fa012376bd36b34c0152f533c8bb7166140b45a.jpg: score=-100;too_small:451x140
Skip non-chart visual asset 8b6ab41dceab29effa67682afe819867364a6750f0d71652c8c8c6b7e9316551.jpg: score=-100;too_small:951x76
Skip non-chart visual asset ec12906a8ebf7777c7b55abf470c0de3dcaa76c745f8b2232b4b292cf33b2631.jpg: score=-100;too_small:512x112
Skip non-chart visual asset ebebc8e5f15f63fb6b8f56e9edcabc310b73da01b07a29868b515993fb334540.jpg: score=-100;too_small:449x146
Skip non-chart visual asset 185c56193a3633ee44e63e8fcac3c6ba56bd305fe258f6e57cb93f2b356dde95.jpg: score=1;chart_ratio,square_without_chart_hint,edge:0.44,contrast
Skip non-chart visual asset ead16ced79c94f941c09402f9634256f59ed5994dca0262edb2e63caefa2b2a9.jpg: score=-100;too_small:476x121
Skip non-chart visual asset c9daa6d65cdec45ec96beb30a56190b23c25d88c857759a57d55d28e5c733a35.jpg: score=-100;too_small:451x115
Skip non-chart visual asset 558d6265710d4716d01aa250bf11a685ad700ff619b9b57d73ee872b6f92d35c.jpg: score=-100;too_small:459x70
Skip non-chart visual asset 39906cc73c048d0869b36346a7ed6fb0190f1cbf33e3a614b4fa4cc49ca4720f.jpg: score=-100;too_small:409x143
Skip non-chart visual asset 3919f0c563556fc4e6e6b41bb4288316588fd18fa3c2a300cf49fffa60836859.jpg: score=-100;too_small:512x114
Skip non-chart visual asset 34fee5ed31106f2ae6d1d9cb57b5127ed202626b34a77ccb7ce2ccd9264ad8ec.jpg: score=-100;too_small:443x143
Skip non-chart visual asset bce0898a5512d0eb8e213a1c1e7169a215ee8b7733cdc13108fcc199b85f4c51.jpg: score=-100;too_small:465x126
Skip non-chart visual asset d5baac8137d06416673f1ad49a1041c960cdf668dd9158a343c303bbd6910b7c.jpg: score=-100;too_small:449x165
Skip non-chart visual asset 732e55ddf3f02c4cf9fb2b36326dda34717ee60c64747f52e4957913fb90cd6f.jpg: score=-100;too_small:951x76
Skip non-chart visual asset 8747d2da3678310cefc6352e00d006085e2e92c41b2badded73b5505d4a2af02.jpg: score=-100;too_small:443x214
Skip non-chart visual asset 885990202ea07c268cd2a2952711c60da6d6d0461c7313a4c8f60d90c459531e.jpg: score=-100;too_small:951x79
Skip non-chart visual asset 72fd060c1bc1b29b39d48d2e7c7e47352fc1b1f75aa27e1034fc30b7215bd261.jpg: score=-100;too_small:501x139
Skip non-chart visual asset 78e1bbf3ca08c6a4205678144ace4ccf1f8198fa20b55fa1d42ec9344fa7216b.jpg: score=-100;too_small:407x190
Skip non-chart visual asset f6078843ff6a2fb746478fb8958c12cafdb796649355d0bc1e70384f4f0ec4fb.jpg: score=-100;too_small:449x201
Skip non-chart visual asset 0e928220c1c7f5ac3ec16b2dd69cee54c930c5722e19c2bc7ebd92dfb25a37f0.jpg: score=-100;too_small:501x165
Skip non-chart visual asset 0dd002ca3d54056ea03e5c7bbad4634cfec362b3d164e29fa508d3158e8179ef.jpg: score=1;chart_ratio
Skip non-chart visual asset 9727247ac913c2af01d3107a228a84500b53e4f332e73684d8309b091c56e3f4.jpg: score=0;square_without_chart_hint,edge:0.42,contrast
Skip non-chart visual asset 6bc8c00930717474cfeca9881553e1e3dccb320f8b93e0af44862ca370ebf942.jpg: score=-100;too_small:465x137
Skip non-chart visual asset c88bb654c77ba269dd3ccf972958a83c10deb3abbc38d48a1bdc6a8228d3aa09.jpg: score=-100;too_small:465x167
Skip non-chart visual asset 68bc204a6e5ce2ab23b3e53a51068e39e91b063d54720274a30a6f4aca90a4a9.jpg: score=1;chart_ratio
Skip non-chart visual asset e388a5827d671732637c1345b6b5a3f95f137f449c92f0d5240e76d79f82b778.jpg: score=-100;too_small:470x142
Skip non-chart visual asset 1e59973b835932d99709f5b486fa9b81eb14615c13e8f6e515a24320d426c008.jpg: score=-100;too_small:531x117
Skip non-chart visual asset 1961bf88d1e906c249f5454e7aa5fe8b31177f8f5829bba7644c8f4c2d12fbe3.jpg: score=-100;too_small:634x90
Skip non-chart visual asset e427357bc2156b5c08b69d8549df055771e903db90a6cbf64a30650ce1bd8f8c.jpg: score=-1;square_without_chart_hint,edge:0.12
Skip non-chart visual asset d1a76ca9714dc605f01ab0f63593aeff685ce6fae67c606c21b6270172653cd6.jpg: score=-100;too_small:437x37
Skip non-chart visual asset a6ad007fb50381c16aee4bccb56854fc683b3733583e74742fac78a2992f12f3.jpg: score=-100;too_small:465x129
Skip non-chart visual asset c0ee3ef6c972d5d209fe14cd21ef36ae8807a824dfa26d3e5d56b658c993a726.jpg: score=-1;square_without_chart_hint,edge:0.12
Skip non-chart visual asset b0778ea0624d5b675add75e59d9c6ebab81d04cd6dca4b4c1cb2885c72551f8f.jpg: score=0;square_without_chart_hint,edge:0.29,large
Skip non-chart visual asset bb82c6ac506883acd77dadc7f13e88191f52aa262aa8b201571b7b512ca5888e.jpg: score=2;chart_ratio,large
Skip non-chart visual asset e0c83fd7c5b980217621d0518519790e488587d14639b2246bf0c051c82a712b.jpg: score=-100;too_small:401x182
Skip non-chart visual asset 22ca96f9761ae1b37bcd7f4eb05267dd36d06f6077df871cb030660afc6f206c.jpg: score=-100;too_small:415x187
Skip non-chart visual asset c8face611bb1ab1c6ddb182a3071b4de12cfd1d903e2d3ecb57cae13e45ea13e.jpg: score=-100;too_small:929x112
Skip non-chart visual asset 2f1a5a8998674cb2a2c49d6393699c440dfaeb34beb2fe2277556170f3c09951.jpg: score=-100;too_small:337x123
Skip non-chart visual asset 29579b6fd8659b066c5dfd9b3ed8abf6382847853386f30e0803e98e0b5e14b0.jpg: score=-100;too_small:479x109
Skip non-chart visual asset c8ae8fe5a3035c7e7e2ab42a99680bb548af8c04656886cd579ff5f09a0794fc.jpg: score=-100;too_small:465x120
Skip non-chart visual asset 615556dc1604f65e511db3758568d946b2cc10d545796658900b0992ede7f97d.jpg: score=-100;too_small:610x87
Skip non-chart visual asset 9816e34439baf74c46bd260e31d66f348b957a27d3730fbe5c42a10bb516db4f.jpg: score=-100;too_small:409x150
Skip non-chart visual asset 3fc1a0100962337a8c455c9f7fc2105296164fc52c358d69c498c83e49923b7b.jpg: score=-100;too_small:468x112
Skip non-chart visual asset 50c57914677e47633f9ca9b6673adb8287c9ca5536261163a55330141cdcadb2.jpg: score=-100;too_small:445x218
Skip non-chart visual asset ac56d2d4c78626a3df2f636f48620dcdbb65e86b31cc8a5b6b3ad32f76ba62ed.jpg: score=-100;too_small:470x126
Skip non-chart visual asset 14d3f1a442f0a8c352444fb4b43900165677c10e469f9c554a0d2d6c9b92186f.jpg: score=-100;too_small:412x148
Skip non-chart visual asset 95c9afcbeeb1e28e6d64136d7a9399d3f6683d54310b50e3a77eaa6de2425cc0.jpg: score=-100;too_small:401x190
Skip non-chart visual asset bbf6b3edb0598f11a990013048f982177bf0d76a63c1ccb30b02d1346188590e.jpg: score=-100;too_small:457x98
Skip non-chart visual asset a4365ca343111e69264738465bd61e54d042118d80f8570f80313321e4a0b492.jpg: score=-100;too_small:417x175
Skip non-chart visual asset 744f14c44d22f07e3a4351fae0f53d153851f51dace5dda51e2e0daa7826a86f.jpg: score=-100;too_small:462x101
Skip non-chart visual asset a9be0f6e7f3987c16ec18c202b3cca36c2aa0a7d3f40bda4b68222fdf873dd9b.jpg: score=-100;too_small:449x201
Skip non-chart visual asset 360de6be31e25a94f53bd7ee12b3ea662020363416cae1f10b704e1a3edf02ab.jpg: score=-100;too_small:476x178
Skip non-chart visual asset 70a12490c7e81076d477dfe92ebcb0ef36f26542488a808c031906f8057a4609.jpg: score=-100;too_small:409x137
Skip non-chart visual asset c0a6d6383c5a93708619b556c527cb79f86a1d4e037a8a20e121c700f8727fe6.jpg: score=-100;too_small:404x189
Skip non-chart visual asset c6e571f4f756b96050a74b2a8c68a0d46aee2b91fea490af8095c2c7c80ede39.jpg: score=-100;too_small:449x204
MinerU result contained no standalone chart images; creating title card only.
Skip non-chart visual asset e27365e133c3a34b4580126a88f8e59f65f021a6f54cdc1c29ecc3863d5a5d41.jpg: score=1;chart_ratio,square_without_chart_hint,edge:0.19,contrast
Skip non-chart visual asset 3127ee1537920fb2f904415da2f765ec1500f757176b8bc9b783e373f0e0177e.jpg: score=-100;too_small:1809x40
Skip non-chart visual asset dffd4308c3dd658003fe4d8cc2eff11ec59b1b5c91cb22764e7e22fb161df533.jpg: score=-100;too_small:515x131
Skip non-chart visual asset bbe4847cd01a984d40de32942fe8060e99e55b92eca6a82e11f64afb98fbd197.jpg: score=0;chart_ratio,square_without_chart_hint,edge:0.17
Skip non-chart visual asset 8258aa62b2c4c582edff9535d02c8577746e15dbe2a0311832d1cb7bc730cded.jpg: score=-2;odd_ratio:6.77,large
Skip non-chart visual asset 8d6dfe47eb934dbed9817c37b37e5152b6a5588ffc097fd417a4ac14ce56e8aa.jpg: score=1;square_without_chart_hint,edge:0.34,contrast,large
Skip non-chart visual asset 2e45cf102204cb1f4b56167939e3b264da9b8f076c47059878ed78688f5bdbf7.jpg: score=2;chart_ratio,large
Skip non-chart visual asset 33d096248dad516d326a7042b3662b31e857a338f4ea1c1be53c7817dfb213dc.jpg: score=0;square_without_chart_hint,edge:0.27,large
Done. Results written to /home/runner/work/rpt_edit/rpt_edit/xhs_notes/dropbox/260710/shard_9; successful_reports=5; mineru_timed_out=False; mineru_attempts=1
All batches completed successfully. Generated 5 report directories.
