Found 29 total PDFs; shard 0/40 has 5 PDFs, skips 0 already converted, will process 5 PDFs with batch_size=5.
Running batch 1: 5 PDFs
Found 5 PDFs. MinerU token slots available=2.
MinerU attempt 1/4 using MINER_U_2: submitting 5 PDF(s).
Uploading PDF to MinerU: /tmp/pdf_batch_001_hpibkzis/pdfs/0001-01-Goldman Sachs-Global Economics Analyst-Disentangling Tech Hiring Headwinds- Higher Rates- Overhiring- and AI-260702.pdf
Uploading PDF to MinerU: /tmp/pdf_batch_001_hpibkzis/pdfs/0002-02-Deutsche Bank-China Macro-2026 H2 Outlook- Balancing a TwoSpeed Economy-260630.pdf
Uploading PDF to MinerU: /tmp/pdf_batch_001_hpibkzis/pdfs/0003-03-Goldman Sachs-US ECONOMICS ANALYST-From Innovation to Productivity Boom-Lessons from the ICT Revolution for the AI Era-260701.pdf
Uploading PDF to MinerU: /tmp/pdf_batch_001_hpibkzis/pdfs/0004-04-Goldman Sachs-US Macroscope- Decomposing recent Russell 2000 outperformance and the second-half outlook for small caps-260701.pdf
Uploading PDF to MinerU: /tmp/pdf_batch_001_hpibkzis/pdfs/0005-05-Goldman Sachs-USA-Warsh Says Inflation Risks Have Come Down-260701.pdf
MinerU attempt 1 using MINER_U_2 batch_id=c301d929-2bb5-4ec2-b480-c35b4239f172
MinerU states: running, running, waiting-file, waiting-file, waiting-file
MinerU states: done, done, running, running, pending
MinerU states: done, done, done, done, done
/home/runner/work/rpt_edit/rpt_edit/scripts/pdf_to_xhs_batch.py:277: DeprecationWarning: Image.Image.getdata is deprecated and will be removed in Pillow 14 (2027-10-15). Use get_flattened_data instead.
  pixels = list(gray.getdata())
Skip non-chart visual asset 5f5521aec83a31b9173485b25498a32b0607611c93b0c8372d3d38acb6755f81.jpg: score=1;chart_ratio,square_without_chart_hint,edge:0.28,large
Skip non-chart visual asset eaca2653a5ff9a07ee0c008899f1e0d3ec3c738ac28d3960057fd5b32d60979b.jpg: score=2;chart_ratio,square_without_chart_hint,edge:0.16,contrast,large
Skip non-chart visual asset 0332eeddb9983cbf27ad7aab8c3dcb7dba85441ff006bc12f36925b2d59cc3f3.jpg: score=1;chart_ratio,square_without_chart_hint,edge:0.27,large
Skip non-chart visual asset 40fd3d4858e7cc251d4d55128f32115194cf1648fbefc85beb907baedcd6a2ab.jpg: score=1;chart_ratio,square_without_chart_hint,edge:0.14,large
Skip non-chart visual asset b5ce0e61f3137e04c6c6461075a29fd94cabd5d56be9b129f65bb6ff348fea29.jpg: score=2;chart_ratio,square_without_chart_hint,edge:0.23,contrast,large
Skip non-chart visual asset 7a6a7a176890f3f7321e6d253cd55fe0e158c98abfddeb9cec260ef3421898e2.jpg: score=-100;too_small:801x151
Skip non-chart visual asset 4d8821aad3e0fe1263502ed985380d01883b7b7da64772b9e74410e29dda3219.jpg: score=0;square_without_chart_hint,edge:0.29,large
Skip non-chart visual asset b0b1d02415c7355395a6cbc59847a58329ebb970727d137476d586eb09cb8dd3.jpg: score=-1;odd_ratio:5.45,edge:0.21
Skip non-chart visual asset ead7e274c8db41dc2322337807fa8b5089605bdb3f246ac469b3eb1953bf9c8a.jpg: score=1;chart_ratio,square_without_chart_hint,edge:0.11,large
Skip non-chart visual asset f52280b93907825c7e63934103f29f2e4c3e580474fbb132799bf1e2c3ab312b.jpg: score=1;chart_ratio,square_without_chart_hint,edge:0.17,large
Skip non-chart visual asset 8b36f4f63ab675c18a8abc5db774bf2b259f00110944799efe0f1cbd038d17bd.jpg: score=1;square_without_chart_hint,edge:0.21,contrast,large
Skip non-chart visual asset 1f1684f3f165611f63dc1dc41e90190bfe294364a7c8efa2e0e2aa8b8a11afce.jpg: score=2;chart_ratio,square_without_chart_hint,edge:0.32,contrast,large
Skip non-chart visual asset bc9e68bd730addc0842fa5ba45d4761a7a4ebefe7d1e71af1632243b5d4155c7.jpg: score=1;chart_ratio,square_without_chart_hint,edge:0.26,large
Skip non-chart visual asset 610374d1329379ac322b4eaaf29e295a873f565683dabc2bfdbc82509bc51141.jpg: score=1;chart_ratio,square_without_chart_hint,edge:0.18,contrast
MinerU result contained no standalone chart images; creating title card only.
Done. Results written to /home/runner/work/rpt_edit/rpt_edit/xhs_notes/dropbox/260702/shard_0; successful_reports=5; mineru_timed_out=False; mineru_attempts=1
All batches completed successfully. Generated 5 report directories.
