Found 11 total PDFs; shard 1/40 has 5 PDFs, skips 0 already converted, will process 5 PDFs with batch_size=5.
Running batch 1: 5 PDFs
Found 5 PDFs. MinerU token slots available=2.
MinerU attempt 1/4 using MINER_U_2: submitting 5 PDF(s).
Uploading PDF to MinerU: /tmp/pdf_batch_001_kqm3aplg/pdfs/0001-06-Goldman Sachs-South Korea Industrials- Defense and Robotics- Takeaways from US marketing-260629.pdf
Uploading PDF to MinerU: /tmp/pdf_batch_001_kqm3aplg/pdfs/0002-07-Nomura-Optimus ramps- China scales up as cost curves bend lower-260628.pdf
Uploading PDF to MinerU: /tmp/pdf_batch_001_kqm3aplg/pdfs/0003-08-Goldman Sachs-China- Three things in China-260628.pdf
Uploading PDF to MinerU: /tmp/pdf_batch_001_kqm3aplg/pdfs/0004-09-Nomura-USD CNY fix model-Projection-6.8077-260629.pdf
Uploading PDF to MinerU: /tmp/pdf_batch_001_kqm3aplg/pdfs/0005-10-Bernstein-Asia-Pacific Nuclear Power- The next wave of nuclear builds. What does a -250bn nuclear pipeline mean for Doosan--260629.pdf
MinerU attempt 1 using MINER_U_2 batch_id=69b73fbb-ba03-4149-8ad8-05bc8683d446
MinerU states: running, running, failed, pending, waiting-file
MinerU states: done, done, failed, running, done
MinerU states: done, done, failed, done, done
1 PDF(s) remain incomplete after attempt 1.
MinerU attempt 2/4 using MINER_U: submitting 1 PDF(s).
Uploading PDF to MinerU: /tmp/pdf_batch_001_kqm3aplg/pdfs/0003-08-Goldman Sachs-China- Three things in China-260628.pdf
MinerU attempt 2 using MINER_U batch_id=43fd7185-1d30-49a0-be72-dba923aa3824
MinerU states: pending
MinerU states: failed
1 PDF(s) remain incomplete after attempt 2.
MinerU attempt 3/4 using MINER_U_2: submitting 1 PDF(s).
Uploading PDF to MinerU: /tmp/pdf_batch_001_kqm3aplg/pdfs/0003-08-Goldman Sachs-China- Three things in China-260628.pdf
MinerU attempt 3 using MINER_U_2 batch_id=62246e6c-5cdf-442d-bb4f-3347728b031b
MinerU states: pending
MinerU states: failed
1 PDF(s) remain incomplete after attempt 3.
MinerU attempt 4/4 using MINER_U: submitting 1 PDF(s).
Uploading PDF to MinerU: /tmp/pdf_batch_001_kqm3aplg/pdfs/0003-08-Goldman Sachs-China- Three things in China-260628.pdf
MinerU attempt 4 using MINER_U batch_id=fd6afccf-348e-4fc9-980b-092c0c508f0e
MinerU states: waiting-file
MinerU states: failed
1 PDF(s) remain incomplete after attempt 4.
/home/runner/work/rpt_edit/rpt_edit/scripts/pdf_to_xhs_batch.py:277: DeprecationWarning: Image.Image.getdata is deprecated and will be removed in Pillow 14 (2027-10-15). Use get_flattened_data instead.
  pixels = list(gray.getdata())
Skip non-chart visual asset 3d70baa5b3a43df565ae9b5465300700acf395c77373b453489ad99d78d821c0.jpg: score=-100;too_small:1159x106
Skip non-chart visual asset ffb701b4d42ee6cb9e0abeef141312a6ec1dcf5a9904821ef789d4a5ba9d15c6.jpg: score=1;chart_ratio
MinerU result contained no standalone chart images; creating title card only.
Skipping PDF after MinerU retry exhaustion: 0003-08-Goldman Sachs-China- Three things in China-260628.pdf
Skip non-chart visual asset 64e6e93f8126968013140228d6501af4ca188ba0e8562074c15c1b2143c5bbf1.jpg: score=1;chart_ratio,square_without_chart_hint,edge:0.18,contrast
Skip non-chart visual asset 08af9c761d7c2f6b489a17eee45e2b45c7f5e1fcae3d646c90f94d8159972ddd.jpg: score=-1;odd_ratio:5.69,edge:0.14
Skip non-chart visual asset e1cd3d923e4fb5c4d098bc534d8f6fb353610fde2b4ab8cd0cca982d998c6a25.jpg: score=1;odd_ratio:4.91,edge:0.21,contrast,large
Skip non-chart visual asset a95c3c44bc1f598b2c841490c07f70371aadec8b004d37172a32f586da72041d.jpg: score=2;chart_ratio,square_without_chart_hint,edge:0.14,contrast,large
Skip non-chart visual asset e4f7247235a385316998a90afcec74e6951d8b865aee9c7677919b7566a9ff2f.jpg: score=-100;too_small:364x207
Skip non-chart visual asset f968f86349b8eea45bac5028ba9369800863fc55c71111f984647f70a05b6800.jpg: score=-100;too_small:195x67
Skip non-chart visual asset 7a553c03229cfda2cc7850894e87d9631433a5493d1699d1ac3651010372dd4f.jpg: score=-100;too_small:96x95
Skip non-chart visual asset 150fd3804d11e73662b70b848a0b8e293ecb3d092e9ba5edce16ceb3410f09e5.jpg: score=-100;too_small:96x96
Skip non-chart visual asset 3bc5820285da1537b69662969d3ef7996091f475db893010c3d061d2fa3a9402.jpg: score=-100;too_small:96x95
Skip non-chart visual asset dd242658564ef07c270f8cb1e9e6b653a359adf57571dfe8dee6dab7a9c7b128.jpg: score=2;chart_ratio,square_without_chart_hint,edge:0.15,contrast,large
Skip non-chart visual asset be1c2e2fbb1ff83b2450becbd2fae4c773315435bda11f8cbedff860a3d91439.jpg: score=-100;too_small:417x146
Done. Results written to /home/runner/work/rpt_edit/rpt_edit/xhs_notes/dropbox/260629/shard_1; successful_reports=4; mineru_timed_out=False; mineru_attempts=4
All batches completed successfully. Generated 4 report directories.
