Found 62 total PDFs; shard 6/40 has 5 PDFs, skips 0 already converted, will process 5 PDFs with batch_size=5.
Running batch 1: 5 PDFs
Found 5 PDFs. MinerU token slots available=2.
MinerU attempt 1/4 using MINER_U_2: submitting 5 PDF(s).
Uploading PDF to MinerU: /tmp/pdf_batch_001_8qvvc20k/pdfs/0001-31-HSBC-China Healthcare Marketing takeaways- The best non-AI play-260721.pdf
Uploading PDF to MinerU: /tmp/pdf_batch_001_8qvvc20k/pdfs/0002-32-Goldman Sachs-Texas Instruments Inc. -TXN.US-- Strong results and guidance suggests continued momentum in the analog recovery-260722.pdf
Uploading PDF to MinerU: /tmp/pdf_batch_001_8qvvc20k/pdfs/0003-33-Goldman Sachs-Tesla Inc. (TSLA)_ Business and technical progress in key markets- and costs of investments- remain in focus- 2Q wrap-260722.pdf
Uploading PDF to MinerU: /tmp/pdf_batch_001_8qvvc20k/pdfs/0004-34-HSBC-Hanbell Precise Machinery-002158--Buy- Sustainable growth prospects-260721.pdf
Uploading PDF to MinerU: /tmp/pdf_batch_001_8qvvc20k/pdfs/0005-35-HSBC-China Real Estate-Soft 1H26 earnings priced in- still underwriting the 2027 recovery-260721.pdf
MinerU attempt 1 using MINER_U_2 batch_id=945ced79-ce23-4720-9902-658c4697e0e3
MinerU states: pending, pending, pending, pending, pending
MinerU states: pending, pending, pending, pending, pending
MinerU states: pending, pending, pending, pending, pending
MinerU states: pending, pending, pending, pending, pending
MinerU states: pending, pending, pending, pending, pending
MinerU states: pending, pending, pending, pending, pending
MinerU states: pending, pending, pending, pending, pending
MinerU states: pending, pending, pending, pending, pending
MinerU states: pending, pending, pending, pending, pending
MinerU states: pending, pending, pending, pending, pending
MinerU states: pending, pending, pending, pending, pending
MinerU states: pending, pending, pending, pending, pending
MinerU states: pending, pending, pending, pending, pending
MinerU states: pending, pending, pending, pending, pending
MinerU states: pending, pending, pending, pending, pending
MinerU states: pending, pending, pending, pending, pending
MinerU states: pending, pending, pending, pending, pending
MinerU states: pending, pending, pending, pending, pending
MinerU states: pending, pending, pending, pending, pending
MinerU states: pending, pending, pending, pending, pending
MinerU states: pending, pending, pending, pending, pending
MinerU batch 945ced79-ce23-4720-9902-658c4697e0e3 had no parsing progress after 300s; switching token/retry path.
5 PDF(s) remain incomplete after attempt 1.
MinerU attempt 2/4 using MINER_U: submitting 5 PDF(s).
Uploading PDF to MinerU: /tmp/pdf_batch_001_8qvvc20k/pdfs/0001-31-HSBC-China Healthcare Marketing takeaways- The best non-AI play-260721.pdf
Uploading PDF to MinerU: /tmp/pdf_batch_001_8qvvc20k/pdfs/0002-32-Goldman Sachs-Texas Instruments Inc. -TXN.US-- Strong results and guidance suggests continued momentum in the analog recovery-260722.pdf
Uploading PDF to MinerU: /tmp/pdf_batch_001_8qvvc20k/pdfs/0003-33-Goldman Sachs-Tesla Inc. (TSLA)_ Business and technical progress in key markets- and costs of investments- remain in focus- 2Q wrap-260722.pdf
Uploading PDF to MinerU: /tmp/pdf_batch_001_8qvvc20k/pdfs/0004-34-HSBC-Hanbell Precise Machinery-002158--Buy- Sustainable growth prospects-260721.pdf
Uploading PDF to MinerU: /tmp/pdf_batch_001_8qvvc20k/pdfs/0005-35-HSBC-China Real Estate-Soft 1H26 earnings priced in- still underwriting the 2027 recovery-260721.pdf
MinerU attempt 2 using MINER_U batch_id=671f476b-df70-4f10-8383-d7e11cfe774c
MinerU states: running, running, pending, pending, waiting-file
MinerU states: done, done, running, running, running
MinerU states: done, done, running, running, running
MinerU states: done, done, done, done, done
/home/runner/work/rpt_edit/rpt_edit/scripts/pdf_to_xhs_batch.py:293: DeprecationWarning: Image.Image.getdata is deprecated and will be removed in Pillow 14 (2027-10-15). Use get_flattened_data instead.
  pixels = list(gray.getdata())
Skip non-chart visual asset 20a844ed11977c6680fea42d62244795c196108a024d46ee6ceeddb8f829c1c4.jpg: score=0;square_without_chart_hint,edge:0.24,large
Skip non-chart visual asset c8d7940b09953c9676990d6b285a507ee29e2de2e1a9e3d29f69ddac2285286e.jpg: score=-100;too_small:1074x87
Skip non-chart visual asset 3fad373309f920432b56fb29f96253ef41a004ee977f9ba9d1c89b70b17710e7.jpg: score=-100;too_small:670x156
Skip non-chart visual asset 98cf34e45117dcf6c243748b66c7f2915849b671a8e0903d28a7bc4d9a932cd3.jpg: score=-1;odd_ratio:5.74,edge:0.20
Skip non-chart visual asset e5bc25d22e6e74895b2dffdf5d0d78ead40a034353e9bea9f7620632701259cb.jpg: score=-1;odd_ratio:5.07,edge:0.19
Skip non-chart visual asset 10d42598432b38e938159ab4f19b0992772667a903787d750e7fa0b1e8b0f3f9.jpg: score=-100;too_small:1429x175
Skip non-chart visual asset 97e5c09250c9ef3a3256117b41e6ec47a277f7ebb3724dbc82743b1bfbca0bef.jpg: score=2;chart_ratio,square_without_chart_hint,edge:0.41,contrast,large
Skip non-chart visual asset 88de1da5439aadb89bd141625b73581f0e3b583d6a235d8f5018fc0bb9cff6a1.jpg: score=-100;too_small:1298x173
Skip non-chart visual asset 751dacc89cf22a739d956a0c4b2a9bf000de53754a1a67a80a5ee9924e06bf56.jpg: score=-1;square_without_chart_hint,edge:0.30
Skip non-chart visual asset 5ec9e0178f2ebdd5b75dfe86aba7e91972154e6d6aa8c519fe3d16da345a737b.jpg: score=-100;too_small:1159x109
Skip non-chart visual asset c90551258db0c5e1ff67327157141e49a249ea3644fc236c4225d02b523c8725.jpg: score=0;odd_ratio:5.62,edge:0.31,contrast
Neutralized WeChat title while keeping the report: 高盛：德州仪器业绩与指引显示模拟芯片复苏势头 -> 高盛：德州仪器业务与近期数据观察
Skip non-chart visual asset 41784226045697bfcaf090ba9864ef312708735a27c82fe10bc4c3a73ea7e69a.jpg: score=0;square_without_chart_hint,edge:0.37,large
Skip non-chart visual asset d97c6a15d91b01f729f66aa2ae19e6e274d35c1b38c6de1e46f00c12e3bf9c7d.jpg: score=1;chart_ratio,square_without_chart_hint,edge:0.29,large
Skip non-chart visual asset b4107017e7501f3e712d0d4dc1df5feddf5af91712c8b4a8561aefd91f2bb974.jpg: score=-100;too_small:543x153
Skip non-chart visual asset 51c016c89bcaaf1176f1308d022ec4a0d36e81d1b3172ac5f34e6114e0b23678.jpg: score=1;chart_ratio,square_without_chart_hint,edge:0.35,large
Skip non-chart visual asset dab8499a2bbc1567a074b5a454ff7a23be8df7cf752cc52469e0f235f81d6d4d.jpg: score=-100;too_small:1159x109
Neutralized WeChat title while keeping the report: 高盛：特斯拉关键市场业务与技术进展及研究成本受关注 -> 高盛：研究主题与行业变化观察
Skip non-chart visual asset 29c919becb5c02abc5832c0e3f00fcb61cd6816f300c0dae62909f5853986396.jpg: score=1;chart_ratio,square_without_chart_hint,edge:0.14,contrast
Skip non-chart visual asset 99a025fef8e9050a48d8fa960211162ad50f1330d16332868d8e1fbb6eed5b44.jpg: score=0;square_without_chart_hint,edge:0.39,large
Skip non-chart visual asset 9f9468b759f1ee6cef352debec2883a1be6ac761def275b72f1cda2ff2de5b70.jpg: score=-100;too_small:73x67
Skip non-chart visual asset 376e2ac1dd6eb0628c9243435e9c2722f14a74c818745e1f8f6a69229d5de6a9.jpg: score=0;chart_ratio,square_without_chart_hint,edge:0.23
Skip non-chart visual asset 3a8faac6657dcc7f7f8791bde56b35e704cae2e94b60f91eef31238a224fd352.jpg: score=1;chart_ratio,square_without_chart_hint,edge:0.15,contrast
Skip non-chart visual asset adb909d51c7f631259b8a8d2731d31929b96759a62c92c629e443423445e903b.jpg: score=-100;too_small:229x76
Skip non-chart visual asset eb7e1b6d87b20d9de087fcd672836e544a26ff10287f44badb3463d7ed4182c5.jpg: score=-100;too_small:323x231
Skip non-chart visual asset 15846bffe82de9cb69538ae072cbdc1f000e840b973fa33af0f243f628dd4558.jpg: score=0;chart_ratio,square_without_chart_hint,edge:0.21
Skip non-chart visual asset 65c69699fa7d03d572adcd83f1651548e74cc2ffe02a1cc70b79eeb90bce2a05.jpg: score=-100;too_small:340x237
Skip non-chart visual asset a187284d795922f2e0483306c526c72bb41ee7343e95de2bb330a81d67021f26.jpg: score=-100;too_small:1426x76
Skip non-chart visual asset 78234fd8840685804fc6ccd9bb64fe71ed5577d76022a0b7529977984679c50a.jpg: score=0;square_without_chart_hint,edge:0.30,large
Skip non-chart visual asset 20ccf41896be8ccdd140753c527e8c0259e18b6dd23ae4e125df55259ff158dc.jpg: score=-100;too_small:690x153
Skip non-chart visual asset 665e03685f58910daec16b8f2d9a94b65c30d37efbfe95d0b7254169543b40c9.jpg: score=1;chart_ratio,square_without_chart_hint,edge:0.22,contrast
Skip non-chart visual asset f82e6d3c52f6d3c6ad0f7ce58db1640e3692485ed30c4f8b987bf954ddb401f5.jpg: score=1;chart_ratio,square_without_chart_hint,edge:0.15,contrast
Skip non-chart visual asset a0ce2ae5dfa1eb6dd703ad297f08d653f86a58a6c0d19fb2fab5245920b60abe.jpg: score=-100;too_small:287x79
Skip non-chart visual asset 05b26b30d62b2de8cefd0976a4ee1732b963f7572cbd73df8a3e5ab2f987c99c.jpg: score=-100;too_small:470x146
Skip non-chart visual asset 0ed6eb537dc56c82c48a9a3d397997db6d6bd2474979cb4798e421c5b79b3e56.jpg: score=1;chart_ratio,square_without_chart_hint,edge:0.32,large
Neutralized WeChat title while keeping the report: 汇丰：汉钟精机可持续增长前景 -> 汇丰：汉钟精机可持续业务与近期数据观察
Skip non-chart visual asset f114cc2e18b4a84d940b7c56addb16ce2b1236f62ae998eb1f9655686a985818.jpg: score=-100;too_small:1074x142
Skip non-chart visual asset 465b9d71eda4769c0bcf3d5a6411c25a534d5885835abf7ee97f63884fa46f77.jpg: score=1;chart_ratio,square_without_chart_hint,edge:0.24,contrast
Skip non-chart visual asset b1af09daf752c9855bf1c52b82d0e87371dbb1f2f4438a0f3cc446cfcbf93809.jpg: score=1;chart_ratio,square_without_chart_hint,edge:0.20,contrast
Skip non-chart visual asset 430480c884e316137effaeb60591a6e3145659ed8cf5b3871db40f122705b849.jpg: score=-100;too_small:1384x162
Skip non-chart visual asset 18becf0e08d16753ec7b3807ab1ced91cc632f209ac389ef68654bde80204e46.jpg: score=1;chart_ratio,square_without_chart_hint,edge:0.27,contrast
Skip non-chart visual asset b3edd469b3ee3f6500f17d026fc8a826ce66327b20be366cab70d1e76500f90c.jpg: score=-100;too_small:1429x164
Skip non-chart visual asset 48b2c62ec7d95b40247e5b669a47e62fd5c02b4efec5f1e5b3e4f8145f07bc13.jpg: score=1;chart_ratio,square_without_chart_hint,edge:0.43,large
Skip non-chart visual asset b51b59c7fae3d5b8f3e0f4dc7e3de9b25923d41dd1c9be946d4c5518f391d83d.jpg: score=0;square_without_chart_hint,edge:0.37,large
Skip non-chart visual asset 6070fb921749e729cd064834f449d6cd2c003e6eb714bfdb8064bf9166a3efe3.jpg: score=1;chart_ratio,square_without_chart_hint,edge:0.37,large
Skip non-chart visual asset a4b4561e9e204caabcc1d9beaedcf82dbde167b6443c4baa83a8c31c4d310520.jpg: score=1;chart_ratio,square_without_chart_hint,edge:0.30,contrast
Skip non-chart visual asset 0ddc7448aec153076745e4a66c368be13839755792b14c8fcbbd368f744286de.jpg: score=-100;too_small:1428x174
Skip non-chart visual asset f2ee3f0ed2bddf57fe937906418af78bd58159ea0822dfbfd5d84d25bf96e8bb.jpg: score=0;odd_ratio:6.74,edge:0.32,contrast
Neutralized WeChat title while keeping the report: 汇丰：中国房地产-2026上半年业绩已定价-仍押注2027年复苏 -> 汇丰：城市与住房数据变化观察
Done. Results written to /home/runner/work/rpt_edit/rpt_edit/xhs_notes/dropbox/260723/shard_6; successful_reports=5; mineru_timed_out=True; mineru_attempts=2
All batches completed successfully. Generated 5 report directories.
