Found 59 total PDFs; shard 1/40 has 5 PDFs, skips 0 already converted, will process 5 PDFs with batch_size=5.
Running batch 1: 5 PDFs
Found 5 PDFs. MinerU token slots available=4.
MinerU attempt 1/4 using MINER_U_2: submitting 5 PDF(s).
Uploading PDF to MinerU: /tmp/pdf_batch_001_u0dut9we/pdfs/0001-06-Bernstein-Estee Lauder- Procter - Gamble- Is the China turnaround durable- Part 1- Competitive landscape-260724.pdf
Uploading PDF to MinerU: /tmp/pdf_batch_001_u0dut9we/pdfs/0002-07-Bernstein-U.S. Semiconductors Advanced Micro Devices -AMD-- Key takeaways from the Advancing AI Event-260724.pdf
Uploading PDF to MinerU: /tmp/pdf_batch_001_u0dut9we/pdfs/0003-08-Bernstein-NextEra Energy Inc-NEE.US-NextEra Energy -NEE- Q2 26- Firing on all cylinders - large load tariffs at FPL- strong origination at NEER-260724.pdf
Uploading PDF to MinerU: /tmp/pdf_batch_001_u0dut9we/pdfs/0004-09-Bernstein-Supply Chain Pulse Check- Rates elevated as Middle East tensions flare again-260724.pdf
Uploading PDF to MinerU: /tmp/pdf_batch_001_u0dut9we/pdfs/0005-10-CITI-China Auto Manufacturers-Weichai-Sinotruk Momentum Tracker-260723.pdf
MinerU attempt 1 using MINER_U_2 batch_id=f072151e-7337-42fa-bb72-c1699a50cd4d
MinerU states: running, running, running, running, pending
MinerU states: running, running, done, running, done
MinerU states: done, running, done, running, done
MinerU states: done, done, done, running, done
MinerU states: done, done, done, done, done
/home/runner/work/rpt_edit/rpt_edit/scripts/pdf_to_xhs_batch.py:307: DeprecationWarning: Image.Image.getdata is deprecated and will be removed in Pillow 14 (2027-10-15). Use get_flattened_data instead.
  pixels = list(gray.getdata())
Skip non-chart visual asset 76f7e4f2ae41f17333ddc7c655b9b1e98a0cb6fe0a50bd270305631526452b71.jpg: score=0;square_without_chart_hint,edge:0.32,contrast
Skip non-chart visual asset c1ffd959fcc01c61a507f9751df6949820235a14a870876c58297041eec03525.jpg: score=0;square_without_chart_hint,edge:0.11,contrast
Skip non-chart visual asset c3e5d99c35da67c043e6a18d46192743f62cc6f040f974c7331eb28c443d52d7.jpg: score=0;square_without_chart_hint,edge:0.33,contrast
Skip non-chart visual asset c083c5d27f433f18b48f60b0caebea1769731a45dcac70a4901984047fd03caf.jpg: score=0;square_without_chart_hint,edge:0.18,contrast
Skip non-chart visual asset 0c321dfe464fff0225d630cd4a12cf42cb93b277d8b290fc1e4f326df18d8ced.jpg: score=-2;square_without_chart_hint,contrast
Skip non-chart visual asset d6ea1321e625c401fdd64642f3eb1c3ac5350d1bcbc85d6314d71ded6849bdcc.jpg: score=1;odd_ratio:4.93,edge:0.23,contrast,large
Skip non-chart visual asset d4b2b13c8f7be0de668c698ad58b70ec1f318dede8ca421265a0a1641f361897.jpg: score=1;chart_ratio,square_without_chart_hint,edge:0.47,contrast
Skip non-chart visual asset 08fbfae926092e48250658e8f8bd2853c4adbc8deef66bf28b9c048507d00322.jpg: score=-100;too_small:93x92
Skip non-chart visual asset b55bc5b5f2fe82bd7124ac3e794620916fc5f3bf24a68c2862e08be7214c31d6.jpg: score=-100;too_small:160x596
Skip non-chart visual asset f42c1a8dd9af0813114496461d82b3b6383406c65a78cd882eda3491e4b9ac35.jpg: score=1;chart_ratio,square_without_chart_hint,edge:0.24,contrast
Skip non-chart visual asset c2d34da29c4db21d7495b43a7f63c6423aec5dd4238e2364888138b3bd939bee.jpg: score=0;square_without_chart_hint,edge:0.34,contrast
Skip non-chart visual asset a2e3e76d4d964ffbd31f525778bd18d30e61fb1029908db25128900dda8bfb06.jpg: score=0;square_without_chart_hint,edge:0.29,contrast
Skip non-chart visual asset 673dd6e25e4e37a80708226467dde85d6b1162731024e344c6ba4cfdca289ac0.jpg: score=0;square_without_chart_hint,edge:0.16,contrast
Skip non-chart visual asset 30b782ca21b369cd78d68a02662caf9243baf57c1a8f5778882a357cc4bd4b4d.jpg: score=-1;odd_ratio:6.72,edge:0.18
Skip non-chart visual asset 563ad0210b0aeeb684536123c38e1782259f04b701c08a6bc8ad1fe3e78bb3f3.jpg: score=-100;too_small:259x539
Skip non-chart visual asset 871e632041530df21198bf6addfd62ef190528d7aa99b507b0d1159906162841.jpg: score=-100;too_small:390x190
Skip non-chart visual asset 324dd6f2b3c355a33f2af5dbcc7a3cad38d8ed0643eca54e6f299b0f187af977.jpg: score=0;square_without_chart_hint,edge:0.25,contrast
Skip non-chart visual asset 0872dd5f59bcc3263d949d408458ae450f6cf05c39fe30b69fe52181251f4df1.jpg: score=-100;too_small:96x92
Skip non-chart visual asset b26ba2780379e3c458cbd9535c2fa6c9447c7ffeee78abee8a16b0f5d2ab6f8b.jpg: score=0;square_without_chart_hint,edge:0.32,contrast
Neutralized WeChat title while keeping the report: 伯恩斯坦：雅诗兰黛与宝洁-中国高端美妆市场复苏的结构性观察 -> 伯恩斯坦：研究主题与行业变化观察
Skip non-chart visual asset 5ec0eae57677071b169db025ebff6d2543948e1a1a95b08d1afa3bf1898d9081.jpg: score=-100;too_small:96x93
Skip non-chart visual asset d59c934873a6ef0231143f0aaa494115d919f137a4c9ae17258ddbc53e4948f9.jpg: score=-100;too_small:93x95
Skip non-chart visual asset 1cabf128b51440aeff76a17e98a4a5d987b31d777a2a6a71e6c550562a497403.jpg: score=-100;too_small:93x96
Skip non-chart visual asset 624cf9e0c77a2c4e48cf1a69fcaa2f1b5d49f4498845605180a29169da3c286e.jpg: score=-100;too_small:96x92
Skip non-chart visual asset 33c688a9e30f04e6d2eb2d71a65c44323eba46412af4e1cf3a0c83c3bb8c8ea7.jpg: score=-100;too_small:1331x165
Skip non-chart visual asset ad382d9cdeb85fc705cdd4f98f8735886ab6b550084aee76fb1c60afbc2ea2f7.jpg: score=1;odd_ratio:4.93,edge:0.22,contrast,large
Skip non-chart visual asset 04923006285c76791d54a859c7cf8d90e31ee4d6d32a4c81c5a88d6c470a59fc.jpg: score=1;odd_ratio:4.92,edge:0.20,contrast,large
Skip non-chart visual asset 4359fe5b8b865942f2458f3f51fd94e1a6c3159d0e854ce0aec682408fc24d3c.jpg: score=-1;odd_ratio:6.62,edge:0.13
Skip non-chart visual asset f2d765c1525ede639e190612fe469d6e3e30c5d1c4aa7961df947a90f55c14f7.jpg: score=-100;too_small:90x96
Skip non-chart visual asset 28243530bba0bfdfcdef8e6a9722ae8859a892515bdc6a01e978a7c6f5798265.jpg: score=-100;too_small:462x135
Skip non-chart visual asset 889959002330df8b76a6ecaa0fc69f59ecb72d96638b4f242de7b86daa6bf1fa.jpg: score=-100;too_small:395x248
Skip non-chart visual asset 8c4216459ff8e395c11b9ec53944cd0f013eb4254ebc52d8403c2f03a7223419.jpg: score=-100;too_small:93x95
Skip non-chart visual asset 897fb0936c22ce3cade30cc5ddeb5ed6c3693fe4f3bc6bedddf24d0bd3aad6c4.jpg: score=-100;too_small:462x115
Skip non-chart visual asset a37dd4dcf2d323308749da8fd16a36a2aa6eac75e32f086196510a06621d371e.jpg: score=-100;too_small:401x234
Skip non-chart visual asset e477001c9c34ed5cf47c626d5a91848b5cc58966ddc80b029b589fd72ad2206e.jpg: score=-100;too_small:93x99
Skip non-chart visual asset 65db9093eac596b0a231e12f9690d8d8e40e65ecd8f42a839d3942e13e64c664.jpg: score=1;chart_ratio,square_without_chart_hint,edge:0.21,contrast
Skip non-chart visual asset 32de98550ddfa3996bde1a0ce467c4e94149b0872766aab5fe1f03e7d0aa5e19.jpg: score=1;odd_ratio:4.97,edge:0.24,contrast,large
Skip non-chart visual asset 6e0fca8628ea7b689b6b500c649efc6e2b23d3d33788a9f2362ea3fa2d9d3470.jpg: score=-100;too_small:426x70
Skip non-chart visual asset 04e0e761bae38dc41a50a86076dc32d7c2d2fa7cf94e6d884720711ef512433e.jpg: score=-100;too_small:426x234
Skip non-chart visual asset afc52b6b5c94565e39a6689d1074378504683a620a7a60494146a4e1c5dd67ff.jpg: score=-100;too_small:93x93
Skip non-chart visual asset 801e34e04ea1e7ca3ad1f8975fca628a894d5b9c68e195c5769557d49d5a392b.jpg: score=0;square_without_chart_hint,edge:0.13,large
Skip non-chart visual asset 49999d18bbe92c30f351cbe922f4ac1ccf2f76c66f06d2eff7c98f110e44c40b.jpg: score=1;square_without_chart_hint,edge:0.17,contrast,large
Skip non-chart visual asset b53305ae17f3f495bf0c3fb1768cfa618fee1184c4bcf9cc48d9865ecd790e5d.jpg: score=1;square_without_chart_hint,edge:0.18,contrast,large
Skip non-chart visual asset b0a4f70d1acbc2b8ea79b9d6c76fb4a3e490df0fae237520df7b47e148d81c6b.jpg: score=-100;too_small:96x95
Skip non-chart visual asset c96f06e94f3537399e7c049ca95bba5b74f8e141de0a18d4b871305a0e062b38.jpg: score=-100;too_small:429x73
Skip non-chart visual asset 5f73e0733c0bb1fffdfadcddb5163f32e3bc8a072b91edc92dc00670587455a5.jpg: score=2;chart_ratio,square_without_chart_hint,edge:0.17,contrast,large
Skip non-chart visual asset dd069d7721080fbb597d9d554ea1a5c30644c0603609edaab54f2d1d54fe3273.jpg: score=-100;too_small:426x157
Skip non-chart visual asset d0a69283a94e466e0e2393ebce4acda4bf1c907dd2cd69a1371b1c800880faf0.jpg: score=1;chart_ratio,square_without_chart_hint,edge:0.21,contrast
Skip non-chart visual asset 4bf68d348b5aff2b312599e4a712f8a222ce27fd161abad27fa93df866ff9629.jpg: score=0;square_without_chart_hint,edge:0.13,large
Skip non-chart visual asset 55fd7f5b076011bf346bdfafad915e6cf6dffdc34c9703d8e2ee144f0fb018f4.jpg: score=1;chart_ratio,square_without_chart_hint,edge:0.21,contrast
Skip non-chart visual asset 1e80e76f9e4675601bafd7a67ae89d81f4c6c9eb49e92a4624cb82580e64c008.jpg: score=1;square_without_chart_hint,edge:0.17,contrast,large
Skip non-chart visual asset d80af07e80c73117382373adbdb42fd953df9a78389a294921221e39d4bb6642.jpg: score=-100;too_small:895x73
Skip non-chart visual asset 09d4e4a0c73508b4eb4a0a6720e069e2f5124c5c97fa527374a4698b0fc6d341.jpg: score=-100;too_small:898x76
Skip non-chart visual asset cb4c388fd3e328df515bfa4a1698fc764b23d753cef8948070d846ea2772d472.jpg: score=0;square_without_chart_hint,edge:0.12,large
Skip non-chart visual asset 591faf4412364cd85ba7f93976b2e709bced230a567038c92ff513e74d9e2492.jpg: score=2;chart_ratio,square_without_chart_hint,edge:0.16,contrast,large
Skip non-chart visual asset 1ffe52acd8f99a5f17f4f7f2105278ae3f278bbf7c0e0f26e55a5213dde5f596.jpg: score=1;chart_ratio,square_without_chart_hint,edge:0.19,contrast
Skip non-chart visual asset 57d23ec37b70bbe8f0ee16dea1dfb9cd4bc6e01443fdc1d93664a85ee7d227d9.jpg: score=1;chart_ratio,square_without_chart_hint,edge:0.17,contrast
Skip non-chart visual asset 8a2bf9f5f9cdc5f642c50ff758eb56cf5617535c9ba70da086c693a76e1a63c6.jpg: score=0;square_without_chart_hint,edge:0.13,large
Skip non-chart visual asset 0dbb4d9f93440075d9a98031658050a22b5812046a2b74724011b5b9bdd80244.jpg: score=1;chart_ratio,square_without_chart_hint,edge:0.20,contrast
Skip non-chart visual asset 09abe933db033695bfb7f6366f35f16c4036c9251f726c292c0b2f919bc3f914.jpg: score=-100;too_small:901x70
Skip non-chart visual asset a10483459b662dfcc9d855cab3b7257ecda1e26be2e384d7b16178953045df6e.jpg: score=-100;too_small:901x160
Skip non-chart visual asset 21d48048a3cd13a9717a0dd2862643cf09cfe93f7a453563336c7109f5411f4e.jpg: score=-100;too_small:90x92
Skip non-chart visual asset aa04dc1bc63410043e196567e0f1436441687f10f1e5421caba07a0614e00357.jpg: score=1;chart_ratio,square_without_chart_hint,edge:0.23,contrast
Skip non-chart visual asset 54df93efada6c7903ceae4ef73b5c6f39577234a980f077e7dc9ded30c70c323.jpg: score=-100;too_small:426x70
Skip non-chart visual asset 7e6c6f7421d0b85b54fa9d10a33340d2e982d2e57722a47784d9498184e7fb04.jpg: score=1;chart_ratio,square_without_chart_hint,edge:0.19,contrast
Skip non-chart visual asset e8981fc0262074c32e561a086f0c2a30487c424f258703b3c9d1b7edeae6a64e.jpg: score=-100;too_small:426x81
Skip non-chart visual asset cb282398d40ce613ccace04baf22e4f0c5fdb59b22f58992ca1de4118b36e176.jpg: score=0;square_without_chart_hint,edge:0.16,large
Skip non-chart visual asset 1ded4ed2a046b941a408abd8f42a02c6225acbebf9969e2e1560171354e3aec7.jpg: score=1;chart_ratio,square_without_chart_hint,edge:0.21,contrast
Skip non-chart visual asset f0f50fbc9137528721746f5aefaef7fc5ca4dcaa3c73d77acb6f258fdf3fc01c.jpg: score=1;square_without_chart_hint,edge:0.20,contrast,large
Skip non-chart visual asset f5d21b998a832bfe87a26520789b605bcf25545d14f876462f055ce833cd46c2.jpg: score=1;chart_ratio,square_without_chart_hint,edge:0.25,contrast
Skip non-chart visual asset 0950f6894ccac2a8685c32e08f40d3e5365e2fe371e9e199bd2efb6fa804a188.jpg: score=1;square_without_chart_hint,edge:0.19,contrast,large
Skip non-chart visual asset 650a6ad268ece147fed00dae355b0405cb9fecfc976e26ba57b788e74d3f6cdb.jpg: score=0;square_without_chart_hint,edge:0.11,large
Skip non-chart visual asset 51f4f6f08ed65966b5cc6ba959b1c76c99c944206b4ae1c430b5e2f65bada917.jpg: score=1;square_without_chart_hint,edge:0.19,contrast,large
Skip non-chart visual asset 0159afdb1ad09b5e4c9e94ea5ff030047b29edee80202a60d0530b8cf283ba90.jpg: score=1;chart_ratio,square_without_chart_hint,edge:0.24,contrast
Skip non-chart visual asset 51767b2d14b4861559c02a40315b240b39479974b35bd3b0541e84ce78bc0f9d.jpg: score=0;square_without_chart_hint,edge:0.13,large
Skip non-chart visual asset 8fffb5fc075387c91d73774d38197222ea74c70481f657b3ad35256cd87cc902.jpg: score=2;chart_ratio,square_without_chart_hint,edge:0.17,contrast,large
Skip non-chart visual asset 246b0a5369c84589f620b292ad2ad87944eb21121171818acec441d7ca0b9455.jpg: score=1;chart_ratio,square_without_chart_hint,edge:0.20,contrast
Skip non-chart visual asset 4cec50e269b4574f2c5dc1342ed9a6ee346c371c3ccd4555cc98a10ca40788a3.jpg: score=1;chart_ratio,square_without_chart_hint,edge:0.21,contrast
Skip non-chart visual asset 9a300099d101e9d5a5205f7abd3356f6b12f01c39349620f8bc8b8e51db6cddd.jpg: score=1;chart_ratio,square_without_chart_hint,edge:0.21,contrast
Skip non-chart visual asset 1637dec16873e483f368c431f7ff93e366acfc8adce90f4f3af8955e08e952eb.jpg: score=1;chart_ratio,square_without_chart_hint,edge:0.21,contrast
Skip non-chart visual asset 94ffbd7d8125fa8846c7c72b812e3e16c8aaac2b587d17b681d309666e7e309d.jpg: score=1;square_without_chart_hint,edge:0.18,contrast,large
Skip non-chart visual asset 1c07a524a23575ec075ea52c725c3cc10b05a36ffedd06f412404ff609ab28fb.jpg: score=-100;too_small:898x81
Skip non-chart visual asset ffa051f97e9a9ef4250952ee68741cf18f99726e8eb4783cbc265437e7fe54ca.jpg: score=2;chart_ratio,square_without_chart_hint,edge:0.17,contrast,large
Skip non-chart visual asset b1dce45638e8647205729c1308bbb902db5b54ab2c361aa9b721d753f3a57611.jpg: score=1;chart_ratio,square_without_chart_hint,edge:0.22,contrast
Skip non-chart visual asset 7ce1a77b6d0a8cb6512c72872f77319935210f41d9611ad3b11ce8bbf05f2720.jpg: score=-100;too_small:429x73
Skip non-chart visual asset c4da9e9152cf0f99f3edd0ff9a96efded5ac4e15141aa58a041ef767302bb862.jpg: score=-100;too_small:93x93
Skip non-chart visual asset 4c4e236e43dceae87c2520c6d146384950c4359a2b61ac7f60df7cff74e20cad.jpg: score=1;chart_ratio,square_without_chart_hint,edge:0.21,contrast
Skip non-chart visual asset 946b6b3c10afa821fd331652a1eb3c1e3f39701a70be9e62151d18ce3bc494e9.jpg: score=1;chart_ratio,square_without_chart_hint,edge:0.19,contrast
Skip non-chart visual asset 0e3c743e41c5c387044896f283d21e8ce1813bd6b540667fa47650dd30b66141.jpg: score=-100;too_small:898x73
Skip non-chart visual asset 573fcfa8e7c016afef0c3772e6466d192ffdb5840a5c108086dd9116b94782af.jpg: score=2;chart_ratio,square_without_chart_hint,edge:0.21,contrast,large
Skip non-chart visual asset b6d2af092ae8e7b273380182c3a4f683119b08f5c2b4ff4115a3aa048d151d2e.jpg: score=2;chart_ratio,square_without_chart_hint,edge:0.17,contrast,large
Neutralized WeChat title while keeping the report: 伯恩斯坦：供应链运价因中东局势走高 -> 伯恩斯坦：供应链数据与主题变化观察
Skip non-chart visual asset 24178f2143defaa5a3d0992708523ba6c4ab8ef152b8ac8912c6a6200d86e266.jpg: score=2;chart_ratio,large
Skip non-chart visual asset e28c140346a24d42594940bbb7399e06f19e5930f776e02928a6e636d88abfe0.jpg: score=-100;too_small:359x154
Skip non-chart visual asset 86ff56395099389e493e9e7e8dfed00d8d49529502c20a3667ecb45fb679c8cb.jpg: score=-100;too_small:365x104
Skip non-chart visual asset cd58b9a161d47d6651e74efa7380523bcf6d4eb4661bc7a7d40af7e7f994120a.jpg: score=-100;too_small:873x71
Skip non-chart visual asset 95db560c4ed3f5ca8785ea6271a426e55689d99c4a123071a6bb2fbea1b21f5b.jpg: score=-100;too_small:365x154
Skip non-chart visual asset c8429c0cb0905eb6ffd6ec94450c614c97fd77595211b419c57e7160dca81a97.jpg: score=2;chart_ratio,large
Skip non-chart visual asset 106c8283a9a6869372459742df85137a2c1e301c21da73ea670db6ebbb595282.jpg: score=-100;too_small:1431x146
Skip non-chart visual asset dc3ffbd9786e764a6ce5a33c5a7459006de4d51f8c7e197f70138567d74297a9.jpg: score=-100;too_small:870x73
Skip non-chart visual asset 33c647cee7d6e62081fb0d7e75df47331449f83ad6c27777f4478fcba1c87e22.jpg: score=-100;too_small:362x98
Skip non-chart visual asset 9e5656273055152c3821123fac0999d4d6c22dfcba78c75ce2a08d8139b69a09.jpg: score=-100;too_small:356x98
Skip non-chart visual asset 40d1203e40b6e7e595334f2cb1d950de070c29307a5eed969b2d282792773793.jpg: score=-100;too_small:368x154
Neutralized WeChat title while keeping the report: 花旗：中国汽车制造商-潍柴与重汽报价驱动因素分化 -> 花旗：汽车行业数据与主题变化观察
Done. Results written to /home/runner/work/rpt_edit/rpt_edit/xhs_notes/dropbox/260725/shard_1; successful_reports=5; mineru_timed_out=False; mineru_attempts=1
All batches completed successfully. Generated 5 report directories.
