Found 59 total PDFs; shard 7/40 has 5 PDFs, skips 0 already converted, will process 5 PDFs with batch_size=5.
Running batch 1: 5 PDFs
Found 5 PDFs. MinerU token slots available=4.
MinerU attempt 1/4 using MINER_U_4: submitting 5 PDF(s).
Uploading PDF to MinerU: /tmp/pdf_batch_001_p4ml8fzo/pdfs/0001-36-J.P. Morgan-Bank of China-BOCHK- -2388.HK-Superior TSR to support relative outperformance-upgrade to OW-260723.pdf
Uploading PDF to MinerU: /tmp/pdf_batch_001_p4ml8fzo/pdfs/0002-37-J.P. Morgan-Servers-Read-through from Google-s Jun-26 earnings-260723.pdf
Uploading PDF to MinerU: /tmp/pdf_batch_001_p4ml8fzo/pdfs/0003-38-J.P. Morgan-Disco-6146.T-1Q results-Headcount for factory production support unchanged-limited surprise in the numbers-260724.pdf
Uploading PDF to MinerU: /tmp/pdf_batch_001_p4ml8fzo/pdfs/0004-39-Morgan Stanley-China Equity Strategy-A-share Sentiment Lukewarm Amid Policy Vacuum and IPO Concerns-260723.pdf
Uploading PDF to MinerU: /tmp/pdf_batch_001_p4ml8fzo/pdfs/0005-40-Morgan Stanley-PayPay -PAYP.US-OW Upgrade- Growth Outlook Intact- Attractive Valuation- With Life Insurance Investment Uncertainty Reflected-260723.pdf
MinerU attempt 1 using MINER_U_4 batch_id=99614bfd-ef58-484c-8ca3-80f473c0559e
MinerU states: running, pending, running, running, waiting-file
MinerU states: done, done, done, done, running
MinerU states: done, done, done, done, running
MinerU states: done, done, done, done, done
/home/runner/work/rpt_edit/rpt_edit/scripts/pdf_to_xhs_batch.py:307: DeprecationWarning: Image.Image.getdata is deprecated and will be removed in Pillow 14 (2027-10-15). Use get_flattened_data instead.
  pixels = list(gray.getdata())
Skip non-chart visual asset e9b5d345a63700362dc39f24a794e63d87da13716baa6703624ed5b3b48c5c4f.jpg: score=1;chart_ratio,square_without_chart_hint,edge:0.39,large
Skip non-chart visual asset b8e2b2266a83bec72e0e959ac90822e420d6034e9142ed1a4c58e887bbe73816.jpg: score=2;chart_ratio,square_without_chart_hint,edge:0.42,contrast,large
Skip non-chart visual asset beb5074632ca3b3866003e505c259ee0d55638ee43cb778c5a5ee0b70b3a83e3.jpg: score=-100;too_small:676x90
Skip non-chart visual asset f75570e4506ad67c14a262239c7173acb7c906f3f014e17e4afd2f9586723dc8.jpg: score=0;square_without_chart_hint,edge:0.35,large
Skip non-chart visual asset f6b0657634a32cb1e06086d943b15e45189ec54f4d43d56b92cca7acc5b5521a.jpg: score=1;chart_ratio,square_without_chart_hint,edge:0.34,contrast
Skip non-chart visual asset 866a37df84bc571da3623e22c5ac10e3e57e46f3d810adafb09515f14ce4f9ea.jpg: score=-100;too_small:926x162
Skip non-chart visual asset 8d75a26e6be1b0496474a31b2a05edb16da0b47379c102e9af5894c5d555f5dc.jpg: score=-100;too_small:451x87
Skip non-chart visual asset 2ac4293b530f9d183eb09701e101b23a5e941bd3f019b57236980bc8f94833b5.jpg: score=-100;too_small:982x168
Skip non-chart visual asset 44c1e88d1a463aaa5d3981870d4011627c12ec1899ede25bff03f4e33cfe4e9f.jpg: score=-100;too_small:979x165
Neutralized WeChat title while keeping the report: 摩根大通：Disco一季度业绩符合预期-工厂支援人员维持百人规模 -> 摩根大通：Disco业务与季度数据观察
Skip non-chart visual asset ddce62d18e8d9d5581eed99aa959eb7eb344bb710d5dc452577778ed6512bf10.jpg: score=-100;too_small:518x137
Skip non-chart visual asset 5f170c1dd612fe97dbb21736f6c3087f05cb317dff3596fbf34697ae0adf2d2e.jpg: score=1;large
Skip non-chart visual asset c03d948380e7f06ca373af90274ac1ab86d700aba81cf6bc341cf7159960c9dc.jpg: score=1;chart_ratio
Neutralized WeChat title while keeping the report: 摩根士丹利：A股情绪指标与政策真空期观察 -> 摩根士丹利：行业规则与主题变化观察
Skip non-chart visual asset e1f2bf94f383f1f2cd0611dc25ef402f1293b92344519b1655d36a3fe52cf0c3.jpg: score=-100;too_small:307x490
Skip non-chart visual asset 9763cbb702babc4a5413e9cf5e2f7792cef47490f1289bcf591b03a03d52adc7.jpg: score=-100;too_small:515x112
Skip non-chart visual asset 84d3ef5cf1f1941647e01b525b54158dc3bf17e53fe3883f739653b99dc13fbc.jpg: score=-100;too_small:901x143
Skip non-chart visual asset 22b20fb63223d99ae825280d5cbb18ac49bc749c9c4b390707f3c0c45714410f.jpg: score=2;chart_ratio,large
Skip non-chart visual asset 8aad3e3556ebf6c3846edad5c32c6a4d724fe23208cfa082ec875f7b20226ed3.jpg: score=-100;too_small:270x128
Skip non-chart visual asset df0b7c6a2a24293c4d6b45f9045aa26ec1fe3807671c83cc91d6b2e6fb92be95.jpg: score=-100;too_small:518x137
Skip non-chart visual asset 60c57bea69851128c94f7e2fcc342484e2e930943be8bcc274b7da11c830993b.jpg: score=-100;too_small:440x109
Skip non-chart visual asset 656a9c680a720b36b276865dc6bc07abbbd88a09c0c45f020ff20af9f78d24d5.jpg: score=-100;too_small:526x181
Skip non-chart visual asset 4373f947a4b5c932906ffe94716716275032bd57cee60466d165fb0d7fc10b0d.jpg: score=-100;too_small:529x87
Skip non-chart visual asset 7f9a0d32d25f17b2c439a489447e3ce69d575c3a4b807b49ea47ba004c18a546.jpg: score=1;chart_ratio
Skip non-chart visual asset 558c587753a4b43b6c2eae4c6af7801fcfcbb0f46ffd8b0ca0c9d32c28981438.jpg: score=0;square_without_chart_hint,edge:0.30,large
Skip non-chart visual asset c6dd1aef08d9133717b229c67bd18612720ca6a5ba658a15809aa2e336bc2992.jpg: score=1;large
Skip non-chart visual asset 2d9be1a15d7ecb37399f72932a0773f3797db48c062f905a7862cf146076b9dc.jpg: score=-100;too_small:315x490
Skip non-chart visual asset 53c58ebe7a583d49ea76aa06e740f98f629bd144332475f3101ed146958eae0b.jpg: score=-100;too_small:446x162
Skip non-chart visual asset 702aaed72675fe7ba88523af5fc2604c5609e282931a77327a00a824537b6fa9.jpg: score=-1;odd_ratio:6.71,edge:0.13
Skip non-chart visual asset 4ec5d3fe4c6b1d6d202632b8eea9dfba33844484fa2886ec6eff232b065f01fb.jpg: score=1;chart_ratio
Skip non-chart visual asset 86273caa4217bda20e47bc054ee13c4b353a0b1648dc3e107b32ba98fe0d85ca.jpg: score=2;chart_ratio,large
Skip non-chart visual asset 2076c7d9d954f716a612e8259680491469b40985e991f79cb7380129985e5191.jpg: score=-2;chart_ratio,square_without_chart_hint
Skip non-chart visual asset 0098af99f4cb1f819d70ede841a88d54fad9b2b872f2587d77ae40235e961632.jpg: score=-100;too_small:953x140
Neutralized WeChat title while keeping the report: 摩根士丹利：PayPay评级上调至超配-增长前景未变 -> 摩根士丹利：研究主题与行业变化观察
Done. Results written to /home/runner/work/rpt_edit/rpt_edit/xhs_notes/dropbox/260725/shard_7; successful_reports=5; mineru_timed_out=False; mineru_attempts=1
All batches completed successfully. Generated 5 report directories.
