Found 86 total PDFs; shard 11/40 has 5 PDFs, skips 0 already converted, will process 5 PDFs with batch_size=5.
Running batch 1: 5 PDFs
Found 5 PDFs. MinerU token slots available=2.
MinerU attempt 1/4 using MINER_U_2: submitting 5 PDF(s).
Uploading PDF to MinerU: /tmp/pdf_batch_001_penwjt5x/pdfs/0001-57-J.P. Morgan-J-T Express-H-1519.HK-Initiate at OW- Share price reflects excessive pessimism- but growth and margin inflection in sight-260708.pdf
Uploading PDF to MinerU: /tmp/pdf_batch_001_penwjt5x/pdfs/0002-58-J.P. Morgan-L-Oréal-OREP.PA-Gucci Licensing Agreement with Kering to come into effect a year ahead of schedule-260709.pdf
Uploading PDF to MinerU: /tmp/pdf_batch_001_penwjt5x/pdfs/0003-59-J.P. Morgan-Korea Autos-2Q preview- HMC softer- Kia in-line- cost inflation elevated- divergence led by volumes-260708.pdf
Uploading PDF to MinerU: /tmp/pdf_batch_001_penwjt5x/pdfs/0004-60-J.P. Morgan-Pfizer Inc.-PFE.US--Anticipating Upside to Guidance As We Move Through the Year Although Pipeline Remains the Focus-260708.pdf
Uploading PDF to MinerU: /tmp/pdf_batch_001_penwjt5x/pdfs/0005-61-J.P. Morgan-Property Data Monitor-Mainland China- Secondary listings in tier-1 cities further dropped- HK- high-frequency data softened-260707.pdf
MinerU attempt 1 using MINER_U_2 batch_id=cc65152f-9833-4324-8708-cfba6bc33488
MinerU states: running, running, running, pending, waiting-file
MinerU states: done, done, done, done, running
MinerU states: done, done, done, done, done
/home/runner/work/rpt_edit/rpt_edit/scripts/pdf_to_xhs_batch.py:285: DeprecationWarning: Image.Image.getdata is deprecated and will be removed in Pillow 14 (2027-10-15). Use get_flattened_data instead.
  pixels = list(gray.getdata())
Skip non-chart visual asset 8227a65fd2714f1fd7c52a9f08583efd9a5269edc8f84afd9429a5d268168e15.jpg: score=0;square_without_chart_hint,edge:0.13,contrast
Skip non-chart visual asset 6f2488f4abe632045c60c731f45da4110a54f33faa776ab0d676161829e144f2.jpg: score=2;chart_ratio,large
Skip non-chart visual asset ea883ebe9f7ce627492af3b2d27d7e789fa13d936dd48f002056c4a6b0104772.jpg: score=-100;too_small:676x87
Skip non-chart visual asset 23c3ef86ba2eb90b0bb361b99244568c39ab88ac846efaf78d9841b9972f6f85.jpg: score=1;odd_ratio:5.16,edge:0.33,contrast,large
Skip non-chart visual asset c3081f8a00f85b9cd2335aa9a6ffdd1f889ebf471903596434b0190111b0caf1.jpg: score=1;chart_ratio,square_without_chart_hint,edge:0.14,contrast
Skip non-chart visual asset 1976f2e0f2b019e758e1c826b3d60fe9da0c6c2fb30f64eb6f12bc3328ce7862.jpg: score=0;square_without_chart_hint,edge:0.33,large
Skip non-chart visual asset f077f280081b036d15a31ac562db4e2a27badf31aed38e5c34d1ad2cbca68249.jpg: score=-100;too_small:924x162
Skip non-chart visual asset 18b69a0de5b6e7697d71d63992cd0e761874659b573aa1b9b1771dee291f334b.jpg: score=-100;too_small:1392x137
Skip non-chart visual asset e07df5449ac02118e1e72ebc72db623fdb3e3aa49a0d44b7197b6db527277cad.jpg: score=0;square_without_chart_hint,edge:0.34,large
Skip non-chart visual asset 56d8955e37b36dfd4956900f8a52fa4e389fadacaa12f93e6c3414a35cdf890e.jpg: score=-1;square_without_chart_hint,edge:0.20
Skip non-chart visual asset 26beaf680a5c1efc3b72296063bca4f862b1285e17165bb833f54e90dccc2f5f.jpg: score=-1;square_without_chart_hint,edge:0.28
Skip non-chart visual asset 58b7556ebbad74c5bdd290d8938b7cd85b5e8d3a7df700d796f63f1ceb2904a9.jpg: score=-100;too_small:1454x168
Skip non-chart visual asset 3dcbba8d09847da3d152e519d39b139511c75b0a68a4f7b956332cd129604772.jpg: score=0;square_without_chart_hint,edge:0.33,large
Skip non-chart visual asset 2e50272277809d40bb0507c2a161303eccc425b195affb515d01a23c43d338d4.jpg: score=-100;too_small:626x90
Skip non-chart visual asset 6a02b1fef790204a35a9811e6dc9a5a3844238b38ca38e686813b3bc5115c9f4.jpg: score=1;chart_ratio
Skip non-chart visual asset a309f2f87c53a8364f68be45ca49b5a7be5c8a6fb19e8156421ffdceccc4f143.jpg: score=1;chart_ratio,square_without_chart_hint,edge:0.34,large
Skip non-chart visual asset 7e258e05478dd10f458b91222c42122d19e577e97f98f91c94543791d06820ad.jpg: score=-100;too_small:448x85
Skip non-chart visual asset 946fccab1c52d584f597c28ca407b5390ddddb6dc9ee6aa2245e01f61d9d6d32.jpg: score=0;chart_ratio,square_without_chart_hint,edge:0.31
Skip non-chart visual asset e9190dcd0cea19683f0e1e3bbc8b76fa7d0ba056c93e81e5a384a7d92adc9768.jpg: score=-100;too_small:448x179
Skip non-chart visual asset c634cfb9ac628adc8874122edf0d74e42916291d5d0ba1b0d1b85f94b094d4c3.jpg: score=-100;too_small:1348x137
Skip non-chart visual asset 08b11ab7626b37c47c2d1c87efaf7f35f5594fa7e47a530832490822e79e1649.jpg: score=1;chart_ratio,square_without_chart_hint,edge:0.31,large
Skip non-chart visual asset 0681dc964f5e9cad19b08a808b2e71d138b2ca90f794b9815ae1b1ea0a9ad29d.jpg: score=0;chart_ratio,square_without_chart_hint,edge:0.32
Skip non-chart visual asset bc1cb73286b4bbcfcac3ae8d11bc1395fa63e619357386cc9739ab6abc3936ba.jpg: score=1;odd_ratio:5.16,edge:0.33,contrast,large
Skip non-chart visual asset fb7d8f1ad55f553d6d3343c257f7c87dd268ce7ef53b304dd2b93638b486d43f.jpg: score=2;chart_ratio,square_without_chart_hint,edge:0.32,contrast,large
Skip non-chart visual asset 7d40ae295d5182d295cf7a0c11a5158e2bed9a9bee7754dfb487c6f29cabe1bb.jpg: score=-100;too_small:1454x168
Skip non-chart visual asset 620fa67a8ad4fff093239e7213238f96a8d2507b2524a301415dcace3c911d7b.jpg: score=0;square_without_chart_hint,edge:0.33,large
Skip non-chart visual asset efbba8b5f47e102dbdc7922c1a1f597652a11888ee7461c870e4f79a1d137b08.jpg: score=-100;too_small:626x90
Skip non-chart visual asset 194524b86b9ae77583c313916fbbdb80c0386a7088f5206dbe1980dfda435166.jpg: score=0;square_without_chart_hint,edge:0.36,large
Skip non-chart visual asset 749b241dce2d7cdf2cd28822035fd6af16c9fd263a12187aa0eed534ee666c3d.jpg: score=1;chart_ratio
Skip non-chart visual asset c71e19aed0ff60e3a56ec5540c5db41ad2fd6278da4d2ed5a5394fa91a80760b.jpg: score=-100;too_small:448x218
Skip non-chart visual asset 002da7fbf85610dbc40b510329ada1deb0740c1e9d03a19ede86e17cf067ed93.jpg: score=0;square_without_chart_hint,edge:0.33,large
Skip non-chart visual asset 80898265e36f44656a4af43059b8ea0bfd303e48017a84a1c6ce1537950f5537.jpg: score=-100;too_small:451x132
Skip non-chart visual asset 1cdded9239ee8da8d685001630a0857c763f6528154a0172e231ec864d11d56d.jpg: score=-100;too_small:1457x168
Skip non-chart visual asset 993edc3a3615ce91a52a26ad540560784693f77b1432e783fba0cf877dae2e8b.jpg: score=-100;too_small:448x160
Skip non-chart visual asset 82c3a9bd71d20ad5968d426f6fddfaf4060b813ee0bdf99f6f5c1ff4ef1bcbd7.jpg: score=1;chart_ratio
Skip non-chart visual asset 9e8a4153b503d4a912a5396568e0087f62ed6b0853891e23135ebc46640628ab.jpg: score=-100;too_small:626x87
Skip non-chart visual asset bd064365e03280d71c0c39f8b4779b907834ad61e880d58c5275590bfdad77ce.jpg: score=2;chart_ratio,large
Skip non-chart visual asset 8f81b2705f2c19af3dd7e1373eeeb1264f37ae4f0904edc11261b7d93107ca50.jpg: score=-100;too_small:1459x168
Skip non-chart visual asset 520ffa09d91715927f425c04c1bcd911e353fadccdbd57f381b9061b2b933b84.jpg: score=1;odd_ratio:5.78,edge:0.42,contrast,large
Skip non-chart visual asset 765575c9745c521c471711b4614bb2a9ee2b78ece4e79ca36bc0da55756857d0.jpg: score=-100;too_small:1459x101
Skip non-chart visual asset 87559891523fcb39c672f05481ed74bee4c15fe9de354c4d3ff99a7f0713e3d9.jpg: score=-100;too_small:1457x112
Skip non-chart visual asset 68746f650784d61e805d9a215db0bfdda96ddc2c062ae6528dcab652e0ff8950.jpg: score=2;chart_ratio,large
Skip non-chart visual asset a251f86cecd8bf268328798d0fc197dbd5648be8d9305910995253a59b77feef.jpg: score=2;chart_ratio,large
Skip non-chart visual asset d661d118515958267127435fab5ecb2a4f30c3dffdf8d752cc8c1c665b7e3b20.jpg: score=2;chart_ratio,square_without_chart_hint,edge:0.54,contrast,large
Done. Results written to /home/runner/work/rpt_edit/rpt_edit/xhs_notes/dropbox/260709/shard_11; successful_reports=5; mineru_timed_out=False; mineru_attempts=1
All batches completed successfully. Generated 5 report directories.
