Found 31 total PDFs; shard 1/40 has 5 PDFs, skips 0 already converted, will process 5 PDFs with batch_size=5.
Running batch 1: 5 PDFs
Found 5 PDFs. MinerU token slots available=4.
MinerU attempt 1/4 using MINER_U_2: submitting 5 PDF(s).
Uploading PDF to MinerU: /tmp/pdf_batch_001_2l9fko02/pdfs/0001-06-CITI-Japan Chemicals Implications from results at 10 overseas companies-260726.pdf
Uploading PDF to MinerU: /tmp/pdf_batch_001_2l9fko02/pdfs/0002-07-Goldman Sachs-Apple Inc. -AAPL.US- F3Q26 preview- Expect beat driven by Products- iCloud - AppleCare- to offset App Store slowdown-260727.pdf
Uploading PDF to MinerU: /tmp/pdf_batch_001_2l9fko02/pdfs/0003-08-Goldman Sachs-CHINA HEALTHCARE- MEDICAL DEVICE - SERVICES 2Q 1H26 Preview- Recovery Visibility Remains Uneven- Prefer Names with Globalization Optionality-260727.pdf
Uploading PDF to MinerU: /tmp/pdf_batch_001_2l9fko02/pdfs/0004-09-Goldman Sachs-CHINA INDUSTRIAL TECH 2Q26 Robot Automation Landscape Analyzer- How are market shares shifting--260727.pdf
Uploading PDF to MinerU: /tmp/pdf_batch_001_2l9fko02/pdfs/0005-10-Goldman Sachs-CSPC Pharma -1093.HK-- Profit alert- Earnings beat driven by BD income- Resilient finished drug sales amid policy headwinds-260728.pdf
MinerU attempt 1 using MINER_U_2 batch_id=555198dd-d4b0-4dc6-8bcc-c53cfa680f89
MinerU states: running, running, running, running, waiting-file
MinerU states: done, running, done, done, done
MinerU states: done, done, done, done, done
Skip non-chart visual asset 002c551bb6756a2c23cba4af2c54a3e88a7572fea5e3da1d06d91915d4b2b8b5.jpg: score=-100;too_small:1431x148
/home/runner/work/rpt_edit/rpt_edit/scripts/pdf_to_xhs_batch.py:307: DeprecationWarning: Image.Image.getdata is deprecated and will be removed in Pillow 14 (2027-10-15). Use get_flattened_data instead.
  pixels = list(gray.getdata())
Skip non-chart visual asset b506826929ea6847412a63fe6b3d6aec6d17ad31cffb9c71ab2138de47e8a83a.jpg: score=-100;too_small:1162x112
Skip non-chart visual asset 9698cd1facaa47b068370a39bc743ca981cfe8f2c73a4f256e95ab3c139dca82.jpg: score=1;chart_ratio,square_without_chart_hint,edge:0.31,large
Skip non-chart visual asset 072ad57991798ac17d18b146f7e9e9f3d1c699dffb943050581a948db5685228.jpg: score=-100;too_small:1382x173
Skip non-chart visual asset 5a4ec43999e1374ca755ce7e55741e3c3228b30be8552a1f3d917e56375891b0.jpg: score=-100;too_small:1412x145
Skip non-chart visual asset 6fa4daf9c38e8f4557f4324fe8d28b98fee059054857bdc1c0b519ea846f0823.jpg: score=0;square_without_chart_hint,edge:0.38,large
Skip non-chart visual asset a120cc0c8a48bb74d19d4116a1a62b1cf4c86ab5dfe5c2a53c52ec001c5ed503.jpg: score=1;chart_ratio,square_without_chart_hint,edge:0.36,large
Skip non-chart visual asset 6fc71b3a148241b60a6f98fee0f0bd6d82693e23b54347add6a0926a1edb4316.jpg: score=-100;too_small:318x318
Skip non-chart visual asset e498d1ba74e8ca480dc77f1619c20ee8669e2d933fb37501c3701bbcd9e32eef.jpg: score=-100;too_small:704x81
Skip non-chart visual asset a115e7a54f05cf07faf354763d93afbd06b61d44cde2bcbf321ee648cafefb00.jpg: score=-100;too_small:1415x168
Skip non-chart visual asset ff403a20cf5b200edfbe6c7a50509a293955faf54978e23ea4aefb961b5c9717.jpg: score=1;chart_ratio
Skip non-chart visual asset fba9d059351c08a9cd87ed651f0f709ad4da510aa104d6ae58bebe780db846c7.jpg: score=-100;too_small:315x365
Skip non-chart visual asset 69b969ca57383066e6efea8e93d243273be722599f97c9d8ec40e1eb1b59bfee.jpg: score=0;square_without_chart_hint,edge:0.14,large
Skip non-chart visual asset 42dccfff1174ca3dfd83d75736c420a64ce2fdb868f84cce88ae90a29a762fbc.jpg: score=0;odd_ratio:6.76,edge:0.48,contrast
Skip non-chart visual asset 30774b99136290f67b3f866d9ba1a671c428c331ac62d1a035245cfcbaa40b8c.jpg: score=-100;too_small:740x129
Neutralized WeChat title while keeping the report: 高盛：AppleF3Q26预览-产品与服务收入增长路径分化 -> 高盛：AppleF业务与季度数据观察
Skip non-chart visual asset 21d7ef9121b4f659a30e365c2e6335c500dd7eefa45f63b4ace4e3f980f0434c.jpg: score=-1;square_without_chart_hint,edge:0.23
Skip non-chart visual asset 1f124067b11c5710ffbf664fafe91c771f6d147da8398d464a9dc44c47aa02de.jpg: score=1;chart_ratio,square_without_chart_hint,edge:0.30,large
Skip non-chart visual asset dcfa22d3d76049aa120efd53bd2c0775396e929cd2a226a4e999d7a9e4a757f2.jpg: score=2;edge:0.15
Skip non-chart visual asset 222e19b31ba8d3848f5c8d96b607a49529fac070f4dea9a97e07f9e6c22c0cc6.jpg: score=-100;too_small:515x190
Skip non-chart visual asset deeeee1f8dfc0a8125ddae099ad3b7902c3358de8ad42d2d95dd9feed3909d69.jpg: score=-100;too_small:518x67
Skip non-chart visual asset 439f2c26913cd157406bbcb8f7189dfb8a86241a100d5aae78e4890fa5866c60.jpg: score=-100;too_small:1156x109
Skip non-chart visual asset ec12f896c04d9e611c8211b51ee72afaf9c06bfea92a7f82c1d1c5a605f769ad.jpg: score=0;chart_ratio,square_without_chart_hint,edge:0.24
Neutralized WeChat title while keeping the report: 高盛：中国医疗器械与服务2Q1H26预览-板块报价下跌21% -> 高盛：医疗行业数据与主题变化观察
Skip non-chart visual asset 4b269865038897effe05f3e8278072f524184f77172150d4514350b4bde30df0.jpg: score=-100;too_small:523x95
Skip non-chart visual asset 19d2c23500a646ba2372f0048c35d455d9a66fc5803bab251b65b9f9c47c207d.jpg: score=0;odd_ratio:5.52,edge:0.36,contrast
Skip non-chart visual asset 185a2899365c165f67ad479dff106c8b79cad9992be87edeb4dce879e843509a.jpg: score=-100;too_small:1698x142
Skip non-chart visual asset 13213a2091072c1cdfdafcdbdf32896d8fdfd1da7f67fb6fa1a3a6fc11ce96f8.jpg: score=0;chart_ratio,square_without_chart_hint,edge:0.20
Skip non-chart visual asset 4a19d4ce7784a43fac3646deb80bbf55224b010c91c1e3f2a75eaab51486dd08.jpg: score=-100;too_small:274x90
Skip non-chart visual asset a2bd34151038b57a3be882301b5045e0f65ca09af4a15672ae38f5dad36e0b07.jpg: score=0;odd_ratio:5.59,edge:0.40,contrast
Skip non-chart visual asset 25c9be6c6a7d0a88c470947292f623a66c719374d9dcb333487f154ca7912c3b.jpg: score=0;chart_ratio,square_without_chart_hint,edge:0.22
Skip non-chart visual asset 200b64ef8b50d53ee159f6489fd6ed3e8f94fa9eecf783d607dc75fd1770a262.jpg: score=-1;chart_ratio,square_without_chart_hint,large
Skip non-chart visual asset d0721bdec6f9d248a9d3d18412e1e97f1a9d45b45632b01fc6d156a59d12a94b.jpg: score=-100;too_small:484x109
Skip non-chart visual asset 7ceddb9831426c1bfc90ca69a7d4731f7138b57028f195576095ba0deaa2d255.jpg: score=-100;too_small:1770x146
Skip non-chart visual asset f60a811ff164be5d88ab8c077b8cfb353bf3d201bd63f9b36d32ec82bb47bb0c.jpg: score=0;odd_ratio:5.60,edge:0.35,contrast
Skip non-chart visual asset c9b23367551e11de700ef73486f8eeab095d685caa423b5d70021a826482fdc6.jpg: score=-1;odd_ratio:5.07,edge:0.20
Skip non-chart visual asset 3f7faea1cc56a599ad9bfe0ab58c4236722a84cd79a7ff95e3d4f21f1b7cb79b.jpg: score=1;odd_ratio:6.13,edge:0.31,contrast,large
Skip non-chart visual asset 48317ab77bf3e2f06d7c1adf2afd7fb4a28c161be2d084662eb74fa8087af476.jpg: score=-1;odd_ratio:5.08,edge:0.12
Skip non-chart visual asset 0170dcfe852c961955f1ae28a6a52a948a7a5554667b829fc111d8ebee7e54e8.jpg: score=-100;too_small:479x106
Neutralized WeChat title while keeping the report: 高盛：中国工业科技2Q26机器人自动化格局分析-市场份额如何转移 -> 高盛：机器人行业数据与主题变化观察
Skip non-chart visual asset 2fe9d225340ae27e1851f9bda1570539a7c3e03fbb3a6f90309a99841335136b.jpg: score=-100;too_small:1159x107
Skip non-chart visual asset 942b0846e758bef73b77fd69cd52c254e62ec7706d145ee774ab61334a2d2229.jpg: score=-1;square_without_chart_hint,edge:0.24
Neutralized WeChat title while keeping the report: 高盛：石药集团盈利预告-BD收入驱动与成品药销售韧性 -> 高盛：石药集团业务与近期数据观察
Done. Results written to /home/runner/work/rpt_edit/rpt_edit/xhs_notes/dropbox/260728/shard_1; successful_reports=5; mineru_timed_out=False; mineru_attempts=1
All batches completed successfully. Generated 5 report directories.
