Found 41 total PDFs; shard 6/40 has 5 PDFs, skips 0 already converted, will process 5 PDFs with batch_size=5.
Running batch 1: 5 PDFs
Found 5 PDFs. MinerU token slots available=2.
MinerU attempt 1/4 using MINER_U_2: submitting 5 PDF(s).
Uploading PDF to MinerU: /tmp/pdf_batch_001_ag4kbesd/pdfs/0001-31-CITI-China Communications Infrastructure-Our thoughts on Corning GlassBridge- implication-260628.pdf
Uploading PDF to MinerU: /tmp/pdf_batch_001_ag4kbesd/pdfs/0002-32-Goldman Sachs-Aerospace- Defense- Metals - Mining- Feedback from Singapore and Hong Kong Marketing-260629.pdf
Uploading PDF to MinerU: /tmp/pdf_batch_001_ag4kbesd/pdfs/0003-33-Goldman Sachs-TRACKING U.S. SUPPLY CHAIN CONGESTION-GS Supply Chain Congestion Scale- June 29th- Index Higher W W- Bottleneck Scale Unchanged at -2--260629.pdf
Uploading PDF to MinerU: /tmp/pdf_batch_001_ag4kbesd/pdfs/0004-34-Morgan Stanley-Asia-Chemicals-Strait-ening Up-260628.pdf
Uploading PDF to MinerU: /tmp/pdf_batch_001_ag4kbesd/pdfs/0005-35-Nomura-China Internet - New Media-Monthly App Tracker - May 2026-260629.pdf
MinerU attempt 1 using MINER_U_2 batch_id=64bb7cac-2d73-4379-aee2-332294c79964
MinerU states: running, running, running, running, waiting-file
MinerU states: done, done, done, done, done
Skip non-chart visual asset b0afd2899d872d48d9ed23f7130270fc46fd9ab2301e59c658bc5fafaa6b5e63.jpg: score=-100;too_small:1431x93
MinerU images did not look like charts; keeping only the title card and letting downstream AI fill body images.
Skip non-chart visual asset b8e01803c43340504905ecdaffb33dc56fe3ea2500c7ebe81a13b3ea767dfa45.jpg: score=-100;too_small:1159x109
Skip non-chart visual asset 1d6b89206270eaf1b3ef121e5bd982188724cf578c0c9466648e7ffa892f203c.jpg: score=-100;too_small:484x128
Skip non-chart visual asset 2f8ca5bc37b580402ee608e6ee596847a8aa5c5cc0952150e7486e7f8cbd828e.jpg: score=-100;too_small:487x165
Skip non-chart visual asset b02a3201ae27a25fd3d87374ba761df678fe6b97db106123d33bde2db796bb95.jpg: score=-100;too_small:484x65
Skip non-chart visual asset a93800a24256a0e705d69d24fbf432ad0e4e43bec24635d6abb8083a9421b5e2.jpg: score=-100;too_small:484x128
Skip non-chart visual asset 59fd0a21590e948ca53cc092829ad320b3f496211bf8e19cbc7c8ce8e0a099e7.jpg: score=-100;too_small:487x98
Skip non-chart visual asset 8b6c107bce8cc1931ddb1633e10d19f90eb53b148800efd520a732ef8a3ec9c5.jpg: score=-100;too_small:484x129
Skip non-chart visual asset 564c9d3dd4e357531457b8c3119651f8b7dcb0acda4fe230ba0cdc625cecff8f.jpg: score=-100;too_small:562x95
Skip non-chart visual asset 409644b5caca8b1497ed9148fc681af4a9e575bc663a72404a7c5b53e85daa67.jpg: score=-100;too_small:487x129
Skip non-chart visual asset 57206ed44b63464b8d405fa91ae45a7b0b7182f1fa788ed81678281f20ccf5e9.jpg: score=-100;too_small:484x129
Skip non-chart visual asset 5d6fa3382e7f4b6c4ed4af277eadc6d40f1b84d37c50c97155e8cebf6d7acdf6.jpg: score=-100;too_small:484x98
Skip non-chart visual asset f52fce8f7b0d6bfbac5048d67dd6d08d151cf2a4670e79712b47842b00ec20a2.jpg: score=-100;too_small:484x101
Skip non-chart visual asset 1c0299e4f6b03cce7ae3741f8d8c26620b95223eed4a3f0ebb1fab36def43ef7.jpg: score=-100;too_small:484x95
Skip non-chart visual asset c2a2b250a193add96ad2903b4594a15cf8ce9c520fc512279593af72d21c2aec.jpg: score=-100;too_small:484x128
MinerU images did not look like charts; keeping only the title card and letting downstream AI fill body images.
/home/runner/work/rpt_edit/rpt_edit/scripts/pdf_to_xhs_batch.py:277: DeprecationWarning: Image.Image.getdata is deprecated and will be removed in Pillow 14 (2027-10-15). Use get_flattened_data instead.
  pixels = list(gray.getdata())
Skip non-chart visual asset 046fde81ced8b1abcf7bc1fbaba02cf65c485ac17c8257a39506f7952fd4d929.jpg: score=0;odd_ratio:6.79,edge:0.40,contrast
Skip non-chart visual asset 177a296cd16f4b7df8d6702e3c3084d185a9d476ec1a2cdfac04d1710d79d286.jpg: score=0;odd_ratio:7.39,edge:0.24,contrast
Skip non-chart visual asset 4582e30e4990d15baeddf7aeb67fcb8f6f214db38a740058dd9e48f7307ae356.jpg: score=-100;too_small:318x429
Skip non-chart visual asset e2fdd2dbb440c809b4e41af802b342fac4ce30df43222ab249eb2e60accb384e.jpg: score=-100;too_small:1159x112
Skip non-chart visual asset 2f95d5fb97b0f1632d1eb0542c3c482145c738b6c6fd23fe64fa912810a80e0e.jpg: score=-100;too_small:318x426
Skip non-chart visual asset 0096869e2b2137f58cbd7fe3edb7ee16d82db9640e596d9671af58587f9ef54b.jpg: score=-100;too_small:1301x128
Skip non-chart visual asset d7cb2cbf6ecc6a941f323797ca409f4bcc84ce6331c1ff65ee681fdbd524d4d5.jpg: score=-100;too_small:518x134
Skip non-chart visual asset fc3fa17542a0391a054511e1a4d8893d177c3d4b387707361d3d9b9c8d91734a.jpg: score=1;large
Skip non-chart visual asset a37736374e6978bc045518145099aa831623010ef372921cc2912b7c9dee00fb.jpg: score=2;chart_ratio,square_without_chart_hint,edge:0.32,contrast,large
Skip non-chart visual asset e06c3975861add225d83ada0edcf63424f19b28379166780cac7615fb9996fa2.jpg: score=1;odd_ratio:5.69,edge:0.21,contrast,large
Skip non-chart visual asset ad73b00137be59e97c8208df082a4df1d8ffe6418456ac7caf6bbd9ae2a4dd6a.jpg: score=2;chart_ratio,square_without_chart_hint,edge:0.30,contrast,large
Done. Results written to /home/runner/work/rpt_edit/rpt_edit/xhs_notes/dropbox/260630/shard_6; successful_reports=5; mineru_timed_out=False; mineru_attempts=1
All batches completed successfully. Generated 5 report directories.
