Found 99 total PDFs; shard 12/40 has 5 PDFs, skips 0 already converted, will process 5 PDFs with batch_size=5.
Running batch 1: 5 PDFs
Found 5 PDFs. MinerU token slots available=2.
MinerU attempt 1/4 using MINER_U_2: submitting 5 PDF(s).
Uploading PDF to MinerU: /tmp/pdf_batch_001_7jzbmqkv/pdfs/0001-61-Morgan Stanley-China Materials-June Trade Data- Aluminium Exports Continue to Rise-260714.pdf
Uploading PDF to MinerU: /tmp/pdf_batch_001_7jzbmqkv/pdfs/0002-62-Morgan Stanley-China Equity Strategy-China HK Flows and Positioning Monthly Tracker - June 2026-260714.pdf
Uploading PDF to MinerU: /tmp/pdf_batch_001_7jzbmqkv/pdfs/0003-63-Morgan Stanley-China Economics-June Trade-Tech Leads-the Rest Catch Up-260714.pdf
Uploading PDF to MinerU: /tmp/pdf_batch_001_7jzbmqkv/pdfs/0004-64-Morgan Stanley-China Steel Exports-June - flat sequentially- still lower on the year-260714.pdf
Uploading PDF to MinerU: /tmp/pdf_batch_001_7jzbmqkv/pdfs/0005-65-Morgan Stanley-China Shenhua Energy-1088.HK-Preliminary 2Q26 earnings better than expected-260714.pdf
MinerU attempt 1 using MINER_U_2 batch_id=f2106dd9-0151-4f5e-be7e-c86a18cb0c79
MinerU states: running, running, pending, running, waiting-file
MinerU states: done, running, done, done, running
MinerU states: done, done, done, done, done
/home/runner/work/rpt_edit/rpt_edit/scripts/pdf_to_xhs_batch.py:290: DeprecationWarning: Image.Image.getdata is deprecated and will be removed in Pillow 14 (2027-10-15). Use get_flattened_data instead.
  pixels = list(gray.getdata())
Skip non-chart visual asset 8b124f7cca0cd1e6d6f7992ef13790eec9d091990cd65256e4e4194aaf631859.jpg: score=1;large
Skip non-chart visual asset 8d5be6334d276c3364343917db9b693536f6d2ba0807ad344a8561926b59e5be.jpg: score=0;square_without_chart_hint,edge:0.30,large
Skip non-chart visual asset 3d2e34a5dee459cd7b22f80dceca6dfbae3c76fc299af269f3e9d21a1c90408e.jpg: score=-100;too_small:526x176
Skip non-chart visual asset 0ca6dae63d99278671f36ea76ef3c47d106d54d2bed8d87944fc4ff53f7f5b61.jpg: score=-100;too_small:518x134
Skip non-chart visual asset fa64e9f9611c72a9a02e3e46803ff6599804c44c1088c113f8b1caf99e29cc7d.jpg: score=1;large
Skip non-chart visual asset 496a06a9dc0285f1822384a10ccb84dc4aff3d146bf70381ef7ef31894daad93.jpg: score=-100;too_small:529x81
Skip non-chart visual asset 6ff1e343bc0a2638b2b50ff7f04aa47e6378d87710afbeeafd2a23f648b3dee1.jpg: score=-100;too_small:515x89
Skip non-chart visual asset 5b490fbd6672f8af57cefef8731975213742269f1c0fa33a359e059a7b684314.jpg: score=-100;too_small:518x134
Skip non-chart visual asset ce3bc7f5cfd86de63cec759c4a99a7e498a2fda14421bc8d479aa13ad3a4f761.jpg: score=-100;too_small:531x165
Skip non-chart visual asset 48e2785da23932c1ab47c437d1e76a81a73a62b3140b965aff02e98b733afb44.jpg: score=1;chart_ratio,square_without_chart_hint,edge:0.17,large
Skip non-chart visual asset a2b3f5f29d2c4688042b777fe6099d28ff756a922409596d889d03880900520f.jpg: score=-100;too_small:531x112
Skip non-chart visual asset 171f6d5b114b9321743ca56a085398886674857c7d4a33e4aff22eae738e80ae.jpg: score=-100;too_small:529x82
Skip non-chart visual asset ae529b70f79c06f4da0f3752fefde3142e623f7fa7c4a2243daecf5859be8d5b.jpg: score=1;large
Skip non-chart visual asset 7c052bb77a1c652ae6e1b35cd72810f5bd3c96dbbe4b6cd661df8235b6096171.jpg: score=2;chart_ratio,square_without_chart_hint,edge:0.34,contrast,large
Skip non-chart visual asset 5b2fe14afc1928c46fbc1b3895b19ca9bd18023ab435fcf1580790770c2407e2.jpg: score=1;chart_ratio,square_without_chart_hint,edge:0.17,contrast
Skip non-chart visual asset 1bdf9242421aef798c4480c19996e661efc704e398900abad0040f611d00f4af.jpg: score=-1;odd_ratio:5.62,edge:0.15
Skip non-chart visual asset a0b7045e342b2a4e6adc0e79d709ac804e3d2660b5d1d7af5d27644b172913e0.jpg: score=-100;too_small:523x173
Skip non-chart visual asset 9c689b4eadf0de47843c0d7bc1ea696a0a0f744da486e631f5c73acee35db04d.jpg: score=0;square_without_chart_hint,edge:0.18,large
Skip non-chart visual asset c347fcd9f48d98808be24e52eb00f460473b91216336e5ed4cad3c49fdf22814.jpg: score=1;large
Skip non-chart visual asset af13413725a0581352fe426a454dcaf3901020f3e802510d9008bd830c797c9a.jpg: score=-100;too_small:515x134
Done. Results written to /home/runner/work/rpt_edit/rpt_edit/xhs_notes/dropbox/260716/shard_12; successful_reports=5; mineru_timed_out=False; mineru_attempts=1
All batches completed successfully. Generated 5 report directories.
