Found 35 total PDFs; shard 6/40 has 5 PDFs, skips 0 already converted, will process 5 PDFs with batch_size=5.
Running batch 1: 5 PDFs
Found 5 PDFs. MinerU token slots available=4.
MinerU attempt 1/4 using MINER_U_3: submitting 5 PDF(s).
Uploading PDF to MinerU: /tmp/pdf_batch_001_0f5ya3gm/pdfs/0001-31-Morgan Stanley-SpaceX-SPCX.US-Starlink and Tesla... Connective Tissue for Robot Swarm-260724.pdf
Uploading PDF to MinerU: /tmp/pdf_batch_001_0f5ya3gm/pdfs/0002-32-Morgan Stanley-US Economics Weekly-July FOMC-A question of patience-260724.pdf
Uploading PDF to MinerU: /tmp/pdf_batch_001_0f5ya3gm/pdfs/0003-33-Morgan Stanley-Technology-European Semiconductors-Implication of Intel-s capex raise for ASML and ASMI-260724.pdf
Uploading PDF to MinerU: /tmp/pdf_batch_001_0f5ya3gm/pdfs/0004-34-UBS-China Property and Property Management-1H26 results preview- Look through the earnings-260724.pdf
Uploading PDF to MinerU: /tmp/pdf_batch_001_0f5ya3gm/pdfs/0005-35-Morgan Stanley-Weekly Widget- Gas Turbines Engines - If you build it- they will come-260724.pdf
MinerU attempt 1 using MINER_U_3 batch_id=5bcaf59e-965d-47fe-9546-0d403b124492
MinerU states: running, running, running, pending, waiting-file
MinerU states: done, running, done, running, running
MinerU states: done, running, done, running, running
MinerU states: done, running, done, running, running
MinerU states: done, running, done, running, running
MinerU states: done, running, done, running, running
MinerU states: done, running, done, running, running
MinerU states: done, done, done, running, done
MinerU states: done, done, done, done, done
/home/runner/work/rpt_edit/rpt_edit/scripts/pdf_to_xhs_batch.py:307: DeprecationWarning: Image.Image.getdata is deprecated and will be removed in Pillow 14 (2027-10-15). Use get_flattened_data instead.
  pixels = list(gray.getdata())
Skip non-chart visual asset 19727533112f776d669733b6e62542e82dbca6976595f38a389e70bd473e46db.jpg: score=1;large
Skip non-chart visual asset 29341e5dc51965cb5be17276c8748d25509e3ba47199e4db9fc71df63480dc47.jpg: score=2;chart_ratio,large
Skip non-chart visual asset 769b5a9e184b4a8fc5213e5d7301bc07e0516b91daa4a3c98a3d177d1c0961c0.jpg: score=-100;too_small:529x167
Skip non-chart visual asset c827a1d1ab15688fda0b4bf8d7363b1610b55952957b7eee4facc0940d088a73.jpg: score=-100;too_small:1301x140
Skip non-chart visual asset aac2fc03965f82c1f2582c000126980cfd9a019fcce9212b7bc41b10a08ed14f.jpg: score=-100;too_small:529x128
Skip non-chart visual asset 61763a19d2b715070cde4a2fd75100aae720f2016bdaa617031e48b23ca5e4a7.jpg: score=-100;too_small:529x159
Skip non-chart visual asset 42af0ba2361d6c219fb0b6d4147ecf5dfd0ef327e33b618ea08adcb239b45aca.jpg: score=-1;square_without_chart_hint,edge:0.15
Skip non-chart visual asset af857a34ce24d6044e7cb69ddee93d34fd154578ec50f457c1b7ff4dbfd057e0.jpg: score=2;chart_ratio,square_without_chart_hint,edge:0.22,contrast,large
Skip non-chart visual asset 44d162f95daaae055568f934af87c1744fd73ed6deb0d09cd3a1a864004063c9.jpg: score=-100;too_small:1470x154
Skip non-chart visual asset b17bd97a8e1188b3b1cc1426293ba3d751f36735c17a06a48e758d73df7395b7.jpg: score=2;chart_ratio,square_without_chart_hint,edge:0.44,contrast,large
Skip non-chart visual asset 3b25a0cc8e6f85e33956912a00fc2003ff4a606d42bdb937ceec8df4e2cce481.jpg: score=1;chart_ratio,square_without_chart_hint,edge:0.22,large
Skip non-chart visual asset a4a9868de5106a383e682144bddeb8a8e17bd4fdd87e6d900ea6e86b1b1cc496.jpg: score=1;chart_ratio,square_without_chart_hint,edge:0.28,large
Skip non-chart visual asset d70582569e728e0faded8bfa8bbefb6888ccb86d85077d3a3acf03465fa8c61d.jpg: score=2;chart_ratio,square_without_chart_hint,edge:0.47,contrast,large
Skip non-chart visual asset 1bd82724cfc0e43578ebd4769861656e95c1fe201922c4228171fb034b271a33.jpg: score=1;chart_ratio,square_without_chart_hint,edge:0.16,large
Skip non-chart visual asset 92f5a0d60c9f563ec8b4a32fd0d0dc91e3ec3f80862f83cc74c31e4d56b0905c.jpg: score=-100;too_small:1470x104
Skip non-chart visual asset e3d39aad4962862bc777c7294cd48750966a8a3dc0f69594514dd2e340692d6f.jpg: score=1;chart_ratio,square_without_chart_hint,edge:0.20,large
Skip non-chart visual asset 91fe382a25061382b7bc099e20b4bd0cd364b5138c3ad21912115b054925bf75.jpg: score=-100;too_small:518x109
Skip non-chart visual asset 9e90dd9d641a03339befaed5bbf6b0839c6bf2b8885f38f9e2149af40954f5fd.jpg: score=-1;odd_ratio:7.66,edge:0.15
Skip non-chart visual asset c0dae812d921d7804ea2f5abc9b24e9c5f54e824e231144018edfb884428fb80.jpg: score=2;edge:0.16
Skip non-chart visual asset 5fd5ad44123035504a82ce53721151ad40fc05f3c341cbaeeb9968d1f113be96.jpg: score=1;chart_ratio,square_without_chart_hint,edge:0.19,large
Skip non-chart visual asset 3d72466da6509aba42c989495ef1e82f15f642c6db07a2b0b510221cbb89c1aa.jpg: score=0;square_without_chart_hint,edge:0.27,large
Skip non-chart visual asset 2735a6398c1c1871d91b2f866c4aad416667780ace185740f5538f2b57a91276.jpg: score=1;large
Neutralized WeChat title while keeping the report: 摩根士丹利：英特尔资本支出上调对ASML与ASMI的影响 -> 摩根士丹利：研究主题与行业变化观察
Skip non-chart visual asset e0c4078fb4a737f72e8cbb249a07a02e7a5e41aa71377f1e28aab80c6b07b4a3.jpg: score=0;square_without_chart_hint,edge:0.23,large
Skip non-chart visual asset fe9fc45638770d949872147d896763f0f855adcc50a0049cb8966a4d0e6afa0a.jpg: score=0;square_without_chart_hint,edge:0.19,large
Skip non-chart visual asset 3bc44f8c5c768ebf260937083f7745cb9945f201e6441015f38550a24c00d27d.jpg: score=-100;too_small:1403x159
Skip non-chart visual asset 8b43a6b232feea57ac0dccd7d962fa32e597a95f95267cb8635403b193eee61d.jpg: score=-100;too_small:1065x170
Skip non-chart visual asset 9e70cbdaa641bc92a32c56286ba5a67294ce2ea716a3d49fb02e6e191364b888.jpg: score=0;square_without_chart_hint,edge:0.20,large
Skip non-chart visual asset 6fc0a7c86e94d1c5a9ab50640401a0dcc071bd324a37b1cc5ebac0da1daf5ba4.jpg: score=-100;too_small:1093x139
Skip non-chart visual asset fe5610baccf6933f9752d8910d1c19b913cd9795e5601ffc8615e484895309ce.jpg: score=1;odd_ratio:5.34,edge:0.39,contrast,large
Skip non-chart visual asset 497d513c970a2111cc61e937226ac6a0166e6c56a0f058db5c6eef98819cf1a6.jpg: score=-100;too_small:440x84
Skip non-chart visual asset 7f0ec51532a12bb4a03395a8915683f914a93a442047706bb2558f94cb22d424.jpg: score=1;chart_ratio,square_without_chart_hint,edge:0.36,large
Skip non-chart visual asset 20dbb3c1ff8509d83ac58329cace4bed0660a9d5aafd86dea9d2d332208afe12.jpg: score=-1;odd_ratio:7.30,edge:0.17
Skip non-chart visual asset 990491bef3a287dd70364ad6c8d8c79d0d3c1f9e7bed2ff6448cb41942ca8c48.jpg: score=-100;too_small:1409x164
Skip non-chart visual asset 6d4f12120c07c4857bf77db7ce8d7bef898e481fc3e0737aad7ea385448e847d.jpg: score=-100;too_small:1068x168
Skip non-chart visual asset ec87a829ee35c61d245981d59d99b44a138bd01f20f09fc2d66db55c4ae3bf60.jpg: score=1;odd_ratio:5.49,edge:0.25,contrast,large
Skip non-chart visual asset dd78dbb4f72f9b02b0361903cf8031d7bf3ad639ac7bbe1f4568dadbbfa9fec8.jpg: score=0;odd_ratio:6.00,edge:0.21,contrast
Skip non-chart visual asset c00ee9e4ec5084f41b1f155e6b27a0ad7a27ac355b5f5ebdcddc557d16f6b5d8.jpg: score=0;odd_ratio:7.58,edge:0.28,contrast
Skip non-chart visual asset 9157dad055ecb94e1c66c552c860f385918571e940df6a66442698e51a2a4bf1.jpg: score=-1;odd_ratio:7.04,edge:0.21
Neutralized WeChat title while keeping the report: 瑞银：中国房地产与物管-1H26业绩预览-盈利同比降26% -> 瑞银：城市与住房数据变化观察
Skip non-chart visual asset 52b39104ca86a2959ccf6cb841c1533a56070e12fe8b324e4da63dda35f683d6.jpg: score=1;large
Skip non-chart visual asset 9f1d6c0e94b07da32f45e17fccdc24b90a741f29eda51f027c4d2b4fd491c979.jpg: score=-1;odd_ratio:6.22,edge:0.11
Neutralized WeChat title while keeping the report: 摩根士丹利：燃气轮机周度报告-供应量上调至146GW -> 摩根士丹利：研究主题与行业变化观察
Done. Results written to /home/runner/work/rpt_edit/rpt_edit/xhs_notes/dropbox/260726/shard_6; successful_reports=5; mineru_timed_out=False; mineru_attempts=1
All batches completed successfully. Generated 5 report directories.
