Found 91 total PDFs; shard 1/40 has 5 PDFs, skips 0 already converted, will process 5 PDFs with batch_size=5.
Running batch 1: 5 PDFs
Found 5 PDFs. MinerU token slots available=4.
MinerU attempt 1/4 using MINER_U_2: submitting 5 PDF(s).
Uploading PDF to MinerU: /tmp/pdf_batch_001_bz1kao93/pdfs/0001-06-Bernstein-Digital Realty Trust- Inc.-DLR.US-Digital Realty -DLR- 2Q26- Still like the story- but growth isn-t free-260723.pdf
Uploading PDF to MinerU: /tmp/pdf_batch_001_bz1kao93/pdfs/0002-07-Bernstein-Honeywell International Inc-HON.US-HON 2Q26- Solid results coming in better than expected with a guidance raise-260723.pdf
Uploading PDF to MinerU: /tmp/pdf_batch_001_bz1kao93/pdfs/0003-08-Bernstein-ServiceNow Inc-NOW.US-Q2-26- beats and raises are back----260723.pdf
Uploading PDF to MinerU: /tmp/pdf_batch_001_bz1kao93/pdfs/0004-09-Bernstein-International Business Machines Corp-IBM.US-IBM FQ2-26- Nothing broken- Market-perform TP -230-260723.pdf
Uploading PDF to MinerU: /tmp/pdf_batch_001_bz1kao93/pdfs/0005-10-Bofa-The Flow Show Bonds bringing the heat-260723.pdf
MinerU attempt 1 using MINER_U_2 batch_id=04c2b47a-e618-414f-a679-616208c7c4f8
MinerU states: done, done, done, done, waiting-file
MinerU states: done, done, done, done, done
/home/runner/work/rpt_edit/rpt_edit/scripts/pdf_to_xhs_batch.py:307: DeprecationWarning: Image.Image.getdata is deprecated and will be removed in Pillow 14 (2027-10-15). Use get_flattened_data instead.
  pixels = list(gray.getdata())
Skip non-chart visual asset 6008c18e6391003cb30b0d22866cd05ce11254f83f3c2882d1c752272c051060.jpg: score=-1;square_without_chart_hint,edge:0.26
Skip non-chart visual asset 31874c3a5915d3bfe885ddea4241449f0537075d5f7354467218ac9e71f24a9f.jpg: score=0;chart_ratio,square_without_chart_hint,edge:0.18
Skip non-chart visual asset 39db392924ec12505be80a20901cd8bd08a76c133ce1d8661d1fb4f73368a778.jpg: score=1;chart_ratio,square_without_chart_hint,edge:0.34,contrast
Skip non-chart visual asset 67e291f2cecc8b064a78310ba0521038a86deed2cc958e6db26f9ee79520035c.jpg: score=1;chart_ratio,square_without_chart_hint,edge:0.22,contrast
Skip non-chart visual asset befb575255a04f000dd11817232802397efeb59c721eb9141d455037c96570a1.jpg: score=1;square_without_chart_hint,edge:0.26,contrast,large
Skip non-chart visual asset 3dc0f17ded75cda1592efc470a41e5b524a156f2de4c566bebcd4137a889bb3b.jpg: score=-100;too_small:1451x117
Skip non-chart visual asset 9418a2435d7f1201c0b5985744b5b671a8208597b68cb9c1db3ce571fd423584.jpg: score=0;chart_ratio,square_without_chart_hint,edge:0.23
Skip non-chart visual asset 5b7cfe074160d162b1e94bbf5cb72bcd0d36c6a6af4e9de7530a30deea9c906a.jpg: score=-100;too_small:395x248
Skip non-chart visual asset d3eec56299c381b026289a224a902de59bdfa1189abf491cdb84095d13775fe8.jpg: score=-100;too_small:96x95
Skip non-chart visual asset 5bb8806bbac73dc5a52b142a3934c97ae126f69016f6c160c3422bf44e4c5449.jpg: score=-1;odd_ratio:6.72,edge:0.14
Skip non-chart visual asset 3bc1ff7416269c7221f74df0a68af7c78491c2ea82c4636634ee04380ecab0a7.jpg: score=1;chart_ratio,square_without_chart_hint,edge:0.22,contrast
Skip non-chart visual asset d4008b995767ca98839ce1f56b84e9e68324cd3b27971bcd0b2811eec9413cfe.jpg: score=0;square_without_chart_hint,edge:0.23,contrast
Skip non-chart visual asset 0cadd23a5be0a3076d0cb1e97ead8705e269de28b88bc1caccb4b8b7a5db2831.jpg: score=0;chart_ratio,square_without_chart_hint,edge:0.14
Skip non-chart visual asset b5ae21f9277f281c6205ada7e644c50698963a63428c04a34b4c33eab6ea311b.jpg: score=1;chart_ratio,square_without_chart_hint,edge:0.27,contrast
Skip non-chart visual asset 5237fc6158661e0ff95e5e003159f5cc6c9a33419339d438771f91fae1735f86.jpg: score=0;chart_ratio,square_without_chart_hint,edge:0.20
Skip non-chart visual asset ee729ec5e6cdc795a14e2279a9c5b31263848eb4057b688cea4ab260802fbe9a.jpg: score=-100;too_small:96x92
Skip non-chart visual asset 8a40873083f90da3db593173584bfa07b8edb49ce08496f4dc1bfd83f2082da5.jpg: score=1;odd_ratio:4.93,edge:0.22,contrast,large
Skip non-chart visual asset 86cdef943548ec6083c90fd2c2ef38ec7224f275a269eb35c9c43f29abb71f8c.jpg: score=-100;too_small:96x92
Skip non-chart visual asset 01c60b389024f63b22cb8d2e8f96f51a57c66076be8aac034167f16cfa812e96.jpg: score=-100;too_small:1462x165
Skip non-chart visual asset 020a134adf61fce4338dd4325a9a2a34d934f920d4660c78dd66b1538c76ca02.jpg: score=1;odd_ratio:4.91,edge:0.21,contrast,large
Skip non-chart visual asset 82d8586fbfc2050d4389a9eec8c44233cf6baa79a155eafbf64d1abb8cbd17a6.jpg: score=-100;too_small:96x95
Skip non-chart visual asset 992b2ab0bd650a6be9a46489b700113ca084cdc6620df06194a42c4fb29adbc4.jpg: score=-100;too_small:1420x76
Skip non-chart visual asset f56f833b27a73f6d07ad3318bbc1e1f56bcc0b03ed74a325c2d7311b603098c0.jpg: score=-100;too_small:462x115
Skip non-chart visual asset ccc4cbc9e2528a9f2d16e11b4d83e9e6eaf01506cd8f2653af0b4f3873bd4d9d.jpg: score=-1;odd_ratio:6.55,edge:0.13
Skip non-chart visual asset 13b42898fe393aca32b60bb419a59ac7826c745ec59b7316637e2484451d3d2d.jpg: score=-100;too_small:93x93
Skip non-chart visual asset 86bd47e4a4709b29003a49c6e90208768d0ca52174559c0d0d06c36fa3733192.jpg: score=1;odd_ratio:4.92,edge:0.23,contrast,large
Skip non-chart visual asset 96bc6ce76399cd326cedd89b06102051524549812256df7b2277171061a5a947.jpg: score=-100;too_small:546x176
Skip non-chart visual asset 643580ba76cc0a9c50f38a050caa3805ba08d95f7effe54f10c7dc7eaa4a12b6.jpg: score=-100;too_small:395x251
Skip non-chart visual asset d4273f33ec50ed066daa61324db05a69ff8b06b36d497a0a079b40c53d0d6e66.jpg: score=-1;square_without_chart_hint,edge:0.27
Skip non-chart visual asset 0c60b2a734bb71f55be0e13d9654ffddcc5f6ff67b15b6146eb23f25f33d391b.jpg: score=0;square_without_chart_hint,edge:0.30,large
Skip non-chart visual asset c31feb821590b0bd8332eff0366f61515d7ea98d76669601da2d61998c3d53c4.jpg: score=-100;too_small:401x193
Skip non-chart visual asset ab4a93e9d103f0460027c4620e602df45c459338eb8401a18006ba6d67d330e0.jpg: score=-100;too_small:96x95
Skip non-chart visual asset 16f584e4f03a0ecad559439be36256f1195205894487024f82ba7d4f82eb93d1.jpg: score=-100;too_small:562x159
Skip non-chart visual asset ed5547134eeab6c5bdde6e03beab89ad68bcbcba4270b3a9b6b50e4a223048f7.jpg: score=-1;odd_ratio:6.62,edge:0.14
Skip non-chart visual asset e518b12d487770100e9c638b08a952bb786679d529768b87c7f136c314e131be.jpg: score=2;chart_ratio,square_without_chart_hint,edge:0.46,contrast,large
Skip non-chart visual asset 4b463270c4d3f839c3bd74b991fdea80e4fcc12fc3c548bf8ce664690aa2fe20.jpg: score=-100;too_small:96x95
Skip non-chart visual asset 074ba461dbdfca4324e20e4768edd525be667e0791ccf761394158633cdb7366.jpg: score=-100;too_small:465x120
Skip non-chart visual asset 5b8cd1150b0928a40ab77d0329591a2a7d929430428341278a97377d82128499.jpg: score=-100;too_small:398x251
Skip non-chart visual asset c3c18d0029a89b57566a253f918102e92576b3b3018cd749ef5a513be8877029.jpg: score=1;odd_ratio:4.93,edge:0.22,contrast,large
Skip non-chart visual asset e2179e820b93eb9fe24b30de01e7bb5b85f8d8b35d19768c86d6ca3c505dcfcf.jpg: score=-100;too_small:462x131
Skip non-chart visual asset afaadea2c5df5120fdb1bf0fe71a7e032ca961445c883f96955d699561176f17.jpg: score=0;chart_ratio,square_without_chart_hint,edge:0.41
Skip non-chart visual asset 41c55f6a82988b5e11c9bffb3f023c7172dfa3dfb4d8dae8060412ee7350a9e4.jpg: score=-100;too_small:96x92
Neutralized WeChat title while keeping the report: 伯恩斯坦：IBMFQ22026收入172亿美元同比增1% -> 伯恩斯坦：IBMF业务与近期数据观察
Skip non-chart visual asset 2f10666c799d52252c5dd8147c6addfb86418540c1130956f94a045564a63d96.jpg: score=-100;too_small:465x204
Skip non-chart visual asset f70044162e6681a22f6bd167211e9fedcaf6b327eeddc075d0f07b5f53d2d635.jpg: score=-100;too_small:395x223
Skip non-chart visual asset cf34c0f4506fe43413ef20f405c50f563a457642555dc863920dc359ff8bdf39.jpg: score=-100;too_small:104x146
Neutralized WeChat title while keeping the report: 美银：美银7月23日周报，30年期国债回报升至5.2% -> 美银：研究主题与行业变化观察
Done. Results written to /home/runner/work/rpt_edit/rpt_edit/xhs_notes/dropbox/260724/shard_1; successful_reports=5; mineru_timed_out=False; mineru_attempts=1
All batches completed successfully. Generated 5 report directories.
