Found 40 total PDFs; shard 7/40 has 5 PDFs, skips 0 already converted, will process 5 PDFs with batch_size=5.
Running batch 1: 5 PDFs
Found 5 PDFs. MinerU token slots available=2.
MinerU attempt 1/4 using MINER_U_2: submitting 5 PDF(s).
Uploading PDF to MinerU: /tmp/pdf_batch_001_hxjoi8m7/pdfs/0001-36-Nomura-China healthcare-National Essential Medicines List -2026 edition- released-260709.pdf
Uploading PDF to MinerU: /tmp/pdf_batch_001_hxjoi8m7/pdfs/0002-37-Nomura-YOFC-6869.HK-China Mobile announced 2026-27 optical cable tender-260709.pdf
Uploading PDF to MinerU: /tmp/pdf_batch_001_hxjoi8m7/pdfs/0003-38-Nomura-US Economic Weekly-The force awakens-260710.pdf
Uploading PDF to MinerU: /tmp/pdf_batch_001_hxjoi8m7/pdfs/0004-39-Nomura-Largan Precision-3008.TW-Faster progress in CPO FA-260709.pdf
Uploading PDF to MinerU: /tmp/pdf_batch_001_hxjoi8m7/pdfs/0005-40-UBS-Yunnan Energy New Material-002812-Q226 results beat-260710.pdf
MinerU attempt 1 using MINER_U_2 batch_id=896335d3-664b-42a9-add2-9bd575194240
MinerU states: done, running, running, pending, waiting-file
MinerU states: done, done, done, done, running
MinerU states: done, done, done, done, done
/home/runner/work/rpt_edit/rpt_edit/scripts/pdf_to_xhs_batch.py:291: DeprecationWarning: Image.Image.getdata is deprecated and will be removed in Pillow 14 (2027-10-15). Use get_flattened_data instead.
  pixels = list(gray.getdata())
Skip non-chart visual asset 777e440deea1059147506d8870ab598297995ee9da19a0619fa8e5046eb60ad2.jpg: score=-100;too_small:1409x81
Skip non-chart visual asset eb870b3da7ba722cd69fcbd3468574274bc21ebc91c0c8d5a9352104acc8df24.jpg: score=-100;too_small:434x198
Skip non-chart visual asset e1eb108c3998ddb18d09acae2ceeea58b2fb3dbbffcb45b68aec181bce2917d4.jpg: score=2;chart_ratio,square_without_chart_hint,edge:0.40,contrast,large
Skip non-chart visual asset 6c1d25dbdce371f301c681a376deb506c128b8a9c87b2ddc60f0d5ab86afa8df.jpg: score=2;chart_ratio,square_without_chart_hint,edge:0.37,contrast,large
Skip non-chart visual asset dbaa6b2d69e3fb8b3aae9f61a903adbe340ba0aefe9c9c7046b97f2fdf09d8d0.jpg: score=2;chart_ratio,square_without_chart_hint,edge:0.27,contrast,large
Skip non-chart visual asset 7b19dbe04918406a6002382b82cc94cc8814d410f4aab2a062b9f96702bfa5b8.jpg: score=2;chart_ratio,square_without_chart_hint,edge:0.27,contrast,large
Skip non-chart visual asset e5bfaa0f2b1f736158f173fe62acbf2e17ebd0c69e9f3354426e8146eb448a84.jpg: score=2;chart_ratio,square_without_chart_hint,edge:0.39,contrast,large
Skip non-chart visual asset 4b02a4b1e8793b36c64ffbcd69a9e9949893939f1bc8be25077857a87d576413.jpg: score=-2;square_without_chart_hint,large
Skip non-chart visual asset 60989b1747b9692cbfadde00d189334414c956c4338dfe9210cdaa1a95970ae5.jpg: score=2;chart_ratio,square_without_chart_hint,edge:0.39,contrast,large
Skip non-chart visual asset bfb17e448992a14d2289dfdcd321bf3e27d87bdcf159cdfe3771ea9ff1c652e0.jpg: score=1;chart_ratio,square_without_chart_hint,edge:0.24,large
Skip non-chart visual asset fbbd7f60a70090d3cff67b70893d3e8c4599e2d62890b386014b7dc92146bf95.jpg: score=-100;too_small:434x70
Skip non-chart visual asset 8ff4a6b19b4f2b8bae87e9195d91c648431dc47abcb4e4419089c4657725e596.jpg: score=1;chart_ratio,square_without_chart_hint,edge:0.25,contrast
Skip non-chart visual asset 7c555a62294d8cd3a4f67a9e0b0ca1f7ee112db413c0256149c76423f2222d40.jpg: score=1;chart_ratio,square_without_chart_hint,edge:0.40,large
Skip non-chart visual asset 3f00eac0db8473b31cc15c412f9f35516e427ca2addd24ad2ca1216f9e397046.jpg: score=-100;too_small:1409x106
Skip non-chart visual asset 080b29aaa7bda28abd67afd66f4d9e29e22b49512e6608d0b11af89d949bd843.jpg: score=-100;too_small:726x148
Skip non-chart visual asset 9bd2f59a0c4e760d4903d324563ba86d5c0057f8a5055af715c54db7718076bc.jpg: score=-100;too_small:431x43
Skip non-chart visual asset ca95d78d4e723b9fe74ca240909fa199d1eee4ae58f4eee789b98b8db1d24587.jpg: score=-100;too_small:454x120
Skip non-chart visual asset 4ba6e83db341d6857a2675f8cd15b4f4ad41da082a38a7bccdedaa007be88099.jpg: score=0;odd_ratio:7.58,edge:0.28,contrast
Skip non-chart visual asset 1af25e689f3bb7734ab2d85633bd84d4719625f03dedeead32640738dc4647c7.jpg: score=-1;odd_ratio:7.79,edge:0.21
Skip non-chart visual asset b8de39bc68aa8e7bf4f331b9a779b3c98db5d9f5894868df1ee10d411adee150.jpg: score=2;edge:0.12
Skip non-chart visual asset 696f9c5f5183424dd5e5755c144d0c2cd5d22685a25b9e82e92437c74f22d8ab.jpg: score=-100;too_small:1412x104
Skip non-chart visual asset eeaf27ec0f326f18e44dd7b17efb2a84852f455253b7a07862ecee221b25225e.jpg: score=-1;odd_ratio:7.35,edge:0.22
Done. Results written to /home/runner/work/rpt_edit/rpt_edit/xhs_notes/dropbox/260711/shard_7; successful_reports=5; mineru_timed_out=False; mineru_attempts=1
All batches completed successfully. Generated 5 report directories.
