Found 62 total PDFs; shard 8/40 has 5 PDFs, skips 0 already converted, will process 5 PDFs with batch_size=5.
Running batch 1: 5 PDFs
Found 5 PDFs. MinerU token slots available=2.
MinerU attempt 1/4 using MINER_U_2: submitting 5 PDF(s).
Uploading PDF to MinerU: /tmp/pdf_batch_001_1hebbon2/pdfs/0001-41-J.P. Morgan-Shopify-SHOP.US- Expecting Upside to Guidance into 2Q Earnings- Focus on Growth Vectors- Gross Margins- Token Costs- - AI Leadership- Reit OW - Adding.pdf
Uploading PDF to MinerU: /tmp/pdf_batch_001_1hebbon2/pdfs/0002-42-J.P. Morgan-Japan FX topic-Three key questions on GPIF-260721.pdf
Uploading PDF to MinerU: /tmp/pdf_batch_001_1hebbon2/pdfs/0003-43-Jefferies-Japan - Technology-Semiconductor Back-end Process and Package Trends-260721.pdf
Uploading PDF to MinerU: /tmp/pdf_batch_001_1hebbon2/pdfs/0004-44-JPM-Retail Radar Jul 22 - Momentum Cooldown- Hyperscaler Earnings-260722.pdf
Uploading PDF to MinerU: /tmp/pdf_batch_001_1hebbon2/pdfs/0005-45-Jefferies-YOFC -6869.HK--China Supply Growth to Rapidly Eliminate Shortage- D G to HOLD-260722.pdf
MinerU attempt 1 using MINER_U_2 batch_id=837fe9d0-cb5b-4a36-aebe-9dd631c0d909
MinerU states: pending, pending, pending, pending, waiting-file
MinerU states: pending, pending, pending, pending, pending
MinerU states: pending, pending, pending, pending, pending
MinerU states: pending, pending, pending, pending, pending
MinerU states: pending, pending, pending, pending, pending
MinerU states: pending, pending, pending, pending, pending
MinerU states: pending, pending, pending, pending, pending
MinerU states: pending, pending, pending, pending, pending
MinerU states: pending, pending, pending, pending, pending
MinerU states: pending, pending, pending, pending, pending
MinerU states: pending, pending, pending, pending, pending
MinerU states: pending, pending, pending, pending, pending
MinerU states: pending, pending, pending, pending, pending
MinerU states: pending, pending, pending, pending, pending
MinerU states: pending, pending, pending, pending, pending
MinerU states: pending, pending, pending, pending, pending
MinerU states: pending, pending, pending, pending, pending
MinerU states: pending, pending, pending, pending, pending
MinerU states: pending, pending, pending, pending, pending
MinerU states: pending, pending, pending, pending, pending
MinerU states: pending, pending, pending, pending, pending
MinerU batch 837fe9d0-cb5b-4a36-aebe-9dd631c0d909 had no parsing progress after 300s; switching token/retry path.
5 PDF(s) remain incomplete after attempt 1.
MinerU attempt 2/4 using MINER_U: submitting 5 PDF(s).
Uploading PDF to MinerU: /tmp/pdf_batch_001_1hebbon2/pdfs/0001-41-J.P. Morgan-Shopify-SHOP.US- Expecting Upside to Guidance into 2Q Earnings- Focus on Growth Vectors- Gross Margins- Token Costs- - AI Leadership- Reit OW - Adding.pdf
Uploading PDF to MinerU: /tmp/pdf_batch_001_1hebbon2/pdfs/0002-42-J.P. Morgan-Japan FX topic-Three key questions on GPIF-260721.pdf
Uploading PDF to MinerU: /tmp/pdf_batch_001_1hebbon2/pdfs/0003-43-Jefferies-Japan - Technology-Semiconductor Back-end Process and Package Trends-260721.pdf
Uploading PDF to MinerU: /tmp/pdf_batch_001_1hebbon2/pdfs/0004-44-JPM-Retail Radar Jul 22 - Momentum Cooldown- Hyperscaler Earnings-260722.pdf
Uploading PDF to MinerU: /tmp/pdf_batch_001_1hebbon2/pdfs/0005-45-Jefferies-YOFC -6869.HK--China Supply Growth to Rapidly Eliminate Shortage- D G to HOLD-260722.pdf
MinerU attempt 2 using MINER_U batch_id=1f81166e-ea36-4cc7-af17-ca474314c5aa
MinerU states: running, running, running, pending, waiting-file
MinerU states: done, done, done, running, running
MinerU states: done, done, done, done, done
/home/runner/work/rpt_edit/rpt_edit/scripts/pdf_to_xhs_batch.py:293: DeprecationWarning: Image.Image.getdata is deprecated and will be removed in Pillow 14 (2027-10-15). Use get_flattened_data instead.
  pixels = list(gray.getdata())
Skip non-chart visual asset 1e333135bd6b1a53b75a6c79d5c6a7293729b8dbac1f154856005b2cc503e1ae.jpg: score=0;square_without_chart_hint,edge:0.26,large
Skip non-chart visual asset 2586d5630114dc8539548179209f25bd797df4660b8a1e759c0dff21a1891975.jpg: score=-100;too_small:95x98
Skip non-chart visual asset 84768044335c39835578808bd4f913e5c8884839be215286785bfad17d706168.jpg: score=-100;too_small:1451x67
Skip non-chart visual asset 07b5ecc165b24537cb42b41afd725f97c1ca8267ee45b7bd464c9cfb0facc06e.jpg: score=-100;too_small:1448x85
Skip non-chart visual asset f9c163e647c2c50c2fd473360dbd2e6075a636cb33670c58dba715e1753eb8c5.jpg: score=-100;too_small:451x174
Skip non-chart visual asset bd52b19e18d1b50c698a47b83b1f7c60087c279b873453f1f1ebbc0fa6e2e8f6.jpg: score=-100;too_small:1456x78
Skip non-chart visual asset bb12d57cd5a9de61d3d85bf953da22c9e0f796b3b754a59f1d85df8adf24e16a.jpg: score=0;square_without_chart_hint,edge:0.30,large
Skip non-chart visual asset 6bdfd232f538720484bcfdddf26ae713bfa9bcc6c3003e19d5f3ab3b292dffa5.jpg: score=-100;too_small:626x87
Skip non-chart visual asset b218f9bcd47f4fe6204081871f0b951153fbcbfe66d2a62183e782d74b5e8b7a.jpg: score=-100;too_small:982x168
Skip non-chart visual asset 35a2a410c8bba41e24477130b2880a31e27eca3fd2259790e55a7d50ce5aad69.jpg: score=2;chart_ratio,square_without_chart_hint,edge:0.14,contrast,large
Skip non-chart visual asset a2e0f1f0b3f6f8c476f5d37874e73191dde74ca012d37e13f56482c097412c04.jpg: score=-100;too_small:523x184
Skip non-chart visual asset 1829a922d7e58b7178a4bc651985608ca68bfdd963529c54c1ebfe54c3332bc8.jpg: score=-100;too_small:165x162
Neutralized WeChat title while keeping the report: 摩根大通：日本外汇主题-GPIF三个关键问题-33.8万亿日元潜在买盘 -> 摩根大通：货币市场与相关指标观察
Skip non-chart visual asset 7b604814a3ee396f91ea33e2031680666aee9950005704104180b2a7e8f54d99.jpg: score=-1;odd_ratio:5.88,edge:0.19
MinerU images did not look like charts; keeping only the title card and letting downstream AI fill body images.
Skip non-chart visual asset 1e22fe47482c699fbc206be749e16a1b5f605cc0f121ead3a7b61e93d07b370d.jpg: score=1;chart_ratio,square_without_chart_hint,edge:0.15,large
Skip non-chart visual asset 0a508011b5607c9e47c5e486416d1d6964430de1e0fa4030a96cd7d473c8ba8b.jpg: score=1;chart_ratio
Skip non-chart visual asset 458675cbbdd41dcd53de89f1b4f18799c7c1c478e67f4a38e54249611614da16.jpg: score=-100;too_small:982x167
Neutralized WeChat title while keeping the report: 摩根大通：零售雷达-动量降温与超大规模企业财报 -> 摩根大通：零售行业数据与主题变化观察
Skip non-chart visual asset 2a323b2e4020dd65ccd847aec65a506d1bd0f2748db796827e725439231ae547.jpg: score=-100;too_small:412x179
Skip non-chart visual asset 83c0ec999c6d39c08bbfbbfbce060bc849097664ebd98baac79fd78073b035a5.jpg: score=-1;odd_ratio:5.86,edge:0.19
Skip non-chart visual asset d480b572499e79b8abf1a50d5999bb9738658c7e5d5ff28ad85892b5cb2feb6b.jpg: score=0;square_without_chart_hint,edge:0.35,large
Skip non-chart visual asset 1126889d02dc167fa1fa35942a11e3c5bb3a55f9ea99a6f121d3fcf437a5daa0.jpg: score=0;chart_ratio,square_without_chart_hint,edge:0.28
Skip non-chart visual asset be21ef412fda486c233aaa09853f10c21904ac2448c44bb0e6318678488bc09e.jpg: score=0;square_without_chart_hint,edge:0.26,large
Skip non-chart visual asset 3a968f8044a9d8d6afbb11a519c445681e9e65f330af159a9b3de7103ae3d97d.jpg: score=1;square_without_chart_hint,edge:0.25,contrast,large
Skip non-chart visual asset 3b674b31ed2bad56fc188c2eb2ebe073c66d9bd17867bd91a886bcb7662edced.jpg: score=-100;too_small:404x142
Skip non-chart visual asset d4e2c542f06db1ab5548b4391cef4fd1f31222eee3ec6c3134be605dbfc1eb4e.jpg: score=0;square_without_chart_hint,edge:0.29,large
Skip non-chart visual asset f6529789b24d902c271af18f9735a6386e0a4c3c6c89fa43ff70d2561664bd4a.jpg: score=2;edge:0.22
Skip non-chart visual asset ecd14d93bc5e706fe8610fab6680b189f447a24e50a70dc4de5b7d927c463fd8.jpg: score=0;square_without_chart_hint,edge:0.33,large
Skip non-chart visual asset 677dbe8492cbe62e8bef97e7318ffa1a2ee0eb0c3fc7dd1651bff02a5c176348.jpg: score=-100;too_small:398x179
Neutralized WeChat title while keeping the report: 杰富瑞：长飞光纤，中国供给扩张将消除短缺 -> 杰富瑞：研究主题与行业变化观察
Done. Results written to /home/runner/work/rpt_edit/rpt_edit/xhs_notes/dropbox/260723/shard_8; successful_reports=5; mineru_timed_out=True; mineru_attempts=2
All batches completed successfully. Generated 5 report directories.
