Found 33 total PDFs; shard 5/40 has 5 PDFs, skips 0 already converted, will process 5 PDFs with batch_size=5.
Running batch 1: 5 PDFs
Found 5 PDFs. MinerU token slots available=2.
MinerU attempt 1/4 using MINER_U_2: submitting 5 PDF(s).
Uploading PDF to MinerU: /tmp/pdf_batch_001_dtg2jplq/pdfs/0001-27-J.P. Morgan-China Internet Cheap is acknowledged- urgency still needs proof-260702.pdf
Uploading PDF to MinerU: /tmp/pdf_batch_001_dtg2jplq/pdfs/0002-28-Morgan Stanley-China Autos - Shared Mobility Extending 800V EV Technology into AIDC-260701.pdf
Uploading PDF to MinerU: /tmp/pdf_batch_001_dtg2jplq/pdfs/0003-29-Nomura-China factory automation data-June 2026-Airtac sales up 28- y-y in June-260703.pdf
Uploading PDF to MinerU: /tmp/pdf_batch_001_dtg2jplq/pdfs/0004-30-Goldman Sachs-Japan Technology- IT Services- June BOJ Tankan data- Supply demand tightness eases slightly- gap may widen in margin improvement on AI-260702.pdf
Uploading PDF to MinerU: /tmp/pdf_batch_001_dtg2jplq/pdfs/0005-31-Goldman Sachs-Banks-Measuring AI Maturity in Banking- Insights from the Evident AI Index CEO-Key Takeaways-260702.pdf
MinerU attempt 1 using MINER_U_2 batch_id=ceb3a4ab-15c9-4892-b9fb-0524180a3bd9
MinerU states: done, done, done, pending, waiting-file
MinerU states: done, done, done, done, done
Skip non-chart visual asset 934d6ac64e5e1c5969a4195c11e8a76a5ee777c088bf1d7b337469fb7d618ff6.jpg: score=-100;too_small:924x162
MinerU images did not look like charts; keeping only the title card and letting downstream AI fill body images.
/home/runner/work/rpt_edit/rpt_edit/scripts/pdf_to_xhs_batch.py:277: DeprecationWarning: Image.Image.getdata is deprecated and will be removed in Pillow 14 (2027-10-15). Use get_flattened_data instead.
  pixels = list(gray.getdata())
Skip non-chart visual asset eaacda73fa1f9c563201c3eff55d26ebb42e9a10e80b868f9f171f1238374708.jpg: score=1;square_without_chart_hint,edge:0.29,contrast,large
Skip non-chart visual asset 6720d8a0fcec4cc690317014e03d68ea7527a44cf769791726382b4b3ee90bb0.jpg: score=-100;too_small:951x149
Skip non-chart visual asset 86b96f91a5dec9b64131ed5c148dc1e231c7c8bd9abbf5a1ba229a5459cb1474.jpg: score=-100;too_small:334x123
Skip non-chart visual asset 7e91fb13d178a32e2d6a4fa0194ea22fe0659c09f950b874e4d68d5e7d567870.jpg: score=1;chart_ratio
Skip non-chart visual asset 39939eb5381e743bbe1e845b5445372342f6df9cb8c35313ee22591cab952a3f.jpg: score=0;square_without_chart_hint,edge:0.27,large
Skip non-chart visual asset b79e6fd6a692620d4585967dbf230419e1cf0ea31421e588f89aa164884c9063.jpg: score=-100;too_small:531x87
Skip non-chart visual asset 6d67bbc5e5431de454addefb722d5dc3f5e0ad3d371013e46e4b96deda15df70.jpg: score=-100;too_small:518x134
Skip non-chart visual asset b46e5af1994b703fec90f8562e444543f580e080cf294eadb21a95e4297618c0.jpg: score=-100;too_small:529x81
Skip non-chart visual asset 9bed712b1be0a6ca2ef2a049fbd0844f1b9a2d6bf280ca9236abf53e10ea66ec.jpg: score=-100;too_small:956x134
Skip non-chart visual asset eb96088be93aee531522061e343e8a39eceda79b2c17cfd82d53dc8f594ad3c3.jpg: score=-100;too_small:860x98
Skip non-chart visual asset 6679aa2aba64e60b3fd540253de8185c4bf130cf60e3e59ef6f996dca8f451a9.jpg: score=1;square_without_chart_hint,edge:0.38,contrast,large
Skip non-chart visual asset 6335cce129c31ebf0ce0210c8679595d9950a1f3a5619145c2b8dfab14b57cb6.jpg: score=-100;too_small:531x84
Skip non-chart visual asset 4d0bff21715475c85c0efd3d9b3e7600c72252043ab218e244d721b33e016e96.jpg: score=-100;too_small:531x109
Skip non-chart visual asset d3cb2d92507a9ec574debb87f93743f5092b87f0547d1f6722ce89d86fd042fb.jpg: score=-100;too_small:531x115
Skip non-chart visual asset 705bfcee4770a3ca871dd3534d6e165b73f315016cdf38eee0006984582018dd.jpg: score=-100;too_small:529x81
Skip non-chart visual asset dd89088107388e22f2b4e829e6e51cd3049a57f3c4e3946d074ef05a298d3ebc.jpg: score=-100;too_small:526x87
Skip non-chart visual asset 673b6d58392f84834df9af6498b469d89093412a9d8cef017ba1a1867fadff44.jpg: score=1;large
Skip non-chart visual asset 9053816e56cd133bdeb1a49c1a6c36f5eddfbb13244eee712be19e9553e58578.jpg: score=0;square_without_chart_hint,edge:0.39,large
Skip non-chart visual asset 7a3819d73039a3124777de220794940ccee84bf7645f8f2e92f61f5e29364828.jpg: score=0;square_without_chart_hint,edge:0.36,large
Skip non-chart visual asset b841cff897adee053eb433e4227f6ea42f7540e94dc9d5e22917a16fbe41e9ce.jpg: score=1;chart_ratio,square_without_chart_hint,edge:0.31,large
Skip non-chart visual asset 1826bd797cb5d5dda04d8c3627fa9a7c02de224f66cf7d09b93ba60768667017.jpg: score=-100;too_small:1159x107
Skip non-chart visual asset dfc2482d5b84e1110673fea00dc4bf9c427a0b52a5f049e3a885ae8d07072f45.jpg: score=-100;too_small:1159x106
MinerU images did not look like charts; keeping only the title card and letting downstream AI fill body images.
Done. Results written to /home/runner/work/rpt_edit/rpt_edit/xhs_notes/dropbox/260703/shard_5; successful_reports=5; mineru_timed_out=False; mineru_attempts=1
All batches completed successfully. Generated 5 report directories.
