Found 68 total PDFs; shard 9/40 has 5 PDFs, skips 0 already converted, will process 5 PDFs with batch_size=5.
Running batch 1: 5 PDFs
Found 5 PDFs. MinerU token slots available=2.
MinerU attempt 1/4 using MINER_U_2: submitting 5 PDF(s).
Uploading PDF to MinerU: /tmp/pdf_batch_001_1dy20b60/pdfs/0001-46-Morgan Stanley-Bilibili Inc-BILI.US-2026 Investor Day Takeaways-260712.pdf
Uploading PDF to MinerU: /tmp/pdf_batch_001_1dy20b60/pdfs/0002-47-Morgan Stanley-Asia - Asia Pacific Three Actionable Ideas-260712.pdf
Uploading PDF to MinerU: /tmp/pdf_batch_001_1dy20b60/pdfs/0003-48-Morgan Stanley-Baidu Inc-BIDU.US-2Q26 Preview- AI Investments to Weigh on Core OP-260713.pdf
Uploading PDF to MinerU: /tmp/pdf_batch_001_1dy20b60/pdfs/0004-49-Morgan Stanley-China Autos - Shared Mobility-June EV pricing-EV majors held the line with new launches mitigating incumbent discounts-260713.pdf
Uploading PDF to MinerU: /tmp/pdf_batch_001_1dy20b60/pdfs/0005-50-Morgan Stanley-Broadcom Inc.-AVGO.US-In Defense of AVGO-s ASIC Share-260714.pdf
MinerU attempt 1 using MINER_U_2 batch_id=2e73a1bc-66b6-44bd-830e-aa144cffeabf
MinerU states: running, running, running, pending, waiting-file
MinerU states: done, done, done, done, done
/home/runner/work/rpt_edit/rpt_edit/scripts/pdf_to_xhs_batch.py:291: DeprecationWarning: Image.Image.getdata is deprecated and will be removed in Pillow 14 (2027-10-15). Use get_flattened_data instead.
  pixels = list(gray.getdata())
Skip non-chart visual asset f667abd30c458b9c6b386eb66bf7960094f6b5ff782accf148b3e89b4a4fa067.jpg: score=1;chart_ratio
Skip non-chart visual asset 686c1f66b6b0fac3d38659cf0c06e6323992ff36fe8635c632389ffe3c0d5957.jpg: score=-100;too_small:518x137
Skip non-chart visual asset 4522cfb965d2a3853c4a8db5de409411b4d83349720e862c748ae25c822abc4d.jpg: score=1;large
Skip non-chart visual asset b09fbecd5e6835084105884a663c43e0a40cd8945e80dad40bbe52bad7b5237a.jpg: score=-100;too_small:1787x37
Skip non-chart visual asset 8c2e689e5c67591ba35465560c7250a00c7b3a81971a65003601aa69abcfb788.jpg: score=-2;odd_ratio:6.67,large
Skip non-chart visual asset f516428522152fb06700caf15930b06f953f494772e4f9f93bfee2d79a5b2fb3.jpg: score=-100;too_small:515x132
Skip non-chart visual asset 63eb17b86b44e0e74e940d894044c8b51e8bd5c59faab47543f9d9507b22737e.jpg: score=-100;too_small:1153x34
Skip non-chart visual asset 3cb19db3cd25ced83d70cc746cceb1a0848d0c1adc94656f7cba09e2d8b40d3a.jpg: score=-100;too_small:1817x32
Skip non-chart visual asset dd0ca5fbe8986eb89a04a302a532afeeb93b5961f074eb22839034a08b9aae1d.jpg: score=-100;too_small:1925x35
Skip non-chart visual asset ae6c0b9a10886a230d466274579bebceb2a327e2f3a93a753f804f512170ce4d.jpg: score=-100;too_small:712x142
Skip non-chart visual asset 520e1b44eab4e734fce27bc4f910bfbeb5e98246c7d8c3a87c8fb3ef95338d1c.jpg: score=-100;too_small:512x132
Skip non-chart visual asset c7835dc4dfeb488a60268ca3aadb412862dc71d70e4ca6291d3eb5d539d8c604.jpg: score=-100;too_small:515x115
Skip non-chart visual asset ef3561329d1cfe68d73b146419f2ba7971e0ead289bb3edae3acae3f59d50950.jpg: score=2;chart_ratio,square_without_chart_hint,edge:0.34,contrast,large
Skip non-chart visual asset 43726e60a33fbf80ee5a888b430a6b3718a97c86d2eedd83d6fe5909d0a863f9.jpg: score=1;odd_ratio:4.83,edge:0.29,contrast,large
Skip non-chart visual asset d70b7646916f900310a7b90a483060431326efc982fe4befe137a50d3a5e42a6.jpg: score=1;chart_ratio
Skip non-chart visual asset f9d9f08206510adfa348232913f842de66c59656992ef8677aa15decf8e26b69.jpg: score=-100;too_small:437x112
Skip non-chart visual asset ce20caa41adab52d0f439d03495e9d042f97fd681334dd9e3b3fab9dda6d00a8.jpg: score=-100;too_small:674x140
Skip non-chart visual asset 23ad34810bff39d6f147b35bdc730179c9ad565a24e75d82642b9a40193c2044.jpg: score=1;large
Skip non-chart visual asset 21cd743797e2086e0b7a8b927fa7ddeb6029544b569339149de17ed553c66348.jpg: score=-100;too_small:518x131
Skip non-chart visual asset b1f2d400b692815e1b7ce54e439b0a59ab69fdab09162bafa8e225bdda695869.jpg: score=-100;too_small:451x70
Skip non-chart visual asset 4e9de1a6a821aa2f94983f71471077b890356227d1a7b6855a9b554b80fb2b6b.jpg: score=-1;square_without_chart_hint,edge:0.12
Skip non-chart visual asset 068418dd8c77f7c585fd074feb7fc5fa98c96a82f138af1ae06f9b64fbd3051c.jpg: score=2;chart_ratio,large
Skip non-chart visual asset ffefda26450c7e8ea0147d7b74dc2f3b8cfa056e75072102f76f890e69f86df3.jpg: score=2;edge:0.12
Skip non-chart visual asset a6b3eadacad9293ad7cf1f8ae76257787652d7e2b44d79a893941521a2fa0847.jpg: score=-100;too_small:449x201
Skip non-chart visual asset e9107abf298bd53c21de5bec82258c04b37e15aa1905f6800de3530c7c7cef85.jpg: score=-100;too_small:899x107
Skip non-chart visual asset f86f04daf58b10cd656553ef2ce3f8302e44abd83b53628b9b85a74cbcacd3d0.jpg: score=-100;too_small:348x126
Skip non-chart visual asset 9dd291acb601b1d06f7756459331fb7d82de7e1ebd9fcd99a72144af7ee1c6f3.jpg: score=1;chart_ratio,square_without_chart_hint,edge:0.28,large
Skip non-chart visual asset 4f1d5c44763584fd7c7440f545db45666b9a52f05dfe7b2f62024a5404d02b31.jpg: score=1;large
Skip non-chart visual asset 8bc17594129066e39f614717814e2b1a9d10ee51dee18747b3e0d612b0f8b9e0.jpg: score=-100;too_small:518x135
Skip non-chart visual asset e7c9a8a51bfa2654844e2cbbf7fc606390897cdd0d4dd03e9184672a19d00e7d.jpg: score=-100;too_small:531x170
Skip non-chart visual asset f4bdae2484ce8e3bdaa813abee1d9726324ace476a3848deff7dfdc9abd1b72b.jpg: score=-100;too_small:529x156
Skip non-chart visual asset f184923c999951f7036b38ede96ef9e9d6600f69f20ada9c09d8f17463378999.jpg: score=-100;too_small:449x201
Skip non-chart visual asset dffd55721e2c115f8da056d5dd5674b7cc517d431b5e4f2a86fb09adbd5bd25f.jpg: score=0;chart_ratio,square_without_chart_hint,edge:0.14
Skip non-chart visual asset a6ff6dd0e18769996a0772550bb4f2ebe871d81eeca4336c95c41687aad88d86.jpg: score=-100;too_small:417x132
Skip non-chart visual asset ffd5c86879edc7b2b3f30d113d1d9adfb5fceb8f3e86181d8a69897dddfae6c1.jpg: score=-100;too_small:437x112
Skip non-chart visual asset 5273b6e41fb101a11be632a6e72e55073da6988a47216ac6cbfdf2581dfd05f0.jpg: score=1;chart_ratio,square_without_chart_hint,edge:0.23,large
Skip non-chart visual asset 1865aebd359894b4acf35c9c34b0cdce9d8b552c8b72da751d795b78adda39a7.jpg: score=-1;square_without_chart_hint,edge:0.11
Skip non-chart visual asset ee0a3820c5b5be308d17426327c445c4f250274bc18b0360bc28402862cacfa0.jpg: score=1;large
Skip non-chart visual asset 76e6e3d4d0a9291109aa7deda50b985105dcdc89e115abd2600a14bb81964611.jpg: score=-100;too_small:426x67
Skip non-chart visual asset ebcd86bea4edd9e8c758c3352b09ff86c9ae1ace24b85c244527fb185f44de04.jpg: score=-1;odd_ratio:7.15,edge:0.11
Skip non-chart visual asset 4a77bb41ae08c50774ed0a86382210f89e97ee0523b3a5d5140b9cc92e2aab7d.jpg: score=-100;too_small:501x112
Skip non-chart visual asset 645f18d222d49f2fded95974d3a2411daf12dbf98bf1460b0f27ed68bb58998a.jpg: score=-100;too_small:529x157
Skip non-chart visual asset 0eca4303a185a04b88b2790c470d7b279cd4baef0aa589fe506a22f61a7c8c31.jpg: score=2;chart_ratio,large
Done. Results written to /home/runner/work/rpt_edit/rpt_edit/xhs_notes/dropbox/260714/shard_9; successful_reports=5; mineru_timed_out=False; mineru_attempts=1
All batches completed successfully. Generated 5 report directories.
