Found 64 total PDFs; shard 3/40 has 5 PDFs, skips 0 already converted, will process 5 PDFs with batch_size=5.
Running batch 1: 5 PDFs
Found 5 PDFs. MinerU token slots available=2.
MinerU attempt 1/4 using MINER_U_2: submitting 5 PDF(s).
Uploading PDF to MinerU: /tmp/pdf_batch_001_s94wjfqn/pdfs/0001-16-Bernstein-The Digital Assets Memo- Bitcoin any signs of life- -122 n--260706.pdf
Uploading PDF to MinerU: /tmp/pdf_batch_001_s94wjfqn/pdfs/0002-17-Bernstein-US Biopharmaceuticals-GLP-1 Tracker-Keeping an eye out on NBRx as DTC ads and Medicare start to switch on -W E June 26th--260706.pdf
Uploading PDF to MinerU: /tmp/pdf_batch_001_s94wjfqn/pdfs/0003-18-Bernstein-U.S. Machinery-Machinery Lead Indicators- June data points in 40 exhibits-260706.pdf
Uploading PDF to MinerU: /tmp/pdf_batch_001_s94wjfqn/pdfs/0004-20-Bernstein-US Business Services- Mid-year update and outlook for H2-26-260706.pdf
Uploading PDF to MinerU: /tmp/pdf_batch_001_s94wjfqn/pdfs/0005-21-Goldman Sachs-Americas Banks-2Q26 Preview-A strong operating leverage backdrop- with valuation looking fair-260706.pdf
MinerU attempt 1 using MINER_U_2 batch_id=b737a3c9-c318-4687-a4e9-c593f151a236
MinerU states: running, running, pending, pending, pending
MinerU states: done, done, pending, pending, pending
MinerU states: done, done, done, running, done
MinerU states: done, done, done, done, done
/home/runner/work/rpt_edit/rpt_edit/scripts/pdf_to_xhs_batch.py:285: DeprecationWarning: Image.Image.getdata is deprecated and will be removed in Pillow 14 (2027-10-15). Use get_flattened_data instead.
  pixels = list(gray.getdata())
Skip non-chart visual asset b4eedb5022a7444b74955ef086d6695cf001ecf097a83308ee269b91df2b04e4.jpg: score=1;chart_ratio,square_without_chart_hint,edge:0.14,large
Skip non-chart visual asset 2a8ea1566b3d047b53263fbe0fed647c5a777eaf1a24f0273467267a6cc8a067.jpg: score=1;odd_ratio:4.97,edge:0.24,contrast,large
Skip non-chart visual asset b9f3e5c75cca45b10548d696e14127023e8dbc3f57e99cfc6c1b6e29c153ca58.jpg: score=-100;too_small:1329x128
Skip non-chart visual asset 3402ec7b73cfaec5a322a898befc25334469c231d369317703eb1695bb1824a7.jpg: score=0;chart_ratio,square_without_chart_hint,edge:0.16
Skip non-chart visual asset e16ba9f794108f39c6438aa0f032ea5ad68335cf7673b44b93868581f4659147.jpg: score=-100;too_small:96x92
Skip non-chart visual asset 15ff7929cdcb17fd13456ed4da820ca6be05c9063d3749608fb92c885c79f8d1.jpg: score=0;chart_ratio,square_without_chart_hint,edge:0.21
Skip non-chart visual asset f44eb229786c632ce6cc89903b49d3e16170dec1568844cd1d0569cd9c28983a.jpg: score=-100;too_small:1331x165
Skip non-chart visual asset 7feaef084c896b8b45c53f167a8f54e4887021a4d1f208f1d6cf45372c9917ff.jpg: score=1;chart_ratio,square_without_chart_hint,edge:0.48,contrast
Skip non-chart visual asset 3ae36eb4f2b87c450ffb1cf875f01e209a674245efe45fd5149fcf262cacadec.jpg: score=1;odd_ratio:5.02,edge:0.54,contrast,large
Skip non-chart visual asset 7b8064daed39ec71883bb27d622a703682a0bd21bf1b29c34e33337dde33ab7d.jpg: score=-100;too_small:93x96
Skip non-chart visual asset 875157a508ffb8bdcb01a213cbd9788ba00439088c8055a44608fcf69f3ea5f9.jpg: score=2;chart_ratio,square_without_chart_hint,edge:0.43,contrast,large
Skip non-chart visual asset 799cb146452a7c94a6c2d94123a022bd74ac0a96d09b9ee9db2ae415546750a6.jpg: score=-100;too_small:93x90
Skip non-chart visual asset 3a3980a65d790b185f50735c53a1fae7436a44703ef5af700d8a305c00761b66.jpg: score=1;chart_ratio,square_without_chart_hint,edge:0.12,large
Skip non-chart visual asset af38a18a4f5971d47756a7fdb28a5bb033c0fa7a330686b99e6fd272aa9e00aa.jpg: score=0;chart_ratio,square_without_chart_hint,edge:0.22
Skip non-chart visual asset a52c5dc1bdb04bf4e7f810097cbb17ea94aaa4d4205e7e7d7c91ef58a374b14a.jpg: score=-100;too_small:1329x120
Skip non-chart visual asset 78c1f9a567b21c66dc77b2af2b9ed12db5d25a7501e5cf3c9bb4b5bdfb837786.jpg: score=0;chart_ratio,square_without_chart_hint,edge:0.15
Skip non-chart visual asset 6dde7a8dff00b93930c8cf38bdc2e7e90e498914d97679314f11f900f5b2a979.jpg: score=0;chart_ratio,square_without_chart_hint,edge:0.26
Skip non-chart visual asset cd9be65131ca5146eceec05b59c2ee5030aa7ff194bb63714059fd0f1929ed87.jpg: score=1;square_without_chart_hint,edge:0.46,contrast,large
Skip non-chart visual asset db6098b86a8f0b09a17ae9be46cf91c2d54305d11818e7a4e3edf0d0b9f868df.jpg: score=0;odd_ratio:5.08,edge:0.50,contrast
Skip non-chart visual asset 271386fc56ba00bce60b440eb70531477c6289426af00f06074e575aa9d47d17.jpg: score=1;square_without_chart_hint,edge:0.40,contrast,large
Skip non-chart visual asset 1c0ee761140cd357b47a03d204676d569a594b6a04eec4357d05e3279616b460.jpg: score=0;chart_ratio,square_without_chart_hint,edge:0.21
Skip non-chart visual asset 385061377d898a32169c1c240061fdde92cc4562cc18f437d3025e6c3d75881b.jpg: score=1;chart_ratio,square_without_chart_hint,edge:0.15,large
Skip non-chart visual asset c1d8d0a3666d5d69e2b9392b226036102bef2249128c3bb48f6181c9765067b1.jpg: score=1;chart_ratio,square_without_chart_hint,edge:0.26,large
Skip non-chart visual asset a5d4d0b0d47ce4e65914ad08e0aabfa322dd6e18758d90384f7b78e76aa59f5c.jpg: score=1;chart_ratio,square_without_chart_hint,edge:0.23,large
Skip non-chart visual asset 0f012fa7b35a8a3444c15c0996e680dab1673e6c1261edf444d0b580a9312351.jpg: score=1;chart_ratio,square_without_chart_hint,edge:0.20,large
Skip non-chart visual asset 478c31743117f8cf60b0d06269afe3b677629d7a8e06dd5be039ec7dca98cb3b.jpg: score=1;odd_ratio:4.97,edge:0.24,contrast,large
Skip non-chart visual asset 3f4843fc6000e880e225fe601d0c3a0ba0eb21b6674276752c8c96cf43b9b760.jpg: score=0;chart_ratio,square_without_chart_hint,edge:0.12
Skip non-chart visual asset 7d2c2cd7f14b1546534b9f4e67b03ae877f1173aef4a50a5d8f9b3790670793b.jpg: score=1;chart_ratio,square_without_chart_hint,edge:0.31,large
Skip non-chart visual asset 3d6eeb9b2d68d8a0f94742eeb401724a0c864b1efc6bb58e8f2bc5cdc82c8894.jpg: score=0;square_without_chart_hint,edge:0.27,large
Skip non-chart visual asset e421b7b4d1cca56ba75c481db76408f9323673307882db42ea2908b65321725e.jpg: score=0;square_without_chart_hint,edge:0.13,large
Skip non-chart visual asset 1870e6fa7ce7eed94b3a591803b470de693210ffb6c79de1116557c99a57ca63.jpg: score=-100;too_small:96x95
Skip non-chart visual asset 4787be75147dd37714347c810e1bad9698e17c0fd1a605677d8cb6df732c8f71.jpg: score=-100;too_small:93x92
Skip non-chart visual asset 611a5fd334a794b3fd01dc5925ec0ca3419c12b7d6f39d11caddfdedcd10900a.jpg: score=-100;too_small:96x95
Skip non-chart visual asset 0e8693d4a4156ba23fec5b9c835fa113a8a1302506cd9259016b7af8e17aafc1.jpg: score=-100;too_small:96x96
Skip non-chart visual asset 2ca7223a2704085dffea67d8b682ca2deb618cfa3a5393fbd3915532536ecce2.jpg: score=1;odd_ratio:4.97,edge:0.24,contrast,large
Skip non-chart visual asset 8d7cbd7fcb02736124b19dfb138cfbcb21442ff4518448e254921f2a6e043dbd.jpg: score=1;square_without_chart_hint,edge:0.48,contrast,large
Skip non-chart visual asset d15b9a5551066e42730c489cc68a14b45e9a8f9b11bb61972993f439203ee8cc.jpg: score=-100;too_small:1126x134
Skip non-chart visual asset 02cd377782cb04ecfeef78e52b896845e55097efb8bde25d5c97b63b88d06cf9.jpg: score=2;chart_ratio,square_without_chart_hint,edge:0.46,contrast,large
Skip non-chart visual asset ec466017f15c643dc964c5fb04d0dad6c3c42d7e448dcdc044094eb5febe5dcd.jpg: score=1;square_without_chart_hint,edge:0.38,contrast,large
Skip non-chart visual asset 42dc0eebb4316ac1c05de6858772ec50ee18f4c71e454eef7a34c09f815f1568.jpg: score=0;odd_ratio:5.38,edge:0.19,contrast
Skip non-chart visual asset a93ae9b00d83100fe6b3604d8e816380e76acd8ae7228110365f947a8fa85a16.jpg: score=0;square_without_chart_hint,edge:0.24,large
Skip non-chart visual asset 914701c6b5eba0c5d68fce9b15958e3a0ad42370e41cf855e7dc6493e3f9dced.jpg: score=2;chart_ratio,square_without_chart_hint,edge:0.42,contrast,large
Skip non-chart visual asset 0047d4493f84720309447b56e67db340eb7376517a4e3aaa35607475eaacaad6.jpg: score=2;chart_ratio,square_without_chart_hint,edge:0.37,contrast,large
Skip non-chart visual asset 68bdb65f7550189516614c3bdc1f871db485e9bb18d928fc30dca69d9ab8183e.jpg: score=1;chart_ratio,square_without_chart_hint,edge:0.14,contrast
Skip non-chart visual asset 6824b85322c017f8ed083c57e3ee36ca0517d265710bfaa9d6d014be57129f45.jpg: score=0;chart_ratio,square_without_chart_hint,edge:0.25
Skip non-chart visual asset 8953f09bb09b702d76b94b6bd7fbf4cc11667e633225f7456d0b00201a59ac34.jpg: score=1;chart_ratio,square_without_chart_hint,edge:0.18,contrast
Skip non-chart visual asset 97997196267c18e1e994a319af4e932869efc5a7186564bc76fd4f8c884a127d.jpg: score=0;chart_ratio,square_without_chart_hint,edge:0.23
Skip non-chart visual asset c4d622194f8d01d5ccc84a71a29bc5cf9fe673d27580b113e040e355fe95617f.jpg: score=1;odd_ratio:4.97,edge:0.24,contrast,large
Skip non-chart visual asset 501141bc1b79bcbeb16d36e1e9c1e574415bc1c87f32f8ef48d7599c2941e89c.jpg: score=-100;too_small:90x93
Skip non-chart visual asset 54feea08d0f7dbee6e626836954bd27bc65c143e3f3555f4283b810fa8f4dc44.jpg: score=0;square_without_chart_hint,edge:0.18,large
Skip non-chart visual asset aad43c0c6f8e09742525bf11bf23a8d1bdaace7f4d3b9353d64a9222ac673bca.jpg: score=1;chart_ratio,square_without_chart_hint,edge:0.17,large
Skip non-chart visual asset f04418e2163217954bc9f0f4bc2794dda6d69f3729eb59265a4f232131b9c035.jpg: score=1;chart_ratio,square_without_chart_hint,edge:0.12,contrast
Skip non-chart visual asset 3c06adce8e4a6d0ad2de8984e08dbdcd71c4d561f2fba2da1fe703ae9f7e00c9.jpg: score=0;square_without_chart_hint,edge:0.24,contrast
Skip non-chart visual asset 52b7ec92ebcb73624d7ad2f810e208a98de1b17bdf2337009d9cb12bd3251b23.jpg: score=1;chart_ratio,square_without_chart_hint,edge:0.28,contrast
Skip non-chart visual asset 005ba8444c1d727d23269b3416524d1fe3cd36e779322782807c3d7d65b25aa6.jpg: score=1;chart_ratio,square_without_chart_hint,edge:0.39,contrast
Skip non-chart visual asset f004bae0caa304005f0179ebcea020e80f4049651f615e330696d721cbb6c4e2.jpg: score=-100;too_small:90x92
Skip non-chart visual asset 79da2c284bb573e4cec97579eee44330fc43d95622491588743d9de387c76a98.jpg: score=2;chart_ratio,square_without_chart_hint,edge:0.33,contrast,large
Skip non-chart visual asset 8c9c94e0b99fe57e946de403f3dc4d7b18dce0f2a20f688895728c119a23f564.jpg: score=1;chart_ratio,square_without_chart_hint,edge:0.25,contrast
Skip non-chart visual asset 93f67aa4abdfe905a14c2ceef45ab524b82c20f70d76e5b5796e11727e200c57.jpg: score=1;chart_ratio,square_without_chart_hint,edge:0.24,contrast
Skip non-chart visual asset b30704e0b81a997cbff177bc2edc5a8408a3ce906df0826f3b9efc139d42616f.jpg: score=1;chart_ratio,square_without_chart_hint,edge:0.17,contrast
Skip non-chart visual asset ad2d27a35cf2ca22332005bc17ef4c9f983f510aefb9281ab45b13b11ad4ef93.jpg: score=1;chart_ratio,square_without_chart_hint,edge:0.33,contrast
Skip non-chart visual asset e0e583047f10bc03c7f95a5eea3def06010032110dbf6d40c33f7ab1f5cd9cbe.jpg: score=2;chart_ratio,square_without_chart_hint,edge:0.41,contrast,large
Skip non-chart visual asset ad418e3baa8bdd85b0a2a269470c8279266663b87ee56fbc547e2b920c754cf1.jpg: score=0;odd_ratio:0.32,edge:0.31,large
Skip non-chart visual asset c78df2a74d6c09a1771f3c58e267eefd316a0540ce2c2dc81ed4cf129cf6b9f5.jpg: score=0;chart_ratio,square_without_chart_hint,edge:0.26
Skip non-chart visual asset d0fe7988730ab1368c933ab7de93c6428cab18402751303d17c6bec4b4bdadea.jpg: score=-100;too_small:1159x112
Skip non-chart visual asset 110506c8e4ae71c711f70661bfb0b292342314f1e522bf6569e25e775e3a2da6.jpg: score=0;chart_ratio,square_without_chart_hint,edge:0.25
Skip non-chart visual asset 9056b4e4ab3d127a28d6c9636e217e5621b65935f13d3a788cb0ffa774fb3267.jpg: score=0;chart_ratio,square_without_chart_hint,edge:0.29
Skip non-chart visual asset 110ef5afd6d565b25560da89a300ef52af06abbed9c14e2515156aeeeedf333d.jpg: score=0;chart_ratio,square_without_chart_hint,edge:0.26
Skip non-chart visual asset 239cc4294a77662fa81e1ee1d24aea8fd6fffcf4fd95ae90dd1a4515d3ac01d9.jpg: score=0;square_without_chart_hint,edge:0.27,contrast
Skip non-chart visual asset 7e050ebebd25d3aceefdfa9b7d72d1933b1ea3e7581292e156ea6958d7f0f525.jpg: score=0;square_without_chart_hint,edge:0.26,large
Done. Results written to /home/runner/work/rpt_edit/rpt_edit/xhs_notes/dropbox/260707/shard_3; successful_reports=5; mineru_timed_out=False; mineru_attempts=1
All batches completed successfully. Generated 5 report directories.
