Found 82 total PDFs; shard 12/40 has 5 PDFs, skips 0 already converted, will process 5 PDFs with batch_size=5.
Running batch 1: 5 PDFs
Found 5 PDFs. MinerU token slots available=2.
MinerU attempt 1/4 using MINER_U_2: submitting 5 PDF(s).
Uploading PDF to MinerU: /tmp/pdf_batch_001_tcqfwxsg/pdfs/0001-64-Morgan Stanley-China Healthcare-Chart of the Week - China Drug Approvals in 1H26 and 2025-260706.pdf
Uploading PDF to MinerU: /tmp/pdf_batch_001_tcqfwxsg/pdfs/0002-65-Morgan Stanley-Autos - Shared Mobility-Cheap As Chips - Tactical Upside in a Structural Downturn-260706.pdf
Uploading PDF to MinerU: /tmp/pdf_batch_001_tcqfwxsg/pdfs/0003-66-Morgan Stanley-China Industrials Mid-year Outlook- Selective Stock Picks amid Strong Capex Outlook-260706.pdf
Uploading PDF to MinerU: /tmp/pdf_batch_001_tcqfwxsg/pdfs/0004-67-Morgan Stanley-China Property - Asia Pacific-Weekly Database Tracker -27-260706.pdf
Uploading PDF to MinerU: /tmp/pdf_batch_001_tcqfwxsg/pdfs/0005-68-Morgan Stanley-Global Macro Forum-Payrolls- Policy- and the Yen-260706.pdf
MinerU attempt 1 using MINER_U_2 batch_id=68d7525c-8779-43d2-a8fc-a551a7bf0cf5
MinerU states: running, running, running, running, pending
MinerU states: done, running, running, done, done
MinerU states: done, done, running, done, done
MinerU states: done, done, done, done, done
Skip non-chart visual asset 0fc3ccc36ea1a4b246b847f03121f3fe320f3046ca5cb56297ac689c8e76b101.jpg: score=-100;too_small:518x137
/home/runner/work/rpt_edit/rpt_edit/scripts/pdf_to_xhs_batch.py:285: DeprecationWarning: Image.Image.getdata is deprecated and will be removed in Pillow 14 (2027-10-15). Use get_flattened_data instead.
  pixels = list(gray.getdata())
Skip non-chart visual asset d19875a26da58888344f4ef9a52c225c854af6b2b740e5db97ad2de06d06662f.jpg: score=-100;too_small:573x157
Skip non-chart visual asset 839d9c6ff2140d3ed6da97f8ae3aca40bd25dbd8e079d330701f270e2dcd7be1.jpg: score=1;large
Skip non-chart visual asset faef390fbe78d4c005685573c7ce5372693e6cb7bbeb2f0e0004e7e3829a3b32.jpg: score=1;chart_ratio,square_without_chart_hint,edge:0.40,large
Skip non-chart visual asset dbd1c07abcb89602fd835d55e02fff39ae6221f3212eb5df709403e774a8d7a6.jpg: score=0;chart_ratio,square_without_chart_hint,edge:0.21
Skip non-chart visual asset 816b59bcc9253a793bb69dd6998c24b96d60429a970eb1e7cb61ddc3a5f35a50.jpg: score=1;large
Skip non-chart visual asset cdf111c79c81eea35bed8a2e6caba18bd91789bd1265b8a9b43785b7362911dd.jpg: score=1;large
Skip non-chart visual asset abae4c1751d51016b75e40c7c33baf159d2c1eb5cba247f90e058129b6c964a1.jpg: score=-1;square_without_chart_hint,edge:0.11
Skip non-chart visual asset a7c18aaca620ecd64a8d70b1a65d202ef86d10fa2f1df9829ceece6314754492.jpg: score=-100;too_small:518x114
Skip non-chart visual asset 758c1c87e96b20eca435209cacdfe1679a3c518e52d5ce7868178af0bf0943e8.jpg: score=-100;too_small:379x151
Skip non-chart visual asset e2968f5c5cb61b3fe8abd9ae3df26e49c84053bb431b7ec40edda1787c43c4bc.jpg: score=-100;too_small:417x151
Skip non-chart visual asset 7c0052e0db7571350e15c0268a96bf53b5d2382ca9bc75cca880d014de83753a.jpg: score=0;chart_ratio,square_without_chart_hint,edge:0.11
Skip non-chart visual asset d55bfb59866e23c825f1d3715c6e3b429964fdb95d01dc33f1b60b4e6ac956b4.jpg: score=-100;too_small:434x34
Skip non-chart visual asset c2391b0f9181d48cadada7c1f2d90daccd4e95affee7fb101c868b989894e1de.jpg: score=-100;too_small:379x117
Skip non-chart visual asset f66db158730668693af115056919947679ec1af01be7267987c8bc8db434dac7.jpg: score=-1;square_without_chart_hint,edge:0.12
Skip non-chart visual asset cab02b0b369eab416b852f2faa45ed4c5f0e8c9434d07e9b6a852f3ac28a6d9a.jpg: score=0;square_without_chart_hint,edge:0.24,large
Skip non-chart visual asset 641f2d9472895922c69bbcb1343826b2ba483c21f8a4b855269d1395a3220ae1.jpg: score=-100;too_small:929x114
Skip non-chart visual asset 4516ba35484125dd3692cc5292a2146f3b700ef9aaa60f43e634a75db625af06.jpg: score=2;chart_ratio,large
Skip non-chart visual asset 13e39b32cf9c7b38297f621daccfe0f6adb1c09445064771aee6efdc16531e2d.jpg: score=-100;too_small:417x181
Skip non-chart visual asset 787fc38296d81b61a7fbe6128ef6916ea9ca3f5a5a2273ef1ae412de01e6790d.jpg: score=-100;too_small:518x114
Skip non-chart visual asset 86e2367b10f66466bd94d254f64dde2cf4eea1b3aa202967105a952206715b8a.jpg: score=0;square_without_chart_hint,edge:0.31,large
Skip non-chart visual asset 217795e2ab0f4c6a6d7513592571e18d201ed34666aee372ec144187dc624b25.jpg: score=2;chart_ratio,square_without_chart_hint,edge:0.38,contrast,large
Skip non-chart visual asset c52d4ebc610c514a15e7066b944da0d5433b5e35f3d2e4f56b1eb77954a5c691.jpg: score=0;chart_ratio,square_without_chart_hint,edge:0.41
Skip non-chart visual asset 9902ea413f18101b8bad9769a8af1a493385324ef5582406569a9df8841e75cb.jpg: score=0;square_without_chart_hint,edge:0.28,large
Skip non-chart visual asset 4986f3bd18b0d96ae6ef330bc8239874c69c088ad73080911a3fca60f76b52e3.jpg: score=2;chart_ratio,large
Skip non-chart visual asset 95a05bb792ef0a355376a302d4db7f8876ffabb3035cbe4a9837cbca63dc3ed3.jpg: score=-100;too_small:520x87
Skip non-chart visual asset 5df035fc9642abaf0fdcb1ad747f8ad904216b6eddbfee5433695db9204eec18.jpg: score=2;chart_ratio,large
Skip non-chart visual asset c42706dd58f8e426533e6c93128dab319b3bfac894abd8e0129eb964f557977e.jpg: score=0;chart_ratio,square_without_chart_hint,edge:0.33
Skip non-chart visual asset 461e8d510febf40ff4389a1d7b353fe4f2dadae46afa82061dfafc309070b468.jpg: score=2;chart_ratio,square_without_chart_hint,edge:0.41,contrast,large
Skip non-chart visual asset 148c916571dd124b7958e2479d09e0c53f0aa8d2c6783e9d2169024a9579e80a.jpg: score=-100;too_small:449x204
Skip non-chart visual asset 0352fd06cbc5fdee73fc2554878a4c54230b1857ff3222f016cbc891cd4a5fe8.jpg: score=0;square_without_chart_hint,edge:0.28,large
Skip non-chart visual asset cad4f8e34ae6024a4ffb5a6eedacbf44bfd06f36a511fcccb383c151a84db281.jpg: score=0;square_without_chart_hint,edge:0.41,large
Skip non-chart visual asset b12002d31c60d0828afeda9c25e280535fe57fde69afcac8adb199339ec67c2d.jpg: score=-100;too_small:449x162
Skip non-chart visual asset c281f863833159a8296ea28ab3a364269906ab580b7482bbedba2696a45bfa9c.jpg: score=-100;too_small:449x165
Skip non-chart visual asset 054c9ecbcb07937095c109c59191323272eb4c4b2f23a44ef6cf8c260c0ce3f1.jpg: score=-100;too_small:449x198
Skip non-chart visual asset a9741d2435f93d791af005b430b6f98432d12eba29397200ce03bf9fb04bd95f.jpg: score=-100;too_small:457x151
Skip non-chart visual asset f8f548acf353b0579d7fea70f14ad66e008d33355142a488b10b155e351602ac.jpg: score=2;chart_ratio,large
Skip non-chart visual asset 8270afc9251ca2f4a89f11521f5c75dce03ec333690fd7793417aacea50886b0.jpg: score=-1;square_without_chart_hint,edge:0.12
Skip non-chart visual asset 0a2b8fae5d0d7020c5dc1a054f1d7bdf21131dc8813cc839f19be3073f1957ef.jpg: score=-1;square_without_chart_hint,edge:0.12
Skip non-chart visual asset 6eeb0ca8592f66bdd34c29f7e28098ca06a51253916c48b287eeb29f381bbe1b.jpg: score=1;chart_ratio
Skip non-chart visual asset f036e36af1faf5199bc4c34d84cdf812810b72ca2dccb6876530c714bb338bb3.jpg: score=-100;too_small:122x127
Skip non-chart visual asset 972b8930eb816f4d60e2fdcf8f592d639837a80c19243de0648c2e448cb58b99.jpg: score=-100;too_small:515x137
Skip non-chart visual asset 06ebf2aa30ebf12f48ee5f2cdf6635fcf3811fb55cd149688dac2d4d844e4eb4.jpg: score=0;chart_ratio,square_without_chart_hint,edge:0.11
Skip non-chart visual asset 0dae50db2a78017f15d0aec8a25110de66c77064d3b2967fffca993ba04b65af.jpg: score=1;chart_ratio
Skip non-chart visual asset ff75d922872e9b6ccaed446f58cb6e2df81d387a0e59975f2c515169c91aca96.jpg: score=-100;too_small:510x114
Skip non-chart visual asset a4104cbc41b9b98a3eaae64363092f63435027e1c8d8c6ef37573065f44f008b.jpg: score=-1;square_without_chart_hint,edge:0.13
Skip non-chart visual asset b62788c16b51b04589a65a86c60be79a3b441b3d102be04cd5967e0685b141f9.jpg: score=1;chart_ratio,square_without_chart_hint,edge:0.31,large
Skip non-chart visual asset 3831a4262f07ca85854a968bf00b48be82129eb0ead74e964d76a44c238c34ba.jpg: score=-100;too_small:515x114
Skip non-chart visual asset a7717b06cf8460d0508da4f2c71802da573bf97ce4cd5500b15e8bafa685ba6c.jpg: score=-100;too_small:449x195
Skip non-chart visual asset deb996604cbf6c626d2fd113dcdbafcfb653e47d5c8d7b02c329d0b171a8961f.jpg: score=-100;too_small:674x140
Skip non-chart visual asset 04f3f4e9d9e9c149b2373fa2ac2a02a06cce2be5852f980c7d7c379e0bdbc8a5.jpg: score=-100;too_small:437x43
Skip non-chart visual asset 950ad5c99fc74053f5395fd88256f71beca40ba5626ec867ae8ec59378a5c9aa.jpg: score=-100;too_small:437x43
Skip non-chart visual asset f83097b0d23e310ad125a3d74e8b30a78a16738da736b9a36a9eba310cedb884.jpg: score=-100;too_small:329x245
Skip non-chart visual asset 10e8f83bbe5f530353bc0f720c2ea1751ff0dff917c2f0bbb7f98512b6a19ecb.jpg: score=2;chart_ratio,large
Skip non-chart visual asset 3a7e35a59bdd1100a65fc67b94d99f93564564c818feb3525f8bc12b91a99a95.jpg: score=-100;too_small:676x140
Skip non-chart visual asset d7d7638a817e1f64c624be48fd013c7390d6ebff9e38e770f2d7b338f75649fc.jpg: score=1;chart_ratio,square_without_chart_hint,edge:0.29,large
Skip non-chart visual asset 740dfac697bfab9cd44f4baee980add0ee43bd1ea90137ad7bcbdf4f33941229.jpg: score=-1;square_without_chart_hint,edge:0.12
Skip non-chart visual asset e9516287a092cfcda265f5cc47b086f4ee0c0fd2f124b7002e5c6f09ca827e29.jpg: score=-100;too_small:307x84
Skip non-chart visual asset 1c921de7e4276ef27f72f2acb3ac132e69a74fb513ca794d3b154bd971684772.jpg: score=-100;too_small:449x198
Skip non-chart visual asset fa1a73e952f8924e5d5da2d651a41f69da201bdc6184f708e3df250bc47784de.jpg: score=-100;too_small:321x92
Skip non-chart visual asset 2451b00c747ebdf5b0f8c39629ebc68c85e5170bc335440c8c351012ec05a559.jpg: score=2;chart_ratio,large
Skip non-chart visual asset 0562572ab013184e3b96c7a6d66e105331f69b6c55f266439eecd73051a00de3.jpg: score=-100;too_small:518x112
Skip non-chart visual asset 712d1dc8e36d10e5b70c4e11a4cf320a226f8d6eae888c04a47d6c1f55655888.jpg: score=2;chart_ratio,square_without_chart_hint,edge:0.39,contrast,large
Skip non-chart visual asset 4bcb3f5650f88bf1b663f5e0c1c24b5bc6c968255e728da162051348a34c01bd.jpg: score=2;chart_ratio,square_without_chart_hint,edge:0.25,contrast,large
Skip non-chart visual asset f010b453a443fdabb4141623c86f73c8e597744f30091dca8346b9ea5317304d.jpg: score=1;chart_ratio
Skip non-chart visual asset 338a14f5f60343d7dead3943a6d5b175f349a8d02f68fb63b4e995f9b5e374c6.jpg: score=-100;too_small:345x123
Skip non-chart visual asset 72ffc297af2e5588a54f46bb289da025df34f5cd4e2c02fe7be1a7bda3ab5b49.jpg: score=0;square_without_chart_hint,edge:0.34,large
Skip non-chart visual asset ab12849614c5c9f5c0d2115bed3072c0bdff251e9a6af6d31f11e63a426f4524.jpg: score=-100;too_small:412x126
Skip non-chart visual asset 2d3543d1588b750d2a1fa86fa92567115ed6ed10378755d3fb56cc3438563a76.jpg: score=-100;too_small:437x37
Skip non-chart visual asset b699cb1e57b489736ef5de1519ec7217d50bd10391a131c77e329bb82bbc46fd.jpg: score=1;chart_ratio,square_without_chart_hint,edge:0.35,large
Skip non-chart visual asset ff7bb6cb9208015e71824e3980b03c4abdb53ab63f139d658875953005b99ee4.jpg: score=-100;too_small:449x148
Skip non-chart visual asset e7f6dd76c9ac432dbecac70bc0fde8f7718c42b1c3c30a3f9afd09a3c268395e.jpg: score=-100;too_small:437x43
Skip non-chart visual asset 16cc81996ff9b383d684bd56f1069fc3e50cefaab29d4d835c34fb2c04fec048.jpg: score=1;chart_ratio,square_without_chart_hint,edge:0.27,large
Skip non-chart visual asset a153cb802c8c8109d83ddcf8767973026fb0d52d2baea973e91db89c69d38a7a.jpg: score=2;chart_ratio,large
Skip non-chart visual asset 6acdb565337b506e026b8c7860239c71511ef881194f3d6b76c2818079d0ff18.jpg: score=0;square_without_chart_hint,edge:0.35,large
Skip non-chart visual asset 1412f6fab197eef812cdbeb8edecf0c9f812dfc1323047f1d9f259b9a58cfb42.jpg: score=0;square_without_chart_hint,edge:0.41,large
Skip non-chart visual asset fb5690041dcb2b1813c27c26a71620ca44c2ca1d8411fde1c77011fe6c67c1c4.jpg: score=-100;too_small:715x176
Skip non-chart visual asset a7ede525d5b4ad4f6a6948ffcb53f8536dbb91c7f7df67663ffd0485627b1a03.jpg: score=2;chart_ratio,large
Skip non-chart visual asset c835b20a7ccf9e2f74bcbf30f0fc7537fac0949f9280ce7d8e6aa3ee32fdecf1.jpg: score=-100;too_small:434x37
Skip non-chart visual asset d0e679a2146d67d0a57fee6ca4d5c2afb0d45a8e20a19408df6a8bf0d3b717d7.jpg: score=-100;too_small:518x110
Skip non-chart visual asset 54aa7b66d0bb7533979d7d92a9fc6c296b34afe497eed3ca14a866513fa5201d.jpg: score=-100;too_small:437x37
Skip non-chart visual asset 9584f155dd8f0d731ac11be23f2ac9d618917827b9045bd6ddcc2816c3951d8b.jpg: score=-100;too_small:434x42
Skip non-chart visual asset 3dffaebaefcf4bc84132d0403b970fc16af5327f2cc56f5b8d517353693f8437.jpg: score=-100;too_small:449x200
Skip non-chart visual asset 7b46cb5540e4b0b8d68711a6196a1aabc30486bef54c32adc2ce6c988d13ead9.jpg: score=-100;too_small:379x117
Skip non-chart visual asset a0d92d45c29ba9f0fc97b523ae37c798daf74ff532bd059e0eb8f5bd02668853.jpg: score=-100;too_small:434x35
Skip non-chart visual asset d3cd21904505788a8f952bdb892d2eaee8319f1e50930fe44afa133a11f02c98.jpg: score=-1;square_without_chart_hint,edge:0.12
Skip non-chart visual asset 5261a18abe6f4563712d4804d0be056addb8219d29ca196b546cbdf4fdc7dc21.jpg: score=-100;too_small:449x165
Skip non-chart visual asset 81c950f057d08b25bd5b9085511556c359bfbdda1f26d5512f97e5a860eeaabe.jpg: score=-1;square_without_chart_hint,edge:0.13
Skip non-chart visual asset 61eb7af1d80087c6ac9b77a91003b12938cf1009965c10425540ab7c0e57f8ce.jpg: score=-100;too_small:417x179
Skip non-chart visual asset 112c438b6a1e02d7362123fe4d8642674a964745c8a6835abd3bb94dfc3289c8.jpg: score=-100;too_small:437x79
Skip non-chart visual asset 138e7c73c4e69fab3271dd7277278edd46488aa7d5d70a0865862071669cf3f1.jpg: score=-100;too_small:326x84
Skip non-chart visual asset 3bb6e81d0068034c9d8b0023c9b5b694312ed7493699e3df7afb3ec3b608aea8.jpg: score=-100;too_small:337x120
Skip non-chart visual asset e17632ee7d9dcd8f55baa9611a92ad735c49ee24568ff762706d81dd5e1763f3.jpg: score=-100;too_small:518x112
Skip non-chart visual asset cb77e12697d89b668a2cc606d95ebfc0a400e9a7ec53ea60c6f7f9b5581965f5.jpg: score=-100;too_small:175x62
Skip non-chart visual asset f3bf3139d6dd3b29171bbee76f2160a4f645b4b354418b74a503c545eae31150.jpg: score=-100;too_small:449x185
Skip non-chart visual asset 326eb5ebf2f32e2b82df5c4099d50d2e095e5f341208f3b4963ed35e52e525fd.jpg: score=0;square_without_chart_hint,edge:0.32,large
Skip non-chart visual asset 3636a8e976da97bb5c4b6943900b7144a2e4d7fc59c2ab307300c0d4958d988b.jpg: score=-100;too_small:521x112
Skip non-chart visual asset b2c79bfb8825348c431a6356cfacf0764a2c08e94a3cd5b34e61b0b49541717e.jpg: score=1;chart_ratio
Skip non-chart visual asset b311323313f6eadc0924b9b40024d4672e5b6adf65b189549463f60e555994a5.jpg: score=1;chart_ratio
Skip non-chart visual asset 3ebdecc05b73122fe641d310167a97ea9f0347ca630398513175ccfd9344a251.jpg: score=-100;too_small:417x209
Skip non-chart visual asset 8612967217c93bc620f814c64f72535ea3b28e588ac34f93881124e3095c971d.jpg: score=0;square_without_chart_hint,edge:0.33,large
Skip non-chart visual asset 39f3dc518746377e71a11fefbcf16c02729ebdab1b187c7b10e2bfbc6ee18044.jpg: score=-100;too_small:526x112
Skip non-chart visual asset bd46f92945e6a81e0acaab92ef85904249d14b63398396cff3085ef60f182d8c.jpg: score=-100;too_small:449x200
Skip non-chart visual asset c1ed87260167aa1832fe42d0753387308f1cf2d2778c42a11e6253b35d7e9dd0.jpg: score=2;chart_ratio,large
Skip non-chart visual asset 43def71720f313f3c65ee6a2b08b3afc816d8eac1044ec797e8474c3aeefd64e.jpg: score=0;square_without_chart_hint,edge:0.15,large
Skip non-chart visual asset ee745cea5428cb7544b3f892f39a6ab8571c7928b69c7e82e8da5b115d0c7423.jpg: score=0;square_without_chart_hint,edge:0.35,large
Skip non-chart visual asset 020bb156ccce207e3848f8db379fdc5695462158b8b5a3622b63cc4eefccc460.jpg: score=2;chart_ratio,square_without_chart_hint,edge:0.46,contrast,large
Skip non-chart visual asset e0655567090870e0883adfc7e40164043d91e8ca67cdb32b3706404e3f26a5cb.jpg: score=-100;too_small:437x43
Skip non-chart visual asset c1b09b40139083f631884a195ebf53211e038fc73832130970c7f25a2154c4f2.jpg: score=1;odd_ratio:5.58,edge:0.30,contrast,large
Skip non-chart visual asset 0750214f1815b0018bdd10b6370df825f87de4a725947b31c886a11946f1186b.jpg: score=1;chart_ratio
Skip non-chart visual asset f82750c027254cb08a65739f5f6e07069313077f538498df40424b213fb363d7.jpg: score=-100;too_small:449x165
Skip non-chart visual asset ae564f85c407baf3a685a711de7ce80b036ed9494962fad4fa7d23714a4010b1.jpg: score=-100;too_small:521x112
Skip non-chart visual asset 1e459125b447a5e1cb008cfc7f18f10c5b0a645ca03934c4002297d1aab0ee5b.jpg: score=-100;too_small:521x114
Skip non-chart visual asset 4b2b3da3d55c4d1801ebefe1e9f5d611748fb3a049771eb696bf2dd075bde4e4.jpg: score=-100;too_small:526x112
Skip non-chart visual asset e1646d94620340191ed3f75ddc87e881355184f7663f2c3f183fdb87fc88cbcc.jpg: score=2;chart_ratio,large
Skip non-chart visual asset 22c01c0dffcbdbc048f131a3fb1c6c8b1d63aa4d1bcbf432229b6457da8f89d5.jpg: score=1;chart_ratio
Skip non-chart visual asset b1f9ad572894a6546a8c0f1d0e1cb58c39424491efed5c0370a9441b15952019.jpg: score=-100;too_small:417x123
Skip non-chart visual asset 2ada0a4a0971d80d37e0d9ab35a227e6cd141b7e2bf98693e948f41ae833e84b.jpg: score=-100;too_small:337x129
Skip non-chart visual asset 4b9645bf9b2edf289c085448caee2ffbed73a27f958377808fb78bab4e63bc95.jpg: score=1;large
Skip non-chart visual asset b03d6840303a759ecccf2b425e1645a7dbb7185145a78a771e29a69a8dbf8ead.jpg: score=-100;too_small:112x128
Skip non-chart visual asset 03109f295c32ae21bef26d482f3b53c479ff09559fc852e8f1c977cc534f5191.jpg: score=1;chart_ratio,square_without_chart_hint,edge:0.17,large
Skip non-chart visual asset e82f245f709b5abc2af48780d154f764ef05947506d796dbc03d8c73af575d31.jpg: score=2;chart_ratio,large
Skip non-chart visual asset f70a8808db401b6a90a100b65313271bc1c01ef4c95a7b75ded799d760ece5e0.jpg: score=1;chart_ratio,square_without_chart_hint,edge:0.14,large
Skip non-chart visual asset acdc953d0f1262aface8f1b4edf0c94f4b8edc1eb424a4271b9fd7d36ec70847.jpg: score=2;chart_ratio,square_without_chart_hint,edge:0.22,contrast,large
Skip non-chart visual asset eb97e74e7915bd5519496e655610b7022b1f61b66823daec44bf5edc662bf1d1.jpg: score=2;chart_ratio,large
Skip non-chart visual asset 85502b2449d8b56828787ba1e5f13b79196072699adcbd90fc7b97fba8cefaa5.jpg: score=0;square_without_chart_hint,edge:0.12,contrast
Skip non-chart visual asset 7d78f869994bc01f74c27b45a3fe21eb48ac46f1b7e10e5c9e05e2b72aa6a9ed.jpg: score=1;chart_ratio,square_without_chart_hint,edge:0.17,large
Skip non-chart visual asset 768c96f4303ba29924b1873eaf4fa823171a9098514d3b42b4fe92fa3e76e8a7.jpg: score=1;chart_ratio,square_without_chart_hint,edge:0.14,large
Skip non-chart visual asset d4da7981ab1d1056a0889ae78dc3b18c943e869cf3a6085b36ecc7a7806430d2.jpg: score=2;chart_ratio,large
Skip non-chart visual asset 21c2214dcd153bad32737c809e714107cce56dfbf53744b6deac31fe49be5e86.jpg: score=1;chart_ratio,square_without_chart_hint,edge:0.15,large
Skip non-chart visual asset a9d7eef3150c6a03a9e9f9cdd41492f39122b8a981b2114c12db54c5fc6f523d.jpg: score=1;chart_ratio,square_without_chart_hint,edge:0.18,large
Skip non-chart visual asset 979f7e41fa603cc6f27d84e480b113362733f42a463015d85a13e66e2dcacc1d.jpg: score=1;chart_ratio,square_without_chart_hint,edge:0.16,large
Skip non-chart visual asset 85ff088a6cf9200ec1ead451701fc9590b500c99d4c62cfd563911e5e1d37f37.jpg: score=-1;square_without_chart_hint,edge:0.14
Done. Results written to /home/runner/work/rpt_edit/rpt_edit/xhs_notes/dropbox/260708/shard_12; successful_reports=5; mineru_timed_out=False; mineru_attempts=1
All batches completed successfully. Generated 5 report directories.
