Found 82 total PDFs; shard 16/40 has 2 PDFs, skips 0 already converted, will process 2 PDFs with batch_size=5.
Running batch 1: 2 PDFs
Found 2 PDFs. MinerU token slots available=2.
MinerU attempt 1/4 using MINER_U_2: submitting 2 PDF(s).
Uploading PDF to MinerU: /tmp/pdf_batch_001_26mhl8ds/pdfs/0001-84-Nomura-USD CNY fix model-Projection- 6.8007-260708.pdf
Uploading PDF to MinerU: /tmp/pdf_batch_001_26mhl8ds/pdfs/0002-85-UBS-China Aluminum Sector-Excessive pessimism creates opportunities to accumulate-260706.pdf
MinerU attempt 1 using MINER_U_2 batch_id=3b920792-fe30-46ca-bef8-5988e177c9db
MinerU states: pending, pending
MinerU states: done, running
MinerU states: done, done
/home/runner/work/rpt_edit/rpt_edit/scripts/pdf_to_xhs_batch.py:285: DeprecationWarning: Image.Image.getdata is deprecated and will be removed in Pillow 14 (2027-10-15). Use get_flattened_data instead.
  pixels = list(gray.getdata())
Skip non-chart visual asset 5204fd264bab2fcba7abdf3b9563197e2f227295b986b3fd693dfcc53a38e7f6.jpg: score=1;chart_ratio
Skip non-chart visual asset cd44db0f0fb082993fb2c914df13caa1763922defdb98a50c16601225bdbd05a.jpg: score=0;square_without_chart_hint,edge:0.24,large
Skip non-chart visual asset 8bc77aa92029fa18c0a7ae37f623dc762043af12ba105a3f4890fec4605a8035.jpg: score=-100;too_small:1415x162
Skip non-chart visual asset eff167bc641fc1b0d8e5715861fa24165a21657b472b63dd36647004b3da477b.jpg: score=0;square_without_chart_hint,edge:0.20,large
Skip non-chart visual asset 894f0f36729322fc698d698da15358210fd94adbb596a49e5de3dd783259d45f.jpg: score=0;odd_ratio:6.02,edge:0.20,contrast
Skip non-chart visual asset 70ee0d028d5980273f82a5424c57abee6dd0dd2614e0923923739d5f1f94a19e.jpg: score=1;chart_ratio
Skip non-chart visual asset 9bc1a9917d0382bd9dfa4bb8c613a0af36c7a78472baefa71708e7d7ba5a5f59.jpg: score=0;square_without_chart_hint,edge:0.21,large
Skip non-chart visual asset 26eb33dd5df630ea04971acf77edba9dff6023888d83c0912289a0fdb0c9ab80.jpg: score=-1;odd_ratio:7.09,edge:0.21
Skip non-chart visual asset a55e446d8cb9abfdd37bfb52d6d8786acaae0bc10c392a32f419224379d454a3.jpg: score=1;chart_ratio
Skip non-chart visual asset b40d930beee677d8b60c2c517082243b10c4a99597f331961f623085a0e8d172.jpg: score=0;chart_ratio,square_without_chart_hint,edge:0.17
Skip non-chart visual asset bfa1d9aa967b6c9908dd5d7e15452934c918375988bfa290997de93dd698fc8e.jpg: score=1;chart_ratio,square_without_chart_hint,edge:0.21,large
Skip non-chart visual asset 9a12a7a71ad19f1d310624814bdfec9474887aa20f42847fc063265952c43120.jpg: score=2;chart_ratio,large
Skip non-chart visual asset 0e81530f67f6f5195a072bdfd2577e25ec4a616aeb59f4ef48db3d6f4f515204.jpg: score=1;odd_ratio:5.48,edge:0.24,contrast,large
Skip non-chart visual asset a1858ef00fd1310db5bf0661450ecff0c4dfd8834f312844107dd25f463384f8.jpg: score=-1;odd_ratio:6.25,edge:0.18
Skip non-chart visual asset ef21e5c60f8b6aad2008c778e19ddfe6ddcb92d09908f7181653b23f9086d44b.jpg: score=0;odd_ratio:7.58,edge:0.28,contrast
Skip non-chart visual asset 129b584c4b8071a8e40158e667bace9e59105836034ede3c6c4f5fdbd99831e1.jpg: score=2;chart_ratio,contrast
Skip non-chart visual asset c367d87f3592ef6d70629de84b20f35567808e87e8dba6d8a4a00d4884cdae8b.jpg: score=1;odd_ratio:5.31,edge:0.42,contrast,large
Skip non-chart visual asset 48f98a7c1700781de58efab59c069fd40734db16aeba1531648ce31ae57ca0c8.jpg: score=-100;too_small:1065x162
Skip non-chart visual asset a2e8ec442d1385172d144483ac88ea41535f0641019e9a224e168635b854b330.jpg: score=1;chart_ratio,square_without_chart_hint,edge:0.16,large
Skip non-chart visual asset d3422cec0e1261be1477e9b5ec5a3f6220b71a9e6e877a00531b9914e1094047.jpg: score=1;chart_ratio,square_without_chart_hint,edge:0.41,large
Skip non-chart visual asset 820a3307705f6cce07daf4ecc2902b040909f57120ab2faa67d4bf1a49529845.jpg: score=0;square_without_chart_hint,edge:0.29,large
Skip non-chart visual asset a9bc9fd973633efe5600597d15518b676d0980dd1a239e5053be98f1fcfe5af0.jpg: score=0;odd_ratio:6.79,edge:0.37,contrast
Skip non-chart visual asset 71a7687621c9ee9c48b89372397f71bee4280c150c00a3e7559bbf35f79490ba.jpg: score=-1;odd_ratio:7.09,edge:0.21
Skip non-chart visual asset fa3259855812a0e3651ceaa252165d6f8dec8d6c57fd337aad52333872160ee5.jpg: score=0;square_without_chart_hint,edge:0.20,large
Skip non-chart visual asset c10eb7d283029d7b5f7e244ef3b2c25e9fa9c81a333029c83e72b2c4be776724.jpg: score=-100;too_small:1065x162
Skip non-chart visual asset 57134f8d5efc7536248ed1719e6079dd8c0306bd9def8798c5131da606b80841.jpg: score=-100;too_small:1065x167
Skip non-chart visual asset e1f30441d84dbce98358063639924260f21a5124e31b5b18984350d815881c28.jpg: score=1;chart_ratio
Skip non-chart visual asset 7d2643b41f187828a2b35015a506e77e96f878c4320ed238f73e4af95ad4c2e9.jpg: score=-1;odd_ratio:7.20,edge:0.17
Skip non-chart visual asset 9f215bba58e6b08775f7d13295aa9afea6ae076faf97a32799051859399eec42.jpg: score=-1;odd_ratio:7.09,edge:0.21
Skip non-chart visual asset 8fd9dcd60b2c559d7f7e747b0b000970b6cfcf0138618397a3a18c2a8f2c72a9.jpg: score=-100;too_small:1065x162
Skip non-chart visual asset 3e0a9cd3dd9c433c7ea1912dd954e8283df52fc10a64c58f0851d0a12f3b69e8.jpg: score=0;odd_ratio:6.81,edge:0.19,contrast
Skip non-chart visual asset cca71d34bcc09bbf68452189e5c19f90680e2754c7a86f1fbd02c97d174eaced.jpg: score=1;chart_ratio
Skip non-chart visual asset 297295e19cebb3883287907ead9ee0016d3cb07a0e3c91dc8cfcfbe178fefba4.jpg: score=1;chart_ratio,square_without_chart_hint,edge:0.38,large
Done. Results written to /home/runner/work/rpt_edit/rpt_edit/xhs_notes/dropbox/260708/shard_16; successful_reports=2; mineru_timed_out=False; mineru_attempts=1
All batches completed successfully. Generated 2 report directories.
