Found 34 total PDFs; shard 4/40 has 5 PDFs, skips 0 already converted, will process 5 PDFs with batch_size=5.
Running batch 1: 5 PDFs
Found 5 PDFs.
Uploading PDF to MinerU: /tmp/pdf_batch_001_zmeagwvs/pdfs/0001-21-CITI-China Auto Manufacturers-Weekly EV Orders Continually Missed -18-24 May--260526.pdf
Uploading PDF to MinerU: /tmp/pdf_batch_001_zmeagwvs/pdfs/0002-22-CITI-Greater China Semiconductors-The New Tauism- Huawei-s Tau Scaling Advances Chip Performance-260526.pdf
Uploading PDF to MinerU: /tmp/pdf_batch_001_zmeagwvs/pdfs/0003-23-Goldman Sachs-China Metals - Mining-China coal sector-assessing potential impact to industry production and prices post recent accident-260528.pdf
Uploading PDF to MinerU: /tmp/pdf_batch_001_zmeagwvs/pdfs/0004-24-Goldman Sachs-China Consumer Staples Value retailers-Addressing key investor questions on recent competition-Reiterate Buy on Busy Ming Wanchen-260528.pdf
Uploading PDF to MinerU: /tmp/pdf_batch_001_zmeagwvs/pdfs/0005-25-Goldman Sachs-China Healthcare-ASCO 2026 Preview for China Pharma Biotech-Takeaways from abstracts-260528.pdf
MinerU batch_id=614bb791-79cd-4c64-9dd7-f5c6a299fa82
MinerU states: done, pending, done, pending, pending
MinerU states: done, running, done, pending, pending
MinerU states: done, running, done, pending, pending
MinerU states: done, running, done, running, running
MinerU states: done, running, done, running, running
MinerU states: done, running, done, running, running
MinerU states: done, running, done, running, running
MinerU states: done, running, done, running, running
MinerU states: done, running, done, running, running
MinerU states: done, done, done, done, running
MinerU states: done, done, done, done, running
MinerU states: done, done, done, done, running
MinerU states: done, done, done, done, running
MinerU states: done, done, done, done, running
MinerU states: done, done, done, done, running
MinerU states: done, done, done, done, running
MinerU states: done, done, done, done, running
MinerU states: done, done, done, done, running
MinerU states: done, done, done, done, done
Done. Results written to /home/runner/work/rpt_edit/rpt_edit/xhs_notes/dropbox/260528/shard_4; successful_reports=5; mineru_timed_out=False
All batches completed successfully. Generated 5 report directories.
