Found 74 total PDFs; shard 3/40 has 5 PDFs, skips 0 already converted, will process 5 PDFs with batch_size=5.
Running batch 1: 5 PDFs
Found 5 PDFs. MinerU token slots available=2.
MinerU attempt 1/4 using MINER_U_2: submitting 5 PDF(s).
Uploading PDF to MinerU: /tmp/pdf_batch_001_jtw_uhim/pdfs/0001-16-Bofa-The Flow Show Fade Runner-260717.pdf
Uploading PDF to MinerU: /tmp/pdf_batch_001_jtw_uhim/pdfs/0002-17-Bernstein-Volvo Car AB-VOLCARB.SS-Volvo Cars Q2 2026- 11- gross profit miss- 25- EBIT miss. Company still expects materially better H2-260717.pdf
Uploading PDF to MinerU: /tmp/pdf_batch_001_jtw_uhim/pdfs/0003-18-Bernstein-Weekend Tech Byte- Compute capital markets - Hedging the trillion dollar AI capex cycle-260717.pdf
Uploading PDF to MinerU: /tmp/pdf_batch_001_jtw_uhim/pdfs/0004-19-CITI-Montage Technology -688008- Strong 2Q26 Results- Share Repurchase May Help Stabilize Share Volatility-260716.pdf
Uploading PDF to MinerU: /tmp/pdf_batch_001_jtw_uhim/pdfs/0005-20-CITI-TSMC -2330.TW- AI demand keeps accelerating- Upside surprise on further capex increase-260716.pdf
MinerU attempt 1 using MINER_U_2 batch_id=d6c43361-8d96-4e9a-b808-d287616ae2c6
MinerU states: running, running, running, pending, pending
MinerU states: done, done, done, done, running
MinerU states: done, done, done, done, running
MinerU states: done, done, done, done, running
MinerU states: done, done, done, done, running
MinerU states: done, done, done, done, done
/home/runner/work/rpt_edit/rpt_edit/scripts/pdf_to_xhs_batch.py:292: DeprecationWarning: Image.Image.getdata is deprecated and will be removed in Pillow 14 (2027-10-15). Use get_flattened_data instead.
  pixels = list(gray.getdata())
Skip non-chart visual asset 312c396eedceded347f12720f3878a21ae3ad998067f10c35589b3a03172f02e.jpg: score=-100;too_small:467x204
Skip non-chart visual asset dd5706d8039195a4b21794ffe808b21208a3ab90e04b322ce0801a39db6487ef.jpg: score=-100;too_small:104x146
Skip non-chart visual asset 8d35b2b8674a93301fbbe6400e1c04f76ca2079cf5131ab8da17e698894432f5.jpg: score=-100;too_small:398x226
Skip non-chart visual asset 4647d0fbd7ec5d3a946cba44ad9fdde37aa11ca60d28a035e9bf3f1e67966ca3.jpg: score=-100;too_small:96x92
Skip non-chart visual asset 7c0c38f3886a3ec7ac66a9650f3c248242453ccdc398ec1fb6386a6724f36447.jpg: score=-100;too_small:1459x165
Skip non-chart visual asset 101ab98dd333e86280cb84a423a1438e23a473e4e8ffb0848bb75e1693625ffe.jpg: score=-100;too_small:1417x76
Skip non-chart visual asset 7588a9413b113f89174abf18199fcf66f3e3e5fce716f39dc83015e19688800f.jpg: score=1;odd_ratio:4.93,edge:0.22,contrast,large
Skip non-chart visual asset fa6a8b88254b333eaddf0b559fd664e9b4d67128f876b2b9d0e6755194fdc07a.jpg: score=-100;too_small:96x93
Skip non-chart visual asset 3a619cf016191babeb882291574c4d39ee6ba952577936255a3bec9dfd4b1d8d.jpg: score=-100;too_small:96x89
Skip non-chart visual asset 69502a137d584ec223b76912403edbe8e14a40ae72a35df88c7836810cbd31b8.jpg: score=-100;too_small:96x95
Skip non-chart visual asset 73ed1e27b74b78e20a965e0c667d810fefe0d5a98132d40e0aa68b0eede31aba.jpg: score=-1;odd_ratio:7.17,edge:0.16
Skip non-chart visual asset 6dcfb6684e278584c95220e47241117036681d7218fe1a2d93428384e15f08be.jpg: score=2;chart_ratio,large
Skip non-chart visual asset 72d29bc5daa512ffaca4d807674a0eef82111abd8853abf0f319b1fb09d4b274.jpg: score=2;chart_ratio,large
Skip non-chart visual asset 63dd2a450c92a7e06ee80b4af07478d20e5e3071eed92b102242fcae1d1953d3.jpg: score=-100;too_small:42x43
Skip non-chart visual asset bc91073eaeef6134a190c31c4c11ea99f7d485e19f6bd3c45ee193a7c03c2e66.jpg: score=-100;too_small:1429x148
Skip non-chart visual asset 3325bc28481db038c0595ab90026c1305de189c038c92279248aa9e3500e2ca0.jpg: score=-100;too_small:42x43
Skip non-chart visual asset e8a55ce5ced8ec334723a31cd4ac30641686bc1b820823215bf5ba59c47ecaba.jpg: score=1;chart_ratio
Skip non-chart visual asset b4bcfb45920be51243b1ee855b64a6e4bb702464d417a2672e6f1b32b9233a5b.jpg: score=-100;too_small:34x42
Skip non-chart visual asset 86f251feb894ee1ef19e86a2b997ca379e0ddbf969a5ecb755b5f175c79aaf24.jpg: score=-100;too_small:762x62
Skip non-chart visual asset 43be33ea5556dd00bb7930ab146261a82694c08878b5406b2ba743bd5f247481.jpg: score=1;chart_ratio,square_without_chart_hint,edge:0.33,contrast
Skip non-chart visual asset 54cf62c2a83c2234b260fb60becfc666ccf1ef5046e86d476a65c723fafcf76b.jpg: score=-100;too_small:706x160
Skip non-chart visual asset bddfe5dfddb9050c70e5044a37bcd208d0b37e72afcee076038d0dc4e028081d.jpg: score=2;chart_ratio,large
Skip non-chart visual asset bfcdaa8c238c6df6e39cf202c80f21c34c917e5b61bf6873619ef89395ee57bb.jpg: score=-100;too_small:51x51
Skip non-chart visual asset 767879019e50ebb20da1bdf828f5e1cf75229f69ae240941d3330119ae1977f2.jpg: score=-100;too_small:362x210
Skip non-chart visual asset 4360bb023b636ac11db1ed3d25857484f916ce831c451b6e806b2f8aad3bfe3b.jpg: score=-100;too_small:426x145
Skip non-chart visual asset 10c4c638e4c0434ae92d5b80421d7f7bf323f85d6b61abb90cdf5c4081f4a184.jpg: score=-100;too_small:426x148
Skip non-chart visual asset 2ee80af35a4638dfbcc5e79a926a4c1e4fe533f749e5b04cb750fda3fb336349.jpg: score=-100;too_small:40x45
Skip non-chart visual asset 2a79c5ed5c99d92d342d708198f900f5b4d4c18ce5e68f2266529fd745aa48c7.jpg: score=-100;too_small:1429x87
Skip non-chart visual asset 72456d721bfba85188cf0b3de054eb661161ef7596e521da9a284897c682f253.jpg: score=0;square_without_chart_hint,edge:0.23,large
Skip non-chart visual asset a0500ddc30e9b3f8bc0a22dd8f0a6b2bcaefe9a9186219f6e35b73463b6a8c3f.jpg: score=-100;too_small:362x207
Skip non-chart visual asset f65baaaf668d12da5120e12997f8af303ecbddbfa85251781c03a40f38de414c.jpg: score=2;chart_ratio,square_without_chart_hint,edge:0.33,contrast,large
Skip non-chart visual asset 6448b7ceda0a7592583e40e2f34ad22109c48564ec3f695848f3f555fe231717.jpg: score=2;chart_ratio,square_without_chart_hint,edge:0.36,contrast,large
Skip non-chart visual asset 795d63425f189821115643dc50c8131b73d85c587c7ac82bef201eb6c2fe6ad2.jpg: score=-100;too_small:371x210
Skip non-chart visual asset 196a04ac8dd233897652a45cd444ac8a05e475500532f9c1b5a0a69b531da81b.jpg: score=-100;too_small:43x43
Skip non-chart visual asset 7de33e47a1fdadf2c90880c1f814ee31554ab99ecab8f9cd7a3dd33acd31af21.jpg: score=-100;too_small:432x151
Skip non-chart visual asset cf488156a0a526ab7b2e4919edea44dc187d9508cb0d3f782837d1c7f5ae3629.jpg: score=-100;too_small:1431x65
Done. Results written to /home/runner/work/rpt_edit/rpt_edit/xhs_notes/dropbox/260718/shard_3; successful_reports=5; mineru_timed_out=False; mineru_attempts=1
All batches completed successfully. Generated 5 report directories.
