Found 91 total PDFs; shard 12/40 has 5 PDFs, skips 0 already converted, will process 5 PDFs with batch_size=5.
Running batch 1: 5 PDFs
Found 5 PDFs. MinerU token slots available=4.
MinerU attempt 1/4 using MINER_U: submitting 5 PDF(s).
Uploading PDF to MinerU: /tmp/pdf_batch_001_kc8cvt8c/pdfs/0001-61-J.P. Morgan-Yingliu Electromechanical -A-603308-Read-across from GE Vernova-s 2Q26 results-260723.pdf
Uploading PDF to MinerU: /tmp/pdf_batch_001_kc8cvt8c/pdfs/0002-62-Morgan Stanley-Alphabet Inc. - North America 4 Learnings and 2 Catalysts-260723.pdf
Uploading PDF to MinerU: /tmp/pdf_batch_001_kc8cvt8c/pdfs/0003-63-J.P. Morgan-Tesla Inc-TSLA.US-Lower Estimates on Large Margin Miss with Investments Ramping- FSD Subscriptions Rising and Robotaxi on Track- That Should Drive Positive.pdf
Uploading PDF to MinerU: /tmp/pdf_batch_001_kc8cvt8c/pdfs/0004-64-Morgan Stanley-Asia Summer School- Asia Beauty - Trends and Cycles-260722.pdf
Uploading PDF to MinerU: /tmp/pdf_batch_001_kc8cvt8c/pdfs/0005-65-Morgan Stanley-China Equity Strategy-China Free Liquidity vs. MSCI China YoY Change-260723.pdf
MinerU attempt 1 using MINER_U batch_id=d6b291c3-3300-4025-8b12-212cfff0283e
MinerU states: done, done, done, done, done
/home/runner/work/rpt_edit/rpt_edit/scripts/pdf_to_xhs_batch.py:307: DeprecationWarning: Image.Image.getdata is deprecated and will be removed in Pillow 14 (2027-10-15). Use get_flattened_data instead.
  pixels = list(gray.getdata())
Skip non-chart visual asset ef134463995c0d2801b28530daf91eedc8b4b81ff28bc4e9eea7a975e1d71c94.jpg: score=2;chart_ratio,large
Skip non-chart visual asset 83317f09258528cae6c4fc6ce45cd23491e793b91659c61fc7cd70a638d4232d.jpg: score=-100;too_small:982x165
Skip non-chart visual asset dbf480de38570b7510837036beb0f5f87294f9abf1aad9675929ce558a56d92d.jpg: score=-100;too_small:540x101
Skip non-chart visual asset 6b6f7d34b765011a9362ad2a00731bfcf96ccc594d43c20bb81c4059497b9af8.jpg: score=-100;too_small:526x162
Skip non-chart visual asset 8b9fe54ba48827302782932f61098e6e084408713914fd167371f1c41629a0e6.jpg: score=-100;too_small:198x771
Skip non-chart visual asset ce8928b088fcbf220758e58d7d65afd26946fb8f0db7c9aa9f6c07c490fc421e.jpg: score=-100;too_small:803x134
Skip non-chart visual asset 2deb9856aea2b4734fabb46462194f8f9272cb5e005aa8fde711d6aad0171b39.jpg: score=1;large
Skip non-chart visual asset cf941dbf506deb69966ef3f22b5fcd6bc8dd5b41cd81a3c845523ca173634d96.jpg: score=-100;too_small:901x137
Skip non-chart visual asset 2399394911227dce2710b59f26cb929a6b6267366db08576bfd6066d8ec31308.jpg: score=2;chart_ratio,large
Skip non-chart visual asset e5bc89673e230f26d3e8427748a94d122a47921517883d94d782adf4ccf58797.jpg: score=-100;too_small:240x771
Skip non-chart visual asset f986a8309c7b5f0f8891bdb3807dac06fe09aa668f8db89740cb650e17b6b16f.jpg: score=1;chart_ratio,square_without_chart_hint,edge:0.22,large
Skip non-chart visual asset 69a773c58fad2b16406d85fcda96c0f272e03e37e3623d13ac5c784c9be4796d.jpg: score=-100;too_small:417x228
Skip non-chart visual asset 7584f4afd174b0972330b4aefc3076cf00d1caeed99e0af7494548cca9da0d43.jpg: score=-100;too_small:503x112
Skip non-chart visual asset f1215b1a7ebccbeced7da34338d22ee30ec220c035182bc83daa20624dac5d77.jpg: score=-100;too_small:437x109
Skip non-chart visual asset cb7bfb7defc22e6a935f4b9d47623bbb0e8c0f91402b2fdb0ab22ff8f32a3fb6.jpg: score=0;chart_ratio,square_without_chart_hint,edge:0.14
Skip non-chart visual asset fa45c155917eb3c0251b1d6545a2d0fe59fdff83d1cad095310f731194aa83ef.jpg: score=-100;too_small:901x90
Skip non-chart visual asset 0f461946dc83962c336670d9b960735e7ef512093a46fe882c6d2bd5783e75b5.jpg: score=-100;too_small:898x79
Skip non-chart visual asset 743fbedd4129c2c9f3e47c7463c3db878d6bed41214578085ce97aa3b2598e19.jpg: score=2;chart_ratio,square_without_chart_hint,edge:0.33,contrast,large
Skip non-chart visual asset 85ce64f2f98bc8c5de0ad87c6f978eb3ce9057a812dc6c6fca3e0bf48e06718f.jpg: score=-1;square_without_chart_hint,edge:0.12
Skip non-chart visual asset 716e704cf5f447d9ed129aaba92f1d68ec42d2706422dff9cd019ce3db224ea2.jpg: score=0;square_without_chart_hint,edge:0.33,large
Skip non-chart visual asset 4300a9e354df519fc379a1099dd57bc700eb50b15716672c42e69804610b87e3.jpg: score=-100;too_small:434x68
Skip non-chart visual asset 67026184dd8ff833b8a3748a1f4ef7238733e723b3afd0edfbc4330c562b2391.jpg: score=-100;too_small:904x28
Skip non-chart visual asset 5b6081b40603db17efd6c54d8fccf3fa33fc2a4e620c346dd52d3c21d00d8d06.jpg: score=-100;too_small:679x154
Skip non-chart visual asset 883de64ab0039769552370bb507e3dc301b8f74c57c784584a8186585313e231.jpg: score=-100;too_small:901x165
Skip non-chart visual asset b8bc2b49fbe559aa9591edd840e0a7328ac206761435e0a444503137dd1cb664.jpg: score=-100;too_small:445x98
Skip non-chart visual asset 8052f6337063280e5630e1b5ec3812108ef7fa6434933e29a907ab640bf93730.jpg: score=-100;too_small:898x73
Neutralized WeChat title while keeping the report: 摩根士丹利：Alphabet北美市场四个学习点与两个催化剂 -> 摩根士丹利：研究主题与行业变化观察
Skip non-chart visual asset b4539f6af11f7143e8c7b1aefa5c53723b4bf4688941035150d9ddfb1c28ec4c.jpg: score=0;square_without_chart_hint,edge:0.30,large
Skip non-chart visual asset b783b9107738ce49c792314055cb803f1911f2f457e2ba4e7528b07f58085bd8.jpg: score=-100;too_small:982x170
Skip non-chart visual asset 8e97323c8f9f861eb0b2b4405f1daa30e129edeb8a886574b93965522dbddaf4.jpg: score=1;square_without_chart_hint,edge:0.37,contrast,large
Skip non-chart visual asset 01c88857ec8883e138a8c09e812d5b8cb8ae2562412b6335c187c1faf7d89d20.jpg: score=-100;too_small:1451x151
Skip non-chart visual asset d118382bccfe3ef3db514c030c74f09f7486a1bb4cd121f50537e1c0ddfdea53.jpg: score=2;chart_ratio,large
Skip non-chart visual asset 88c0ebaa1ebd90a9acc25978c5ad54354504916d3806956855dfb3cfff1f2a8b.jpg: score=0;square_without_chart_hint,edge:0.43,large
Skip non-chart visual asset c004872d9f0a5a0cd752473d3f228f33f9836ef215f9f99b508171ef4804d997.jpg: score=-100;too_small:451x120
Skip non-chart visual asset 81c43d7e06837446fc2922e5160c86ad6da77d92a425f2928663c6e7d6d3c8ca.jpg: score=-100;too_small:626x87
Skip non-chart visual asset ff66ad2d7ee5dc3b242a4f99a397d0f8d6d11eb6909acd3ba249d98ea166bc79.jpg: score=-100;too_small:448x167
Skip non-chart visual asset bbafd830219cfb9a285ba034b4052830386f03c7e28d650c12d8f443affe6056.jpg: score=-100;too_small:45x62
Skip non-chart visual asset 9c5f312f67343e16ae4593b7023dfb5ef508488dd7365b462848d8d657a32b68.jpg: score=-100;too_small:67x57
Skip non-chart visual asset d13609dc6600c72733a62612fa40304f510dac5f547a9bcf2b39bb08bf4828fc.jpg: score=2;chart_ratio,square_without_chart_hint,edge:0.32,contrast,large
Skip non-chart visual asset 79e30521ecc2b7328e87f57c28d04be060329a32853ad7306c62cb059c677053.jpg: score=1;chart_ratio
Skip non-chart visual asset b0b464fefbb52adcc0e6d4cf510993948e49d82a83fa42054ef7671a41c209a2.jpg: score=0;square_without_chart_hint,edge:0.32,large
Skip non-chart visual asset 73480de66dad0aba41e35c888a9a9324b185d6a72fb5a67561fc3e1739b594ff.jpg: score=-100;too_small:68x62
Skip non-chart visual asset ee6671ef46eba9512ec345bd46e38e2e2991252f31b521bc9c4f8609559c8e48.jpg: score=2;chart_ratio,large
Skip non-chart visual asset 320c589875e3af6ae79abe81653947338cae4d7c07007c95a3c8a194429e4ee2.jpg: score=1;chart_ratio
Skip non-chart visual asset 652b97add3841d5a883890baa49c708c329d6cd396c930ac0368abb96260fe47.jpg: score=0;odd_ratio:5.22,edge:0.19,contrast
Neutralized WeChat title while keeping the report: 摩根大通：特斯拉盈利低于预期-FSD订阅与Robotaxi里程加速 -> 摩根大通：特斯拉业务与近期数据观察
Skip non-chart visual asset d8f0d0fbe5876094517634dd4f8adad33a578cc65813b072bd31519156cb40df.jpg: score=-100;too_small:512x134
Skip non-chart visual asset e8c166ad5e2397eff5adb09136b4d4185c2eae608e1c887cde619a309001921d.jpg: score=1;chart_ratio,square_without_chart_hint,edge:0.12,contrast
Skip non-chart visual asset b9a246709887e8d142176fd350c9668933bcac06eb66df3b50a4d03e26e78f75.jpg: score=-2;odd_ratio:6.74,large
Skip non-chart visual asset 38e74c5ddda96b99ac42d865ca3f4b391d8332279b2a1168a1e0e8fd2f0806e9.jpg: score=-100;too_small:1801x170
Skip non-chart visual asset b8c233d49a6725a991175ee398602f705103c14f8463b51f3747cb2ba5f54df3.jpg: score=1;chart_ratio,square_without_chart_hint,edge:0.20,large
Skip non-chart visual asset a9045c04e90e8e33540e00024951565e78620a65105ebb2b1c413002b5ca8632.jpg: score=0;odd_ratio:5.72,edge:0.18,contrast
Skip non-chart visual asset ce1bfa5ecbc20722ba3036eefbf403152d348e11d1e14ac015cd7ee25c0b0d2e.jpg: score=-100;too_small:518x137
Skip non-chart visual asset 2aa5511a013f67fd49eace9bd9497e3389496f37b1c888cd23694e4dc9f59d1b.jpg: score=1;large
Neutralized WeChat title while keeping the report: 摩根士丹利：中国权益策略-自由流动性对比MSCI中国同比变化 -> 摩根士丹利：研究主题与行业变化观察
Done. Results written to /home/runner/work/rpt_edit/rpt_edit/xhs_notes/dropbox/260724/shard_12; successful_reports=5; mineru_timed_out=False; mineru_attempts=1
All batches completed successfully. Generated 5 report directories.
