Found 51 total PDFs; shard 0/40 has 5 PDFs, skips 0 already converted, will process 5 PDFs with batch_size=5.
Running batch 1: 5 PDFs
Found 5 PDFs. MinerU token slots available=2.
MinerU attempt 1/4 using MINER_U_2: submitting 5 PDF(s).
Uploading PDF to MinerU: /tmp/pdf_batch_001_zqcmhtmc/pdfs/0001-01-Goldman Sachs-US Economics Analyst-Mid-Year Inflation Outlook- Oil and AI vs. Wages and Rent-260622.pdf
Uploading PDF to MinerU: /tmp/pdf_batch_001_zqcmhtmc/pdfs/0002-02-Goldman Sachs-Asia Economics Analyst-Food inflation in ASEAN-When oil shock meets El Ni-o-260622.pdf
Uploading PDF to MinerU: /tmp/pdf_batch_001_zqcmhtmc/pdfs/0003-03-Goldman Sachs-GLOBAL MARKETS ANALYST-Where the AI Boom Stands Now-Markets Ahead of the Macro-260622.pdf
Uploading PDF to MinerU: /tmp/pdf_batch_001_zqcmhtmc/pdfs/0004-04-Morgan Stanley-Global Macro Commentary June 22- Hawkish Expectations Remain in Focus-260622.pdf
Uploading PDF to MinerU: /tmp/pdf_batch_001_zqcmhtmc/pdfs/0005-05-Morgan Stanley-US Equity Strategy-Weekly Warm-up- Mixed Messages as Warsh Pushes for Fed Credibility-260622.pdf
MinerU attempt 1 using MINER_U_2 batch_id=0f832b80-c941-48d8-85e1-0eed67e308e3
MinerU states: running, running, running, failed, pending
MinerU states: done, done, done, failed, done
1 PDF(s) remain incomplete after attempt 1.
MinerU attempt 2/4 using MINER_U: submitting 1 PDF(s).
Uploading PDF to MinerU: /tmp/pdf_batch_001_zqcmhtmc/pdfs/0004-04-Morgan Stanley-Global Macro Commentary June 22- Hawkish Expectations Remain in Focus-260622.pdf
MinerU attempt 2 using MINER_U batch_id=45484061-3387-4ec9-9a77-c1c2d7085133
MinerU states: waiting-file
MinerU states: failed
1 PDF(s) remain incomplete after attempt 2.
MinerU attempt 3/4 using MINER_U_2: submitting 1 PDF(s).
Uploading PDF to MinerU: /tmp/pdf_batch_001_zqcmhtmc/pdfs/0004-04-Morgan Stanley-Global Macro Commentary June 22- Hawkish Expectations Remain in Focus-260622.pdf
MinerU attempt 3 using MINER_U_2 batch_id=d501fa7f-a2de-41f1-8caf-873ce3f31905
MinerU states: waiting-file
MinerU states: failed
1 PDF(s) remain incomplete after attempt 3.
MinerU attempt 4/4 using MINER_U: submitting 1 PDF(s).
Uploading PDF to MinerU: /tmp/pdf_batch_001_zqcmhtmc/pdfs/0004-04-Morgan Stanley-Global Macro Commentary June 22- Hawkish Expectations Remain in Focus-260622.pdf
MinerU attempt 4 using MINER_U batch_id=15f7c6f3-b5d8-448a-83e7-39f10c5857de
MinerU states: pending
MinerU states: failed
1 PDF(s) remain incomplete after attempt 4.
Skipping PDF after MinerU retry exhaustion: 0004-04-Morgan Stanley-Global Macro Commentary June 22- Hawkish Expectations Remain in Focus-260622.pdf
Done. Results written to /home/runner/work/rpt_edit/rpt_edit/xhs_notes/dropbox/260623/shard_0; successful_reports=4; mineru_timed_out=False; mineru_attempts=4
All batches completed successfully. Generated 4 report directories.
