Found 27 total PDFs; shard 1/40 has 5 PDFs, skips 0 already converted, will process 5 PDFs with batch_size=5.
Running batch 1: 5 PDFs
Found 5 PDFs. MinerU token slots available=2.
MinerU attempt 1/4 using MINER_U_2: submitting 5 PDF(s).
Uploading PDF to MinerU: /tmp/pdf_batch_001_evbkv1f3/pdfs/0001-06-CITI-Zhongji Innolight Co.- Ltd.-300308-A Leading Global Optical Interconnects Solution Provider-260717.pdf
Uploading PDF to MinerU: /tmp/pdf_batch_001_evbkv1f3/pdfs/0002-07-Deutsche Bank-UnitedHealth Group-UNH.US-No Good Deed-UNH Delivers Robust Outlook-Shares Fade-260717.pdf
Uploading PDF to MinerU: /tmp/pdf_batch_001_evbkv1f3/pdfs/0003-08-Deutsche Bank-GSK-GSK.L-Don-t panic- but that bridge just lost a few bricks- camplipixant headline takes-260717.pdf
Uploading PDF to MinerU: /tmp/pdf_batch_001_evbkv1f3/pdfs/0004-09-Deutsche Bank-Intuitive Surgical-ISRG.OQ-Choppy 2Q- maintain SELL and lower PT to -324-260717.pdf
Uploading PDF to MinerU: /tmp/pdf_batch_001_evbkv1f3/pdfs/0005-10-Goldman Sachs-Montage -688008--Rising memory interface IC with Gen-3 Gen-4 ramp up- 2Q26 NI guidance beat- Buy-260718.pdf
MinerU attempt 1 using MINER_U_2 batch_id=5793842d-1e1d-409b-b3ff-ef31f1779d4a
MinerU states: running, running, running, pending, pending
MinerU states: running, running, running, running, running
MinerU states: done, done, done, done, done
/home/runner/work/rpt_edit/rpt_edit/scripts/pdf_to_xhs_batch.py:292: DeprecationWarning: Image.Image.getdata is deprecated and will be removed in Pillow 14 (2027-10-15). Use get_flattened_data instead.
  pixels = list(gray.getdata())
Skip non-chart visual asset e8938168da23428dd829b1b87c07da60ac2a1ce08730dbb1a3f16b48ffd4abac.jpg: score=0;square_without_chart_hint,edge:0.34,large
Skip non-chart visual asset 148198a4b2f1d778da72b0fbd8fc15b0fbc591d3b0914b6fd3ddd71a9d349143.jpg: score=-100;too_small:365x154
Skip non-chart visual asset e06d377b3ab04b947c15309364cff6407e0cf26bb27c46fdb548203165ef56d5.jpg: score=0;square_without_chart_hint,edge:0.34,large
Skip non-chart visual asset 7796034b8d414f832a75cfa01ffc4c529dad00ddba9dc516d6b8b97029cec340.jpg: score=-100;too_small:910x170
Skip non-chart visual asset cdf1ebec152304a6ef5daaa101d96f8d19dc6326b9a1aa48696e532bf795ca49.jpg: score=2;chart_ratio,square_without_chart_hint,edge:0.16,contrast,large
Skip non-chart visual asset 6fc6400909932241ae814a6a7b0268026b92b069494a04723c3d0c2e65188f86.jpg: score=-100;too_small:359x160
Skip non-chart visual asset 5fd0dce82cd7888147ca48373dbb4e96774d22ff11618d7fa6642831aa12efa5.jpg: score=-100;too_small:1431x148
Skip non-chart visual asset 34a53569601f67568075e3a31abb983b9df34bec281c8deb10ab39725a748b92.jpg: score=0;square_without_chart_hint,edge:0.15,large
Skip non-chart visual asset 82a7fdb32cfee062b104d1dcd232906cd447e788af550da3a484955e5c748392.jpg: score=-100;too_small:362x160
Skip non-chart visual asset 20af16e8d7d0de75ce7d57822436b532d27e577f61e56dd3fdbdf6ac119e536c.jpg: score=1;square_without_chart_hint,edge:0.43,contrast,large
Skip non-chart visual asset 1b16451871d10bada683a5acfb93adb4093ddb747f57957bc8685934adb8e9a4.jpg: score=0;odd_ratio:4.92,edge:0.28,large
Skip non-chart visual asset 12e31c80f4aaa05d1785a899fd84710097f68791407393a604f7c4243eab0ac7.jpg: score=1;chart_ratio,square_without_chart_hint,edge:0.40,large
Skip non-chart visual asset 9bd85a2415e5d1e611413917e51fa9501e826db7686fafe9eda6320ec8d08cd2.jpg: score=-100;too_small:1393x76
Skip non-chart visual asset 28a87a66e0a45058f1e90a27674a50cc2bd25a7f7f51d0a83fb6e98b728e8d7e.jpg: score=-100;too_small:776x160
Skip non-chart visual asset 4c3022ab11ddb9c3d54c745a78fe424c9ba4d1d14f37428fbf36ae2e3ac3f044.jpg: score=-100;too_small:773x162
Skip non-chart visual asset 2b3385e109b7db2bfd6622aeab213dea594dca1bb0ac99d0b9842af50585bdf7.jpg: score=2;chart_ratio,square_without_chart_hint,edge:0.18,contrast,large
Skip non-chart visual asset de724ca22057a1115009d0bede2a9330cdf336da5ace4f6337845d732f335f3a.jpg: score=-100;too_small:1412x117
Skip non-chart visual asset 68f7f86a59bb6a36f4739933f4f9f5edface2c692b42f65d8a59dc2733bccfb8.jpg: score=-1;odd_ratio:5.45,edge:0.21
Skip non-chart visual asset c41997ea7fd8ca004c7f6d974f4ebf70203b8d4349289aa3e887116c5bf76332.jpg: score=-100;too_small:801x151
Skip non-chart visual asset 0e46a1db6d3aee00b180cc7f0435c59592b2b028f8d294ee0497f6ad181ce887.jpg: score=1;chart_ratio,square_without_chart_hint,edge:0.21,contrast
Skip non-chart visual asset e20fb010c0557696f8323df3d1846a2b930202c05ec86dd96921d25423cf1e7f.jpg: score=-1;odd_ratio:5.55,edge:0.21
Skip non-chart visual asset 465a06bffdd481cd3ef48ba8ae2315767d1062ff3b09187b01e5b05b3e646dcb.jpg: score=-100;too_small:454x110
Skip non-chart visual asset 2a82de127e210fa19892702ad09cf51ea3fecb6b63bd99c935ccf63a0b0abd85.jpg: score=1;chart_ratio,square_without_chart_hint,edge:0.17,contrast
Skip non-chart visual asset 7c84f382bfac5ed36dd7ef053aabee90f8e689157c24f16e2949d107409c11af.jpg: score=0;odd_ratio:4.87,edge:0.32,large
Skip non-chart visual asset 3bba2da5acd8975bd1486e9130eccfaeaddd9a972345aa242598eb62cf9fa208.jpg: score=-100;too_small:1415x123
Skip non-chart visual asset a1fbd3c186d106c52d54cd78ed40705ac89645e43b37b25985b80f038391eeeb.jpg: score=0;square_without_chart_hint,edge:0.26,large
Skip non-chart visual asset 657c8999a7f996c8b9c9a0f8c957dda151bced47ca88181b84c3bfc9a082152f.jpg: score=-100;too_small:409x112
Skip non-chart visual asset 787d5195319bad49a15c3b8e6fb938cfcaf24d71eac00f4dfcb1d74b00088a3f.jpg: score=-100;too_small:514x159
Skip non-chart visual asset f8cca1503ed1acf51790bcf6deb3d20bc91a3b79445ee4dfe45e45a5bb79a962.jpg: score=0;odd_ratio:6.28,edge:0.45,contrast
Skip non-chart visual asset b1cb6035817dba5b248c0ed3380157db72d0b3960512acea0a06512b077dff5a.jpg: score=-100;too_small:1159x112
Skip non-chart visual asset deef1a2a445a314f1bb196bde3c89622005b7a51675c3fd56ca1006758be8b1e.jpg: score=-100;too_small:1023x89
Done. Results written to /home/runner/work/rpt_edit/rpt_edit/xhs_notes/dropbox/260719/shard_1; successful_reports=5; mineru_timed_out=False; mineru_attempts=1
All batches completed successfully. Generated 5 report directories.
