Found 99 total PDFs; shard 4/40 has 5 PDFs, skips 0 already converted, will process 5 PDFs with batch_size=5.
Running batch 1: 5 PDFs
Found 5 PDFs. MinerU token slots available=2.
MinerU attempt 1/4 using MINER_U_2: submitting 5 PDF(s).
Uploading PDF to MinerU: /tmp/pdf_batch_001_o5z1p2ns/pdfs/0001-21-Deutsche Bank-Horizon Robotics-9660.HK-HSD V2.0 Demonstrates Exceptional Precision and Strategic Maneuvering-260714.pdf
Uploading PDF to MinerU: /tmp/pdf_batch_001_o5z1p2ns/pdfs/0002-22-Deutsche Bank-SpaceX-SPCX.OQ-Data Centers in Space Part 4-260714.pdf
Uploading PDF to MinerU: /tmp/pdf_batch_001_o5z1p2ns/pdfs/0003-23-Deutsche Bank-Tesla Inc.-TSLA.OQ-2Q26 Preview-260715.pdf
Uploading PDF to MinerU: /tmp/pdf_batch_001_o5z1p2ns/pdfs/0004-24-Deutsche Bank-Thematic Research-What-s the pain threshold- when will higher oil prices drive a bigger selloff--260714.pdf
Uploading PDF to MinerU: /tmp/pdf_batch_001_o5z1p2ns/pdfs/0005-25-Goldman Sachs-ASML Holding -ASML.AS-- Strong customer commitments support capacity plans- with pricing flexibility and mix shift driving margin-260716.pdf
MinerU attempt 1 using MINER_U_2 batch_id=b9521684-334c-42a6-8b37-aefd9db5540a
MinerU states: done, done, pending, pending, waiting-file
MinerU states: done, done, done, done, done
/home/runner/work/rpt_edit/rpt_edit/scripts/pdf_to_xhs_batch.py:290: DeprecationWarning: Image.Image.getdata is deprecated and will be removed in Pillow 14 (2027-10-15). Use get_flattened_data instead.
  pixels = list(gray.getdata())
Skip non-chart visual asset 4d7925f0ece02c9c80d3564e6f0e0bac165fe40e74812b6da66fc5381ec5aa2d.jpg: score=1;chart_ratio,square_without_chart_hint,edge:0.14,contrast
Skip non-chart visual asset 56cbee650277309bb971aa7c15eb92ec6f007940d3f4c003abc95aae4d02e3dd.jpg: score=-1;odd_ratio:5.47,edge:0.22
Skip non-chart visual asset c9774e053e26d4b1637dc5f5aa5303a6a9d098b6aae66a585843f318d863922e.jpg: score=-100;too_small:1415x118
Skip non-chart visual asset 4d3c1666569065b39a985fe79cb7c788b10464bc28f62b8b98769deca77d61dd.jpg: score=-100;too_small:454x123
Skip non-chart visual asset 5f6eaf14362206d9f507f73e9321424db9eec91a62f01bff198870d644e3acec.jpg: score=1;square_without_chart_hint,edge:0.39,contrast,large
Skip non-chart visual asset 91329583506d2e5c5d3e04f4827e0d9da5a2d55eb5e890ba96c650c91e28acc0.jpg: score=1;chart_ratio,square_without_chart_hint,edge:0.18,contrast
Skip non-chart visual asset 63b78df67dc5ebc75643f80e7f4f24a66ddf1ed80aba42c34762abd1522da2de.jpg: score=-1;odd_ratio:5.45,edge:0.21
Skip non-chart visual asset a4215ba56b52eae3cf01258a5717f21b5c23cd73c3e166be48086124978e2c68.jpg: score=-100;too_small:1412x117
Skip non-chart visual asset 14258eeb0422fbda97aa5baa672279b8e462c18d6ba16808e2b637cce2249eb6.jpg: score=0;odd_ratio:6.33,edge:0.22,contrast
Skip non-chart visual asset 9a6fe4083b68617cd8650ba192a01624c0be2e24426810cd083ac5d9526e238e.jpg: score=-100;too_small:801x151
Skip non-chart visual asset bc8f78ddc954e0950ff9449892b4785cb5d79b50618646596332d753ce3c64bd.jpg: score=1;odd_ratio:5.14,edge:0.25,contrast,large
Skip non-chart visual asset 41d227b95b60567fd269a75dfd5c48c51c548242e61777d6610ff5791e8382f1.jpg: score=-100;too_small:451x112
Skip non-chart visual asset fd3d5078de70c65573790408f13f2e3a9e368a106cde2d2b8eee8b2998c3112e.jpg: score=-100;too_small:1415x121
Skip non-chart visual asset 881eede71fb78530b91e0fba9fcba35a31544af298f17768eac90f788a9431a6.jpg: score=-100;too_small:451x93
Skip non-chart visual asset 35cefe3daa81284476160918ceb5dace453864895fb6e45e6d68fba0d2fa8e7b.jpg: score=-1;odd_ratio:5.48,edge:0.21
Skip non-chart visual asset 30ab1af82f7d10525f521a75d1b72bb2c27799594050fe11bad6ea62cfdb4776.jpg: score=1;chart_ratio,square_without_chart_hint,edge:0.17,contrast
Skip non-chart visual asset 18d44971f41c0a8be46ddc9af77fe8ae47cecb8404767650abdf7ce5ea0d6c4c.jpg: score=-100;too_small:451x173
Skip non-chart visual asset 56cbee650277309bb971aa7c15eb92ec6f007940d3f4c003abc95aae4d02e3dd.jpg: score=-1;odd_ratio:5.47,edge:0.22
Skip non-chart visual asset 6f2d2a9c801a99c55af9bc48f814b6f16155479eb84cdad40c10cb21789fe6ff.jpg: score=-100;too_small:481x106
Skip non-chart visual asset 07c91acda4e309ce72be9bdca0a33ca521f34ae92d60d96d359f7e38aab6abe9.jpg: score=2;edge:0.33
Skip non-chart visual asset a03cb3c23fd5dee6b8e55c08b959e01715f30b02a04281c477b0ac0d9c9c1700.jpg: score=-100;too_small:484x106
Skip non-chart visual asset 06b97c16b7e83a6e31defd4b7285492a1cafe0b502bcc332fb967792aee14734.jpg: score=-100;too_small:298x124
Done. Results written to /home/runner/work/rpt_edit/rpt_edit/xhs_notes/dropbox/260716/shard_4; successful_reports=5; mineru_timed_out=False; mineru_attempts=1
All batches completed successfully. Generated 5 report directories.
