Selected 6 translated reports from kc_translated_reports/consulting/260710 (institution_filtered=0, skipped_title_policy=0/6)
Fetched WeChat access token
Uploaded trailing image: /opt/actions-runner-rpt-edit/_work/rpt_edit/rpt_edit/prompts/zsxq_img.jpg
After uploading trailing image: pacing sleep 3.0s
Building WeChat article 1/6: 01-0001-BCG_AI-Talk-Is-Cheap
After uploading inline image 1:[[KC_IMAGE_001]]: pacing sleep 3.0s
After uploading inline image 1:[[KC_IMAGE_002]]: pacing sleep 3.0s
After uploading inline image 1:[[KC_IMAGE_003]]: pacing sleep 3.0s
After uploading cover image 1: pacing sleep 3.0s
Built WeChat article 1/6 in 15.6s: 波士顿咨询：AI价值创造要看门槛 (body_images=3, ai_images=0)
After building WeChat article 1/6: pacing sleep 12.0s
Building WeChat article 2/6: 02-0002-BCG_Consumer-Spending-Is-Up-But-That-Signal-No-Longer-Means-What_a7761189
After uploading inline image 2:[[KC_IMAGE_001]]: pacing sleep 3.0s
After uploading inline image 2:[[KC_IMAGE_002]]: pacing sleep 3.0s
After uploading inline image 2:[[KC_IMAGE_003]]: pacing sleep 3.0s
After uploading cover image 2: pacing sleep 3.0s
Built WeChat article 2/6 in 15.8s: 波士顿咨询：加拿大消费韧性背后，收入覆盖不足六成 (body_images=3, ai_images=0)
After building WeChat article 2/6: pacing sleep 12.0s
Building WeChat article 3/6: 03-0003-BCG_How-Discounters-Are-Remaking-the-Grocery-Industry_f6fdf271
After uploading inline image 3:[[KC_IMAGE_001]]: pacing sleep 3.0s
After uploading inline image 3:[[KC_IMAGE_002]]: pacing sleep 3.0s
After uploading AI image 3:KC_AI_IMAGE_001: pacing sleep 3.0s
After uploading cover image 3: pacing sleep 3.0s
Built WeChat article 3/6 in 17.1s: 波士顿咨询：折扣超市正在吃掉你的市场，这不是预警而是现实 (body_images=3, ai_images=1)
After building WeChat article 3/6: pacing sleep 12.0s
Building WeChat article 4/6: 04-0004-BCG_To-Reset-Operations-Grocers-Should-Start-with-the-Customer_a418e576
After uploading inline image 4:[[KC_IMAGE_001]]: pacing sleep 3.0s
After uploading inline image 4:[[KC_IMAGE_002]]: pacing sleep 3.0s
After uploading inline image 4:[[KC_IMAGE_003]]: pacing sleep 3.0s
After uploading cover image 4: pacing sleep 3.0s
Built WeChat article 4/6 in 16.1s: 波士顿咨询：中国超市困局，顾客要的不是便宜，而是每个货架都精准 (body_images=3, ai_images=0)
After building WeChat article 4/6: pacing sleep 12.0s
Building WeChat article 5/6: 05-0005-BCG_Why-Grocers-Need-to-Start-Operating-Like-Consumer-Brands_9c2d6180
After uploading inline image 5:[[KC_IMAGE_001]]: pacing sleep 3.0s
After uploading AI image 5:KC_AI_IMAGE_001: pacing sleep 3.0s
After uploading AI image 5:KC_AI_IMAGE_002: pacing sleep 3.0s
After uploading cover image 5: pacing sleep 3.0s
Built WeChat article 5/6 in 58.6s: 波士顿咨询：超市行业新战场要看品牌战 (body_images=3, ai_images=2)
After building WeChat article 5/6: pacing sleep 12.0s
Building WeChat article 6/6: 06-0006-McKinsey_PDF-McKinsey-Global-Institute-2025-in-charts_cf0831cb
After uploading inline image 6:[[KC_IMAGE_001]]: pacing sleep 3.0s
After uploading inline image 6:[[KC_IMAGE_002]]: pacing sleep 3.0s
After uploading inline image 6:[[KC_IMAGE_003]]: pacing sleep 3.0s
After uploading cover image 6: pacing sleep 3.0s
Built WeChat article 6/6 in 15.5s: 麦肯锡：全球财富增长真相，通胀贡献七成，中国电池产能将翻倍 (body_images=3, ai_images=0)
Preparing WeChat draft 1: articles=6 payload_bytes=50964
Checking recent drafts before creating WeChat draft 1
Creating WeChat draft 1
Before creating WeChat draft 1: pacing sleep 90.0s
Verifying WeChat draft 1: media_id=avPwUQVH0p7DPpCFFkit81fYIi-KDf064MhZIKrL64lDzcHvE-9SdUyH7XyWk4OJ
Before verifying WeChat draft 1: pacing sleep 8.0s
Verified draft/get: media_id=avPwUQVH0p7DPpCFFkit81fYIi-KDf064MhZIKrL64lDzcHvE-9SdUyH7XyWk4OJ articles=6/6
Draft 1: articles=6 media_id=avPwUQVH0p7DPpCFFkit81fYIi-KDf064MhZIKrL64lDzcHvE-9SdUyH7XyWk4OJ
Wrote summary: wechat_drafts/consulting/260710/wechat_draft_summary.json
