Found 91 total PDFs; shard 0/40 has 5 PDFs, skips 0 already converted, will process 5 PDFs with batch_size=5.
Running batch 1: 5 PDFs
Found 5 PDFs. MinerU token slots available=4.
MinerU attempt 1/4 using MINER_U: submitting 5 PDF(s).
Uploading PDF to MinerU: /tmp/pdf_batch_001_ii48djo6/pdfs/0001-01-Bernstein-Alphabet Inc-GOOGL.US-Google 2Q26- Should we eat or go to bed--260723.pdf
Uploading PDF to MinerU: /tmp/pdf_batch_001_ii48djo6/pdfs/0002-02-Barclays-China-Overcapacity tracker-260722.pdf
Uploading PDF to MinerU: /tmp/pdf_batch_001_ii48djo6/pdfs/0003-03-Barclays-IBM Corp.-IBM.US-2Q26 Recap- Adjusting for Changing Customer Behavior-260723.pdf
Uploading PDF to MinerU: /tmp/pdf_batch_001_ii48djo6/pdfs/0004-04-Bernstein-GE Aerospace-GE.US-GE Aerospace- Strength continues- Another big beat for Q2 -But- this time also a raise plus a positive Farnborough-260723.pdf
Uploading PDF to MinerU: /tmp/pdf_batch_001_ii48djo6/pdfs/0005-05-Bernstein-China Pharma and Biotech Asia Biopharma Summer Teach-in- GLP-1 and new approaches to metabolic management-260723.pdf
MinerU attempt 1 using MINER_U batch_id=ad96252d-696a-46ed-8da0-1131b265304e
MinerU states: done, done, done, done, waiting-file
MinerU states: done, done, done, done, done
/home/runner/work/rpt_edit/rpt_edit/scripts/pdf_to_xhs_batch.py:307: DeprecationWarning: Image.Image.getdata is deprecated and will be removed in Pillow 14 (2027-10-15). Use get_flattened_data instead.
  pixels = list(gray.getdata())
Skip non-chart visual asset 72c1e77d51b4f16a64782377307c2d4362e461a04bd236400db4a59d1d7a4daa.jpg: score=1;square_without_chart_hint,edge:0.13,contrast,large
Skip non-chart visual asset 27ef31fbf81970c247736754b712ee902cd67f94f4b05e51486056132ffcec34.jpg: score=2;chart_ratio,square_without_chart_hint,edge:0.48,contrast,large
Skip non-chart visual asset 12e0ddb0d17ff4e66bc0622294c2bdfcaf6c21fc72340975f78944a71ac9d9a4.jpg: score=0;chart_ratio,square_without_chart_hint,edge:0.30
Skip non-chart visual asset 385e10e36d41f78f79cf045adb2399b2b6e107ed37e7f7b8ca639107aec9af59.jpg: score=-100;too_small:96x92
Skip non-chart visual asset bdff63325e82ae3b38e77df54f868891d1d75b65702dee1c66dc6a17cde059b1.jpg: score=-100;too_small:96x92
Skip non-chart visual asset c81da6600cfe978b8d3a619fa5ee296d6a3db2f99ce2b843cfa6bda97b4afffa.jpg: score=1;square_without_chart_hint,edge:0.38,contrast,large
Skip non-chart visual asset 1952b20ecde3ab80859615c6001a9469c06619c4480905df2c47d5c185cb6a72.jpg: score=1;chart_ratio,square_without_chart_hint,edge:0.22,large
Skip non-chart visual asset 9b2cecb0465119d36bcf4b8a531e73e1481cd34d740823acc52a497ebb400ef4.jpg: score=-100;too_small:395x251
Skip non-chart visual asset 10cbd0cab250af39b424a90d3b3013e967cbc7828675a20ce80149bb9e513f6a.jpg: score=-100;too_small:465x121
Skip non-chart visual asset 7005060615ef05178ed7ff8436285132773e7e5dece46b29f3163f58ccf5e7f2.jpg: score=1;chart_ratio,square_without_chart_hint,edge:0.14,contrast
Skip non-chart visual asset cd1dc39cb2bda764b52c17a3e0e8be2044650b8fbaa620bfe6baadfaddb4c960.jpg: score=1;odd_ratio:4.97,edge:0.24,contrast,large
Skip non-chart visual asset c16063f1c4e90e34ecb38820ce6bd1d05c826040ab2ba38dc71bbac97bf5c667.jpg: score=1;chart_ratio,square_without_chart_hint,edge:0.18,contrast
Skip non-chart visual asset 6bcf2b505dd57cea871f46c78705eb9ff5b271446c12969e0ea8f2c52cb0d4b1.jpg: score=2;chart_ratio,square_without_chart_hint,edge:0.41,contrast,large
Skip non-chart visual asset cb27c4f5d322aec39d1e64b30379893b6fd0cd6972f1518e37a38578faedd893.jpg: score=1;chart_ratio,square_without_chart_hint,edge:0.29,contrast
Skip non-chart visual asset b40644e16f508a0396d1eacf9d503640e292e2c16a116db4aa4f14c3aea4a4fd.jpg: score=2;chart_ratio,square_without_chart_hint,edge:0.63,contrast,large
Skip non-chart visual asset 8f31e14beb37c68e1fa943fa636ea72cd3151a171ff5da0333f350b21cad6e22.jpg: score=1;chart_ratio,square_without_chart_hint,edge:0.21,contrast
Skip non-chart visual asset 9a214e6c2851838014c29adccb7b44c69f29659ea15475f7f0897400bd43c351.jpg: score=2;chart_ratio,square_without_chart_hint,edge:0.51,contrast,large
Skip non-chart visual asset 0694c4e28daa2660b0ca77ff051c5d3cb920b020592189c5725de393bb93c687.jpg: score=0;square_without_chart_hint,edge:0.26,large
Skip non-chart visual asset 2b06d0480c91d8821ed3a7a18dea4bd0a045ccca36f6adec087d46fc427d4c2c.jpg: score=2;chart_ratio,square_without_chart_hint,edge:0.56,contrast,large
Skip non-chart visual asset 1be791f8e6ac9cb1920d057b512962baad944a98fd4e5b7ce4168d72e58b72b5.jpg: score=-100;too_small:462x131
Skip non-chart visual asset 1b12cbc56277d4794e5283d455c9e2d8401e55383c43134e94aa63fa4ec33866.jpg: score=1;chart_ratio,square_without_chart_hint,edge:0.33,contrast
Skip non-chart visual asset 79217c18b274a6551c38e483bb7172ef952663d3f4d09cae4300c6bb97d2d181.jpg: score=-1;odd_ratio:6.62,edge:0.14
Skip non-chart visual asset 0ca6a9c7cd37e2a31985d1076fb0458b55feb4161da3bff83271528af0c34d9f.jpg: score=-100;too_small:90x95
Neutralized WeChat title while keeping the report: 伯恩斯坦：Alphabet2Q26搜索稳健与云加速 -> 伯恩斯坦：Alphabet业务与季度数据观察
Skip non-chart visual asset bbaad49a5c35d7405fa422343ed0b635c0a76fe08f14635535b095adbcacc97a.jpg: score=0;square_without_chart_hint,edge:0.18,large
Skip non-chart visual asset 141d387eee007c14fe7cb76f9db8bac66ffc1801d9aa0ad241481f64bafd3168.jpg: score=1;chart_ratio,square_without_chart_hint,edge:0.19,large
Skip non-chart visual asset 90b46dd6e38b1eeb7a0b890796527a7accefb3fd02db336c1b0915125f14d4f2.jpg: score=1;chart_ratio,square_without_chart_hint,edge:0.25,contrast
Skip non-chart visual asset 8e64b8103a29e796699bdda55ec873a7f37025ddaf30cca009a5883ae9592032.jpg: score=0;square_without_chart_hint,edge:0.14,large
Skip non-chart visual asset d303e5b51a26c377a0520dc861eb1f0e36cc0f1efcecc03625e9b97350132c29.jpg: score=1;chart_ratio,square_without_chart_hint,edge:0.20,large
Skip non-chart visual asset c0092941dec052ff3557083507a7015ca503a65062f0ac608fefe6608f22cad5.jpg: score=1;chart_ratio,square_without_chart_hint,edge:0.23,large
Skip non-chart visual asset 971f9e207a5712ea4e1ae6a977099a1ffb111bfc0a7728e60f35de784d174bd7.jpg: score=-100;too_small:415x223
Skip non-chart visual asset d646175f3392778a6ba34b58550f4596b81759dd00a8f64d9e5d7fb7924d3f62.jpg: score=2;edge:0.17
Skip non-chart visual asset 23a1bb7e1f185c8810059a2197c18a9bcf384b37cf2349e4a0bdf1fabb841f22.jpg: score=-100;too_small:1031x173
Skip non-chart visual asset df0bf03b4e561144f5975cc65cfe18ffd291595da45be695ad7cc004a2c56335.jpg: score=-100;too_small:332x271
Skip non-chart visual asset f64cef9dcc71236e8b2ba2bc99a96e0ad92f678bb36d6c132010dce392d645c9.jpg: score=-1;chart_ratio,square_without_chart_hint,large
Skip non-chart visual asset 83c31b2e417c32f125d4e56b3054cb089d1a46bb65258b57d5cbdb568b39f7ec.jpg: score=-100;too_small:653x135
Skip non-chart visual asset e0493b98c40a00aea4eee1de62ad4d2a52569dad76c1e6e1991b122560f249fd.jpg: score=-100;too_small:96x92
Skip non-chart visual asset 6a77de7331dc882205ebe91f88bf3a8e74293c6c69c4dbe9c91c08cb2a25cb88.jpg: score=2;chart_ratio,square_without_chart_hint,edge:0.34,contrast,large
Skip non-chart visual asset ecba5d9c19cffa6acd4e6ef200862bf7f0e3aa2b6dda9d6f9bab6148eacbd7f2.jpg: score=-100;too_small:398x248
Skip non-chart visual asset e4edefac531f5c73cad0ff8b49085447300d00d27077170a34f4e4d7555dd9c2.jpg: score=1;chart_ratio,square_without_chart_hint,edge:0.38,large
Skip non-chart visual asset 956bd131ab7ab678310c5607de1d6e80bef31eb985749fa28b61dfe58592097f.jpg: score=-100;too_small:1326x154
Skip non-chart visual asset b1c0286777560bee2184e982621b6130c2b05999983e0cf92c9fc049d7354e2d.jpg: score=-100;too_small:465x120
Skip non-chart visual asset 0f1a5f00ec3a11643f131a108708af5ff26c88e5ff19b1c7317e5c4cdc73e728.jpg: score=-100;too_small:96x95
Skip non-chart visual asset 423b94bcd2b80e0397024638f93123bafc4b694e84851663407d6298ec823701.jpg: score=-100;too_small:462x137
Skip non-chart visual asset 1a81cfaad7c6845c19bd97ad6cd5dbd5fd1d9c5b0e4d190b7096571898cbfc46.jpg: score=1;odd_ratio:4.99,edge:0.21,contrast,large
Skip non-chart visual asset 15101510355b78890b5525b0726ed405b90e041ac9ee8918249f0fa5eab31512.jpg: score=0;odd_ratio:5.62,edge:0.37,contrast
Skip non-chart visual asset f4d56464d20e8880042de081604d0023f5813dec7491ce83d078517c6a0197db.jpg: score=-100;too_small:562x159
Skip non-chart visual asset 8ef913a9439844af62ac2e5310bad8f9e236ce675babe76ae174af69785808ac.jpg: score=2;chart_ratio,square_without_chart_hint,edge:0.38,contrast,large
Skip non-chart visual asset 0e523a88b3bdb438cbb10518f2034e550845bb83ad1cbab747bbddf15d2d05e0.jpg: score=-100;too_small:401x198
Skip non-chart visual asset f0039406b22bd98ab19b89392af2bbaaaa44675f465bc4cfcfcf308b4f69b3a2.jpg: score=-100;too_small:96x92
Skip non-chart visual asset 8f75bc56c74ea494e32cc0a9daa0d238572db1b6cfa97a19aa4743c437ed63c0.jpg: score=-1;odd_ratio:5.69,edge:0.16
Skip non-chart visual asset d9a472d256fc42ea5650c3bf656fb592200f7bcd80f8b382eca9765bc07efd53.jpg: score=-100;too_small:96x95
Skip non-chart visual asset 6e32a4b8cfea7401d49e2bcece1c4ac3a025f823b51ce76b68465ffd4ca927bf.jpg: score=-100;too_small:317x345
Skip non-chart visual asset 554eb88058e8d5ad4b9d3a64a0419190ab4d30d48d05792076d638c23e585818.jpg: score=-100;too_small:96x93
Skip non-chart visual asset 17643e6daeb24b575200b1a0b056fe75710b8bb2feabf7e91f5cc68360f01dfc.jpg: score=-100;too_small:331x274
Skip non-chart visual asset a47a1d5102eced9227c45a9a83302a29823997f0e25b6a6ad32dd8c3a6574c4e.jpg: score=-100;too_small:96x92
Skip non-chart visual asset 672bd88098e40e815223b51b16624caa2901ae9401ca3666f3bb7796d85cb1db.jpg: score=-100;too_small:273x348
Skip non-chart visual asset 68366a1fa61a5871606752433d4c335065198d9ca7cfc1f40199dd02368a8154.jpg: score=2;chart_ratio,contrast
Skip non-chart visual asset 4a941d1e864747a006a9a218c90693473b80e2796722056525660813a9ea23ca.jpg: score=1;chart_ratio,square_without_chart_hint,edge:0.39,contrast
Skip non-chart visual asset af69c70f9f3824ea7d6ab9a6bd6ee624874e645fbb31a268cc29ea9b5aceee98.jpg: score=1;square_without_chart_hint,edge:0.19,contrast,large
Skip non-chart visual asset 7fc314c9aad8663d352efc45bf28d5779c112e8e100a8f17f36cb03323643061.jpg: score=-100;too_small:93x95
Skip non-chart visual asset dce2afb53ab194e5fa447f801cb87e6e002241a87b10000e8a3c42ee54baf3c2.jpg: score=-100;too_small:218x265
Skip non-chart visual asset d951556469093f891c334950ef22a734a6dee40e3ea51a09ac00f7283afecd1b.jpg: score=1;odd_ratio:4.97,edge:0.24,contrast,large
Skip non-chart visual asset 9a96159841801b10151f3f3fb6d2367ae74e1194553462acb41bc7366db415b3.jpg: score=-100;too_small:93x93
Done. Results written to /home/runner/work/rpt_edit/rpt_edit/xhs_notes/dropbox/260724/shard_0; successful_reports=5; mineru_timed_out=False; mineru_attempts=1
All batches completed successfully. Generated 5 report directories.
