Found 59 total PDFs; shard 5/40 has 5 PDFs, skips 0 already converted, will process 5 PDFs with batch_size=5.
Running batch 1: 5 PDFs
Found 5 PDFs. MinerU token slots available=2.
MinerU attempt 1/4 using MINER_U_2: submitting 5 PDF(s).
Uploading PDF to MinerU: /tmp/pdf_batch_001_8sx4tuhc/pdfs/0001-26-Goldman Sachs-MiniMax Group -0100.HK- Key focuses post-share unlock- upside skew to risk-reward- Buy-260710.pdf
Uploading PDF to MinerU: /tmp/pdf_batch_001_8sx4tuhc/pdfs/0002-27-Goldman Sachs-Japan Exchange Group -8697.T- Raising our target price on higher trading value and turnover- maintain Buy- trading value ex AI stocks also strong-260710.pdf
Uploading PDF to MinerU: /tmp/pdf_batch_001_8sx4tuhc/pdfs/0003-28-Goldman Sachs-Thailand Tech Tour- Delton -001389-- AI PCB in expansion- Utilization rate and profitability ramping up-260710.pdf
Uploading PDF to MinerU: /tmp/pdf_batch_001_8sx4tuhc/pdfs/0004-29-Goldman Sachs-Sino Biopharmaceutical -1177.HK-- Dual Respiratory Milestones- AZ Out-licensing Deal and GSK Portfolio Expansion-260708.pdf
Uploading PDF to MinerU: /tmp/pdf_batch_001_8sx4tuhc/pdfs/0005-30-Goldman Sachs-Thailand Tech Tour- Dtech -301377-- Capacity expansion to capture growing PCB drill demand-260710.pdf
MinerU attempt 1 using MINER_U_2 batch_id=b7f30c73-0ec8-41d3-9e77-99b5d1931cfc
MinerU states: done, running, running, pending, pending
MinerU states: done, done, done, done, done
/home/runner/work/rpt_edit/rpt_edit/scripts/pdf_to_xhs_batch.py:285: DeprecationWarning: Image.Image.getdata is deprecated and will be removed in Pillow 14 (2027-10-15). Use get_flattened_data instead.
  pixels = list(gray.getdata())
Skip non-chart visual asset f5e6c028c3c684140f0fdd69bf0c244a71d32ea9659790d77140ee6b675f7465.jpg: score=-100;too_small:1159x109
Skip non-chart visual asset 865a85030b367bc1497a7c38bcfe8a4a7dc635e2111a57489173d2210f064a35.jpg: score=-100;too_small:512x125
Skip non-chart visual asset dc07f357e401e2123db68dd24ce306acb07590725e974756db6aafb96656219f.jpg: score=1;chart_ratio,square_without_chart_hint,edge:0.17,contrast
Skip non-chart visual asset 185be60d151a022be4b336700a77c42c36b2a466d4fcb63f53c29463ad107c53.jpg: score=2;chart_ratio,square_without_chart_hint,edge:0.31,contrast,large
Skip non-chart visual asset 3cde1184f4448dacddae35aa14bb44d17bb07f41dcb10d1950a77eb0858620f6.jpg: score=1;chart_ratio,square_without_chart_hint,edge:0.31,large
Skip non-chart visual asset a9b8fe7e1997aef0768bd22702c12c603e20be617d39d4c9a0c63e3b787e8870.jpg: score=0;square_without_chart_hint,edge:0.30,large
Skip non-chart visual asset 3107a3dda1503dff2c635be6818cd63f866bd135f483877060c7b5a382ba28e2.jpg: score=-100;too_small:259x167
Skip non-chart visual asset 4c83a4e7d442945f21f96ac1dcd743eec3851ad379ecc8eab453c7cdf4b59c08.jpg: score=-100;too_small:268x137
Skip non-chart visual asset e4883c6507494c263639c44f119da0be22febe351621615eecadcd495633b33e.jpg: score=1;chart_ratio,square_without_chart_hint,edge:0.26,large
Skip non-chart visual asset 45b1027ab96109f201647282c9de463af3f7c3898b3ced05598db32ed63b857b.jpg: score=-100;too_small:484x107
Skip non-chart visual asset 11ca768af0ca25da89c0beb3eb69930de4a6678e0d1087949ceb594c763df304.jpg: score=0;square_without_chart_hint,edge:0.26,large
Skip non-chart visual asset e157f9aeceb76a69b2e17f82121f1d49586f88e75557d7f5cf0fb66221a0a639.jpg: score=2;edge:0.29
Skip non-chart visual asset c303563fe8e210c912ad32786721f5cbe7552df867baf5089aa769033067c2a7.jpg: score=-100;too_small:704x79
Skip non-chart visual asset d47cb83968f320ea06d698cd7bc1d43126c247dd7e862fa9c0f072f1e41be64e.jpg: score=0;square_without_chart_hint,edge:0.30,large
Skip non-chart visual asset bb8b9522546faeddfa64a55395709c7e25ddbec168f26415fb325d26f21a3a27.jpg: score=0;square_without_chart_hint,edge:0.25,large
Skip non-chart visual asset 0c2e487f40b2687fa1221882279093bc4adb2fcd567ca5818592053431198636.jpg: score=-100;too_small:479x107
Skip non-chart visual asset 79855f79551e7338c90f5efd36861d3a2ae2d86597b810d19214672f3804b7a7.jpg: score=-100;too_small:1159x109
Skip non-chart visual asset 232a00f613c6508ff0bc4cee76037c64355ae9351f1b58d0fa6661161714b7d7.jpg: score=-100;too_small:376x123
MinerU images did not look like charts; keeping only the title card and letting downstream AI fill body images.
Skip non-chart visual asset 6b12ac22b398e4c1da013ac1b190ec72d5eb12ad3eb763142938d9a8103f943f.jpg: score=-1;square_without_chart_hint,edge:0.23
Skip non-chart visual asset dd2d9365920dcab772a6a7e53d8205084e79a0a3d5b72810904b1b3f3311ee2c.jpg: score=-100;too_small:1159x112
Skip non-chart visual asset fc0141a8be807baf5280ce20b4ac119d45220b4d61a586a23af2cfc25abe59a7.jpg: score=-100;too_small:1159x106
Skip non-chart visual asset b36dda6aa0206d9b88599d5d4c03bf8de6fbdd61701208458bf2e067d95824ab.jpg: score=-100;too_small:376x123
MinerU images did not look like charts; keeping only the title card and letting downstream AI fill body images.
Done. Results written to /home/runner/work/rpt_edit/rpt_edit/xhs_notes/dropbox/260710/shard_5; successful_reports=5; mineru_timed_out=False; mineru_attempts=1
All batches completed successfully. Generated 5 report directories.
