Found 74 total PDFs; shard 1/40 has 5 PDFs, skips 0 already converted, will process 5 PDFs with batch_size=5.
Running batch 1: 5 PDFs
Found 5 PDFs. MinerU token slots available=2.
MinerU attempt 1/4 using MINER_U_2: submitting 5 PDF(s).
Uploading PDF to MinerU: /tmp/pdf_batch_001_dd6oh8tz/pdfs/0001-06-Bernstein-Burberry Group PLC-BRBY.LN-Burberry- Reflections on 1Q27 -- calendar 2Q26--260717.pdf
Uploading PDF to MinerU: /tmp/pdf_batch_001_dd6oh8tz/pdfs/0002-07-Bernstein-China Internet- The Kimi moment - quick thoughts on the butterfly effects-260717.pdf
Uploading PDF to MinerU: /tmp/pdf_batch_001_dd6oh8tz/pdfs/0003-08-Bernstein-Global Luxury Goods- The case for Haute Joaillerie-260717.pdf
Uploading PDF to MinerU: /tmp/pdf_batch_001_dd6oh8tz/pdfs/0004-09-Bernstein-Chemicals 2Q26 Preview- A tactical long and a couple of prints to be managed-260717.pdf
Uploading PDF to MinerU: /tmp/pdf_batch_001_dd6oh8tz/pdfs/0005-10-Bernstein-Montage Technology-688008-Montage- 1H26 beat- Korean investigation unlikely to alter fundamentals-260717.pdf
MinerU attempt 1 using MINER_U_2 batch_id=fdbec498-e438-411a-b081-105172d48f43
MinerU states: running, running, pending, pending, waiting-file
MinerU states: running, running, running, running, running
MinerU states: running, done, running, running, done
MinerU states: done, done, done, running, done
MinerU states: done, done, done, running, done
MinerU states: done, done, done, running, done
MinerU states: done, done, done, running, done
MinerU states: done, done, done, running, done
MinerU states: done, done, done, done, done
/home/runner/work/rpt_edit/rpt_edit/scripts/pdf_to_xhs_batch.py:292: DeprecationWarning: Image.Image.getdata is deprecated and will be removed in Pillow 14 (2027-10-15). Use get_flattened_data instead.
  pixels = list(gray.getdata())
Skip non-chart visual asset c46169d8286cadbd4c8df194fd73f6a739e711e0561f26e1e7c6212cf8c0f56d.jpg: score=-100;too_small:1451x117
Skip non-chart visual asset 5b38ddcd9a0d9171aac9c65540de3d888f8c895f5353406828c975029af4f5ce.jpg: score=-100;too_small:96x95
Skip non-chart visual asset b654b0458b2f39a806f88f23267d0a9de2ac44690f1dbaaf06938795de00136c.jpg: score=-100;too_small:462x131
Skip non-chart visual asset 57d0978c2cadc0ff937893e6c10f0f22a4e2971a53e0e0f9f5d81d9f3b8a36f3.jpg: score=0;odd_ratio:5.71,edge:0.42,contrast
Skip non-chart visual asset ae983452ded6addbcc6e4307b631004241c854cba691acf43e39420d31031dc5.jpg: score=-100;too_small:96x95
Skip non-chart visual asset b8235546204e72c38ff12e4e52c2c0b7f95692924130a5e11a78b22cdc34754f.jpg: score=-100;too_small:162x190
Skip non-chart visual asset c9676d8390f5b72338ff78b3ca0a854049a31884be771bcfe83906a0679fce5d.jpg: score=-1;odd_ratio:6.62,edge:0.14
Skip non-chart visual asset d7d95f73a1a0c91db68007b393e6096a3abd3767ba03883842d440ddc624dbbe.jpg: score=-100;too_small:162x190
Skip non-chart visual asset 75cb6079f0eab0ba5abf03e2949118c375c45540fd802f379ce16208527fb3ad.jpg: score=-100;too_small:189x190
Skip non-chart visual asset 85e44587c18740457fc76a0b9075705ef3a4d7f9fbf9e0a18130857de7211558.jpg: score=-100;too_small:96x95
Skip non-chart visual asset 42046dde9f23b36a868ff7c9b856c4c4afd46767ae76d8f1b5956af9d754a7f6.jpg: score=1;odd_ratio:4.93,edge:0.23,contrast,large
Skip non-chart visual asset 7091cade063e4a767b7a77c3b2f2d30a8b979f3d928ca6ba2d443f08e884c24d.jpg: score=-100;too_small:93x95
Skip non-chart visual asset e4436d4ced7a502176a907dc0429a85d4e91d67fa69d5949c1c50d5ef037f3c2.jpg: score=-100;too_small:173x190
Skip non-chart visual asset 0db5d152d0c547595eb916ad2b11c2cb05969810b3d583841aa8208b131a7a44.jpg: score=-100;too_small:93x96
Skip non-chart visual asset 4b15c343b983be639c9b6874969bd7a862934b1993ffde7e469971cb59d611ea.jpg: score=1;odd_ratio:4.93,edge:0.22,contrast,large
Skip non-chart visual asset da993742bb55b4123674f43098b09997a34214a5ffd830bedf324c6996b527d1.jpg: score=-100;too_small:90x92
Skip non-chart visual asset 247b61460fc0ef82811897bec6ba08f733a1b504a53f28189f06f4e5d4482f3d.jpg: score=-100;too_small:96x95
Skip non-chart visual asset 180e84db997d72852f819907f6972a617b6fac2e68d826ae8c0fdabb17948a60.jpg: score=-100;too_small:90x87
Skip non-chart visual asset b0609bda30f306f67b9252df96126be661736159bf0322e6b0a7c410ab8ddb42.jpg: score=0;odd_ratio:4.98,edge:0.17,large
Skip non-chart visual asset ea21dd7c0db58af41d8163204cccbd7866f74e3597523d46904ce1207de0d1af.jpg: score=0;square_without_chart_hint,edge:0.33,contrast
Skip non-chart visual asset c085651783f3e6360f0d4f58a83f38a1a1f07c6e855bd6e29f028cbff45f1a01.jpg: score=0;
Skip non-chart visual asset 55691fa7102e7618af0f86ae11c80aeae3e42fbc7ede6172e4b2ebdea97780a3.jpg: score=-100;too_small:315x556
Skip non-chart visual asset d54d8164f67000a90f94b4a384bba336a3e6e500370d80e562a4516cbe2c508f.jpg: score=0;
Skip non-chart visual asset 589f9bf2689f2c94b42cd98e83cba39455fbae480e984181ec0ec7a7bee42503.jpg: score=-2;chart_ratio,square_without_chart_hint
Skip non-chart visual asset db9203040b0965c0b65858adf459db30b5138be74d94c90df19e197d866d9d2c.jpg: score=0;square_without_chart_hint,edge:0.16,contrast
Skip non-chart visual asset 54925aa75b43cac8e6823f63dd2c6fa250f67e94413662df5b097172b22b8ea0.jpg: score=1;chart_ratio,square_without_chart_hint,edge:0.24,contrast
Skip non-chart visual asset 13e665e9977476d16faead0920e828482a2d7c7833a0f31d4c3f0c8041739d81.jpg: score=-1;square_without_chart_hint,edge:0.20
Skip non-chart visual asset 47fdb1fed754eaee33271a6092308c8cbb3a679147615058fbd106d2d97de74d.jpg: score=2;chart_ratio,square_without_chart_hint,edge:0.31,contrast,large
Skip non-chart visual asset 3b9e2191ca2c31b59ebd152d760a22ba8c3a8284602273bf4e521e1634e6e025.jpg: score=0;
Skip non-chart visual asset f6b06fcdf04370e560de2f14e314b5f981080ff70b26b18dcdc3da955ae1d478.jpg: score=0;square_without_chart_hint,edge:0.45,contrast
Skip non-chart visual asset 13c2019f19f6c8dbdaeeab5a8171d5c9ad4d730c3708bb487993a401e08ae3ba.jpg: score=1;chart_ratio,square_without_chart_hint,edge:0.27,contrast
Skip non-chart visual asset 93a844725ae9c7454c553701f1e7ebb919aad83956dbf15054919507a561b6be.jpg: score=-100;too_small:265x481
Skip non-chart visual asset ff385388c59a6badebdc914c4d1eb9a29b435b1ba42690594714dcdf7a28fcd5.jpg: score=1;square_without_chart_hint,edge:0.24,contrast,large
Skip non-chart visual asset cd3fceee557e6f3a1cdf5a4719b160d3304d161883a77193da00541ce991c67b.jpg: score=1;square_without_chart_hint,edge:0.22,contrast,large
Skip non-chart visual asset d3b086a2033fc0361fea3e431c54729500961388f5b39b2608e8cf890671dd85.jpg: score=2;chart_ratio,square_without_chart_hint,edge:0.35,contrast,large
Skip non-chart visual asset aa81455b70532d8c11e957b82ac23f1b190c3e4834bbf4f37b6b7e89292ca99c.jpg: score=0;square_without_chart_hint,edge:0.29,large
Skip non-chart visual asset 14b991d8c3df758f78f6ffbb088d9727a82ef39e94dfce1789357a58bc73a51d.jpg: score=-100;too_small:96x90
Skip non-chart visual asset ce8a986507c51f03d4742687b073881546370535668355f96716b8576ca1768b.jpg: score=1;square_without_chart_hint,edge:0.39,contrast,large
Skip non-chart visual asset 53780a0d147cf3bd1ba6d1d2c567d9ea2e8abc2373749dee538b3527f9ccf6af.jpg: score=2;chart_ratio,square_without_chart_hint,edge:0.48,contrast,large
Skip non-chart visual asset a3247c07183c295b41f5eab8f92d548e7362a779325fa3a7371e7034ef63b2ba.jpg: score=-100;too_small:96x95
Skip non-chart visual asset 6a69bfdf4cfe320ff82e49b66688108aaca503c248ea6cbed706e1c4af606438.jpg: score=1;square_without_chart_hint,edge:0.41,contrast,large
Skip non-chart visual asset 80e7a6abb8c2fa48cae706b584dee5b205b579e05a327c2035b5af8c9062ab2e.jpg: score=-100;too_small:96x95
Skip non-chart visual asset a175f75ae0a226b6ea6d745d607d77527ddeb5162efc42a25c9ce9dfe6016f15.jpg: score=-100;too_small:96x93
Skip non-chart visual asset f260b85766bce606bd352fb888e49a504ce285a910e5a5c752bffffee0d307b9.jpg: score=1;odd_ratio:4.97,edge:0.24,contrast,large
Skip non-chart visual asset fefb20ccb54ad27254c1fe4789150fa5405f1fff9201fa4c0bbdce74b718122c.jpg: score=-100;too_small:401x81
Skip non-chart visual asset aca01e947378f999be893e461de9cc8cb8c77e21cfffe64dfe8b275414d910cb.jpg: score=-1;odd_ratio:6.62,edge:0.17
Skip non-chart visual asset a5fccb7ff9d5e7cabe4bf8af1cf31f68ccfb751369b3d73ce04ad7e9af38869a.jpg: score=-100;too_small:462x137
Skip non-chart visual asset f3817bcbab21889c9d821c7bad89530c47767606b3ecd5c740ca07ec47cc8670.jpg: score=1;square_without_chart_hint,edge:0.41,contrast,large
Skip non-chart visual asset 5925cb40638f64d63ac126fc5f9e9a46f65bab5fb63992cc52aacd2a8011f393.jpg: score=-100;too_small:465x120
Skip non-chart visual asset 3b9251a4e00678014076e60332d002df5ce1ead8f0ddaed1385b501076f8e793.jpg: score=-100;too_small:96x92
Skip non-chart visual asset aa4cc2d06d5b29b4e611294d491a5b60eff46b9234498b663abfe0e2cf376e3e.jpg: score=-100;too_small:96x92
Skip non-chart visual asset 4439c59cf23100daf9991456f539b8d661f0ed19322e69103a15dd6d0c16f342.jpg: score=1;odd_ratio:4.93,edge:0.22,contrast,large
Skip non-chart visual asset c7e3657709d575b806539f6bb40b146d97657a27d29aa2662f2cca75278dffb2.jpg: score=-100;too_small:96x95
Done. Results written to /home/runner/work/rpt_edit/rpt_edit/xhs_notes/dropbox/260718/shard_1; successful_reports=5; mineru_timed_out=False; mineru_attempts=1
All batches completed successfully. Generated 5 report directories.
