Found 29 total PDFs; shard 2/40 has 5 PDFs, skips 0 already converted, will process 5 PDFs with batch_size=5.
Running batch 1: 5 PDFs
Found 5 PDFs. MinerU token slots available=2.
MinerU attempt 1/4 using MINER_U_2: submitting 5 PDF(s).
Uploading PDF to MinerU: /tmp/pdf_batch_001_1zj31q_v/pdfs/0001-11-Barclays-China-Modest improvement with sectoral divergence-260630.pdf
Uploading PDF to MinerU: /tmp/pdf_batch_001_1zj31q_v/pdfs/0002-12-Bernstein-Asian Industrial Technology Asian Industrial Tech- The Barometer -May June 2026--260701.pdf
Uploading PDF to MinerU: /tmp/pdf_batch_001_1zj31q_v/pdfs/0003-13-Goldman Sachs-Americas Technology- Hardware- Data center - campus networking preview-260701.pdf
Uploading PDF to MinerU: /tmp/pdf_batch_001_1zj31q_v/pdfs/0004-14-Morgan Stanley-China Property-Property Sales Decline Widened Further in June-260630.pdf
Uploading PDF to MinerU: /tmp/pdf_batch_001_1zj31q_v/pdfs/0005-15-Morgan Stanley-Greater China Technology Hardware-Lenses- The Month Ahead - Catalyst Previews-260630.pdf
MinerU attempt 1 using MINER_U_2 batch_id=0284262f-f657-4bb3-bf83-c9f5f7ad88a8
MinerU states: waiting-file, waiting-file, waiting-file, waiting-file, waiting-file
MinerU states: running, running, done, running, running
MinerU states: done, done, done, running, done
MinerU states: done, done, done, done, done
/home/runner/work/rpt_edit/rpt_edit/scripts/pdf_to_xhs_batch.py:277: DeprecationWarning: Image.Image.getdata is deprecated and will be removed in Pillow 14 (2027-10-15). Use get_flattened_data instead.
  pixels = list(gray.getdata())
Skip non-chart visual asset 458967f52b2a344402d0cdb065aaca8374054bfdfdac1eee9559c9eee9d31fee.jpg: score=0;chart_ratio,square_without_chart_hint,edge:0.24
Skip non-chart visual asset cd10bee6c5eddea447901e22dd62b4836846c59c72ecf02afb9aba864a4cc628.jpg: score=0;chart_ratio,square_without_chart_hint,edge:0.27
Skip non-chart visual asset 622318d9f7635284a8e6c309d0e371d454bdab2b1b58de14235298b859ef1509.jpg: score=0;chart_ratio,square_without_chart_hint,edge:0.24
Skip non-chart visual asset ba72c250d76d6e2be32e4ea5d9df2ffd12825c74e0c6672e5ef1bcfd8091509b.jpg: score=0;chart_ratio,square_without_chart_hint,edge:0.25
Skip non-chart visual asset d2c7b8f9b95d7acb49991e03bbb0f9adbc39b5423bddda9db66f66c1095b6883.jpg: score=-100;too_small:93x95
Skip non-chart visual asset eea1e5db01e9c7f95d66c64c01094ad386871b354f3bf501876e94edc3284bbd.jpg: score=0;chart_ratio,square_without_chart_hint,edge:0.23
Skip non-chart visual asset 0076ed4033120e03f7d8c48db24ad63a1687a4d2092adb29be992f994cd95e23.jpg: score=0;chart_ratio,square_without_chart_hint,edge:0.22
Skip non-chart visual asset 28ead3e12612f148a95e07a8f89e509f631cacbd7e5d0a8192011d8cb2559cba.jpg: score=0;chart_ratio,square_without_chart_hint,edge:0.27
Skip non-chart visual asset c0ac1fd110f19c3465b88a27f92be1c9ae29021a765b16079dfae17d835e984b.jpg: score=1;square_without_chart_hint,edge:0.34,contrast,large
Skip non-chart visual asset 46fc1842572302496a85568ee2d5338d6d5e725caefe48efe5163d588774adab.jpg: score=1;odd_ratio:4.97,edge:0.24,contrast,large
Skip non-chart visual asset cb56311b822c5908ee3d16877e2e043ee283f84ff9b7424738aa1b951bbebdd6.jpg: score=0;chart_ratio,square_without_chart_hint,edge:0.24
Skip non-chart visual asset 7084a8e77b8d7d005edc1fec635a975c5b9c9314ea39656836994dd3a995f3eb.jpg: score=0;chart_ratio,square_without_chart_hint,edge:0.32
Skip non-chart visual asset 2704be5906dc4861b22da8ee26a31a8063623577ff16e684807479b3550722eb.jpg: score=0;chart_ratio,square_without_chart_hint,edge:0.25
Skip non-chart visual asset 17ade0eb02880d98c3f6df0841134435b93befed92e7c24c1662f28e2691da11.jpg: score=0;chart_ratio,square_without_chart_hint,edge:0.22
Skip non-chart visual asset 5c1fe0430689923f1bad2b407e54598f36afef9622cc380a6d4ae069a7309bf4.jpg: score=2;chart_ratio,square_without_chart_hint,edge:0.37,contrast,large
Skip non-chart visual asset 24aa0d51da5ada0234c574829cb6f4680a3f5bc9ce728fc3cc97cd74283d6617.jpg: score=-100;too_small:96x95
Skip non-chart visual asset 3b909cc58b978c00c16a5c51804c71f6077d0033474b297f53f4da469889ab4a.jpg: score=0;chart_ratio,square_without_chart_hint,edge:0.25
Skip non-chart visual asset 8365515caf5a684ea2cea4abb07f75da4faea0063b537bb687aab506e8826d18.jpg: score=-100;too_small:654x143
Skip non-chart visual asset 735afd36a57255dd382500e532d2a5ae768fd4ec64023fe33cbf98315b74ab94.jpg: score=1;chart_ratio
Skip non-chart visual asset e18dc0d817934db4c1011ac305079fc40f7b062b77ccc1461183772d327cd6d4.jpg: score=-100;too_small:1159x112
Skip non-chart visual asset b087c12256df23b72c6957fa2621fa8c2e020c6f210f8435a832e37351ff13c7.jpg: score=-1;odd_ratio:5.17,edge:0.20
Skip non-chart visual asset 9807215795c40de986db70b6f397e2fdaeffa8d6070cff691777de3f716802ed.jpg: score=-100;too_small:462x192
Skip non-chart visual asset 623393c0da49088d9340313733705de91817e362c8fe90a5b2418811ec4f08a0.jpg: score=0;chart_ratio,square_without_chart_hint,edge:0.26
Skip non-chart visual asset 0df094764cba5768f9d4f87a5a4e57c4aa8f3af610c76f37c2ac12894123b68b.jpg: score=2;edge:0.32
Skip non-chart visual asset dec6dddcd0cd6bd7c5bc40c580a0e8c718006b01cd5a96575c1c29700add2a8d.jpg: score=-100;too_small:654x140
Skip non-chart visual asset a4a15eb363293083eb6cc8cb3879759e81281a3b36f62ffc044466aeca3dc69b.jpg: score=-100;too_small:654x142
Skip non-chart visual asset f107b068c8368f742e660732cf98125ce4b469438fee7441d04927e3ed0150a7.jpg: score=2;chart_ratio,large
Skip non-chart visual asset dd3bbc483576618da1091dc1131a8e7ce14219c32a39591447ca4376753f410d.jpg: score=-100;too_small:1265x40
Skip non-chart visual asset 50358b2eead9928cfa668c4a2f747cd4cef93a74fbb0d7218e7b55dbbbea688e.jpg: score=-100;too_small:501x142
Skip non-chart visual asset 5e17d2883059c04c82c09d9e7a5d16965f8054a01b89402b0bd89c02172a4c2a.jpg: score=0;chart_ratio,square_without_chart_hint,edge:0.19
Skip non-chart visual asset e6cba4079ed853e452805ff599c455ce96730603f89a5203f422730f2825d403.jpg: score=0;chart_ratio,square_without_chart_hint,edge:0.14
Skip non-chart visual asset 7554f0c1fd6c801c18766ef6eb242bededd759d47b8ec8b672e5d3f61744413e.jpg: score=1;chart_ratio,square_without_chart_hint,edge:0.27,large
Skip non-chart visual asset e896d6d5a6ed91b593a0c478b3105244481de725046a7105b0fce28192771b4a.jpg: score=1;large
Skip non-chart visual asset 151f8f37efbe0862a1002ebb184f9639db49152d6c4d8526d8740c2a7e49d5bc.jpg: score=2;chart_ratio,large
Skip non-chart visual asset 99d7dfc8d011689fc15ba7153c2bce2d38810a7877a1292536f1d0f0c6fad0aa.jpg: score=-100;too_small:518x137
Done. Results written to /home/runner/work/rpt_edit/rpt_edit/xhs_notes/dropbox/260702/shard_2; successful_reports=5; mineru_timed_out=False; mineru_attempts=1
All batches completed successfully. Generated 5 report directories.
