Found 68 total PDFs; shard 4/40 has 5 PDFs, skips 0 already converted, will process 5 PDFs with batch_size=5.
Running batch 1: 5 PDFs
Found 5 PDFs. MinerU token slots available=2.
MinerU attempt 1/4 using MINER_U_2: submitting 5 PDF(s).
Uploading PDF to MinerU: /tmp/pdf_batch_001_8yh90zuq/pdfs/0001-21-Goldman Sachs-CHINA EDUCATION JUN-26 TRACKER-MOE student demographics updates- Learning tablet ASP hike a bright spot against pressured volume and seasonally softer tutorin.pdf
Uploading PDF to MinerU: /tmp/pdf_batch_001_8yh90zuq/pdfs/0002-22-Goldman Sachs-China Grid Tech- 2Q26 preview- Sieyuan pre-announced 2Q26 miss on delayed revenue and FX loss- reiterate Buy- lower EPS for Huaming-260713.pdf
Uploading PDF to MinerU: /tmp/pdf_batch_001_8yh90zuq/pdfs/0003-23-Goldman Sachs-China Brokers - Asset Managers- Strong 2Q earnings as expected- likely 3Q momentum supported by ROE recovery-260714.pdf
Uploading PDF to MinerU: /tmp/pdf_batch_001_8yh90zuq/pdfs/0004-24-Goldman Sachs-Chacha Food Co. -002557--Profit alert- 2Q26 NI better than expected-Eyes on improving competition - cost outlook-Reiterate Buy-260713.pdf
Uploading PDF to MinerU: /tmp/pdf_batch_001_8yh90zuq/pdfs/0005-25-Goldman Sachs-China Mobile -HK.US- -0941.HK-- AI Data Center visit- AI for AIDC to drive efficiency- rising demand for computing power to drive growth ahead-26071.pdf
MinerU attempt 1 using MINER_U_2 batch_id=b3bdf7b2-8042-4c4a-b912-3bc26e333543
MinerU states: running, running, pending, pending, pending
MinerU states: done, done, done, done, done
/home/runner/work/rpt_edit/rpt_edit/scripts/pdf_to_xhs_batch.py:291: DeprecationWarning: Image.Image.getdata is deprecated and will be removed in Pillow 14 (2027-10-15). Use get_flattened_data instead.
  pixels = list(gray.getdata())
Skip non-chart visual asset 1605a0cfbb55ac6cfb87b27305c385d9ff4489c25171cb21216db111a5addd3f.jpg: score=-100;too_small:1159x109
Skip non-chart visual asset 63a88a1aabbcc4cb97d183ff2835eda7ffd107d3f146b86ba7101729f12fafb9.jpg: score=2;chart_ratio,contrast
Skip non-chart visual asset e0e24f3367bee0ca8a06484b26e17fff8222de1d366252ef0bf211762693c416.jpg: score=-100;too_small:1167x126
Skip non-chart visual asset 3f827316a695d28df24b66511477a95ede958e63370360c8b449cdf4f7c6db9b.jpg: score=1;chart_ratio
Skip non-chart visual asset fd906f9ae51ca5957c30a954a45ccc3c4348abb15646c19506164e008c7cbf35.jpg: score=-100;too_small:1159x107
Skip non-chart visual asset f332376c8183befff3e61ccc3f88bdf23ff337f5a24e04fefd696d61cd740feb.jpg: score=-100;too_small:1412x162
Skip non-chart visual asset 365565370d64075a0c2db2b3e59ac9b44dde1f41c67c0c33baa858ed920cadd8.jpg: score=-100;too_small:1159x109
Skip non-chart visual asset f9fac932af25c8857a53c32206d851a334c94278f0cc7cd15d54b447c240f7a1.jpg: score=0;odd_ratio:6.45,edge:0.22,contrast
Skip non-chart visual asset 7efa17c42c4e6be2b6149dcdc2684348e2cf58e1b494e8c7f1097679ce0c9aa8.jpg: score=-100;too_small:1159x107
Skip non-chart visual asset 9d4901455a7389a57c4f118dc236f8026b182e73b90fda80e28f2c278102af0f.jpg: score=1;chart_ratio,square_without_chart_hint,edge:0.24,large
Skip non-chart visual asset 94edff5bc71a5f1c5b200aa1a3eb1e6ee32e284d2249371b3b82eca9265fc63d.jpg: score=-1;square_without_chart_hint,edge:0.25
Skip non-chart visual asset c2442993e029460747fd9d71df28c8e464288a57ab2c96be4562b8599d7801a2.jpg: score=-100;too_small:1023x46
Skip non-chart visual asset 8dfbceceb154bcfd97ba58adba6ed111192843395a71093cb890b8c517c12dff.jpg: score=-100;too_small:1159x115
Skip non-chart visual asset b1c8a4f742b907d2fd80a207f9d0ce317095fbf9c148a3dc412c21c0835da31d.jpg: score=-1;square_without_chart_hint,edge:0.26
Done. Results written to /home/runner/work/rpt_edit/rpt_edit/xhs_notes/dropbox/260714/shard_4; successful_reports=5; mineru_timed_out=False; mineru_attempts=1
All batches completed successfully. Generated 5 report directories.
