Found 99 total PDFs; shard 6/40 has 5 PDFs, skips 0 already converted, will process 5 PDFs with batch_size=5.
Running batch 1: 5 PDFs
Found 5 PDFs. MinerU token slots available=2.
MinerU attempt 1/4 using MINER_U_2: submitting 5 PDF(s).
Uploading PDF to MinerU: /tmp/pdf_batch_001_7tk_rfcm/pdfs/0001-31-Goldman Sachs-Japan Industrials-HK investor visit Yaskawa 1Q JSW MTP feedback-focus on execution and pricing-260714.pdf
Uploading PDF to MinerU: /tmp/pdf_batch_001_7tk_rfcm/pdfs/0002-32-Goldman Sachs-Germany-Autoland Under Pressure-260716.pdf
Uploading PDF to MinerU: /tmp/pdf_batch_001_7tk_rfcm/pdfs/0003-33-Goldman Sachs-Hansoh Pharma -3692.HK-- Continued BD execution- Out-licensed oral IL-23 through a NewCo-and-Merger structure-260714.pdf
Uploading PDF to MinerU: /tmp/pdf_batch_001_7tk_rfcm/pdfs/0004-34-Goldman Sachs-Mercedes-Benz Group AG -MBGn.DE-- Production cost reduction in action - Takeaways from the Kecskemét plant extension trip-260715.pdf
Uploading PDF to MinerU: /tmp/pdf_batch_001_7tk_rfcm/pdfs/0005-35-Goldman Sachs-Merck - Co. -MRK.US-- Sac-TMT Further De-Risked by Partner Kelun OptiTROP-Lung06-260715.pdf
MinerU attempt 1 using MINER_U_2 batch_id=cc5ec435-3004-4ad0-972d-d5f64e1db57d
MinerU states: done, running, running, pending, pending
MinerU states: done, done, done, done, done
Skip non-chart visual asset 9b38ba77830a43b7a9ef8581c3003f055ce4e469f1ccdedf84bc59552732483d.jpg: score=-100;too_small:1159x107
MinerU images did not look like charts; keeping only the title card and letting downstream AI fill body images.
/home/runner/work/rpt_edit/rpt_edit/scripts/pdf_to_xhs_batch.py:290: DeprecationWarning: Image.Image.getdata is deprecated and will be removed in Pillow 14 (2027-10-15). Use get_flattened_data instead.
  pixels = list(gray.getdata())
Skip non-chart visual asset fc7e90fd6d812d849feb6773f1cfccf86ec0c7647e10d179c605c7f2c70d7e5b.jpg: score=2;chart_ratio,square_without_chart_hint,edge:0.21,contrast,large
Skip non-chart visual asset 8e02a7f692a260d74910db696f976a6d3209706bcf4e75109c8d8bcd6ba558bf.jpg: score=2;chart_ratio,square_without_chart_hint,edge:0.18,contrast,large
Skip non-chart visual asset ea914ad0bf670e2877ffa631d185ab356ec0957f9b595707907a8dc26ddd38ef.jpg: score=1;chart_ratio,square_without_chart_hint,edge:0.24,large
Skip non-chart visual asset f9a17c9e40ae56b56d25e828788d6d8ba593c988cd58e0eaa096390574909e0d.jpg: score=2;chart_ratio,square_without_chart_hint,edge:0.28,contrast,large
Skip non-chart visual asset 8938b8a4766de9dd464ad08b1799d7dcbe64a959483157cfd12a47f3592a75f7.jpg: score=1;chart_ratio,square_without_chart_hint,edge:0.27,large
Skip non-chart visual asset efc842ff0db662ce43c49927381b9c408ea4a2a6748ad791241ec7c4eaee7dee.jpg: score=1;chart_ratio,square_without_chart_hint,edge:0.16,large
Skip non-chart visual asset 66ce53833da6c4331b8d321c33d96f8f2a4cc53dfba68fe19671fc7ac096830e.jpg: score=1;chart_ratio,square_without_chart_hint,edge:0.20,contrast
Skip non-chart visual asset 59035563e974db71ff18d5384b6c3e1152aae0d6581622e06a5c98546b2a7f1b.jpg: score=1;chart_ratio,square_without_chart_hint,edge:0.21,large
Skip non-chart visual asset 531c455b27ef8ce4ab02a57d0fa895d52fcd63f4c1480dde327f33ada52b9ab4.jpg: score=2;chart_ratio,square_without_chart_hint,edge:0.17,contrast,large
Skip non-chart visual asset 615ce99c6aa18b4455ca357b375711f900cebbda19326441f543a1be5795480e.jpg: score=2;chart_ratio,square_without_chart_hint,edge:0.21,contrast,large
Skip non-chart visual asset 14f6a8fd887c732c25e964646023e2bad72fb8a341812917a26b2a2cf4f51d33.jpg: score=2;chart_ratio,square_without_chart_hint,edge:0.24,contrast,large
Skip non-chart visual asset 71e1b7e685901e5952f5772d44b5ffa39ce2ab0abc8fb59aee598ab7b0225441.jpg: score=2;chart_ratio,square_without_chart_hint,edge:0.26,contrast,large
Skip non-chart visual asset d74f1ba103c2d4ee9d7a143e0103ae5dc887e720586d94259bc21b941400440b.jpg: score=2;chart_ratio,square_without_chart_hint,edge:0.22,contrast,large
Skip non-chart visual asset d21c357ea3e3f6a60fe06ca9b814a7ebe47a5258e1b828d92f87fcf376db62b5.jpg: score=1;chart_ratio,square_without_chart_hint,edge:0.19,large
Skip non-chart visual asset 27207a1fd6fb88b5ecc31e8249f3e853650da290db2b2f75c9ce7c295b27f14a.jpg: score=1;chart_ratio,square_without_chart_hint,edge:0.23,large
Skip non-chart visual asset 51f83503332b9252dba5f59f7f735aa6e9056de590a367726f63707b9ff8b7d8.jpg: score=1;chart_ratio,square_without_chart_hint,edge:0.17,large
Skip non-chart visual asset 2bd821993ec26cacb5843a0ead4029be5ffad9e07587c017ebff9a2d74b4fec4.jpg: score=1;chart_ratio,square_without_chart_hint,edge:0.23,contrast
Skip non-chart visual asset 8cb142203c1e158d4384adb1fe960d58fae0248b8a898e32dafee499181bc7e8.jpg: score=1;chart_ratio,square_without_chart_hint,edge:0.26,large
Skip non-chart visual asset 60f059ee8651ffd3c2f977b7ecaae5dabcca5caa687ffa4c249825396a8f9935.jpg: score=2;chart_ratio,square_without_chart_hint,edge:0.27,contrast,large
Skip non-chart visual asset f3903b7b7038a110782bb26fd4ecbbdf4bd0c41156bc8543613494bff63bfec2.jpg: score=2;chart_ratio,square_without_chart_hint,edge:0.19,contrast,large
Skip non-chart visual asset 84e93c14fdc72df657c5a9e1e3c57c6bb49f74ce72fbd0c5267a3c2c7b3c4408.jpg: score=1;chart_ratio,square_without_chart_hint,edge:0.22,large
Skip non-chart visual asset 091e1a657570afb0253335860fb7562d3a39e445193d58e527f642e04288d671.jpg: score=1;chart_ratio,square_without_chart_hint,edge:0.23,large
Skip non-chart visual asset bc3a9bb4e094535f7f7eb0bbdcc5fb9219af38b4d7067806d6b242165acc9936.jpg: score=2;chart_ratio,square_without_chart_hint,edge:0.20,contrast,large
Skip non-chart visual asset 7073c1d080983c7acede12c88d825c001f8459fe43f082381eb4aef83215f6ce.jpg: score=1;chart_ratio,square_without_chart_hint,edge:0.23,large
MinerU images did not look like charts; keeping only the title card and letting downstream AI fill body images.
Skip non-chart visual asset 8d27b0b830e0cc22d553740e0011beaf6df32533e1f5dbdc2e70a76edc556e3e.jpg: score=-100;too_small:1159x107
Skip non-chart visual asset 33f3bb4ba44ce2c1e0c98c01fe159e4772af9917d3105a67d116c69a25b21ea3.jpg: score=0;chart_ratio,square_without_chart_hint,edge:0.24
Skip non-chart visual asset 04d6c99d38ad2bee8133b329492439eecc2eef174d77ac76b15522972dbd2e2b.jpg: score=2;chart_ratio,square_without_chart_hint,edge:0.40,contrast,large
Skip non-chart visual asset 4267152876402b4bf5cde96e3d4d4e6f2d3cedc739c882446eaf80267df02b7d.jpg: score=-100;too_small:1159x112
Skip non-chart visual asset 29c5a92afff0162025a82a23539d9459d9cbe8e0a919c4110534e591ec19096a.jpg: score=-1;square_without_chart_hint,edge:0.27
Skip non-chart visual asset a3a82a152270db9d1d88b4ddcac15465f3211647ae24ca5f56de3ad90d56374d.jpg: score=-100;too_small:1026x46
Skip non-chart visual asset c441d824f40467b98876615bad2e9f4b168e319d92847fe6b986654c316db961.jpg: score=-100;too_small:1156x107
Skip non-chart visual asset a423affb92df46e3e75912591d7a1031d112591e633840549ea9d0341baa2173.jpg: score=-1;square_without_chart_hint,edge:0.31
Done. Results written to /home/runner/work/rpt_edit/rpt_edit/xhs_notes/dropbox/260716/shard_6; successful_reports=5; mineru_timed_out=False; mineru_attempts=1
All batches completed successfully. Generated 5 report directories.
