Found 59 total PDFs; shard 11/40 has 4 PDFs, skips 0 already converted, will process 4 PDFs with batch_size=5.
Running batch 1: 4 PDFs
Found 4 PDFs. MinerU token slots available=4.
MinerU attempt 1/4 using MINER_U_4: submitting 4 PDF(s).
Uploading PDF to MinerU: /tmp/pdf_batch_001_558ffhrq/pdfs/0001-56-Nomura-WinWay Technology-6515.TW-Attractive valuation- initiate coverage at Buy-260724.pdf
Uploading PDF to MinerU: /tmp/pdf_batch_001_558ffhrq/pdfs/0002-57-Nomura-US Economic Weekly-Hike Tension-260724.pdf
Uploading PDF to MinerU: /tmp/pdf_batch_001_558ffhrq/pdfs/0003-58-Nomura-Wuxi XDC-2268.HK-1H26F preview and FY26F forecast revisions-260724.pdf
Uploading PDF to MinerU: /tmp/pdf_batch_001_558ffhrq/pdfs/0004-59-Nomura-Wuxi Bio-2269.HK-1H26F preview and FY26F forecast revisions-260724.pdf
MinerU attempt 1 using MINER_U_4 batch_id=3a723d4d-05f1-48c8-a199-552fcbdfd376
MinerU states: running, running, running, waiting-file
MinerU states: done, running, done, done
MinerU states: done, done, done, done
/home/runner/work/rpt_edit/rpt_edit/scripts/pdf_to_xhs_batch.py:307: DeprecationWarning: Image.Image.getdata is deprecated and will be removed in Pillow 14 (2027-10-15). Use get_flattened_data instead.
  pixels = list(gray.getdata())
Skip non-chart visual asset 54041649edfdffab7605b166a66f2d84b5516a496501da96d4864dde3517a5c0.jpg: score=0;square_without_chart_hint,edge:0.18,contrast
Skip non-chart visual asset e969d688af22316a95803323e2402de14ed6aa029339eb3db78bda2bde01362b.jpg: score=1;odd_ratio:5.01,edge:0.20,contrast,large
Skip non-chart visual asset 1879f9266bcd944ed68564ff6f56c02487f6146583eea6412f0f9c9d07b30db5.jpg: score=-100;too_small:431x76
Skip non-chart visual asset 9510c91c4a0e7c014492ae11bae3a24b1a08fd23d267c0290f7db67d37c9ab4b.jpg: score=2;chart_ratio,square_without_chart_hint,edge:0.46,contrast,large
Skip non-chart visual asset a58d802943e7e79aad813a05624ef03140f0bed1f2903c2663cac33fff7299e7.jpg: score=-100;too_small:723x148
Skip non-chart visual asset 673e8abf1558d6a63f4a41dec9d2cf17b5b703f86029cb01346a09b935f17602.jpg: score=-100;too_small:1412x95
Skip non-chart visual asset ba55dbac5a88cf2a5c645762d632213c1ed0cd1ee4ece7d07baf4c86138717e9.jpg: score=1;chart_ratio,square_without_chart_hint,edge:0.26,contrast
Neutralized WeChat title while keeping the report: 野村：AI芯片测试工序增加驱动探针卡与插座业务增长 -> 野村：AI与半导体行业技术应用观察
Skip non-chart visual asset eb1720d7e1036b9b3e0a174a42afff667c1a9fc3017fdb1e5a6f195f99f53d29.jpg: score=1;large
Skip non-chart visual asset 0cd15ec8f1b8747a6a08f765c204b9a4736b303997b343b4b1480ad71e1de4dc.jpg: score=1;chart_ratio,square_without_chart_hint,edge:0.24,large
Skip non-chart visual asset 7a664be47595c0246aba5c725dfaa0c8b24c444f376805e70637c7a5e7e6a27f.jpg: score=1;chart_ratio,square_without_chart_hint,edge:0.25,large
Skip non-chart visual asset 97c383f103307ae104defd9ad468e7cb6142d06a78228e832515a59306832779.jpg: score=1;chart_ratio,square_without_chart_hint,edge:0.26,large
Skip non-chart visual asset 4867b56ce6788d5d4cfc7dccb9346e7b26596f3abbcff25cabec457f04ac6660.jpg: score=2;chart_ratio,square_without_chart_hint,edge:0.30,contrast,large
Skip non-chart visual asset 729fbd493e8b528c9b26692635e48a781a755ad7ea9598796e51b495353e16f0.jpg: score=2;chart_ratio,square_without_chart_hint,edge:0.38,contrast,large
Skip non-chart visual asset b76ee9ef6cea5fef4447636638be7194fcc3059d33f28098a32da6a7fb2c4036.jpg: score=1;chart_ratio,square_without_chart_hint,edge:0.22,large
Skip non-chart visual asset 0bb7e2cb3b4c4a4e3d7ad328b8743134f73579885182ef19a4c8a6cd1e9e9d1a.jpg: score=1;square_without_chart_hint,edge:0.30,contrast,large
Skip non-chart visual asset a9d9c48c2e589c8060c150a9a8ea714c20da7a439f310c4f7e7735d52de0dbb1.jpg: score=-100;too_small:1412x84
Skip non-chart visual asset 9b4dc5c219b162280c3ae56ace66c863c26f01471ef55f6ba84e1407e33c70e1.jpg: score=-100;too_small:434x42
Skip non-chart visual asset 92de9ba4fb2883983d6c122fae29bcc78d0eb2dda18e37958a3ce9931b0b001a.jpg: score=-100;too_small:434x71
Skip non-chart visual asset 44dcc82167638ec53d9df94edba2ddac15c0896ab312cfdddf5d868b0b9c81c7.jpg: score=1;chart_ratio,square_without_chart_hint,edge:0.28,contrast
Skip non-chart visual asset 1b8cb5e365fccb0bd909f345375d30321d0b402b45d4f7b475a64fb18dfb73a4.jpg: score=-100;too_small:729x151
Skip non-chart visual asset c869c018f484287c45990593b49a7275a9ece162afb8a86d94e1575e95563290.jpg: score=2;chart_ratio,square_without_chart_hint,edge:0.36,contrast,large
Skip non-chart visual asset a643d209e1ce282ebb0726fb67343b495e0673f130203a2f93e0af42ae79218a.jpg: score=-100;too_small:1412x81
Skip non-chart visual asset 90847cfa0f11383502d3897c00d56d32446f686eab2739d62d80af37aec19d1a.jpg: score=-100;too_small:434x54
Skip non-chart visual asset dd9a3c671992ab40e9f05a2495c12c8efdf90dd8b193db0f9c6db5772ecf1eac.jpg: score=-100;too_small:726x148
Skip non-chart visual asset 60c56b887425f04af1d7a954433ce2e40113101e376e100b02144fdca2a5b690.jpg: score=-100;too_small:434x73
Skip non-chart visual asset 9500a23931f7043b4f3774a8532b63ed06254173350f7640420f362ccf3e5778.jpg: score=-100;too_small:434x43
Skip non-chart visual asset 703990b3dfe26b43309a83a5c3ef321e9afa33bc84009a045d3fa013bb81604b.jpg: score=1;chart_ratio,square_without_chart_hint,edge:0.30,contrast
Done. Results written to /home/runner/work/rpt_edit/rpt_edit/xhs_notes/dropbox/260725/shard_11; successful_reports=4; mineru_timed_out=False; mineru_attempts=1
All batches completed successfully. Generated 4 report directories.
