Found 36 total PDFs; shard 5/40 has 5 PDFs, skips 0 already converted, will process 5 PDFs with batch_size=5.
Running batch 1: 5 PDFs
Found 5 PDFs.
Uploading PDF to MinerU: /tmp/pdf_batch_001_5x20uf08/pdfs/0001-26-Nomura-Global Physical AI-Humanoid commercialization-260519.pdf
Uploading PDF to MinerU: /tmp/pdf_batch_001_5x20uf08/pdfs/0002-27-UBS-Mining Expert Calls--1 China Economics- Resilience-260519.pdf
Uploading PDF to MinerU: /tmp/pdf_batch_001_5x20uf08/pdfs/0003-28-Bernstein-Global Oil Services Oil Services - Artificial Intelligence- later- not quite yet - who cares of the ego of an Agentic AI in the Oil Services industry--260519.pdf
Uploading PDF to MinerU: /tmp/pdf_batch_001_5x20uf08/pdfs/0004-29-BofA Securities-Software - China -H A- China Conference Takeaways- accelerating AI monetization- focus on growth visibility-260518.pdf
Uploading PDF to MinerU: /tmp/pdf_batch_001_5x20uf08/pdfs/0005-30-CITI-US Semiconductors-CPU TAM of -132B by 2030E- Raising TPs on INTC - AMD-260518.pdf
MinerU batch_id=e1464f49-08d2-411d-b805-be15872cab09
MinerU states: running, running, pending, running, waiting-file
MinerU states: done, running, running, running, pending
MinerU states: done, running, running, done, running
MinerU states: done, running, running, done, running
MinerU states: done, running, running, done, running
MinerU states: done, running, running, done, running
MinerU states: done, running, done, done, done
MinerU states: done, running, done, done, done
MinerU states: done, running, done, done, done
MinerU states: done, done, done, done, done
Done. Results written to /home/runner/work/rpt_edit/rpt_edit/xhs_notes/dropbox/260520/shard_5
All batches completed successfully.
