Found 74 total PDFs; shard 8/40 has 5 PDFs, skips 0 already converted, will process 5 PDFs with batch_size=5.
Running batch 1: 5 PDFs
Found 5 PDFs. MinerU token slots available=2.
MinerU attempt 1/4 using MINER_U_2: submitting 5 PDF(s).
Uploading PDF to MinerU: /tmp/pdf_batch_001_cwbyoqie/pdfs/0001-41-Goldman Sachs-TAIWAN CCL-High-end players- profitability uptrend restart- with better pricing and product mix outlook- Buy EMC and TUC with new TP of NT-9-500 2-860.pdf
Uploading PDF to MinerU: /tmp/pdf_batch_001_cwbyoqie/pdfs/0002-42-Goldman Sachs-USA- UMich Sentiment Rises- Short-Term Inflation Expectations Decline-260717.pdf
Uploading PDF to MinerU: /tmp/pdf_batch_001_cwbyoqie/pdfs/0003-43-Goldman Sachs-Xunlong Sci-Tech -6715.HK- NC-- The-Next-Gen call takeaways- Global leader in caviar driven by overseas expansion and domestic recovery-260717.pdf
Uploading PDF to MinerU: /tmp/pdf_batch_001_cwbyoqie/pdfs/0004-44-J.P. Morgan-Base Metals Supply - Demand Tracker-While market awaits tariff update- China keeps buying copper-260716.pdf
Uploading PDF to MinerU: /tmp/pdf_batch_001_cwbyoqie/pdfs/0005-45-Goldman Sachs-Xiaomi Corp. -1810.HK-Xiaomi Robotics- Integrating Hardware Ontologies- Data- and Models to Scale up- Buy-260717.pdf
MinerU attempt 1 using MINER_U_2 batch_id=a63177a3-9591-4a03-9aef-b5572cdda76a
MinerU states: running, running, running, running, waiting-file
MinerU states: running, done, done, running, running
MinerU states: running, done, done, running, done
MinerU states: done, done, done, done, done
/home/runner/work/rpt_edit/rpt_edit/scripts/pdf_to_xhs_batch.py:292: DeprecationWarning: Image.Image.getdata is deprecated and will be removed in Pillow 14 (2027-10-15). Use get_flattened_data instead.
  pixels = list(gray.getdata())
Skip non-chart visual asset 4b39c868fe741d3b92d50691e233273e11e6333ebbcbc88c5ca75e0ca257d334.jpg: score=1;chart_ratio,square_without_chart_hint,edge:0.30,large
Skip non-chart visual asset 169b0c886b8e664893dd1123e4b0e6d8f6188decf815cce06ac909ca361f59d5.jpg: score=0;odd_ratio:6.78,edge:0.58,contrast
Skip non-chart visual asset f9d626576142ba2721aecf536082c9c24439c8249c9f2680a2b56a826abaf02c.jpg: score=2;chart_ratio,square_without_chart_hint,edge:0.39,contrast,large
Skip non-chart visual asset c0bba7f291a41f1dea764fd084974eb69348fa8b656805b8a9862572a574991b.jpg: score=1;chart_ratio
Skip non-chart visual asset a3fa1d2419238022f02df7f003eafc9b17c701490a8c27949493a6784c88e01a.jpg: score=-100;too_small:1156x109
Skip non-chart visual asset 73931fbdc715af6b43119cd2249ea882c07313d0e55b4326303fde43abffcadd.jpg: score=1;odd_ratio:4.81,edge:0.43,contrast,large
Skip non-chart visual asset be89e44f62e1134f52d39cc397ae9396b81dd1107bfe953ae03d34ba44474fd7.jpg: score=-100;too_small:1156x109
MinerU images did not look like charts; keeping only the title card and letting downstream AI fill body images.
Skip non-chart visual asset 4fc72d9a5a6c4a75a2bc86269397a7df610699eea16582837bb05fe6cfee1284.jpg: score=0;odd_ratio:4.82,edge:0.35,large
Skip non-chart visual asset d16c014e603b6e7603503930c4dc0738371fd13a808a77dd8dc324aa5295bcb6.jpg: score=1;square_without_chart_hint,edge:0.49,contrast,large
Skip non-chart visual asset 5e96ea9a754e10dc3c7ac325935c1a39b047364d8a01ef55edf7ce52d3c4c0df.jpg: score=1;square_without_chart_hint,edge:0.54,contrast,large
Skip non-chart visual asset 6651bcbe259d661063334d3579400cb7895a38627f71b078a56e0018bf5a82ca.jpg: score=-100;too_small:167x162
Skip non-chart visual asset 0df25aa23773c0af11cb63fa343391ab6d70c61bc7dc31cad12fd8a57074f618.jpg: score=1;chart_ratio,square_without_chart_hint,edge:0.39,large
Skip non-chart visual asset 818e0b48c81f25e748463739fbfc9269b61210b19c697ea60e929bf289584ca1.jpg: score=2;chart_ratio,square_without_chart_hint,edge:0.27,contrast,large
Skip non-chart visual asset d236dc3a3c9c5f03827d2f065b35a00be1c0ff1bc2dabcfbeb8ff7ae05ccea19.jpg: score=1;chart_ratio,square_without_chart_hint,edge:0.36,large
Skip non-chart visual asset 83cbb6f23ee75c9b5bbf04e0e09d30784aa658c5f187a09b6261fdd64766ead2.jpg: score=1;chart_ratio,square_without_chart_hint,edge:0.29,large
Skip non-chart visual asset 83cbab0830f32f4925d709bda733089e37e3ba4d043c9823a68ad177d5e7d403.jpg: score=-100;too_small:1159x106
Done. Results written to /home/runner/work/rpt_edit/rpt_edit/xhs_notes/dropbox/260718/shard_8; successful_reports=5; mineru_timed_out=False; mineru_attempts=1
All batches completed successfully. Generated 5 report directories.
