Found 82 total PDFs; shard 8/40 has 5 PDFs, skips 0 already converted, will process 5 PDFs with batch_size=5.
Running batch 1: 5 PDFs
Found 5 PDFs. MinerU token slots available=2.
MinerU attempt 1/4 using MINER_U_2: submitting 5 PDF(s).
Uploading PDF to MinerU: /tmp/pdf_batch_001_cs_6yhx3/pdfs/0001-44-J.P. Morgan-China Equity Strategy-Takeaways from JPM AI expert call-From foundation models to industrial-scale adoption-260706.pdf
Uploading PDF to MinerU: /tmp/pdf_batch_001_cs_6yhx3/pdfs/0002-45-J.P. Morgan-China Metals Activity Tracker 3 weeks of copper - aluminium inventory declines signal strengthening China metals consumption-260706.pdf
Uploading PDF to MinerU: /tmp/pdf_batch_001_cs_6yhx3/pdfs/0003-46-J.P. Morgan-Container Shipping-2026 Mid-Year Demand-Supply update-260707.pdf
Uploading PDF to MinerU: /tmp/pdf_batch_001_cs_6yhx3/pdfs/0004-47-J.P. Morgan-China alt-data trackers chartpack -Series 58- Pace up -narrowly- in exports - special LGB issuance-260706.pdf
Uploading PDF to MinerU: /tmp/pdf_batch_001_cs_6yhx3/pdfs/0005-48-J.P. Morgan-China Tanker Shipping-China delays- not derails- the bull case-260703.pdf
MinerU attempt 1 using MINER_U_2 batch_id=6f80259f-dae7-431f-8871-9b490efd8dcd
MinerU states: running, running, running, running, waiting-file
MinerU states: done, done, done, done, done
/home/runner/work/rpt_edit/rpt_edit/scripts/pdf_to_xhs_batch.py:285: DeprecationWarning: Image.Image.getdata is deprecated and will be removed in Pillow 14 (2027-10-15). Use get_flattened_data instead.
  pixels = list(gray.getdata())
Skip non-chart visual asset 1a1bbe7700c413d0f3228539df8c9b35b51146f95a7c66ab0289b0e6528d9780.jpg: score=1;chart_ratio,square_without_chart_hint,edge:0.23,contrast
Skip non-chart visual asset 2b7ccb92617265a8ad0c745f2e3ef20d048395f8eb81b753fde52649f68e504f.jpg: score=1;chart_ratio,square_without_chart_hint,edge:0.23,contrast
Skip non-chart visual asset f4406c50cb6cf1a4f38cc1ebf52f7af82e959810a2c934cd8068391b72690844.jpg: score=-100;too_small:926x162
Skip non-chart visual asset 9f14f33d8e7716c4f52f4176537fd834e02a13445f567c6aed5133391f2a952f.jpg: score=2;chart_ratio,large
Skip non-chart visual asset 8d23d926e53b5a7b40e1df9664fa916624937c4a6c9eec4cc5dda58c81f00d82.jpg: score=1;chart_ratio,square_without_chart_hint,edge:0.26,contrast
Skip non-chart visual asset 53ebd71b4d052aa6913370ded63b455dc4c4445bcd533562a87d63e91ebf4123.jpg: score=1;chart_ratio,square_without_chart_hint,edge:0.25,contrast
Skip non-chart visual asset c2efabba607bc695189b0a708142f713695f0f33b7159f1930fbe97210731083.jpg: score=2;edge:0.37
Skip non-chart visual asset ec3ff8b0c820fd51403cbd73466340791e7aabf4437acaaf72694f4a2a65415f.jpg: score=1;chart_ratio,square_without_chart_hint,edge:0.22,contrast
Skip non-chart visual asset cd19e55097503239a6fff2d36a8de4a5d711169074ee612cd5c498d7605f9bc0.jpg: score=1;chart_ratio,square_without_chart_hint,edge:0.25,contrast
Skip non-chart visual asset b7efe4a8386e79a4fc876fe7907baf761b64128a77dda1e9a074b84db233df83.jpg: score=1;chart_ratio,square_without_chart_hint,edge:0.35,contrast
Skip non-chart visual asset 1225dd2f9f810d8e89bbfb3a433913642c76d9f3d648fb6571b453352a04dbba.jpg: score=1;chart_ratio,square_without_chart_hint,edge:0.24,contrast
Skip non-chart visual asset 6fdeab1b30220fe0ffd15513cfaaea69a8fbfb6aa88371ce33809b95a84b51b2.jpg: score=1;chart_ratio,square_without_chart_hint,edge:0.26,contrast
Skip non-chart visual asset 09590457e2226b4c715de5e82ed761525603252bd7ffe885b8ea6615e45d446d.jpg: score=1;chart_ratio,square_without_chart_hint,edge:0.22,contrast
Skip non-chart visual asset c34676b2dda8bc427d28edc278e61a079ec9d11c119655d912666064335c4c75.jpg: score=-100;too_small:448x215
Skip non-chart visual asset f37c189bf71c9891b6a13e940b8446a6400cc02bf6e7d2b1861804402b2440ac.jpg: score=1;chart_ratio,square_without_chart_hint,edge:0.27,contrast
Skip non-chart visual asset 2586821495b94f191f02ced43b688214a88c0a6cca10c6937a5911bb305fe853.jpg: score=1;chart_ratio,square_without_chart_hint,edge:0.25,contrast
Skip non-chart visual asset 3f1125eb64fd7d432a27512982c822d019ee9deb97e13d895ed5b80680644cdf.jpg: score=1;chart_ratio,square_without_chart_hint,edge:0.23,contrast
Skip non-chart visual asset 0373c3151746051c19fe8684366c066ca8a40589611ac14478ba6f78cdba042b.jpg: score=1;chart_ratio,square_without_chart_hint,edge:0.25,contrast
Skip non-chart visual asset 2792393988ea46fe59619f3b16c421f3e75169d325d2d2795ebcb57dd7e552fd.jpg: score=2;edge:0.36
Skip non-chart visual asset 441469b15ac12376b3707b2902534f81f9bb885d5e89458730a9afdc512ff783.jpg: score=1;chart_ratio,square_without_chart_hint,edge:0.25,contrast
Skip non-chart visual asset 194b5c4cc2eec1d8ecfcd9cbf829103b49e1bde110bf165636dd343421ba3045.jpg: score=1;chart_ratio,square_without_chart_hint,edge:0.27,contrast
Skip non-chart visual asset e9a14f84091bda0034d78ebf25f01669349c4d01ce14fe00708c8db1a3aaf5f7.jpg: score=1;chart_ratio,square_without_chart_hint,edge:0.19,contrast
Skip non-chart visual asset 3746722f56c5d2cffd2f4fc891bffb9bd2930c94f8e445de0c9efc359291157d.jpg: score=1;chart_ratio,square_without_chart_hint,edge:0.25,contrast
Skip non-chart visual asset dfef1fd6525bd3298a42d055b372b36bf1a0a18026cad240869c76f43e300bc7.jpg: score=1;chart_ratio,square_without_chart_hint,edge:0.25,contrast
Skip non-chart visual asset 3c8ddab8888c0514f2189d5cefdd6b16310419d94589f7198bb1a03d71dd8c5b.jpg: score=1;chart_ratio,square_without_chart_hint,edge:0.27,contrast
Skip non-chart visual asset 376fb7c14f14c0c7778f47b779ee4061231eaa5e3500745eb81346a91eb0d6a7.jpg: score=1;chart_ratio,square_without_chart_hint,edge:0.27,contrast
Skip non-chart visual asset ae2ccc4aeacc70371d3b124d4e1649a1f69078c494a7baf3a5e76dc8f8733d85.jpg: score=1;chart_ratio,square_without_chart_hint,edge:0.28,contrast
Skip non-chart visual asset 12efca183ec307ac778f9ddbeb4eadb7b1e3e0ffc7290e6c86bedbaea6f20090.jpg: score=1;chart_ratio,square_without_chart_hint,edge:0.22,contrast
Skip non-chart visual asset 9c37baf555a0088815849fa78067fa599a9fb058316a6c2ddc8d8a3683ce78de.jpg: score=1;chart_ratio,square_without_chart_hint,edge:0.22,contrast
Skip non-chart visual asset b3de031da9bb5d43ef807d1f165ba3ed94f38b7a29a742eaee8e1137a349f429.jpg: score=1;chart_ratio,square_without_chart_hint,edge:0.23,contrast
Skip non-chart visual asset de3fbb62159fd6228c48ac01720be8a3f6f1529cc4003a480f45f595ccdf243e.jpg: score=2;chart_ratio,large
Skip non-chart visual asset 4f2ecf2a62371ab7737a9ecb3b579b950d6d94e4aaf7fc1323537afaa3d4b395.jpg: score=-100;too_small:1456x167
Skip non-chart visual asset aa9b338f7929ca60acfdd0ef0446695b85ee5d704306475380a2ad000dd77313.jpg: score=-100;too_small:1457x170
Skip non-chart visual asset 2f05ba41b8cd167f6e1c8dd5a477bef9b868384f358cfd177ca7abc5ae45a1f7.jpg: score=-100;too_small:954x176
Skip non-chart visual asset 68f1604599b8005cf45eafe3b3c5623064fa518e72744fac965d650fd86ae50a.jpg: score=2;chart_ratio,large
Done. Results written to /home/runner/work/rpt_edit/rpt_edit/xhs_notes/dropbox/260708/shard_8; successful_reports=5; mineru_timed_out=False; mineru_attempts=1
All batches completed successfully. Generated 5 report directories.
