Found 30 total PDFs; shard 3/40 has 5 PDFs, skips 0 already converted, will process 5 PDFs with batch_size=5.
Running batch 1: 5 PDFs
Found 5 PDFs. MinerU token slots available=2.
MinerU attempt 1/4 using MINER_U_2: submitting 5 PDF(s).
Uploading PDF to MinerU: /tmp/pdf_batch_001_fo2eo9v_/pdfs/0001-16-Goldman Sachs-JAPAN BANKS-Raising earnings forecasts and target prices on the 3 megabanks to reflect capital markets activity and growing loan demand-260713.pdf
Uploading PDF to MinerU: /tmp/pdf_batch_001_fo2eo9v_/pdfs/0002-17-Goldman Sachs-Japan Technology- Semiconductors- Investor visit feedback- Expectations for front-end firms seem high- including for price hikes-260713.pdf
Uploading PDF to MinerU: /tmp/pdf_batch_001_fo2eo9v_/pdfs/0003-18-Goldman Sachs-Foxconn Industrial Internet -601138-- Chairman - Vietnam factory tour- AI servers - switches with strong automated production- Buy-260712.pdf
Uploading PDF to MinerU: /tmp/pdf_batch_001_fo2eo9v_/pdfs/0004-19-Goldman Sachs-Rotation Temptation-260713.pdf
Uploading PDF to MinerU: /tmp/pdf_batch_001_fo2eo9v_/pdfs/0005-20-Goldman Sachs-Thailand Vietnam Tech Tour- Top Six takeaways from factory visits across PCB- Networking- and AI server supply chain-260713.pdf
MinerU attempt 1 using MINER_U_2 batch_id=0f513b5b-bfb5-4f72-b5f0-4fd3b69f3edf
MinerU states: running, running, pending, running, waiting-file
MinerU states: done, done, done, done, done
/home/runner/work/rpt_edit/rpt_edit/scripts/pdf_to_xhs_batch.py:291: DeprecationWarning: Image.Image.getdata is deprecated and will be removed in Pillow 14 (2027-10-15). Use get_flattened_data instead.
  pixels = list(gray.getdata())
Skip non-chart visual asset 5ce6fcb02866ba1c7189d1265e30ffeb7e5e396afca04257d52170b1905baed5.jpg: score=-100;too_small:1162x109
Skip non-chart visual asset 0c3eac7b04aa804cc28126c895d7f0b8a91a74554d4707604b9798a794cc7624.jpg: score=-1;square_without_chart_hint,edge:0.28
Skip non-chart visual asset 20fe1a6f17cab5488bc701c9bc2eae9c4443cfacfc75553cf992077d55917263.jpg: score=2;edge:0.20
Skip non-chart visual asset 596375885f7691a71d6300332d96822a81ceb8fb3913e63080997dcd0181431d.jpg: score=0;chart_ratio,square_without_chart_hint,edge:0.24
Skip non-chart visual asset 77aa911f31e34ea5207fa1589f70ce7d98ee619d650f7278487d6b4b79921a7f.jpg: score=-100;too_small:1159x109
Skip non-chart visual asset d22ad8910f8830445f99a960cfd3b6e80fd176b7a1a1d8e982c9bed786390f22.jpg: score=-100;too_small:1159x112
Skip non-chart visual asset 715695da6e15678217088f6d2d813eaf33f0ff215196b509fffaf0e097dd196e.jpg: score=-100;too_small:437x196
Skip non-chart visual asset 0f4d0e0f274b99c22caee56a85de0acfcea0a970bae3fb414b69baf57fadf7f8.jpg: score=-100;too_small:1170x134
Skip non-chart visual asset 6d3b86d9b12e11986524ce54de2b7113d223c9616ae9015892c067a3a169065d.jpg: score=-100;too_small:1159x109
Skip non-chart visual asset a3f0450f8944c5e6fd6623543d6a3d3f25cefbf83bea3b63985498f42c7fbe05.jpg: score=-100;too_small:245x167
Skip non-chart visual asset c072bb38ccac729953b4965b9d72ce65e722726c66ea121f0a564187548808a7.jpg: score=-100;too_small:223x184
Skip non-chart visual asset 89ae4e75941adf14572bedd76c2954add6bd13006cd9d8c575404d85a2c04b62.jpg: score=-100;too_small:356x207
Done. Results written to /home/runner/work/rpt_edit/rpt_edit/xhs_notes/dropbox/260713/shard_3; successful_reports=5; mineru_timed_out=False; mineru_attempts=1
All batches completed successfully. Generated 5 report directories.
