Found 31 total PDFs; shard 5/40 has 5 PDFs, skips 0 already converted, will process 5 PDFs with batch_size=5.
Running batch 1: 5 PDFs
Found 5 PDFs. MinerU token slots available=4.
MinerU attempt 1/4 using MINER_U_2: submitting 5 PDF(s).
Uploading PDF to MinerU: /tmp/pdf_batch_001_r__d6gkx/pdfs/0001-26-Nomura-Asia Insights China- The contractionary fiscal policy stance in H1-260727.pdf
Uploading PDF to MinerU: /tmp/pdf_batch_001_r__d6gkx/pdfs/0002-27-Nomura-Indonesia CPO-Supercycle zone-260727.pdf
Uploading PDF to MinerU: /tmp/pdf_batch_001_r__d6gkx/pdfs/0003-28-Nomura-Naver Corporation-035420.KS-De-risked AIDC capex- subleasing visibility key-260727.pdf
Uploading PDF to MinerU: /tmp/pdf_batch_001_r__d6gkx/pdfs/0004-29-Nomura-Laopu Gold-6181.HK-Recalibrating expectation-260727.pdf
Uploading PDF to MinerU: /tmp/pdf_batch_001_r__d6gkx/pdfs/0005-30-Nomura-NetEase-NTES.OQ-Expect weaker 2Q26F profits on investment losses-260727.pdf
MinerU attempt 1 using MINER_U_2 batch_id=0804890f-7e58-4a96-9b18-866ca35e3069
MinerU states: running, running, pending, pending, waiting-file
MinerU states: done, running, done, done, running
MinerU states: done, done, done, done, done
/home/runner/work/rpt_edit/rpt_edit/scripts/pdf_to_xhs_batch.py:307: DeprecationWarning: Image.Image.getdata is deprecated and will be removed in Pillow 14 (2027-10-15). Use get_flattened_data instead.
  pixels = list(gray.getdata())
Skip non-chart visual asset 4766b58f8122736cf670799ccfc10fef56545cb76cdc606e5f346429ddee3f1b.jpg: score=0;chart_ratio,square_without_chart_hint,edge:0.20
Skip non-chart visual asset f02f80ac35b21941eda5fcf324669727ba48472d18696dfe8e96bb0caf457c70.jpg: score=0;chart_ratio,square_without_chart_hint,edge:0.25
Skip non-chart visual asset 04c660b46966a1cccf0d9de2baca1450e3e3cf32cdc28e310318ce71bb659a29.jpg: score=0;chart_ratio,square_without_chart_hint,edge:0.26
Skip non-chart visual asset 477f4c373e3cfa98360dba1a6ffc3bcd42a73e968cd7d8e1a84966d521ea877a.jpg: score=2;chart_ratio,square_without_chart_hint,edge:0.27,contrast,large
Skip non-chart visual asset 26d9c452437bcc1be68cd9d507eced9ee11074088dbbb644910ce4c7fe005723.jpg: score=0;chart_ratio,square_without_chart_hint,edge:0.22
Neutralized WeChat title while keeping the report: 野村：亚洲观察中国，上半年广义财政收入增1%支出降2.9% -> 野村：研究主题与行业变化观察
Skip non-chart visual asset 85c1d21092873a43c4e43a2252b2e3ade99df4a8fcc2be2c7b82afd5a5982cc1.jpg: score=0;odd_ratio:7.55,edge:0.35,contrast
Skip non-chart visual asset ed543e1bbbf465fca44501ea94eb18e219f2c3dc1f48a00e3b62c18972740e0d.jpg: score=-100;too_small:1423x135
Skip non-chart visual asset d53b36ff242ea4f11a81173a95d76b3fb6610b4d8bb56efc025730af80bc4f75.jpg: score=-100;too_small:431x53
Skip non-chart visual asset 7302f4c4416b2ccc8cae2f267cc3faff2b4312e49d26841253be3d31c246b935.jpg: score=1;chart_ratio,square_without_chart_hint,edge:0.28,contrast
Skip non-chart visual asset 516953ce0cac794e3cda70efe8bd373e8526b7a8c7a50680e4c0836cb3bb6f95.jpg: score=1;chart_ratio,square_without_chart_hint,edge:0.29,contrast
Skip non-chart visual asset d2e53896278e4ca9860a5ae746e2da038a5be361ec7d5c541852ac03a378facd.jpg: score=-100;too_small:723x170
Skip non-chart visual asset f879894e52752431373499e06dabaccbc4ed6c93a09e7343402d993757c10995.jpg: score=0;chart_ratio,square_without_chart_hint,contrast,large
Skip non-chart visual asset cfc2ef80b3da25472a3e00905e5ccafa44807d62e6bca4b06ea1a53f86e7e5c9.jpg: score=1;chart_ratio,square_without_chart_hint,edge:0.30,contrast
Skip non-chart visual asset 9b6f2671fb2274c2d9b1670d19d568f5973a26d29f9e93d4a4a36efc6913c23b.jpg: score=0;square_without_chart_hint,edge:0.10,contrast
Skip non-chart visual asset a4af6a7ab1b4525a326eaae9d929e97fd2def91ec35a505bab20825c56c10010.jpg: score=1;chart_ratio,square_without_chart_hint,edge:0.29,contrast
Skip non-chart visual asset 374270cfa6843bcc9d18cbf7c7abde5c5170e70e2fce4afddfc82cd6653d23d4.jpg: score=0;square_without_chart_hint,edge:0.49,large
Skip non-chart visual asset 4e151e328f01304218ddaeb6f362b08129a5725f7eac7a5d540906c5f2ca756d.jpg: score=0;square_without_chart_hint,edge:0.12,contrast
Skip non-chart visual asset 1f2e9368f33247981bfc54099738f017e8637d57a7bd896a82fc114bbadf5651.jpg: score=1;chart_ratio,square_without_chart_hint,edge:0.52,large
Skip non-chart visual asset 8806d604446570e39fd9b2c7b317d6d87ff5b958dd70bfac68b26bb416d9497b.jpg: score=0;odd_ratio:7.28,edge:0.31,contrast
Skip non-chart visual asset 50c37784aaa5fac67c8efe5cdbee6c847bb39a6c8e61acb5c90cd76cf78e58b6.jpg: score=1;chart_ratio,square_without_chart_hint,edge:0.52,large
Skip non-chart visual asset 4c240e656cac872799fa7c6c71668b102424ea7a7e80f1caaca263c09d0822e7.jpg: score=0;square_without_chart_hint,edge:0.51,large
Skip non-chart visual asset 2d5f9212b4fc8ddfdd5cecd84090e9080efcafffa7c6f56e28561219774c32b9.jpg: score=1;chart_ratio,square_without_chart_hint,edge:0.15,contrast
Skip non-chart visual asset 7a16e1c61bd632a03db8abac6505f8715262069ef76e963b277824a9687def1a.jpg: score=-100;too_small:431x76
Skip non-chart visual asset f938943b39da2fb55cdd5b4ffdb471f0d208983b9fdd311081c21e4958d71a20.jpg: score=-100;too_small:434x76
Skip non-chart visual asset 0e164774782f47fc26a5c940e90cd8a0ea1ab83c7d524c088b6e62c3950e0a3b.jpg: score=-100;too_small:723x170
Skip non-chart visual asset 56853157f69774f807d7c39c799a6ef00e5cef7a8264e5f999574f9ffb5acbd7.jpg: score=0;square_without_chart_hint,edge:0.11,contrast
Skip non-chart visual asset c7ecb8e965fbf888dc53421adcf3aec9e30288bd0d6c8a348763d974d2904a75.jpg: score=-100;too_small:431x43
Skip non-chart visual asset 6ef01fa7a1b3e9465e771aa2c3b335ef3cf4853259763e808b27c3666d7ec530.jpg: score=-100;too_small:723x167
Skip non-chart visual asset b46afd684df41553953b49d89f8f80dddd4896afeb41536dafe86e9df65ceebc.jpg: score=1;chart_ratio,square_without_chart_hint,edge:0.51,large
Skip non-chart visual asset 5ca5d51f6b6e4f847283eebaf8ce53567002f564e9c9f6cbcc8ac4966b798bca.jpg: score=0;odd_ratio:6.27,edge:0.21,contrast
Skip non-chart visual asset b6e9c6e0f727d463236f09645aa72da0b7bee09d92277faaa5ef1952f1d125ee.jpg: score=-100;too_small:434x195
Skip non-chart visual asset 787f9af12f236451521ae3d683f44f9e2fe6e6bf2431358733367b4145aed7bc.jpg: score=-100;too_small:1409x101
Neutralized WeChat title while keeping the report: 野村：Naver的AIDC扩张依赖转租确定性与残值担保 -> 野村：研究主题与行业变化观察
Skip non-chart visual asset bd9912834113bfc4a285096ce46df8e7b410f27a72e4dbb5ad4bf120890af1f5.jpg: score=-100;too_small:1412x82
Skip non-chart visual asset df773aebdd5a06f2d0c79f0cb26a3a8920f7e3542be0d8ea181beda8ad78fde6.jpg: score=-100;too_small:434x73
Skip non-chart visual asset 1d8621947f925800733c29a757f9c6ed0b3264b82e2d62aaf00473135a0a7ae4.jpg: score=1;chart_ratio,square_without_chart_hint,edge:0.24,contrast
Skip non-chart visual asset e9fd79abb77bfab455cfd704681d00fea99678e147b56da84095a2c6c5a6c629.jpg: score=-100;too_small:729x151
Skip non-chart visual asset e1eca4b145f3f18eb6435a1e0c9d8bce58122900611622e4c216331f0098f489.jpg: score=-100;too_small:434x45
Skip non-chart visual asset dc6472ec5545405545ad18dddd99a34eb0e72129aa6850b709d681bb200e5beb.jpg: score=-100;too_small:431x48
Skip non-chart visual asset cd0dfcd742c58faeb14bd9ac7a82122156159c6361c202298c0578b98ec55b79.jpg: score=-100;too_small:431x74
Skip non-chart visual asset 9d8f0b88a4ab0e9b282463308925253ff86939bee2312d7e8192581cfad56850.jpg: score=-100;too_small:726x145
Skip non-chart visual asset 98c205c2cbdad45f8091c42f811caa2fbe622eafe92d423f489215edb2f1eb0a.jpg: score=1;chart_ratio,square_without_chart_hint,edge:0.26,contrast
Skip non-chart visual asset 3bb4833266fcb7d6461331866c48683c9a8d0739f50bffd5ce63725813ecc4a3.jpg: score=-100;too_small:1412x115
Neutralized WeChat title while keeping the report: 野村：网易2Q26F研究亏损或影响净利润 -> 野村：网易业务与季度数据观察
Done. Results written to /home/runner/work/rpt_edit/rpt_edit/xhs_notes/dropbox/260728/shard_5; successful_reports=5; mineru_timed_out=False; mineru_attempts=1
All batches completed successfully. Generated 5 report directories.
