Found 74 total PDFs; shard 12/40 has 5 PDFs, skips 0 already converted, will process 5 PDFs with batch_size=5.
Running batch 1: 5 PDFs
Found 5 PDFs. MinerU token slots available=2.
MinerU attempt 1/4 using MINER_U_2: submitting 5 PDF(s).
Uploading PDF to MinerU: /tmp/pdf_batch_001_k1q9osq_/pdfs/0001-61-Morgan Stanley-Hygon Information Technology Co.- Ltd.-688041-2Q26 preliminary earnings beat- OW-260716.pdf
Uploading PDF to MinerU: /tmp/pdf_batch_001_k1q9osq_/pdfs/0002-62-Morgan Stanley-Li Auto Inc.-2015.HK--New L6 - Same badge- next level experience-260716.pdf
Uploading PDF to MinerU: /tmp/pdf_batch_001_k1q9osq_/pdfs/0003-63-Morgan Stanley-Japan Summer School- Semiconductor Production Equipment-260717.pdf
Uploading PDF to MinerU: /tmp/pdf_batch_001_k1q9osq_/pdfs/0004-64-Morgan Stanley-Richemont SA-CFR.S--10 Questions for Management-260716.pdf
Uploading PDF to MinerU: /tmp/pdf_batch_001_k1q9osq_/pdfs/0005-65-Morgan Stanley-Luxury Goods Swiss Watches- Secondary Market Keeps Ticking Higher in 2Q26-260716.pdf
MinerU attempt 1 using MINER_U_2 batch_id=6b8aaa38-1c8b-4759-97d4-c68ff35717ca
MinerU states: running, running, running, pending, pending
MinerU states: running, done, running, running, running
MinerU states: done, done, done, done, running
MinerU states: done, done, done, done, running
MinerU states: done, done, done, done, running
MinerU states: done, done, done, done, running
MinerU states: done, done, done, done, done
Skip non-chart visual asset bff5b2e39c03e131f55a408521f9d27cc3bf003c1a5119691c5c338ecfcaa9f9.jpg: score=-100;too_small:526x84
/home/runner/work/rpt_edit/rpt_edit/scripts/pdf_to_xhs_batch.py:292: DeprecationWarning: Image.Image.getdata is deprecated and will be removed in Pillow 14 (2027-10-15). Use get_flattened_data instead.
  pixels = list(gray.getdata())
Skip non-chart visual asset 59622caaecf1164656a360237c455bdf71058c578327359cf29d2f7c37984caf.jpg: score=2;chart_ratio,large
Skip non-chart visual asset 59a1e80b9f62b55fcb46236eb10e5f713d1f75ab66f5f177364cdd8bfd3741af.jpg: score=1;chart_ratio,square_without_chart_hint,edge:0.28,large
Skip non-chart visual asset 5a1950081045719cb994763c1e2c61f3d1aaa8cf6320e4886c18fa31ad9819f1.jpg: score=0;square_without_chart_hint,edge:0.26,large
Skip non-chart visual asset 92d397d1357094c6e8ca6812b4042e20bcfa2f49dc56b4a3cdcc890172a8cf86.jpg: score=-100;too_small:529x87
Skip non-chart visual asset 91a9a250320a52009275a29136e9b055268a3838073fe0cfb1fdda7e8c25c1f8.jpg: score=-100;too_small:531x103
Skip non-chart visual asset c1d782d5b56a6a9e5cc9b7957b8580adabf769c95d6f27225468a58f9fce0bb1.jpg: score=-100;too_small:529x87
Skip non-chart visual asset d08bc523d8cbc270b36952e2a0e73395884a2874ab8c8d402b83d802d07ebc11.jpg: score=1;large
Skip non-chart visual asset 0d7b9cd5a988fc811bc13291742f7225031507e7e950e4422c6ea0c2e62a90b1.jpg: score=-100;too_small:867x87
Skip non-chart visual asset 3b527ae42b5094d576f4d7674a0fa7a91440993b7d50a8dc887bd58c94f320a1.jpg: score=-100;too_small:529x87
Skip non-chart visual asset cc6d1e43c53442341cb2cbed4f661072246bf4ef3d6fab1bd40f47dfd217b75e.jpg: score=-100;too_small:109x131
Skip non-chart visual asset e42a47ade6813600b6f9ca4523f93a823b6bfdccea41d92ea830a22f66b9e6d3.jpg: score=-100;too_small:518x135
Skip non-chart visual asset 392866be8af311add25088c52dc122b83eff6fdd399b7658acfd0f9c54be822a.jpg: score=0;square_without_chart_hint,edge:0.18,large
Skip non-chart visual asset 47ea8de5f3c19a28dfc5050e5f1fe15374e61a3b092819673fbd3e4c337df461.jpg: score=-100;too_small:904x143
Skip non-chart visual asset 4522cfb965d2a3853c4a8db5de409411b4d83349720e862c748ae25c822abc4d.jpg: score=1;large
Skip non-chart visual asset bca89d726597797b819a002a661cb9db164daeda2e86f67b26729a9cfb82e544.jpg: score=1;chart_ratio,square_without_chart_hint,edge:0.18,large
Skip non-chart visual asset bda7608271dae8f498db4308ce93c3691a4de7576384b53831f9c41c2e0e63f9.jpg: score=-100;too_small:132x104
Skip non-chart visual asset 2db96664ab7975257f31bc93533c794a983e398e493a55039d4d37af16fec055.jpg: score=-100;too_small:309x153
Skip non-chart visual asset 36c5dcb4a5c65a7aef074df658a576972606972fd17a4bf71bfea4f0507dd2e0.jpg: score=0;square_without_chart_hint,edge:0.14,contrast
Skip non-chart visual asset 6348a41bbdbb2fd5baea3b50bd383017c292b55c9d51bd93dd4f44f9767a55c6.jpg: score=-100;too_small:1804x106
Skip non-chart visual asset 2424ed992b0c98f72eb546a8839273d60a526e1feb1ee248236bae010c01f4bc.jpg: score=1;chart_ratio,square_without_chart_hint,edge:0.30,contrast
Skip non-chart visual asset 4aacf88e69a9a76049399ed63debf969b4aa7da74a289139406fc822af9451d6.jpg: score=-100;too_small:130x102
Skip non-chart visual asset 3602d17d7fbb9b45007213d18beed4c4891b06c3280c8d19d182cca294d1ead2.jpg: score=-100;too_small:132x105
Skip non-chart visual asset 37ea4a22300a3fd10d5e16ce18e3ad8f1cc938003da379f30cce782e60a8f0e1.jpg: score=-2;square_without_chart_hint,contrast
Skip non-chart visual asset 66588fd31620b004ab2ce6ae670c99d9c01709e24cf12a4ec52aaf72f4899070.jpg: score=-100;too_small:130x68
Skip non-chart visual asset b3eec1ebc9d57b91793992f538eeac74498a7a3eaf5cd177018ec84e463ee9bf.jpg: score=1;square_without_chart_hint,edge:0.26,contrast,large
Skip non-chart visual asset 9dc9f053a845150ddff3985f596037455d1067f53631c66b09030d550899811f.jpg: score=0;odd_ratio:9.28,edge:0.17,large
Skip non-chart visual asset 02f5d3441d9bc5edec5c614102150898a12cd14b18bf02c23b076b1714cada99.jpg: score=1;chart_ratio,square_without_chart_hint,edge:0.25,contrast
Skip non-chart visual asset d1eb4e050fbee634d06c882bb745790d83612fca251e7d913fea380afaf5e882.jpg: score=-100;too_small:174x115
Skip non-chart visual asset 820cfe100e99461462bccfa0b77b020b1d316bcae9968f156c26e628857b9160.jpg: score=0;square_without_chart_hint,edge:0.16,contrast
Skip non-chart visual asset a284996bc82435bdd70e95a14abb9d4142574b42e013aa77c88f0b36d35418cf.jpg: score=0;square_without_chart_hint,edge:0.19,contrast
Skip non-chart visual asset bbc6c89f0c0be41e7ba48d24033e534d5ecc474a997260a7f6ce1ecba602f4c3.jpg: score=0;square_without_chart_hint,edge:0.15,contrast
Skip non-chart visual asset 93bd4fab29a96dd89d1cf194908b24ee12047f71db5e7a9b217a434c2e9e92fc.jpg: score=-100;too_small:303x151
Skip non-chart visual asset 19dc584d57f5d7df4ed7a5e37a6251fd7858335d64b363ad90a5187c3498eaad.jpg: score=-100;too_small:515x132
Skip non-chart visual asset fe546e417b7f4199d76a3149525287eb34d2f240d5b4fd48adeefeea4d31b834.jpg: score=-100;too_small:304x143
Skip non-chart visual asset 1dae55082777c16047db871a7fcbd8cdb8fb410c754040abf8b6010aa9dd6e1f.jpg: score=0;square_without_chart_hint,edge:0.13,contrast
Skip non-chart visual asset 64d18bdef302c53500923b0ab4d1862ecb3b09f0bba8f4c57faa4c14db3a320f.jpg: score=-100;too_small:1634x96
Skip non-chart visual asset 17ea433e1bf2ace0560499854232d6f099abd5b8e92382f7a11643a1cb48afa2.jpg: score=-100;too_small:304x165
Skip non-chart visual asset 4f005d4c7a13927d31557cc80e98013ef006991a079e02666ce39670699b7a1a.jpg: score=1;chart_ratio,square_without_chart_hint,edge:0.20,contrast
Skip non-chart visual asset 073c5427db6549cf59bf991e2fc2cabee63ba3e9874b05a56e1d3bf35a2c05b1.jpg: score=0;square_without_chart_hint,edge:0.36,contrast
Skip non-chart visual asset 8ddaad148ece6ef748d59c2574ed967f97c488452df155231302b8c8b5c9af60.jpg: score=0;square_without_chart_hint,edge:0.16,contrast
Skip non-chart visual asset a656ae1cf328da4a6d99674889ec23766b931a707b23d1618f75e52939dd8ae0.jpg: score=-100;too_small:293x287
Skip non-chart visual asset 47ec403c3f339471b546a8abb33275b36f26fd78eac907a356f96692814c448e.jpg: score=-100;too_small:134x112
Skip non-chart visual asset dd81c533fb04684fa44842a6be7135415306da581bd53e31a535500954acb203.jpg: score=0;square_without_chart_hint,edge:0.27,contrast
Skip non-chart visual asset 15b81a36e8e8f13d359db0e89e08231cf0a32c71ff09aab32b2d39b19a1d4b11.jpg: score=0;square_without_chart_hint,edge:0.17,contrast
Skip non-chart visual asset 6decb82871c0aa9ced1f1f6c99f22ef3b2df483c073154c4976469865bd6dae9.jpg: score=0;odd_ratio:6.73,edge:0.17,contrast
Skip non-chart visual asset 8424bf50cfb754749d90459c83329f843a94a59e513ca599c84c1e0c99d77ef5.jpg: score=-2;square_without_chart_hint,large
Skip non-chart visual asset da965e10c37b06ff7af9ed53a0c0f97edefa33c38956fddb5f58adc554874cbc.jpg: score=0;square_without_chart_hint,edge:0.21,contrast
Skip non-chart visual asset df12b1409331d05cff6b0c075e5e54b473a0988ffb8df9524029ea7558bc3cea.jpg: score=-100;too_small:1837x176
Skip non-chart visual asset 7fb04abc26a28f2900c7ef3eff34db160eeefd6b69eda7b296b39dac90c3770f.jpg: score=-100;too_small:212x100
Skip non-chart visual asset 6deb32ad46d824097bf50d072d178b59a1cfaba71cd268121232980b46b352fe.jpg: score=-100;too_small:307x289
Skip non-chart visual asset cb6f3894c9d04a5e2dd4abce55a203f221806131164865e5335b8dd7e7d12f7c.jpg: score=-100;too_small:132x106
Skip non-chart visual asset 608047b64a2c3719e27b16a8669f953e27e57368452f2d945f3f06769f657fad.jpg: score=0;square_without_chart_hint,edge:0.14,contrast
Skip non-chart visual asset 668168643fbb82939c2b47d1b33b38900a72b44a57055e2d61d2583070b16dcc.jpg: score=1;chart_ratio
Skip non-chart visual asset 48cb4b2445bbb35eb6c95a09fb2f9711214562b6035993b28710b246fc36166e.jpg: score=-100;too_small:306x157
Skip non-chart visual asset 89821e88e9ec0c8c245be6b2aa627de580f66e0fab21d767a80091c53ffb33cd.jpg: score=-100;too_small:306x134
Skip non-chart visual asset 8b9a0c4f5911257d99dcb422b582cb972d7cec6f0cde0e6c4ce1bef065f087b8.jpg: score=1;chart_ratio,square_without_chart_hint,edge:0.27,contrast
Skip non-chart visual asset 8fc2d0596481b1bc8b2b4bfd0b29d1cc29ef031a03872e273bf7be86abfc977d.jpg: score=-100;too_small:309x109
Skip non-chart visual asset f8a6ea7bd61bab06e235b58c47e83b985e407ab1ac80816ff327a85efb543199.jpg: score=0;square_without_chart_hint,edge:0.15,contrast
Skip non-chart visual asset 2de121d4b2f1cd1f92d1949c3ca94a025b4a32ad4965fb33b1efead279cce720.jpg: score=-100;too_small:1712x118
Skip non-chart visual asset 314c04d809b67357072d57f32c040f7dda2e4b133315597252d7aeff22a4a782.jpg: score=-100;too_small:451x214
Skip non-chart visual asset 29de4cad9b601c761836c6c2624097d64bf7b12b8fb450c2574fe41dcd7d9445.jpg: score=-100;too_small:326x293
Skip non-chart visual asset 2c3f51ead243d2e1f5e68aaa10187acdfe64bbca7482672102d90ddb96ca794c.jpg: score=0;square_without_chart_hint,edge:0.13,contrast
Skip non-chart visual asset 4b187e11c506fbba990c5ba8416d809dc3454d19b5218248fe8b4eddadc5bb41.jpg: score=2;chart_ratio,square_without_chart_hint,edge:0.20,contrast,large
Skip non-chart visual asset 5be05b960f93822b160214a31357db97b3e0bad5052d97052b8753c074ccbb96.jpg: score=-100;too_small:130x103
Skip non-chart visual asset 66f457056b663fd0e724d4e0f6f178400156654cbc67af096f022df961017574.jpg: score=0;square_without_chart_hint,edge:0.14,contrast
Skip non-chart visual asset cac894587c3c66da88898f2fe3ea8f54fd46b595a67d884f2572402a43497a2d.jpg: score=0;square_without_chart_hint,edge:0.15,contrast
Skip non-chart visual asset 0dd13e3c79dce01a4d53ca19a03c50e16222ffc43963b6695639ea54f2ea04d3.jpg: score=0;square_without_chart_hint,edge:0.28,contrast
Skip non-chart visual asset bbc48396d6292c141da4a7f2025c8e6e91516ec8f7541422a393a07eb31a68a0.jpg: score=0;square_without_chart_hint,edge:0.21,contrast
Skip non-chart visual asset 5f1c4bd7d4260543fcdeb39a3f75ca19af729e9929cf1b136392ef73e4365933.jpg: score=-100;too_small:390x229
Skip non-chart visual asset eb85ba83795c736d56db8f92cc8fb676863a9f9b239c9c1ee0d402786ddd89c2.jpg: score=0;square_without_chart_hint,edge:0.21,large
Skip non-chart visual asset 0ae83d03664861b00a5498a9d2d4019d0902637ed8457e23d67e2e6fd297e31a.jpg: score=-100;too_small:309x153
Skip non-chart visual asset 0e42af214617e7cb8db3b3a3e9e3a640041e1ccfdd7dfc0d740e80e3005a6f17.jpg: score=1;square_without_chart_hint,edge:0.23,contrast,large
Skip non-chart visual asset 2964e6cebc0e67e2c17f3cd15bd7f14f172629d5af92fa35de8fe530beefeb48.jpg: score=-100;too_small:187x82
Skip non-chart visual asset f2c496116159ed420b2f7f4e5db83cc9a751ffc4f0ad0532fd5e5caa9c3c41a2.jpg: score=0;square_without_chart_hint,edge:0.15,large
Skip non-chart visual asset 8e57177d551b8488326017ea5704d4dc07bebc209e5408f92f8f7ef498db1655.jpg: score=2;chart_ratio,large
Skip non-chart visual asset 03613b3d3b3a641a47f58549ba79db76adf56a1b718c63cb9d2bcc941a37bc80.jpg: score=-100;too_small:1821x123
Skip non-chart visual asset c7dffaa334ae8e0f9ff27cc475b40f94f320395f6dcd48beb1fe1b65b7c971c4.jpg: score=-100;too_small:301x184
Skip non-chart visual asset 7359636b4ca373502a6fd3e4b4e8a7f51f427c6398f76edeef005fcfdf465a78.jpg: score=-2;odd_ratio:6.82,large
Skip non-chart visual asset edd1708ea69ca0efc6fd923d8f654b8f1f1ed7ddd26d902a3a9561c9c87bc76c.jpg: score=0;chart_ratio,square_without_chart_hint,edge:0.36
Skip non-chart visual asset cd76d4028e96048ab07d0f2e5644a116db0476671ca684b7bc6349d1c14af9a3.jpg: score=1;large
Skip non-chart visual asset 24c86528133c2c557653f7a2494094c5da9c2c49b8493a2ab1cf68174acdf88c.jpg: score=2;edge:0.40
Skip non-chart visual asset 36d5b9323cd132c04d0db06fc2dffcdfd832c43339529d83c432113f8bd66dec.jpg: score=2;edge:0.41
Skip non-chart visual asset 8c556a9dd31c30ebfeee8343bd946e6b8141dd3a8e1f49b21db7bf25c5aa7578.jpg: score=2;edge:0.32
Skip non-chart visual asset b4264b37110c275ad3c5bf826be91fa7472012dacdc6198d71d773c7491782f9.jpg: score=2;edge:0.36
Skip non-chart visual asset a5ebc97052f87b40cab294a8466ee27771aca4909433436c4fc2ba1d60377520.jpg: score=1;chart_ratio,square_without_chart_hint,edge:0.23,large
Skip non-chart visual asset 36d4a45d456b2a0a8611f6acc65e2a9492a835b2df1e897007ea56d4003c7935.jpg: score=2;edge:0.31
Skip non-chart visual asset 6878a973f5982faed24dd4ebbb3f6d59a99010cefb726052d78b24e7582a1fb7.jpg: score=2;edge:0.43
Skip non-chart visual asset d9937aa1690653785ec3124b7d6e98cbc6ecf0fedd488e7edfd8823dab226ab5.jpg: score=2;edge:0.34
Skip non-chart visual asset ab45f193b8b22163ab1943fef6c10eae42cef2bc8abafc83cd00edb114fcfc64.jpg: score=2;edge:0.52
Skip non-chart visual asset fcd6717cb175e7f1272ada7bd4c65c04928257470a50b35a50f1859b82741aa2.jpg: score=2;edge:0.30
Skip non-chart visual asset 994de0a9dea75a342d5ea886a46b8c17699056433c8f5ee5905e8d83612ba9b6.jpg: score=2;edge:0.31
Skip non-chart visual asset fe6928b59bd81b02712795345cfc254203e08343508d635338a509ca5dd94702.jpg: score=2;edge:0.41
Skip non-chart visual asset be191baca5eef751d6692403b8f5468d20cf6e0d574f336b79b3515358878868.jpg: score=2;edge:0.40
Skip non-chart visual asset 6ef82d579ca2cb28c004b93802a60be897cab1207c12f775e8fc857b326a1aa2.jpg: score=2;edge:0.28
Skip non-chart visual asset d18840362fd932c9ddec8642485f573600504784ef92227ee628b0113fa83f9b.jpg: score=2;edge:0.35
Skip non-chart visual asset 348d79972d3fcc222626eee3b7ac805e91eae9544e2d937daaee086baf2557f3.jpg: score=1;chart_ratio,square_without_chart_hint,edge:0.34,large
Skip non-chart visual asset b84a475d0a620e0be38481ada85f86c140e5a02110752b38216bb8d7c42ddc13.jpg: score=1;chart_ratio,square_without_chart_hint,edge:0.24,large
Skip non-chart visual asset 91ae95046c0cb807534aa41225c5c7fa7caba4cb843ccb91fe3f9f45b00a14be.jpg: score=1;chart_ratio,square_without_chart_hint,edge:0.20,large
Skip non-chart visual asset 0f7aaa83b7ecf20b0ff3748a270a6091ef00d011c4a801ce71dee28e76fc09fa.jpg: score=2;edge:0.33
Skip non-chart visual asset 6afe8f4c240928dbe61d67ab41ad540585d547066d590c73bdde0ba556f31766.jpg: score=2;edge:0.33
Skip non-chart visual asset c5af28f2c8fa3801c24141aa8dc407c7024d214cc5e9f0d4ffaacd053b7604f5.jpg: score=2;edge:0.41
Skip non-chart visual asset e5593946d896d376b0c7f6b760e0af4b47ec3c6aa06d76c8e34857989a891490.jpg: score=2;edge:0.42
Skip non-chart visual asset 966d2209222e0390d234af0e6b7540244d134823390325d2a8ca2ad654ff081a.jpg: score=0;odd_ratio:7.75,edge:0.28,contrast
Skip non-chart visual asset 32da9e867ab8224053893c5cf446e813ad39c58890e76dcd226d4a294fae11bf.jpg: score=2;edge:0.42
Skip non-chart visual asset 85220c87f2bcd23a3d658e05eca0bc26431af8a44041b1fd3247590df0c639c7.jpg: score=2;edge:0.36
Skip non-chart visual asset f9ebbb20575a46f9af455456da1bd7334bfe9ba6df394f95f515402b7bbed60e.jpg: score=2;edge:0.38
Skip non-chart visual asset 8ac88f09fcc2c2b9bcb2ea3daf3c66198655c277e152603c7740ab42731f146c.jpg: score=1;chart_ratio,square_without_chart_hint,edge:0.22,large
Skip non-chart visual asset 4bee77404e4606bf3fc30493e8269c03f85321817ba87e7ec63739b5ae6780a9.jpg: score=2;edge:0.42
Skip non-chart visual asset 2edb6a49bc5d9ace313d144910245841cb0fc8a78cb6034e1c74939f30efb8bd.jpg: score=2;edge:0.31
Skip non-chart visual asset 3af5c4d875be0f0f1d62c9465365b1a892a053d8bc589ad788b6bcb33c76a77d.jpg: score=2;edge:0.33
Skip non-chart visual asset 5d853b7c353b370f574cb23968e9fd58b808663f038ddf2730241d9f644e148e.jpg: score=2;edge:0.31
Skip non-chart visual asset 5e325ca1948829d6824dd5864910673ba54bcdc7fb92831ab0dff9d33570f383.jpg: score=2;edge:0.29
Skip non-chart visual asset f16b1d4c318117f73116b1d8a9bdc4389cf9a9aa3f5d6709132e26bf8fb71177.jpg: score=2;edge:0.40
Skip non-chart visual asset 5184c108478b048c73fb5b26d8d7c793c953fb1192e7b52f827c61b7797e5d07.jpg: score=2;edge:0.38
Skip non-chart visual asset d0c5fc900164e2a0daccc3207cc128cd25595e27968719494e46e86ffc0895fe.jpg: score=2;edge:0.31
Skip non-chart visual asset 7b39f2a516697be5e772ef39f33a01baf6ef0375a8d5a79130742c82b60e7069.jpg: score=2;edge:0.35
Skip non-chart visual asset 9b8b2e55605a579f2316607beb3704d5414fe3b083276913d2818f9081b6a384.jpg: score=1;chart_ratio,square_without_chart_hint,edge:0.43,large
Skip non-chart visual asset e329ea556bbcb06ca948326317665881ebc6ac5964302a53eaa4d639db237fd3.jpg: score=1;chart_ratio,square_without_chart_hint,edge:0.40,large
Skip non-chart visual asset baa329024e8b6a99d1dd85b5a0cb44e3992dd286ebc3d6a78dea91ffc8da871d.jpg: score=2;edge:0.41
Skip non-chart visual asset 758e0ef572ee16474318aedb49017b0ae3b32dd5116518dd0d2bc38ed19f0b95.jpg: score=2;edge:0.28
Skip non-chart visual asset 87d8bc8da982a76b7c8f10afb0ac110c1cd813cc5a0cad0087a7a9c0637b707e.jpg: score=2;edge:0.42
Skip non-chart visual asset c546e932a23bcd9f9719631b7e9aeed4f1a5e2e7723b5d29157a2188a5f1fc76.jpg: score=2;edge:0.30
Skip non-chart visual asset 043b34a71b7d40b91957488be8da8289b1b0ea08115435030eb189a17a043f7d.jpg: score=2;edge:0.29
Skip non-chart visual asset 1da9efddc0bede98f5475cd03b778aa678326e66e456b92978d3dd5674b7efee.jpg: score=1;chart_ratio,square_without_chart_hint,edge:0.33,large
Skip non-chart visual asset 2797dabbad2352d7777a94d3f29be5e4f51a555975ee9653b32f70a9fe374fdd.jpg: score=1;odd_ratio:5.78,edge:0.29,contrast,large
Skip non-chart visual asset 0c6e387cf98651687a3983c281720f37c4d147c2053fb9ddeae070f9cbc2f161.jpg: score=2;edge:0.39
Skip non-chart visual asset adaa2f3bba99ca09c035e7c6707549e7c55d3bb03061888e77265ea59e514311.jpg: score=1;chart_ratio,square_without_chart_hint,edge:0.21,large
Skip non-chart visual asset fbaf524fdc9762a1eaa325e14a9526e893efedbece7924e0c94a25a061b18664.jpg: score=0;odd_ratio:8.15,edge:0.30,contrast
Skip non-chart visual asset 50306a96c78808c6835a2835cd6d1899b3a7b5edceec6267248194ae5927294e.jpg: score=2;edge:0.49
Skip non-chart visual asset e47f667a34d320b9b61136ad2fc69a7a50e9efb1d18b2a81e73424b78eb55524.jpg: score=2;edge:0.31
Skip non-chart visual asset ac0ffc340b2c8eebd8295a2f716cd31aac4194b51f7ff215d6950122856901c9.jpg: score=2;edge:0.42
Skip non-chart visual asset 06f3b8ad5feb1b9c51c218e70dd6645a7fe993120ee345c63792218d31df0b11.jpg: score=2;edge:0.29
Skip non-chart visual asset 8ba1f6d1a563b85bc4335d53ff12626e8cc6f4c87fb94948aeb899d95f76e196.jpg: score=2;edge:0.30
Skip non-chart visual asset b6301a374da436d713b27737132772ddc07e5848036bd6c2b4b33998df3dbc06.jpg: score=2;edge:0.34
Skip non-chart visual asset 2a3e19a08f42e8df1ab1522807ac4d48c62e34a1607d28df32f3376bbe93b2b2.jpg: score=2;edge:0.41
Skip non-chart visual asset 20f11bacf9ddf782005fd59fa4a084c40fe3463c63c4eb5f919396387ec7c635.jpg: score=2;edge:0.46
Skip non-chart visual asset 0b444bfdb06e5b4bd42a7ba089afdc56909db4250c963ff2f6d0b54826c41af9.jpg: score=2;edge:0.46
Skip non-chart visual asset 25812df5eacc621dc136deba4c7fcdb60d8d76c5a5441f38affba36a60742442.jpg: score=2;edge:0.46
Skip non-chart visual asset e0b1e623d1fbef02b17e8b5ddb41651f905b462d9890c1548ff748b4471d36f3.jpg: score=0;chart_ratio,square_without_chart_hint,edge:0.28
Skip non-chart visual asset f123c0aa8421321685c31dae038f9d8b2b99652cd808d17538a2ec4e37ef0f15.jpg: score=2;edge:0.33
Skip non-chart visual asset b74d32af9e574c1f4feae5015fe585d482c5be25583d69d5830c64dba2e25324.jpg: score=1;chart_ratio,square_without_chart_hint,edge:0.36,large
Skip non-chart visual asset d386e4c41480ce95182b216fb70e13c1843cafdd87b32675b9c5aeee21c8ac65.jpg: score=-1;square_without_chart_hint,edge:0.32
Skip non-chart visual asset 48b9dd34ceb659c74b87f3625916da1e322457ae1a6e38b3d8125bc9616ae5e4.jpg: score=2;edge:0.40
Skip non-chart visual asset 91bdfd87be8673c327db94653918b76228cdcbb72ec6e8dd2dac30b36dce3ffd.jpg: score=2;edge:0.34
Skip non-chart visual asset b7bb6ff3738df83b6ac244dca4b5a2987b8c1feb7b65af178c2d2d246230b637.jpg: score=2;edge:0.33
Skip non-chart visual asset d1f280bfc5a417eb29a3b383f4c8819209b70a0a764d88ae58163961ca40a038.jpg: score=2;edge:0.32
Skip non-chart visual asset 0ca552765f5f22067fd07789d7f4f0e3ca3a5c2ca477650572786b4d223617e1.jpg: score=2;edge:0.40
Skip non-chart visual asset 60df2ac771e05070e6ad8df156c20bc8ef5deba262c60206b313aa75a83af1d6.jpg: score=2;edge:0.50
Skip non-chart visual asset b4b978b3da25f99000786ca2787ef35b11a0bd70871377338c4cc8280357aef4.jpg: score=2;edge:0.50
Skip non-chart visual asset fbc27ee665fd949dd9ff1829d5a318607695da3f55a7f83edef9de63b228988e.jpg: score=1;chart_ratio,square_without_chart_hint,edge:0.31,large
Skip non-chart visual asset 803588c444f6d0e016e9e9cccc686938dc2e24547c921ac5a35bb9d515b4639a.jpg: score=2;edge:0.41
Skip non-chart visual asset 4a2f31abe281ecf439575fa50f3e08a7b8292f19af933235e1a12590cdc8cb9b.jpg: score=2;edge:0.46
Skip non-chart visual asset 218908ad7f9ee08cba59e06b6241053a66979b340bbeb5844a1d2c158e289768.jpg: score=2;edge:0.34
Skip non-chart visual asset ad10b78ac0c79d9675d44c4ed975b95fbef51fbca36003380e443ffbaa21595f.jpg: score=2;edge:0.39
Skip non-chart visual asset 7e72f91f503d575417b4fd245b6c1f01fb069b6cfe38fd6fb48f7f11f5804843.jpg: score=0;odd_ratio:6.82,edge:0.29,contrast
Skip non-chart visual asset 5e4c8ddf79dd57940893caac265f248579fa9920dc59913a625cf8dc51ade159.jpg: score=2;edge:0.47
Skip non-chart visual asset 03797da1d99522c994a86813a919d38e361bcf57f7335cf1ee3e770efdceef63.jpg: score=1;large
Skip non-chart visual asset 0f1ab831f8a1c5f7ea6c7a6c31c980b4904afc183a0fdb46be8e4de1a0ba344e.jpg: score=2;edge:0.41
Skip non-chart visual asset 639a85b23f6294ab758295119bdb34c2c578477c7296dcd31d0c3440810416ff.jpg: score=2;edge:0.29
Skip non-chart visual asset 51c46b4e771ab0d5c41dca0eb08ba06f1bec399aa35bd0150f2bdbc3dc5f2071.jpg: score=1;odd_ratio:4.83,edge:0.30,contrast,large
Skip non-chart visual asset 38bbd10a68d289a270f3be97035baa81dc6094858e8d4e745d24de3ff23c05a9.jpg: score=2;edge:0.34
Skip non-chart visual asset b2632cce7555eab1545108dbda7905d8025646f89218f21020c1cf5c4e67572b.jpg: score=2;edge:0.50
Skip non-chart visual asset 9c7b99d451d8edac803f86f56ed57c880fc8c672955e5fe271b774cdccb3dc15.jpg: score=1;chart_ratio,square_without_chart_hint,edge:0.42,large
Skip non-chart visual asset 0cbd9505c43cb15e8654642adf5b94e0337ce37d28c0391c403a9838d52ac24a.jpg: score=2;edge:0.32
Skip non-chart visual asset a90f31aabac7dc28bb0e69f4ae8d7f045994e83e55a58332bf4ea8dacbe257f1.jpg: score=2;edge:0.33
Skip non-chart visual asset 232f269eed6e9787bb4de7844a3d7395090c409bcb1de023aa5a2384a4243519.jpg: score=1;chart_ratio,square_without_chart_hint,edge:0.20,large
Skip non-chart visual asset 80e8ebf36f03235087c357b83699b8065b032b23cca4dc0c9b98ae02da451571.jpg: score=2;edge:0.45
Skip non-chart visual asset 6cd9be7b3423b9e7a24b048e46ad50169546a103502bf81c1443d9972f2ec06a.jpg: score=1;chart_ratio,square_without_chart_hint,edge:0.39,large
Skip non-chart visual asset 314ad45da5d25b44be39a658f9f5d2b579ab5ac8fcf18954b6693f6dee0158b6.jpg: score=2;edge:0.46
Skip non-chart visual asset 4b6c0da5416d4a51b60596b5c8fa1679ea33d62b328792cb4f41e03fc5138352.jpg: score=2;edge:0.43
Skip non-chart visual asset f6c16337decf7e9d4f7f25c55a8274d1c4b0edeb10baa0dc91e211d2decbc054.jpg: score=2;edge:0.47
Skip non-chart visual asset 8967678873e5048a02096caf35260ed01ecfa8b130c66f9660285b1aea868249.jpg: score=1;chart_ratio,square_without_chart_hint,edge:0.32,large
Skip non-chart visual asset 4348a50ed6642ff57e7182ae50fbfe398645c9c2ce0dbb8beee04d6499c7e553.jpg: score=-1;square_without_chart_hint,edge:0.39
Skip non-chart visual asset 644a56d0ac1fa762f49d29b564cbf32d87423f2418b79c993e09cd2d4dc1df62.jpg: score=2;edge:0.45
Skip non-chart visual asset 022f19f1da464a03ab4985a4065318f9d9658ffb89b99b004b1953a6774a5fe3.jpg: score=2;edge:0.31
Skip non-chart visual asset d780c4d8d81bef3ba115cbeaded61cd2a17435ac2102b0a3944e0b8a2c6c9ddf.jpg: score=1;chart_ratio,square_without_chart_hint,edge:0.49,large
Skip non-chart visual asset ea4bc96889e2463899ad7683646d84bb95f356a2802d66df1edac198e2e2876d.jpg: score=2;edge:0.28
Skip non-chart visual asset 46d3b4d9a959bfabcae4b68d6f634ce6484aa0143a66204463fc1aedbb666a95.jpg: score=2;edge:0.47
Skip non-chart visual asset 9b0565cf424a0ecacd7a6c811bfa0b79cf7ecc9fd5d7e39a4d2ef647c97786d0.jpg: score=1;chart_ratio,square_without_chart_hint,edge:0.32,large
Skip non-chart visual asset 488d0515498617bef14182ec636e1913214cd05f1ab9705746695d1ff8c41cdd.jpg: score=-1;square_without_chart_hint,edge:0.29
Skip non-chart visual asset 3ac2ee19cad7874131a7fbbf343b4884a5fb18166d7b339dccef9c01413be598.jpg: score=2;edge:0.32
Skip non-chart visual asset 38c31afd2a771d40e8cc5777bda2bccf463c3a20518445eac2464abb2ae0c9f1.jpg: score=1;chart_ratio,square_without_chart_hint,edge:0.44,large
Skip non-chart visual asset 54e275ddbcad11c6fb5c0bf2d2ea65d6df8d2aecc5e99aab0c6bb3319c1fb7f5.jpg: score=2;edge:0.38
Skip non-chart visual asset 600b128e277c667f488134af8fdcf65fadf7fcda985332364ad94beba5274c18.jpg: score=2;edge:0.34
Skip non-chart visual asset b6b441f2e5c7528ad401168cf609be2dace2533ee84f027deca1e0eaeb7893e2.jpg: score=2;edge:0.32
Skip non-chart visual asset bbe89257fff336813a318b623c776a0db7b990d7c4c530d2115cdbe01df78aab.jpg: score=2;edge:0.51
Skip non-chart visual asset 916ae3e7ff5adb024877ef5a6953a2cf6cb3b079f83628c4b2e4538d995f9de0.jpg: score=2;edge:0.45
Skip non-chart visual asset c274788d5913933abcdf48417e3ef175ba46b02d75f66969f2ad56e30c599355.jpg: score=2;edge:0.40
Done. Results written to /home/runner/work/rpt_edit/rpt_edit/xhs_notes/dropbox/260718/shard_12; successful_reports=5; mineru_timed_out=False; mineru_attempts=1
All batches completed successfully. Generated 5 report directories.
