Found 40 total PDFs; shard 0/40 has 5 PDFs, skips 0 already converted, will process 5 PDFs with batch_size=5.
Running batch 1: 5 PDFs
Found 5 PDFs. MinerU token slots available=2.
MinerU attempt 1/4 using MINER_U_2: submitting 5 PDF(s).
Uploading PDF to MinerU: /tmp/pdf_batch_001_sy96hulu/pdfs/0001-01-Bernstein-INVEST IN THE CARBON TRANSITION-Corporate carbon toolbox- 2026 update- transition credibility is the new alpha-260710.pdf
Uploading PDF to MinerU: /tmp/pdf_batch_001_sy96hulu/pdfs/0002-02-Bernstein-Largan Precision Co Ltd-3008.TT-Largan 2Q26- the CPO business is getting real-260709.pdf
Uploading PDF to MinerU: /tmp/pdf_batch_001_sy96hulu/pdfs/0003-03-Bernstein-Honeywell International Inc-HON.US-Honeywell Technologies- Model update to account for Aerospace spin-260710.pdf
Uploading PDF to MinerU: /tmp/pdf_batch_001_sy96hulu/pdfs/0004-04-Bernstein-U.S. Apparel - Specialty Retail Nike and Adidas- Pou Sheng -June revenue down HSD--260710.pdf
Uploading PDF to MinerU: /tmp/pdf_batch_001_sy96hulu/pdfs/0005-05-Bernstein-MediaTek Inc-2454.TT-Quick Take- MediaTek 2Q26 revenue beat guidance high-end and consensus-260710.pdf
MinerU attempt 1 using MINER_U_2 batch_id=e6e5ba6d-c323-4233-b245-82d7675dcb1a
MinerU states: running, running, running, running, pending
MinerU states: running, done, done, done, done
MinerU states: running, done, done, done, done
MinerU states: done, done, done, done, done
/home/runner/work/rpt_edit/rpt_edit/scripts/pdf_to_xhs_batch.py:291: DeprecationWarning: Image.Image.getdata is deprecated and will be removed in Pillow 14 (2027-10-15). Use get_flattened_data instead.
  pixels = list(gray.getdata())
Skip non-chart visual asset 6f570f0a1f19f9e71c41ea5a0dc8f79f0d8421578ce200cb8cb5fcd26aae6e74.jpg: score=2;chart_ratio,large
Skip non-chart visual asset 3f1891064a3a28130aa8620cac13e0dbf996b6b98bf33714c215afb2b4de93f4.jpg: score=-100;too_small:1042x126
Skip non-chart visual asset da16aaf79b22453f488b9af068746c7119ad1e11788362254a698f0345d6c1e7.jpg: score=0;square_without_chart_hint,edge:0.17,large
Skip non-chart visual asset dfe54a7409170798db0b9fb29b16f87484415ddead0da51f9936e3b9e09635ba.jpg: score=-100;too_small:882x170
Skip non-chart visual asset cc562861c17dabffc4631026b855b575e9d73a8b93fb25688948c231fc76dbae.jpg: score=-100;too_small:62x65
Skip non-chart visual asset bf07a91dcf1eb5f6eea43daffb5e87df091e3e32527b1d1f9a37a1c0d6f61786.jpg: score=-100;too_small:62x68
Skip non-chart visual asset 9f7f059e30d0d90b12fe37eab848764e1821daf643602709bb375aac91658af8.jpg: score=-100;too_small:756x65
Skip non-chart visual asset 71e49213897d09da15dee4526b0933b25cbbdffe678c315482272b6016f70c19.jpg: score=-100;too_small:912x54
Skip non-chart visual asset 0158c19cff71041b476ed040f0697382e65bcc1fb4eff9b8ded21f2b5349cf9b.jpg: score=-100;too_small:629x65
Skip non-chart visual asset 8e4ba39ee4bc9f7e3618ae593dae3ac0d6e1db5911bbe3090728580a770c652b.jpg: score=-100;too_small:62x64
Skip non-chart visual asset 8981e817724e1021cdb5bdd9cca557f0c75593f01c2fbc9d9685c187244616fb.jpg: score=-100;too_small:982x70
Skip non-chart visual asset 2ed7d4075603b7817eb72b76062ad58158d5146c86f9328730726fe88ddaf449.jpg: score=-100;too_small:1448x137
Skip non-chart visual asset 2059484f1d0fdcd5b9ffd6c4adac5deb70c5c2fc2c42b3af7269f2a8906b29ae.jpg: score=0;square_without_chart_hint,edge:0.23,large
Skip non-chart visual asset bf063ec7b56f4e3670f13f861804924fb210e9e8abe9a9b8e84b249b28b2bb41.jpg: score=2;chart_ratio,contrast
Skip non-chart visual asset 0586a9e7f0aa548d220604c8602f8310c1a8b0347a4c8ff6b14d9d2c26e56725.jpg: score=1;odd_ratio:4.94,edge:0.23,contrast,large
Skip non-chart visual asset 7776605398f002c56bd3345d7dd59399f01b5a1ef1177b364e08963e58847435.jpg: score=1;chart_ratio,square_without_chart_hint,edge:0.33,large
Skip non-chart visual asset 4bc2ae16cff6bd0c67a45b8feda15252f43b5599bbebfbe86894e4bb10d7f471.jpg: score=1;chart_ratio,square_without_chart_hint,edge:0.20,contrast
Skip non-chart visual asset e7eb6da80f643157f27e83668f2c4230e10c849aaac18a10095315534f0fe274.jpg: score=-100;too_small:862x57
Skip non-chart visual asset 86fd64f0eab773646739136beaf772679abb4762ae8fd09ca5585d968f646b7e.jpg: score=-100;too_small:62x65
Skip non-chart visual asset 0704dd9ff022b1baccb3d88be8481a4075325bff5a40d6403a5d46aee65b0579.jpg: score=-100;too_small:62x65
Skip non-chart visual asset a8b73717f5b0d4400088cd104da4e30127bb0d88d688c1b2fc55d40ae169cfc4.jpg: score=-100;too_small:565x156
Skip non-chart visual asset ac62ba4b55ecdf35087b926a52956802c754303d2e7b566050a424d9ee19a5e5.jpg: score=-2;chart_ratio,square_without_chart_hint
Skip non-chart visual asset ca28cfc39bcd16cc11367ce8a90ce32f146903d5b828c98fd504e443deeef7ab.jpg: score=-1;odd_ratio:5.83,edge:0.26
Skip non-chart visual asset d5c76d557e862abcb3aa0916165bcda2e9ed18606364ced9d8012b4397ec2795.jpg: score=-100;too_small:462x139
Skip non-chart visual asset cd92105b1c4c1988f59f2b27ddf432579fca5962c3ae38f1becd52ab44578867.jpg: score=-100;too_small:401x156
Skip non-chart visual asset 2ba7b1875cb212b055b53d826bf523e597d31527d9186a0e8f72b329d42ce510.jpg: score=-100;too_small:93x93
Skip non-chart visual asset 1ca1256729a7628aa2b92fc0f528ffa9791e1f83bb3376aeeca4ea64b111b666.jpg: score=-100;too_small:93x95
Skip non-chart visual asset 830a8a0ed9622d569c6c09fba46d3d0db015b6968d6d181ddceeb8d9b949d067.jpg: score=1;odd_ratio:4.99,edge:0.20,contrast,large
Skip non-chart visual asset d429fc96f533c074d48a3d61567ded9abab1076229d442ce33ede9121f67c222.jpg: score=-100;too_small:1331x167
Skip non-chart visual asset 55f5cdc5ac2cd7820fb77666d996c08e3f81b22cb5e1eebe9e2bbaf42c173492.jpg: score=-100;too_small:462x150
Skip non-chart visual asset 5d0217dfd1c96ba675d5eae9d8a7b2a4d5413c0dc7761cd578d185e89f5c6775.jpg: score=1;chart_ratio,square_without_chart_hint,edge:0.17,large
Skip non-chart visual asset 72d9d309e703c94751c202210e4a8756ad5540e3a90debe8b4c32b2bbcce30cb.jpg: score=-100;too_small:93x93
Skip non-chart visual asset 844b4d06291ee239ea98a4bc78e2efed9ce1ac119fa16e46d583c9ebebeb7653.jpg: score=-100;too_small:465x112
Skip non-chart visual asset 2584acc1f4b37114b858c2f139f85399f6ce93a4915890860c9845e490a4a06d.jpg: score=1;odd_ratio:4.99,edge:0.20,contrast,large
Skip non-chart visual asset 7fec1a267930f718ece72be45b1706fbb55ae155b57f72d58542e85bc159fe24.jpg: score=-100;too_small:812x109
Skip non-chart visual asset 27d341d37c46e1a5d2ad6afaff6a2332b22e2a68b8976bb70b3e3bede49b4ed6.jpg: score=-100;too_small:812x145
Skip non-chart visual asset 9255d3ae218e94121b552567867238eb49c41b07631988726139c276a20c684c.jpg: score=-100;too_small:93x89
Skip non-chart visual asset 283dabaa8a96f6ca805080ea1cbecbfec5c1b12a5d9fb71cd277eb00156fe337.jpg: score=0;odd_ratio:6.56,edge:0.24,contrast
Skip non-chart visual asset 83740927bbe327bb565c3ff8c3a8f536d1752a02bebe4d772f61b7d127835027.jpg: score=-1;odd_ratio:6.62,edge:0.13
Skip non-chart visual asset 2e6e5206c0e782566580d304e9891c667ccff8cae4d32fd3e40298f630c784b2.jpg: score=-100;too_small:812x145
Skip non-chart visual asset 7e48af266b4c87e0334c459f2c2dc5dab10460b4cb3bc659da4a2c9d9ddb01dd.jpg: score=-100;too_small:398x251
Skip non-chart visual asset 819089fbb70a8e7ee7f1e4dc504f066035765979a9f9c2a54d0071904c7748f2.jpg: score=-1;square_without_chart_hint,edge:0.26
Skip non-chart visual asset b6c249132549f75150c37be3bb00cc71bac61f007f018329775b97fc08eed9e4.jpg: score=-100;too_small:401x82
Skip non-chart visual asset 9e3a44864799955f201fd9d345040e689c068c57a68855288eca0d36b73e497e.jpg: score=-100;too_small:90x93
Skip non-chart visual asset 7f1dd8e4fa3acda1c0fed22edd88a9a4f9d5d4a5e69d75cfa40a37a7d6da00e4.jpg: score=0;odd_ratio:4.93,edge:0.16,large
Skip non-chart visual asset c8737a8daa3553198de3528ce135160c201dcb31a26719a5ea867349fcb9d7bb.jpg: score=1;odd_ratio:4.91,edge:0.21,contrast,large
Skip non-chart visual asset 10a25d3f169ea25d6a8f126f1edc7d36fa9c48f4c6e62df038b405868cab674b.jpg: score=-100;too_small:93x93
Skip non-chart visual asset e72f9c91a5cbd2eb3532068223d7015b2a5560d67e1a9a68a4227768d55df802.jpg: score=-100;too_small:90x93
Skip non-chart visual asset cccfa2f4158268624eab131dd5cca52dbcfa9017c1d616f2e0ba0a2fb89ed692.jpg: score=-100;too_small:1331x168
Skip non-chart visual asset 7189c2ca2121db662bcad67dcd286726ca954473944e367b5bc58e38083639e1.jpg: score=1;chart_ratio
Skip non-chart visual asset e5c8a1ecdc3cdb5d73f39c3e9b626febe7034da1a6c46e23a88525fc3cbb4037.jpg: score=-100;too_small:93x93
Skip non-chart visual asset 61b2ef77ac0d98b7bb9fb794e7c8b1e8c2640c8483c37c1716a360d93d91ebbd.jpg: score=1;chart_ratio,square_without_chart_hint,edge:0.22,contrast
Skip non-chart visual asset 475dd6fc859da630330876605b40e3a5e3884442642d8e980b46c53f15c2709e.jpg: score=1;odd_ratio:4.91,edge:0.21,contrast,large
Skip non-chart visual asset c61208372542abfa5e88b2dbc67183b9f73402cf84e5057b1199361fd7a63b5d.jpg: score=-100;too_small:401x234
Skip non-chart visual asset 0665c43afbe648bad899865408f2b01c770a33d73f13e660b078d286a58ca283.jpg: score=-100;too_small:93x95
Skip non-chart visual asset 814207400f1f16fc508d89ffde9b41da53ebd9e8a78a18763312a6b7d02e9f4c.jpg: score=-100;too_small:462x132
Skip non-chart visual asset 1cb2879853050ec6c4b50c83b908f10604856902f92dcd722a671edbc6414d83.jpg: score=-100;too_small:96x96
Done. Results written to /home/runner/work/rpt_edit/rpt_edit/xhs_notes/dropbox/260711/shard_0; successful_reports=5; mineru_timed_out=False; mineru_attempts=1
All batches completed successfully. Generated 5 report directories.
