Found 59 total PDFs; shard 3/40 has 5 PDFs, skips 0 already converted, will process 5 PDFs with batch_size=5.
Running batch 1: 5 PDFs
Found 5 PDFs. MinerU token slots available=4.
MinerU attempt 1/4 using MINER_U_4: submitting 5 PDF(s).
Uploading PDF to MinerU: /tmp/pdf_batch_001_cight35v/pdfs/0001-16-Deutsche Bank-Minth-0425.HK-European Strength and Resilient Margin Offset Domestic China Headwinds-260723.pdf
Uploading PDF to MinerU: /tmp/pdf_batch_001_cight35v/pdfs/0002-17-Deutsche Bank-Schindler Group-SCHN.S-Adjusting forecasts- new TP of 273 CHF- Hold-260723.pdf
Uploading PDF to MinerU: /tmp/pdf_batch_001_cight35v/pdfs/0003-18-Deutsche Bank-Q2-26- Stronger BEV demand positive for chargers-260723.pdf
Uploading PDF to MinerU: /tmp/pdf_batch_001_cight35v/pdfs/0004-19-Goldman Sachs-China Economic Activity and Policy Tracker- July 24-260724.pdf
Uploading PDF to MinerU: /tmp/pdf_batch_001_cight35v/pdfs/0005-20-Goldman Sachs-CATL -300750- Earnings Review- 2Q26 results inline- demand outlook reaffirmed- largest A-share buyback announced to date- Buy-260725.pdf
MinerU attempt 1 using MINER_U_4 batch_id=b7652544-848c-4064-a9ab-682ff76eeecd
MinerU states: done, running, done, running, waiting-file
MinerU states: done, done, done, done, running
MinerU states: done, done, done, done, running
MinerU states: done, done, done, done, done
Skip non-chart visual asset 9a680c871b49515dd8e1cb9ab0760cacefcf47f58b78e788c333916318f06800.jpg: score=-100;too_small:1381x173
/home/runner/work/rpt_edit/rpt_edit/scripts/pdf_to_xhs_batch.py:307: DeprecationWarning: Image.Image.getdata is deprecated and will be removed in Pillow 14 (2027-10-15). Use get_flattened_data instead.
  pixels = list(gray.getdata())
Skip non-chart visual asset 39b1e0a2aec224a33c1c0d730a35fb7c712d1196beda7a8328074f29f751d90c.jpg: score=-1;odd_ratio:5.45,edge:0.21
Skip non-chart visual asset 5ff346105d7b53d8116987bed7a072da899776fbc9104ec48b6727a58d25ab43.jpg: score=-100;too_small:1412x117
Skip non-chart visual asset e4ed217172ea3a61d2e9ebb24e5932905a14db98261cb2b6ec6dd6796cbbfbac.jpg: score=-100;too_small:801x151
Skip non-chart visual asset 769499644db0040536e98bbce1e152c4da426f3aae1ff37319a5be5c2711e61b.jpg: score=1;chart_ratio,square_without_chart_hint,edge:0.15,contrast
Neutralized WeChat title while keeping the report: 德意志银行：敏实集团欧洲业务与利润率韧性 -> 德意志银行：研究主题与行业变化观察
Skip non-chart visual asset a8eb84cb331a1cda103b8ac9d82856a2a3216cccbf942928fd4aa800d026b4ea.jpg: score=-1;square_without_chart_hint,edge:0.35
Skip non-chart visual asset 3cc0efb98778c9300069d60d80eb7efb60dcae10d88cfee2f03032367d7744d4.jpg: score=-1;odd_ratio:5.45,edge:0.21
Skip non-chart visual asset 77947de10c6122473acbe095b0dba57d5658bddb8bb342865abd09fb6697fe57.jpg: score=-100;too_small:451x204
Skip non-chart visual asset 3067e895a49b7c61d31340c19bcdeae8b467294989f23e6543f0d5409dd85dfd.jpg: score=2;edge:0.24
Skip non-chart visual asset d0ebc15a7f379c4e9c6ef391fe7d11ccae3b9a819a37c920a28da82a09543854.jpg: score=-100;too_small:493x187
Skip non-chart visual asset 2e23d0c3fe3fd319efe6a8553a9c247efe53104992f138f9117f3f714f62b44a.jpg: score=1;chart_ratio,square_without_chart_hint,edge:0.19,contrast
Skip non-chart visual asset e5c6bea2adc24e3fc0d674ae7c728af601e2fba1b8b484a7266841d00cdb65d2.jpg: score=-100;too_small:1412x117
Skip non-chart visual asset 17c7de292e0ab971afb8c14f89a88649b1bcc6e81f1b9c3ad0f1677848f04db7.jpg: score=-100;too_small:801x151
Skip non-chart visual asset 79234eacd6eae5ddc56f043e66c6f1ba4c820bb14cbf2061205676c3657415a7.jpg: score=2;edge:0.23
Skip non-chart visual asset de3dd67720eb0bac7bc4564c2cf951c8593bfd63cb088f8d2e027a6af1974730.jpg: score=2;edge:0.19
Neutralized WeChat title while keeping the report: 德意志银行：Schindler集团二季度订单增长3% -> 德意志银行：Schindler集团业务与季度数据观察
Skip non-chart visual asset 5623a5a9efaf375f8fe0eadb3c4fd28ad73eebfbc1d05801840314548333d92b.jpg: score=-100;too_small:801x151
Skip non-chart visual asset 83d1d96097c4aa2c75c934cfb6ba3ad812cb4c79353ce280e7d2208ebe438e89.jpg: score=1;chart_ratio,square_without_chart_hint,edge:0.20,contrast
Skip non-chart visual asset 35b8e1536b2091c02f8e2f1cdafabbfaedad7fcdc8cd310b8283695da1091a64.jpg: score=-1;odd_ratio:5.45,edge:0.21
Skip non-chart visual asset cb66ef2ea1e7d0704bba4a068dbda22fd7ea705f8dcc2fb1e738c66fe568249e.jpg: score=0;square_without_chart_hint,edge:0.14,contrast
Skip non-chart visual asset 03a48e6489f982f21d1809b2ed13e44f26b3f24c92f1f0157b1c6f56aed358d1.jpg: score=1;chart_ratio,square_without_chart_hint,edge:0.18,contrast
Neutralized WeChat title while keeping the report: 高盛：7月中国宏观活动分化-消费走弱生产韧性 -> 高盛：近期数据与市场变化观察
Skip non-chart visual asset 7b3bd872b935ca1ca1b6d57291b9655d3de0d31c34177c09ae6871587aedcbae.jpg: score=-100;too_small:1159x112
Skip non-chart visual asset d6600030aeb9fc7e98ef4a93683929a6939d130b4824e1fc3cdd336f34155127.jpg: score=1;chart_ratio,square_without_chart_hint,edge:0.33,large
Skip non-chart visual asset f51ac5b547f103949af87db23b599b04718ea28a1849a25be82ee69b797f1545.jpg: score=1;chart_ratio,square_without_chart_hint,edge:0.41,large
Skip non-chart visual asset 35e08fe9c0ba3956e1c63c4d091ad477ac94b24b6230af885ac2f8cecb267ab6.jpg: score=-100;too_small:843x90
Skip non-chart visual asset 646ef9ae729faeab9531d6e9bfa06a8b52b02e920ab181e2f8ac1c62c737cfd3.jpg: score=1;chart_ratio,square_without_chart_hint,edge:0.39,large
Skip non-chart visual asset d1f80bcf6e7d69b44443b8fff4e64b05e37fe2ae45d6de983a54f08c55b10742.jpg: score=0;odd_ratio:6.93,edge:0.44,contrast
Neutralized WeChat title while keeping the report: 高盛：宁德时代二季度业绩符合预期并宣布回购计划 -> 高盛：宁德时代业务与季度数据观察
Done. Results written to /home/runner/work/rpt_edit/rpt_edit/xhs_notes/dropbox/260725/shard_3; successful_reports=5; mineru_timed_out=False; mineru_attempts=1
All batches completed successfully. Generated 5 report directories.
