Found 31 total PDFs; shard 0/40 has 5 PDFs, skips 0 already converted, will process 5 PDFs with batch_size=5.
Running batch 1: 5 PDFs
Found 5 PDFs. MinerU token slots available=2.
MinerU attempt 1/4 using MINER_U_2: submitting 5 PDF(s).
Uploading PDF to MinerU: /tmp/pdf_batch_001_yh53ktt5/pdfs/0001-01-Bernstein-Asia Quantitative Strategy India Quant Strategy- Time to add more India exposure-The opportunity set widens-260720.pdf
Uploading PDF to MinerU: /tmp/pdf_batch_001_yh53ktt5/pdfs/0002-02-Bernstein-Global Automation-Humanoid Robotics- The technology frontier in 2026-260720.pdf
Uploading PDF to MinerU: /tmp/pdf_batch_001_yh53ktt5/pdfs/0003-03-Bernstein-China Internet- Is bad news now... good news--260720.pdf
Uploading PDF to MinerU: /tmp/pdf_batch_001_yh53ktt5/pdfs/0004-04-Bernstein-Global Energy Storage-Battery Weekly 20 July-260720.pdf
Uploading PDF to MinerU: /tmp/pdf_batch_001_yh53ktt5/pdfs/0005-05-Bernstein-Global Energy Storage-Quick Take- Global Energy Storage-China announces consumption tax on batteries-Implications-260720.pdf
MinerU attempt 1 using MINER_U_2 batch_id=1cea8e76-6a7a-41d9-9743-7eeea8556beb
MinerU states: running, running, running, running, waiting-file
MinerU states: running, done, running, running, running
MinerU states: running, done, running, running, running
MinerU states: done, done, done, done, done
Skip non-chart visual asset ceb2f0ea903a642a874af926596c2d884b4d301ed2c1fb38cc2a13f2df9f437c.jpg: score=-100;too_small:315x301
/home/runner/work/rpt_edit/rpt_edit/scripts/pdf_to_xhs_batch.py:292: DeprecationWarning: Image.Image.getdata is deprecated and will be removed in Pillow 14 (2027-10-15). Use get_flattened_data instead.
  pixels = list(gray.getdata())
Skip non-chart visual asset 90eed9ab6e000a8a54c610920e058347ebee96777eb007383e8f8af4cd36961a.jpg: score=0;chart_ratio,square_without_chart_hint,edge:0.25
Skip non-chart visual asset 557ca2985413c5a99bbac891de1287e4858c0768879771f7d5a31651505a1a9f.jpg: score=-100;too_small:315x298
Skip non-chart visual asset 98474b349b1e51ed908122566fba0e3b1093ca9976ad0c2885a89b5968466337.jpg: score=0;chart_ratio,square_without_chart_hint,edge:0.25
Skip non-chart visual asset 425b5fdbbe2504183556a47118a9a977a94bb1fd817cc3b5fbb0e72a10af2aed.jpg: score=-100;too_small:315x289
Skip non-chart visual asset 47d0c8752068983ac93f249d36c2bc55cc85bc68c1f5a0ab35b081b61a6b37e4.jpg: score=-1;square_without_chart_hint,edge:0.25
Skip non-chart visual asset 082ad331ca521ee9499e29f4b4461e97ac57d8b287b9f9aade92580cf223b3be.jpg: score=-100;too_small:90x95
Skip non-chart visual asset 948743657d706f7999ac4fcb425d7c4bc8135791f5ac957b6afd53b013b8f3c7.jpg: score=-1;square_without_chart_hint,edge:0.23
Skip non-chart visual asset 20d7e341e9c37ed68ecab86de2f51237ee7ff88c7d2617e8cc14a77041446b71.jpg: score=1;odd_ratio:4.93,edge:0.23,contrast,large
Skip non-chart visual asset 47a0a38afc88093974053cf7fc0c919cf83c0e01c3c044c7bf68e1949bb3cbfc.jpg: score=0;chart_ratio,square_without_chart_hint,edge:0.22
Skip non-chart visual asset 67232410e1a59497f740f710607bf1e55d083909e711b2ae77f064a1c94923a8.jpg: score=0;chart_ratio,square_without_chart_hint,edge:0.28
Skip non-chart visual asset a4bf35c894eaf612cde47b6ee136e326faaf46d9106d52189c4839ef841e8610.jpg: score=-100;too_small:312x298
Skip non-chart visual asset 64b7ce9ba2e1a1bdc226dcbae38f0b3b0e939601b8a7d953a58c9541b318b972.jpg: score=-1;square_without_chart_hint,edge:0.25
Skip non-chart visual asset d676bab7075d35115329b626210fbf1663703372cb823bf78c589f6afa979b5f.jpg: score=-100;too_small:315x295
Skip non-chart visual asset de60e54b469fe5fcbc935193b324c0f785a1a567427820cdd2f7fc77efff5976.jpg: score=-1;square_without_chart_hint,edge:0.24
Skip non-chart visual asset 9c428ea737e3b6f2f4fe4318dc2f5dee6e82229a205582b1607500c895697e35.jpg: score=-100;too_small:315x298
Skip non-chart visual asset 307eeafbb79b0526d36437b86a773e0645252d1da6fee78141d98a1df57aa6f9.jpg: score=-100;too_small:326x245
Skip non-chart visual asset dc93eda3808a75fb4faad107ed46ac6c5a7ec931957ea538e2c3425f6d2b4f71.jpg: score=-100;too_small:312x298
Skip non-chart visual asset 10a75ac070e75924b77bbe09972a9902e7f617998f462319aa7d0a1dee49e99e.jpg: score=-100;too_small:314x298
Skip non-chart visual asset ecbc168b44d548120be40835611472ec664addd66aa76b137a3765658033552d.jpg: score=0;chart_ratio,square_without_chart_hint,edge:0.29
Skip non-chart visual asset 76199ef30c75233ee1070d4ea17862f7995773f5ed5ca804e52366cdcc008927.jpg: score=0;chart_ratio,square_without_chart_hint,edge:0.33
Skip non-chart visual asset 282356e36d5bb4a27b6638f88bd7046a6916c2ad266bf64b394bfeee4dea9ee0.jpg: score=2;chart_ratio,square_without_chart_hint,edge:0.25,contrast,large
Skip non-chart visual asset c30a2584b918128535149f7634874bf609a1e97102b5b2b9e3ba98615668d9c5.jpg: score=-100;too_small:309x293
Skip non-chart visual asset b12c54b93c367c8e305b97ea3576b4b52e207c0851a8214630bea863d43f2c5c.jpg: score=-100;too_small:328x262
Skip non-chart visual asset d2bbbfaa209d78968492c66e9866b9127a706b53100798d1fa7f3617614ad1d5.jpg: score=-100;too_small:318x301
Skip non-chart visual asset a84614b74d786ca9a109dd9267a00a10ee7671a453337dd040eed6eb5de60471.jpg: score=-100;too_small:326x284
Skip non-chart visual asset 1132ef98a135277d20513e1284c78b8212ab19c14202695edea45c30ba218aea.jpg: score=-100;too_small:96x95
Skip non-chart visual asset 886365ededda0d6ef4c58cab90235724403e707bba06fbe693bbe9b3db89ff27.jpg: score=0;chart_ratio,square_without_chart_hint,edge:0.28
Skip non-chart visual asset 77324137771b328abcb9cffc4b57fac99c2f6099ccdd9e6f248531318ac1ab52.jpg: score=-100;too_small:312x301
Skip non-chart visual asset f77950159eb08eeeb782900d31b125022210dc21c4e78bb525cdcb0fac55504f.jpg: score=-1;square_without_chart_hint,edge:0.24
Skip non-chart visual asset cc1194cfcdd9530c588f661495404616a80544b6d72c3913b660a811c3cddcb8.jpg: score=0;chart_ratio,square_without_chart_hint,edge:0.31
Skip non-chart visual asset e50cbabf7c8fa22def232ad222416b874e96352e62d877c93aeb8ee202fe565c.jpg: score=-100;too_small:315x298
Skip non-chart visual asset b11eb412f7b16b60a469a70a7d7779989ce4271e162c5d6af6ea4883f0138d84.jpg: score=0;chart_ratio,square_without_chart_hint,edge:0.29
Skip non-chart visual asset 2e904bce33eae1058061c4088bcb6751a59aeb7238a53c77a60fa6fd97f7d5ee.jpg: score=-100;too_small:331x248
Skip non-chart visual asset 1f1ad141b6046ac4822ba1deae32f6de5fd4462d98f2d7e886d29658ecf9adf7.jpg: score=0;chart_ratio,square_without_chart_hint,edge:0.27
Skip non-chart visual asset 93e75f53457eb6a5589eb0c41686b4a8130fb64a965e997d157a4a02be8efd5d.jpg: score=0;chart_ratio,square_without_chart_hint,edge:0.26
Skip non-chart visual asset 690accbe7dcee55be7f7e73ff0808f386509dc3a273d376867c79e9b7bd0ed82.jpg: score=0;chart_ratio,square_without_chart_hint,edge:0.29
Skip non-chart visual asset a7377134ba53a4d536c0012614ac57efda78ccb47df74b8571358a39d7e16aa9.jpg: score=-100;too_small:323x293
Skip non-chart visual asset 3c454c524195117face7813dc68f9ceba78e60fe4a2a948f35043b2a229300ff.jpg: score=-100;too_small:314x293
Skip non-chart visual asset d6a77990b9e5479c9911ab7e3ae14e845cf021bb40ad9af09948a53d651e99c4.jpg: score=0;chart_ratio,square_without_chart_hint,edge:0.27
Skip non-chart visual asset 13f6ecc15936eea17190111f883876157caac3a705626622ee607d53a98a128b.jpg: score=0;chart_ratio,square_without_chart_hint,edge:0.28
Skip non-chart visual asset 7dcda07a38b1a73f90ec0128d7cd5a5449489272720e6d50d7dee7ac6497a1ea.jpg: score=-100;too_small:317x304
Skip non-chart visual asset 9e86420305ee6059997e8d815dc18e67701703c7456fa62c3e734994600e0b5b.jpg: score=0;chart_ratio,square_without_chart_hint,edge:0.30
Skip non-chart visual asset 0a73e1c75b78204b37870c6a456c1e386062fa086cbd43380b6fef63a48f2ac4.jpg: score=-100;too_small:331x243
Skip non-chart visual asset 32f7d0eb4fadaea1ba0949cd98b9bc011bbf6d9a7f3f59f96c6fcf8a37f4651e.jpg: score=-100;too_small:315x304
Skip non-chart visual asset 7ac214ab3ebfbb071d7f739bd99727aca9b9246e25d16dc0af7bdd5de17321b6.jpg: score=0;chart_ratio,square_without_chart_hint,edge:0.28
Skip non-chart visual asset 0850999613813bf68003334227ef95773fc0afaf7029428d06acd154d7657385.jpg: score=-100;too_small:317x298
Skip non-chart visual asset d34c587fc96fdc912005014aead0f629cff459c51ea557986e71bdfedffdbcbc.jpg: score=-100;too_small:323x245
Skip non-chart visual asset e43a2668d12ce2141d589676f4bf45683071aa306713e2c02411290a874b823d.jpg: score=-100;too_small:315x279
Skip non-chart visual asset 79dca81cab53440b7517d198176f73df3db53ddf0b68f76ad4e29e21d423b729.jpg: score=-100;too_small:314x298
Skip non-chart visual asset 8f6fcb710a29af86ac02e4696f58ef4ede839353024d89cfed91a7efe722882c.jpg: score=-100;too_small:312x298
Skip non-chart visual asset 9396038b23255dc748c00d4182e2c69caf98fcf6e273055174823aa1331b3636.jpg: score=-100;too_small:309x298
Skip non-chart visual asset ce7361422a63fa143ba70cc275cd82a7a204ccafa9f3f2dca13145a0cdc55928.jpg: score=0;chart_ratio,square_without_chart_hint,edge:0.27
Skip non-chart visual asset 7723d21054bf0dc024070ed9e78a89e7a7dbe4d368c0051c40e0dd9ee777c090.jpg: score=-100;too_small:312x301
Skip non-chart visual asset 69738e0d7917da84fdd7b6555ed2a815f3514dc58b2cca3e8091e28b39519bf6.jpg: score=0;chart_ratio,square_without_chart_hint,edge:0.28
Skip non-chart visual asset 9e5ef337347cff69640964d5e9cdd661dab7a6b6bf5709b5f5d23f2810c08619.jpg: score=-100;too_small:309x296
Skip non-chart visual asset 9882112c99d6a9f4d7f813052111d7fcab751f6d28233548860c82db7880410e.jpg: score=-100;too_small:315x301
Skip non-chart visual asset 174476ba3bfac3328e60199671494fcfc3b2db62fab1359425c4c45395aae83d.jpg: score=-100;too_small:312x298
Skip non-chart visual asset 443f010b8f998344db448259e4a33802a5b55ddebc48948ec3e3069d92d003a6.jpg: score=-100;too_small:317x301
Skip non-chart visual asset 7524fc635be88e3ce65d884ae6f173faef47f44c1dfe63226c70a0f6393c93dc.jpg: score=-100;too_small:314x293
Skip non-chart visual asset 13d49cea65552ac99f43fdb7b924999f2940986c51e101a39553d780dbf096ad.jpg: score=-100;too_small:318x298
Skip non-chart visual asset ba62a01179fdab874ae6246b25e7dd6e12389ac00386a07bcf3076949dd22743.jpg: score=-1;square_without_chart_hint,edge:0.27
Skip non-chart visual asset 967defa3da7960d08d178f8c41fb075fcf87eb9eb14e032a952a29ad3a41aea5.jpg: score=-1;square_without_chart_hint,edge:0.25
Skip non-chart visual asset a2dd4aa1fd1778280905203a638ca1564f340c7f3cc28dfddc2e21ee0290fe85.jpg: score=0;chart_ratio,square_without_chart_hint,edge:0.29
Skip non-chart visual asset d93bf16bf4bad26af12522986006dcd450979896b4a709177bae5f31f731ac87.jpg: score=-100;too_small:315x301
Skip non-chart visual asset 43f43576a8f50a435bd1c5addc2e05ff4196a8b25df833c4985a35eda8227e3d.jpg: score=-100;too_small:323x279
Skip non-chart visual asset b194466caa55665f800424b67973fec8de5875db26bb5e8935e877286ae913bf.jpg: score=0;chart_ratio,square_without_chart_hint,edge:0.26
Skip non-chart visual asset c78f3274c2892e21a71204c5dd45dc8727df64e92b78f8855c0125d4f0b2a531.jpg: score=-1;square_without_chart_hint,edge:0.26
Skip non-chart visual asset ef4cc38347c692c40f3df1df73761bc820f30e003add6b52b0dede0b259d43f2.jpg: score=-100;too_small:318x298
Skip non-chart visual asset 488246ff53e5f1afcce04dc0866cdc89f3009883ed1984453af71afaa18a45df.jpg: score=-100;too_small:326x242
Skip non-chart visual asset 3507d8f8c7199c8d5b19b3827ff12f725b87919331e565f3022f23445d71df78.jpg: score=-100;too_small:307x298
Skip non-chart visual asset 8fb6c7590ec49bf12f617b176ea2db2d9367fb4b994228a02b9ccf5e82cd76cd.jpg: score=0;chart_ratio,square_without_chart_hint,edge:0.28
Skip non-chart visual asset 5d8d82acda79d37b3009ec17ce7734a407ed36b45396257b1ec2087a2722df2b.jpg: score=-100;too_small:318x298
Skip non-chart visual asset 03a491054d80fcde5749a7f07df611e7ac1d8a75b7e5f6375f09a34be30db50f.jpg: score=0;chart_ratio,square_without_chart_hint,edge:0.26
Skip non-chart visual asset 9cbf25462dfa414f51451e762e3d5bd6dd8b8751938d3093666d58bfd5a1f4df.jpg: score=0;chart_ratio,square_without_chart_hint,edge:0.24
Skip non-chart visual asset 34cc4e367f6cac511192e26e9bbabc6a79ab8235e93727a969a7e2a87c612ea3.jpg: score=0;chart_ratio,square_without_chart_hint,edge:0.26
Skip non-chart visual asset 94b6c1ff470422da554416128e7b4798184e61296c51298d5113d1cdf0bda661.jpg: score=-100;too_small:312x298
Skip non-chart visual asset 9f2d183873b19c75e0ffb99d6de20964cc1ed5e9a18b3bc5998f19bfac4084ec.jpg: score=-1;square_without_chart_hint,edge:0.22
Skip non-chart visual asset de3385fbe164dcb9ccda8ad45d34648124283a59af5d590abce245ac14f879bd.jpg: score=-100;too_small:317x293
Skip non-chart visual asset 486db377a4389e2aad868c6349ae36a2fb651523ef7b53c1bc84a7adc4a739e4.jpg: score=0;chart_ratio,square_without_chart_hint,edge:0.30
Skip non-chart visual asset 19e0405e46f4f76474602f6750cc046b0bdb7eebd58e07845af5ee60b2e41d49.jpg: score=0;chart_ratio,square_without_chart_hint,edge:0.25
Skip non-chart visual asset 00f33129853428c650e59e8b4221ba14cfd2483f681f831e7c83aa29a08ba33f.jpg: score=-100;too_small:326x284
Skip non-chart visual asset 0ad8a45c2427d46b5c52584b5dde31b6df57d59359312f2651d0bb52f208f57a.jpg: score=-100;too_small:332x246
Skip non-chart visual asset 3f13181735fede48137db31ff036f159dd1a85b86b19d280e9e4ca8037e01968.jpg: score=-100;too_small:40x29
Skip non-chart visual asset 38782f2f4cfa459ec3a26a0a7fc6801339806957ea37f2c18a1211f062ed7533.jpg: score=-100;too_small:185x268
Skip non-chart visual asset 144858c707afa2527b1affe7723a08d95a6d9c5b0fc8e7dc96aa3004e7cd863e.jpg: score=-100;too_small:37x26
Skip non-chart visual asset cc9508e929782fb59d9809733a1feb59d97ea59b7a41cfb14be7179ee73f88e4.jpg: score=-100;too_small:312x103
Skip non-chart visual asset 812abb8453faa77c5886caa7a85fd353a9a0476e7bf561f3af095b322517a05b.jpg: score=-100;too_small:129x203
Skip non-chart visual asset 46b04b98f58eadd12e0a8426aaccd8c4dfdc79030466ef4f5266dcb354156bd8.jpg: score=-100;too_small:165x140
Skip non-chart visual asset 580b23cca717964bc6076c9e802b944ace9feca2015e541b69f12469403cd2b8.jpg: score=-100;too_small:209x140
Skip non-chart visual asset 839f4703ae58e521d9b78537cbeb3d00d280c9a68b7ce63b5ec6eddb83aef475.jpg: score=-100;too_small:249x110
Skip non-chart visual asset ad5e5a9ec2e28dfdf56b46ccbf24eeeff691c586272262f24e00563e731a947f.jpg: score=-100;too_small:43x25
Skip non-chart visual asset e20c7dbe8e83959ab5d2c061f8fe7e99dd296704291bf755fcdf0d76b7bcee48.jpg: score=-100;too_small:157x151
Skip non-chart visual asset cd95a118a83eb1e6cda436f113db8c35493277f475aeca899f3abac38a35e637.jpg: score=-100;too_small:301x120
Skip non-chart visual asset 62052ca74cc5557550f82d6dbc0d16e48e3ee6b2abd224267cd3f55d4650b539.jpg: score=-100;too_small:40x37
Skip non-chart visual asset 319080f03a980f262341d83208f1d9543c932b237321283a64e45c00249d136e.jpg: score=-100;too_small:220x146
Skip non-chart visual asset 188aefc4749dedaf610d3be6c6e72a8629f35060631f945acc2286aa742cb002.jpg: score=-100;too_small:153x150
Skip non-chart visual asset 040fc9fe2e4e6f6dd4c71e53cafdf2d80716cf61711d3c4154bc4eed45238c0f.jpg: score=-100;too_small:96x93
Skip non-chart visual asset b718171fa7327531a19e11bc22c64922b12b03577c4cf086efc83634ef15b8b9.jpg: score=-100;too_small:156x199
Skip non-chart visual asset 61569e91cade39e21974d9c86f03d698f334eb25da6d32b35e8c3135733649b4.jpg: score=-100;too_small:168x135
Skip non-chart visual asset d69381263a74590b991918c09c77ae0a630e41aa1b2c18f3491e11fcb58d7122.jpg: score=-100;too_small:332x284
Skip non-chart visual asset 664993894069f74ad9aba9f8c139f59cb49d8f5b6f82a988e882ff973c9a9bf6.jpg: score=-100;too_small:93x90
Skip non-chart visual asset d7e0470914371971af0d6368e5df8744f9686c02c92d0dd8998319c45cb3a409.jpg: score=-100;too_small:40x32
Skip non-chart visual asset 345ea520809105d26a582f0874beb857def77d3aa3413e2fcd6fe70fa8e6b540.jpg: score=-100;too_small:164x137
Skip non-chart visual asset 1050445966626f61b8a7f7b8a8e63f05426b6fce29c9f7128f14f32d6fe2c638.jpg: score=-100;too_small:440x140
Skip non-chart visual asset 17d1767d07b82922f405da132ec945dc22ce75816619f85897f7b2847da97e98.jpg: score=-100;too_small:40x37
Skip non-chart visual asset 39200ff8b175dcf1642586c9e6b82d56a9341f24b0b2bfe34799545fdb4a72b5.jpg: score=-100;too_small:93x89
Skip non-chart visual asset 8f8fdf44cffd7f4e13b2b3f1e27dba69c1af1bb9f742b9b7d11e261bb8e21c69.jpg: score=-100;too_small:223x118
Skip non-chart visual asset 9b444cd178666064635d34ec77f21b61e70e54cb37ec9a53bc0330c536cb27f0.jpg: score=-100;too_small:562x168
Skip non-chart visual asset 37d32c3a7b5404cc9ee62a16cf9f83c9dd2c4476f89eb9812e2498ffb0c22be6.jpg: score=-100;too_small:199x157
Skip non-chart visual asset 9369620543e13456512c4f5e45b1d4057a26971d1d94f2e0f358e8e20a0a4a5f.jpg: score=1;odd_ratio:4.91,edge:0.23,contrast,large
Skip non-chart visual asset af8b57d75747b4ad4b1423e877cf2a610e7d852a95d39b9c954a2f1bb81b18de.jpg: score=-100;too_small:154x221
Skip non-chart visual asset e9ef03f04b42a442b8b81e72d5831de2a56038c5a49e23ba2fa1af8f3310c761.jpg: score=-100;too_small:43x51
Skip non-chart visual asset fff0f89b2e0af59c2283bb9a1fd29841c7983ad954afcf8862c5e34b4daa0069.jpg: score=-100;too_small:182x170
Skip non-chart visual asset 38dec4bcec2e438d3239c3216851d94538e0546326a9dd065b978c9939cc8d2c.jpg: score=-100;too_small:37x37
Skip non-chart visual asset ac94b30ae89ad6b9e4c11b2b0bb9c9981328f00961d5995779ce7db7d2c88592.jpg: score=-100;too_small:176x140
Skip non-chart visual asset b6931bd7cb120e7813a9196a2afff6b020b740832a168f5bec20b28f55ce14c1.jpg: score=-100;too_small:249x137
Skip non-chart visual asset fdda30ce3fc4233317905d425f143425123e104b92f89977dd4bea2668b1612e.jpg: score=-100;too_small:57x29
Skip non-chart visual asset 49990a83e1c58a8ce9ec24a662fa9b80cb4731878d3a04500e1bdeecc00269c2.jpg: score=-100;too_small:43x48
Skip non-chart visual asset a68d2fb35dc8bb9a9824d97f658140341cf7888a216f5fb73e724cccea6fadec.jpg: score=-100;too_small:282x137
Skip non-chart visual asset 4bf4915204e32d25d9ab73ef7b855f8cf08d1d16a888b438880f3ec6addb6cd0.jpg: score=-100;too_small:34x34
Skip non-chart visual asset 67db413ce0beb902d7d397016d56b9b51d87c9d9fd5b96991623d4b8328d3e38.jpg: score=2;chart_ratio,square_without_chart_hint,edge:0.20,contrast,large
Skip non-chart visual asset 7c51d34cd0b4c9e09ff479a2f15d26593212355f7cd8d9fc00e3faeda3221ee2.jpg: score=1;chart_ratio,square_without_chart_hint,edge:0.24,contrast
Skip non-chart visual asset 9164714924ed9cb041df8741a10a777a07bcd43ef59ab01beeb0120ab263cb23.jpg: score=1;chart_ratio,square_without_chart_hint,edge:0.25,contrast
Skip non-chart visual asset cb05debeb6211f33c6f814b61ed39fa33a2a41bbb777709e33b1990a2d947de0.jpg: score=1;odd_ratio:4.97,edge:0.24,contrast,large
Skip non-chart visual asset 33d3b80f7be683d1824271ce745c0e2d494c5da4abcd1e419ae00d7337eac66a.jpg: score=1;chart_ratio,square_without_chart_hint,edge:0.20,contrast
Skip non-chart visual asset 95c97c18621849175996829211513b8b981ff8afffece4416c335a3fc515d2fb.jpg: score=-100;too_small:93x95
Skip non-chart visual asset a47b5e26529b0c92c4d71344a5a0fdb88282630287bbd5e1748c84c8c355e54b.jpg: score=1;chart_ratio,square_without_chart_hint,edge:0.22,contrast
Skip non-chart visual asset 356b66f38a293ddbcb924757608927774cc00df486caa58053acb609a4df126d.jpg: score=1;square_without_chart_hint,edge:0.50,contrast,large
Skip non-chart visual asset ad6ef9b8b8edfa6a3e58d05a0e0b104675fe9d554b9ac3a59ad8198041240674.jpg: score=1;chart_ratio,square_without_chart_hint,edge:0.18,contrast
Skip non-chart visual asset af6613b114fc5246faccf74b8dcf88bb475f0b17abcc037c67579ac886a92646.jpg: score=1;chart_ratio,square_without_chart_hint,edge:0.25,contrast
Skip non-chart visual asset 1c4556e767ef7e90b67350e6b68e701d5a456d086cdc8b427f4d21e1784b52d0.jpg: score=1;square_without_chart_hint,edge:0.47,contrast,large
Skip non-chart visual asset 407241064c8ae8dc0c42a5ded5a4903dffbea5ec2983f7cb2f7bb4a1f49216a4.jpg: score=1;square_without_chart_hint,edge:0.49,contrast,large
Skip non-chart visual asset 0de39f1a8ebda6f10628cbb79d72b2dceee997efa56de24486e066995133834c.jpg: score=1;chart_ratio,square_without_chart_hint,edge:0.27,contrast
Skip non-chart visual asset a285aadb768e3e5afacc58279ae55473a1720d608f10ed98f4d560738de2789c.jpg: score=1;chart_ratio,square_without_chart_hint,edge:0.31,contrast
Skip non-chart visual asset a1160cf984e886a8cb8ec5b5fabf4d7004646badacb0b769deab22c1c25a8c1d.jpg: score=1;chart_ratio,square_without_chart_hint,edge:0.16,contrast
Skip non-chart visual asset 691c9f97fbfafa8d84fdcb452efbabbbd0419138203d1bca1f65b1a8ccdd0212.jpg: score=-100;too_small:93x93
Skip non-chart visual asset 69e6446bc00555a7e2e76566aad5175c922a4f1ec0c575d752ba82123ef06b8f.jpg: score=-100;too_small:90x87
Skip non-chart visual asset 64c77aca31e0aa99530af23715febc8665bd0975b9250f7ee9aa2b10a7379741.jpg: score=-100;too_small:90x92
Skip non-chart visual asset a30b82b7e4531f744feed10f412633c2c453d166f158a3782f9ab192db125eaf.jpg: score=0;square_without_chart_hint,edge:0.32,contrast
Skip non-chart visual asset e413b4c57d1cecfb018f40ef4e36c3bc1ad8e6b28c4690d4d1a678c2b2e1c080.jpg: score=0;square_without_chart_hint,edge:0.25,large
Skip non-chart visual asset 4573a03a343304d716a59f358c9a5f4a64253bb5ad46cb563b85e3429b495d7c.jpg: score=1;odd_ratio:4.97,edge:0.24,contrast,large
Skip non-chart visual asset ea07bc8d3b8981c2eec30cee0ce7d9ae46479c2c50d7a39c6f486e0d39131377.jpg: score=1;odd_ratio:4.97,edge:0.20,contrast,large
Skip non-chart visual asset c2f12b895fab2d0a730e20b8b4347cd82dc939a1a005fe9c55a61c59eda89cea.jpg: score=-100;too_small:96x95
Skip non-chart visual asset 3dbadce321f05d52af6165587f03e9e2f5c122ce5e67534b2dbf7812e78957f6.jpg: score=-1;odd_ratio:6.71,edge:0.16
Skip non-chart visual asset e3a6fb2af24e22e3bed3d5a9d4481c4f3ab63a0b1933fe1b76771cc39f240c62.jpg: score=-100;too_small:93x95
Skip non-chart visual asset 682b8f68eeab52586d5fd1228bac0fd94e2d65f58167f43e0d0fffee1506b6e1.jpg: score=-100;too_small:93x95
Done. Results written to /home/runner/work/rpt_edit/rpt_edit/xhs_notes/dropbox/260720/shard_0; successful_reports=5; mineru_timed_out=False; mineru_attempts=1
All batches completed successfully. Generated 5 report directories.
