Found 82 total PDFs; shard 5/40 has 5 PDFs, skips 0 already converted, will process 5 PDFs with batch_size=5.
Running batch 1: 5 PDFs
Found 5 PDFs. MinerU token slots available=2.
MinerU attempt 1/4 using MINER_U_2: submitting 5 PDF(s).
Uploading PDF to MinerU: /tmp/pdf_batch_001_hba14j4u/pdfs/0001-26-Goldman Sachs-China Consumer Staples-Pork- 2Q26 preview- Earnings headwinds- lowering packaged meat in China- elevated costs overseas-260707.pdf
Uploading PDF to MinerU: /tmp/pdf_batch_001_hba14j4u/pdfs/0002-27-Goldman Sachs-China FX Rates Monitor- Resilient CNY amid Dollar Strength- Low Rates amid Growth Weakness-260708.pdf
Uploading PDF to MinerU: /tmp/pdf_batch_001_hba14j4u/pdfs/0003-28-Goldman Sachs-Guangdong Songfa Ceramics Co -603268-2Q26 earnings strong beat- on earlier blocks construction pre phase III- better margin and operational efficiency- Buy-260708.pdf
Uploading PDF to MinerU: /tmp/pdf_batch_001_hba14j4u/pdfs/0004-29-Goldman Sachs-Global Technology- Accelerating LEO satellite launches- installed base to reach 24k 305k units by 2028E 31E- blue sky at 396k by 2031E-260708.pdf
Uploading PDF to MinerU: /tmp/pdf_batch_001_hba14j4u/pdfs/0005-30-Goldman Sachs-China New Energy Vehicle Weekly Chartbook-2026 Week 27-Weekly NEV orders flat wow- BYD -11- -23- yoy wow on Seal 08-260707.pdf
MinerU attempt 1 using MINER_U_2 batch_id=1a91160e-f038-4908-b7d3-3991a1b1556f
MinerU states: running, running, running, running, pending
MinerU states: done, done, done, done, running
MinerU states: done, done, done, done, done
/home/runner/work/rpt_edit/rpt_edit/scripts/pdf_to_xhs_batch.py:285: DeprecationWarning: Image.Image.getdata is deprecated and will be removed in Pillow 14 (2027-10-15). Use get_flattened_data instead.
  pixels = list(gray.getdata())
Skip non-chart visual asset 763d31f319c559f9fcd3534bbc5735d3bc6a5d9895603fcd1932d216a078cb8d.jpg: score=0;odd_ratio:6.29,edge:0.25,contrast
Skip non-chart visual asset 32479e008147f10635aacaede451cd1f96562ef107d8fad372ba8c1e83135f9d.jpg: score=0;square_without_chart_hint,edge:0.40,large
Skip non-chart visual asset edbddd4f484e58f04b04b4aee7533e9465f273a5ae7734f889caec853bbc3b95.jpg: score=-100;too_small:1159x109
Skip non-chart visual asset af93de59eee2aa1b25dedf4b117cd4a80bf5bfb3725067771685965e6b3a7f24.jpg: score=0;square_without_chart_hint,edge:0.42,large
Skip non-chart visual asset ccbfaea3084591268b904d239d4bd8bcb0a4bfdd84ff846a0267419b41fece47.jpg: score=1;odd_ratio:5.22,edge:0.27,contrast,large
Skip non-chart visual asset 1e68bcb8b6630a394827de2f2c16247e37679d0373ff73c0c0935ae39dfa1f22.jpg: score=-100;too_small:523x126
Skip non-chart visual asset 3b141e8bf7d2a5a6d4becdce88dbc57333726f042e2be7697326e55a25908bcf.jpg: score=0;odd_ratio:7.58,edge:0.27,contrast
Skip non-chart visual asset d05530528d5d1439055e50c7987856a48069ba3a158771a106e9aa43c728d48f.jpg: score=-100;too_small:1159x107
Skip non-chart visual asset ab4efb237ced0fec3988f07777b819cbe91e0bd92299dd4af028a92a59e25a27.jpg: score=0;square_without_chart_hint,edge:0.38,large
Skip non-chart visual asset 7d54ee197409b7883fe23e7d7a0a0c5acd86ae762c835b98aeb04a8085693b7c.jpg: score=1;chart_ratio,square_without_chart_hint,edge:0.28,large
Skip non-chart visual asset 4da646ab9023d7420a168b327cf66fd34f8d469cce1d8bee2eae2a3c83d3bd5c.jpg: score=1;chart_ratio,square_without_chart_hint,edge:0.33,large
Skip non-chart visual asset 2f69548f9c5502018bc4c482f093cda33f9e41bac86adcfc92813491df1eb48e.jpg: score=1;chart_ratio,square_without_chart_hint,edge:0.16,large
Skip non-chart visual asset deeefd44fbbccc92ef89170bde37fe105b454829571ed774b255ce2dfbe13ce0.jpg: score=-100;too_small:1159x106
Skip non-chart visual asset e17eb35339046a5e7967ff23de414c1ca7411e83c84f2a120f27639ada2ec8ee.jpg: score=1;chart_ratio
Skip non-chart visual asset 23c1948183cde2afefb90cc98526b2c905518a0af207a46eb7b0ac9e9a1590d2.jpg: score=0;square_without_chart_hint,edge:0.11,contrast
Skip non-chart visual asset 52e55f64826d6ee89754e04c87fbc5db3932cf0ad941d4bd9696f73b13300ec2.jpg: score=-100;too_small:1159x104
Skip non-chart visual asset 3e3f4c8edf01bf7e67473d207dab6f568259630b99b95cc48e4834e6de71d081.jpg: score=1;square_without_chart_hint,edge:0.37,contrast,large
Skip non-chart visual asset a39e62a49ba4e85f7c6f681ee5867dc4bb3d3065ac8d0f246d2980f80e829264.jpg: score=1;odd_ratio:9.25,edge:0.22,contrast,large
Skip non-chart visual asset 1d8f1997032e4ed5f7bc894fa1a82a13b3aa7827858e5f8e68252eff7715bac5.jpg: score=2;chart_ratio,square_without_chart_hint,edge:0.39,contrast,large
Done. Results written to /home/runner/work/rpt_edit/rpt_edit/xhs_notes/dropbox/260708/shard_5; successful_reports=5; mineru_timed_out=False; mineru_attempts=1
All batches completed successfully. Generated 5 report directories.
