Found 86 total PDFs; shard 3/40 has 5 PDFs, skips 0 already converted, will process 5 PDFs with batch_size=5.
Running batch 1: 5 PDFs
Found 5 PDFs. MinerU token slots available=2.
MinerU attempt 1/4 using MINER_U_2: submitting 5 PDF(s).
Uploading PDF to MinerU: /tmp/pdf_batch_001_86lp8x58/pdfs/0001-16-CITI-China International Capital -3908.HK- Adding Upside 30-Day Catalyst Watch-260707.pdf
Uploading PDF to MinerU: /tmp/pdf_batch_001_86lp8x58/pdfs/0002-17-CITI-IEIT SYSTEMS -000977- 2Q26 Guidance Strong Beat Likely on Memory Price Hike-260707.pdf
Uploading PDF to MinerU: /tmp/pdf_batch_001_86lp8x58/pdfs/0003-18-CITI-Space Exploration Technologies -SPCX.US- Potential for -900--Initiating at Buy-260707.pdf
Uploading PDF to MinerU: /tmp/pdf_batch_001_86lp8x58/pdfs/0004-19-Citi-Alibaba_Group_Holding_BABA9988HK_FY1Q27E_Preview_Cloud_Growth_On_Higher_Margins_Intact_CMR_Soft-Alibaba_Group_Holding_BABA-260708.pdf
Uploading PDF to MinerU: /tmp/pdf_batch_001_86lp8x58/pdfs/0005-20-CITI-Tencent Holdings -0700.HK- 2Q26E Preview- Gaming - Ads Solid with Continuing AI Investment-260707.pdf
MinerU attempt 1 using MINER_U_2 batch_id=e0f3aa5c-7ab2-4e2c-a173-7453a53b86e8
MinerU states: running, running, running, running, waiting-file
MinerU states: done, done, running, running, running
MinerU states: done, done, done, done, done
Skip non-chart visual asset a5cbf2e5e3d2b1e69d6e8c3659ca17e1af25d393cd828d3664859fdeaebd56c1.jpg: score=-100;too_small:365x101
/home/runner/work/rpt_edit/rpt_edit/scripts/pdf_to_xhs_batch.py:285: DeprecationWarning: Image.Image.getdata is deprecated and will be removed in Pillow 14 (2027-10-15). Use get_flattened_data instead.
  pixels = list(gray.getdata())
Skip non-chart visual asset e92715b849e13c6ec73bedc29b1fc6eea644390c3bd74b97800dceeb4f688da6.jpg: score=-100;too_small:368x103
Skip non-chart visual asset 200389abe77042a0c6f80928d402c1f03f02473c15ab2614688d63c4da873c55.jpg: score=-100;too_small:1431x154
Skip non-chart visual asset b70c80a68009d3af5da86af6febea0bb4caaee9cf369dee87315303d4e7e24df.jpg: score=1;chart_ratio,square_without_chart_hint,edge:0.32,contrast
Skip non-chart visual asset 4d25fb56bdbd1e12bb3dff39b32448c615be52dacdbf4642fa4c7e5a742e7d2f.jpg: score=-100;too_small:873x101
Skip non-chart visual asset 67e03013622b4e5a6c70e21864c8e643f932b7f635d22d6ae8229c66e4439604.jpg: score=0;square_without_chart_hint,edge:0.17,large
Skip non-chart visual asset 47b954513912a2451e655e8e442409bdb9c643b9f1fb8f45b1510e6c616cffbd.jpg: score=-100;too_small:368x101
Skip non-chart visual asset f302ab09e4341165094217d9f5c545b2339c7e832852881ad7d972f38031bd47.jpg: score=2;chart_ratio,large
Skip non-chart visual asset 3d3522abb82725b802c5edcba85c625251ddcf2c549dd5110ccceb8147cfb1b8.jpg: score=-100;too_small:359x98
Skip non-chart visual asset 2fb5f1d835c3cd6ff6b4d968db258f8e14fe26eb922013249c85148bbe14a423.jpg: score=2;chart_ratio,large
Skip non-chart visual asset 1766ed61268dec6614278792472e83de6731817b01d51c0e4dc43a83cbcb501c.jpg: score=-100;too_small:362x104
Skip non-chart visual asset 9860e80ed80679358950482b055f2f33152c081942e73a9231905a7ae29e2b3d.jpg: score=-100;too_small:359x104
Skip non-chart visual asset 31514c58754f43993e1be5b63b6285b5bc4d01a44d6f97706c453ae68623aff3.jpg: score=-100;too_small:873x73
Skip non-chart visual asset b97d131349f695449f8e7237700f0212e8623f0277eb43b8cf047c79f64557dd.jpg: score=1;chart_ratio,square_without_chart_hint,edge:0.27,contrast
Skip non-chart visual asset a95af62bcf7085ca872cee894fcda69c20a5d892f3863ab1ae123b92a682eca8.jpg: score=-100;too_small:1431x159
Skip non-chart visual asset f4a0f55b2844d376dc43e828d0a0d562c4725aac7b092f7642d2dcd8f1610497.jpg: score=-100;too_small:759x90
Skip non-chart visual asset 1f9a3f7aa1b98738ad356a98648db4b666f569cf92010a32e10d338e1d2691bc.jpg: score=-100;too_small:45x45
Skip non-chart visual asset 72143a7990417f2e09339402f3c54489fbe1c583f9ffa0010bd8477b53602d94.jpg: score=-100;too_small:48x50
Skip non-chart visual asset 7d2e6c84cfe995c2c41d3d5e1236a6b3172be32873468f4c2f9de52e7abfc249.jpg: score=-100;too_small:42x45
Skip non-chart visual asset 3c654fc11ba6931e46c358b0f4114a03559f72d0f05ebb8b50d7ed2b56136221.jpg: score=2;chart_ratio,large
Skip non-chart visual asset c28801cb1c14b871e75a087f989eb55399b61c73edf97613e9221c71f881ebbe.jpg: score=1;chart_ratio,square_without_chart_hint,edge:0.61,large
Skip non-chart visual asset 1fb459cf5b6e2da65f3c8833945130c4dc30c7a59021365f88285c81ca375283.jpg: score=2;chart_ratio,square_without_chart_hint,edge:0.39,contrast,large
Skip non-chart visual asset eb79d8afae3f29b9a3550adf6ab154a9eb701f2c44b4f4cbe94197dc75da866d.jpg: score=-100;too_small:1431x151
Skip non-chart visual asset 0b1e22cfa1242322bd89b8dd6b956bbeaffa9a45ac23ce35a5dcff304ee63a2f.jpg: score=1;chart_ratio,square_without_chart_hint,edge:0.25,large
Skip non-chart visual asset 54c678cd52fd83d227e8a6eddc85dba3984ac9ba5e0087a7686dc98d0665e5d0.jpg: score=-100;too_small:43x51
Skip non-chart visual asset a4857bc69f3d99ede5a1067b20c22a42f0a64f72a642a807e163d51a6259a2eb.jpg: score=-100;too_small:645x134
Skip non-chart visual asset 04a0efd63b06f7f90621e616f2468258448a1d9e74d1cc9a438a63413028fe19.jpg: score=-100;too_small:115x487
Skip non-chart visual asset 502e9b598fe983f39ae5ac0ef83d6c7b4b65eb33cc3d885c491464c4c1363c43.jpg: score=-100;too_small:53x48
Skip non-chart visual asset cfdccc84804b304fdd914a7d188761360d376b1a7b9801b8b5b7827d76566613.jpg: score=2;chart_ratio,square_without_chart_hint,edge:0.29,contrast,large
Skip non-chart visual asset d4a12a3b895f6ef3182de5f095ce501a5cee96ae6a3205b8fd7ee886306d6e44.jpg: score=0;chart_ratio,square_without_chart_hint,edge:0.15
Skip non-chart visual asset bb2220da6d3ba41c350ec3f7e6b360ab0643a923a7aa4513816bb9f4dbd55b10.jpg: score=0;chart_ratio,square_without_chart_hint,edge:0.14
Skip non-chart visual asset 603f7e0d7960ed1faebf769e13d99578e20409860022c50bd4aa201b3a3bfb2c.jpg: score=-100;too_small:645x37
Skip non-chart visual asset 3e4c34bdf0bd34c05833917185a93b22f00349c98304dfd7edf65ec00c6f1350.jpg: score=-100;too_small:706x157
Skip non-chart visual asset 95a0e0b8e1023d44c85c621a7962af52e954e60c34e4c9c542b35f5ca085c7c4.jpg: score=2;chart_ratio,square_without_chart_hint,edge:0.23,contrast,large
Skip non-chart visual asset cdb54f510adfc1e09d1ae70ae60bcd73897146ce7dd68acd07e1a6d266e8e168.jpg: score=-100;too_small:48x45
Skip non-chart visual asset 76e3d312a6fb232983ecbd05ceca6917cdbbf243e49706e35ea38cc4ad0211a1.jpg: score=2;chart_ratio,large
Skip non-chart visual asset ebd2b80690e242a9b95d9bcb4be012986eeb5d263f256936098afb843f12e5b1.jpg: score=2;chart_ratio,square_without_chart_hint,edge:0.26,contrast,large
Skip non-chart visual asset d2e746d6ea2a2076330d9616e467f7af5ad791fbeff0bbc2fdb535a1c04a7328.jpg: score=1;chart_ratio
Skip non-chart visual asset ca201169719271e3982990390b51a29adb33e4c002d010766eb25551c1c66da5.jpg: score=2;chart_ratio,contrast
Skip non-chart visual asset dc86fb4b94470693cebe781590ce88359092971dfeddb3fcf4d59c7f46ec8ab7.jpg: score=-100;too_small:870x73
Skip non-chart visual asset ff3ae02f27c0253c5c38da9631c403a638ed0946564e3332c027fa4cdaad3cea.jpg: score=-100;too_small:45x56
Skip non-chart visual asset 80d15caddbd9c356568b4e3c0991d9cceec4facfc6b2ed299de61f35eaf4df57.jpg: score=-100;too_small:362x235
Skip non-chart visual asset 769cf2839a46e5feddefbe08add55f038ea763965777df36a3be7c8bd22e40d7.jpg: score=-100;too_small:1406x167
Skip non-chart visual asset bd33dbd2e35d2939297105b9947806aa7d05d886f030607e1fef108c1cb20696.jpg: score=-100;too_small:45x53
Skip non-chart visual asset 42792f5add751cb9871d21a81fca1127e44f5735ea0eef930d8934f65d2bcfba.jpg: score=-100;too_small:1406x137
Skip non-chart visual asset e49dec17cd2ad174aeb0aea269ed892c2e7ab8f88a6c1192a5c21cd5ef68e975.jpg: score=1;chart_ratio,square_without_chart_hint,edge:0.52,large
Skip non-chart visual asset 15971ee7ba04d006c71645e5afd07f02a256492b614ba71c09000cf1f9321c64.jpg: score=1;odd_ratio:5.26,edge:0.23,contrast,large
Skip non-chart visual asset 3e271e703d1dfb70e6320e97171cc1c20a0b98ff23f41edd614d8e59173225ab.jpg: score=2;chart_ratio,large
Skip non-chart visual asset d3133503e8cfac2f427fdf56c3f0a07921b9ac59e7a9210834d18c898beec296.jpg: score=-100;too_small:45x53
Skip non-chart visual asset af5852ad374efa4fb87db0192fa9c940a05ba38ac4818b1c7b53621e7d8fb411.jpg: score=0;odd_ratio:7.28,edge:0.41,contrast
Skip non-chart visual asset b0b146fa13e70a636efa774a2cd1b5ee5ae5b940cbee42ac0ec9f3fa1d9ed4b7.jpg: score=-100;too_small:876x76
Skip non-chart visual asset 9f2ee6d48cb5bbbcb9bf703aedc4464c153cdb9d2ee09049c94c38154255da12.jpg: score=-100;too_small:359x232
Skip non-chart visual asset 0a9ccd0b299539b150734189a07a09eb8ee9340e14299d5a39f1e1e306e3ce30.jpg: score=-100;too_small:370x234
Skip non-chart visual asset cd2c80b903807cb3591ce012c1976443076cebe3df3f020aedc961044748d951.jpg: score=-100;too_small:45x56
Skip non-chart visual asset c1063cf280f59423648bde22d586cbc26c57403b13c12a4f3dffb5a051a3b591.jpg: score=-100;too_small:368x240
Skip non-chart visual asset c6d5221ab4b668ddcf818a2703ef980a1cc9b97a949cbaf847124858f6b66a03.jpg: score=-100;too_small:362x237
Skip non-chart visual asset 0366413e3f20269c83e6177859c9098febf89e053bf778a87c039a877d3a2aa0.jpg: score=-100;too_small:51x60
Skip non-chart visual asset 2732c39d922733a936141defe87809cc9c1a6de11c596fc75d16f732e612ff09.jpg: score=1;odd_ratio:5.94,edge:0.27,contrast,large
Skip non-chart visual asset 6febcf3b6a933c98346fb7add15a0fc70ed520ff2f20911bf0e15e65a0fc5d0d.jpg: score=-100;too_small:362x235
Skip non-chart visual asset c14e8d752f6fdae54570e74f1edb5018c08e236d07a8ccd199e14ff31f73fadd.jpg: score=-100;too_small:51x60
Skip non-chart visual asset 27d74df1178357714da9843162cb8bf9c479a663a66778fc9682df430829bdfa.jpg: score=2;chart_ratio,large
Skip non-chart visual asset 607764f9962218e8425a6b3093fb2d336328053069b879d76291c8a7387734d4.jpg: score=-100;too_small:43x51
Skip non-chart visual asset 911217103c083b861f4224fad7a0d3a5f0d9b5dabe91b835074c697c90020069.jpg: score=-100;too_small:1431x145
Skip non-chart visual asset 0d9b8e0a9ad38574fedae62c969eaeed08ba3d68cd7150cc52fa431840452362.jpg: score=-100;too_small:45x49
Skip non-chart visual asset 798d47b9e7263a6c9460d48af99c89ffb108c7d3a6bbc9541532167d9340224a.jpg: score=-100;too_small:359x207
Skip non-chart visual asset c2b0079ef4dcc3d218e4303a41029d4c68067c5cce64f1a05e875bd2508c77a2.jpg: score=1;chart_ratio,square_without_chart_hint,edge:0.57,large
Skip non-chart visual asset 00aae0555eef7ed264b18902d6e092adb5661fde6fecc639f2b1949e3aba8da2.jpg: score=0;odd_ratio:7.71,edge:0.26,contrast
Skip non-chart visual asset 6219c78c217183e3a7d024ea0b77e2ed9e711ea092896e6f63c71b508efdedcd.jpg: score=2;chart_ratio,square_without_chart_hint,edge:0.34,contrast,large
Skip non-chart visual asset 2131a8b3a9450ede755fcd183eb3d39889191bf66ada29347a6d0b4c4ce1ec40.jpg: score=-100;too_small:365x207
Skip non-chart visual asset f9dcb58afe74ccf8c4ab92d9076baada85a79cab25a27be2b67e34e38694ac16.jpg: score=-100;too_small:48x48
Skip non-chart visual asset 44bfaf451b4a0a1deaaebc4c727081d55104fc4b7300365bb44986de2e55b5ea.jpg: score=0;odd_ratio:6.89,edge:0.26,contrast
Skip non-chart visual asset f2e8b8fbf468dd4839445ba53f2e35c207250b3b28a4a51df5544d3dbbdf7e53.jpg: score=-100;too_small:420x145
Skip non-chart visual asset c6a9a482a95f75069ff380b7213d44ff6396091e7927ad55a64cd3fb6edf832e.jpg: score=0;square_without_chart_hint,edge:0.37,large
Skip non-chart visual asset c60a26e405f60a91a39a5c7bd900d5691f5b6ded8cc3ebe75f38b68030fcb43b.jpg: score=0;odd_ratio:7.40,edge:0.37,contrast
Skip non-chart visual asset 4bc66e491ed7042f2b18e710a77d940cdaf8fe475b991549a2712319fa26dd29.jpg: score=-100;too_small:1406x173
Skip non-chart visual asset 3b8d5c7bcd32a5a15c41640875ba814ed9391b297b143e61cc4dcc1796bb75cd.jpg: score=-100;too_small:428x148
Skip non-chart visual asset f2409f250dce591e318fc0de6e67a10229490b77cdba710b800841ae5f7962e9.jpg: score=-100;too_small:432x148
Skip non-chart visual asset 9b193661f1bd13f07412946a19479413aa313e6f6ba3766935c3f533880e4866.jpg: score=-100;too_small:365x207
Skip non-chart visual asset d8bf498625d99cb09cfbf29b459b0aef6cc8fcf58199a7a101cffe09bd3faeaf.jpg: score=1;square_without_chart_hint,edge:0.42,contrast,large
Skip non-chart visual asset 479ccc3c857ee0f6fdc9f8c8b24a111cb83554b93520644e3baae83c989574f9.jpg: score=2;chart_ratio,square_without_chart_hint,edge:0.32,contrast,large
Skip non-chart visual asset 24c4be2bbcf3bbc46ccf1e5b48f6191fe03cba8bd01529683e948d26a53dd164.jpg: score=2;chart_ratio,large
Skip non-chart visual asset d0af060546fc42720467d1de2db1c980e9a05c4d2d5782ec4e2752b0f452cf38.jpg: score=-100;too_small:706x157
Done. Results written to /home/runner/work/rpt_edit/rpt_edit/xhs_notes/dropbox/260709/shard_3; successful_reports=5; mineru_timed_out=False; mineru_attempts=1
All batches completed successfully. Generated 5 report directories.
