Found 34 total PDFs; shard 3/40 has 5 PDFs, skips 0 already converted, will process 5 PDFs with batch_size=5.
Running batch 1: 5 PDFs
Found 5 PDFs.
Uploading PDF to MinerU: /tmp/pdf_batch_001_sptzvvc2/pdfs/0001-16-Nomura-China Power Equipment-Riding the global power equipment supercycle-260527.pdf
Uploading PDF to MinerU: /tmp/pdf_batch_001_sptzvvc2/pdfs/0002-17-Nomura-India Metal-Aluminium- China shutdown fears lift prices-260527.pdf
Uploading PDF to MinerU: /tmp/pdf_batch_001_sptzvvc2/pdfs/0003-18-Bernstein-China Semiconductors-China Semicap- 2025 WFE Competitive dynamics in China-260528.pdf
Uploading PDF to MinerU: /tmp/pdf_batch_001_sptzvvc2/pdfs/0004-19-Bernstein-Global Luxury Goods Hermès- The Secondhand Pricing Tracker-May 2026-260527.pdf
Uploading PDF to MinerU: /tmp/pdf_batch_001_sptzvvc2/pdfs/0005-20-BofA Securities-Equity Strategy-China-Light positioning- watching catalysts-Singapore investors- feedback-260526.pdf
MinerU batch_id=f76651be-84a6-4e44-a2a7-6a48db97ea43
MinerU states: pending, done, pending, pending, waiting-file
MinerU states: pending, done, pending, pending, done
MinerU states: running, done, pending, pending, done
MinerU states: running, done, pending, pending, done
MinerU states: running, done, pending, pending, done
MinerU states: running, done, pending, pending, done
MinerU states: running, done, pending, pending, done
MinerU states: running, done, running, pending, done
MinerU states: done, done, running, running, done
MinerU states: done, done, running, running, done
MinerU states: done, done, running, running, done
MinerU states: done, done, running, running, done
MinerU states: done, done, running, running, done
MinerU states: done, done, running, running, done
MinerU states: done, done, running, running, done
MinerU states: done, done, running, running, done
MinerU states: done, done, running, done, done
MinerU states: done, done, running, done, done
MinerU states: done, done, done, done, done
Done. Results written to /home/runner/work/rpt_edit/rpt_edit/xhs_notes/dropbox/260528/shard_3; successful_reports=5; mineru_timed_out=False
All batches completed successfully. Generated 5 report directories.
