Found 12 total PDFs; shard 0/40 has 5 PDFs, skips 0 already converted, will process 5 PDFs with batch_size=5.
Running batch 1: 5 PDFs
Found 5 PDFs.
Uploading PDF to MinerU: /tmp/pdf_batch_001_2khpu5e0/pdfs/0001-01-Deutsche Bank-Asia Macro Strategy Notes-RMB- Postcard from China-260522.pdf
Uploading PDF to MinerU: /tmp/pdf_batch_001_2khpu5e0/pdfs/0002-02-Deutsche Bank-Global Automotive-Key Takeaways from Global Auto- Mobility- and Robotics Conference-260522.pdf
Uploading PDF to MinerU: /tmp/pdf_batch_001_2khpu5e0/pdfs/0003-03-Goldman Sachs-Asia Economics Analyst-RMB Internationalization Revisited-Beyond Trade Settlement-260522.pdf
Uploading PDF to MinerU: /tmp/pdf_batch_001_2khpu5e0/pdfs/0004-04-Goldman Sachs-CONNECTING THE DOTS- Rates volatility- AI investment vs. discipline and Oil capex plus key research-260522.pdf
Uploading PDF to MinerU: /tmp/pdf_batch_001_2khpu5e0/pdfs/0005-05-Goldman Sachs-Europe- Tracking the European Economic Implications of the Middle East Conflict -22 05--260522.pdf
MinerU batch_id=71bde3f1-18ec-4800-a6f5-d5715b45bf4b
MinerU states: pending, pending, pending, pending, waiting-file
MinerU states: done, pending, pending, pending, pending
MinerU states: done, pending, pending, pending, pending
MinerU states: done, done, running, running, running
MinerU states: done, done, running, running, running
MinerU states: done, done, done, done, running
MinerU states: done, done, done, done, running
MinerU states: done, done, done, done, running
MinerU states: done, done, done, done, running
MinerU states: done, done, done, done, done
Done. Results written to /home/runner/work/rpt_edit/rpt_edit/xhs_notes/dropbox/260524/shard_0
All batches completed successfully.
