Found 82 total PDFs; shard 11/40 has 5 PDFs, skips 0 already converted, will process 5 PDFs with batch_size=5.
Running batch 1: 5 PDFs
Found 5 PDFs. MinerU token slots available=2.
MinerU attempt 1/4 using MINER_U_2: submitting 5 PDF(s).
Uploading PDF to MinerU: /tmp/pdf_batch_001_vtsiwq5a/pdfs/0001-59-J.P. Morgan-TSMC-2330.TW-2Q26 preview- Stronger GMs and aggressive capacity plans to match rising AI demand- Raise PT to NT-3100-260707.pdf
Uploading PDF to MinerU: /tmp/pdf_batch_001_vtsiwq5a/pdfs/0002-60-Jefferies-China - Internet AI Series -55-Hy3 Official Version Release-Token Trends- Lock-Up Expiry-260706.pdf
Uploading PDF to MinerU: /tmp/pdf_batch_001_vtsiwq5a/pdfs/0003-61-Morgan Stanley-ASML Holding NV The Catalyst Path Ahead-260707.pdf
Uploading PDF to MinerU: /tmp/pdf_batch_001_vtsiwq5a/pdfs/0004-62-Morgan Stanley-Asia Summer School- Power- Changing Face-260706.pdf
Uploading PDF to MinerU: /tmp/pdf_batch_001_vtsiwq5a/pdfs/0005-63-Morgan Stanley-ABS Strategy-ABS Dashboard July 2026- Spotlight on Unsecured Consumer Vintage Performance-260707.pdf
MinerU attempt 1 using MINER_U_2 batch_id=7de4fd6c-d134-498a-8551-d511f741c933
MinerU states: running, running, running, pending, waiting-file
MinerU states: done, running, done, done, running
MinerU states: done, done, done, done, done
/home/runner/work/rpt_edit/rpt_edit/scripts/pdf_to_xhs_batch.py:285: DeprecationWarning: Image.Image.getdata is deprecated and will be removed in Pillow 14 (2027-10-15). Use get_flattened_data instead.
  pixels = list(gray.getdata())
Skip non-chart visual asset 35bc3bde61615b791b138396ce1667951b764e0b234ed85cb4da6f5f613187fe.jpg: score=0;square_without_chart_hint,edge:0.29,large
Skip non-chart visual asset c22b15ba5d49ec0170db50971b2a99e5763da1698bdc463192f38ec51e2d9b05.jpg: score=-100;too_small:987x134
Skip non-chart visual asset bfc2f9c1341d840ac9428df9eaaf10e5baae3598ab18b5bd58a84c1dac8ccb80.jpg: score=-100;too_small:626x87
Skip non-chart visual asset 0e4e49e2fa50afc0b69f7ba5be406c5da1b57a266b7e46d967d4885c827663d5.jpg: score=1;odd_ratio:5.98,edge:0.31,contrast,large
Skip non-chart visual asset 0206daee491fcbfa6aef6c04c0d725f2d609b18b7edc33aee58f0cec6f3a2860.jpg: score=1;chart_ratio,square_without_chart_hint,edge:0.18,large
Skip non-chart visual asset 0af14b61d198743e3cf49fbc2c93e2186163c3a8cf56e8059f7a62210b5c42b5.jpg: score=-100;too_small:1457x170
Skip non-chart visual asset e67ddd06b6f6670c242f325f9b68fea74d8354dee1a70682c48bda50df22343b.jpg: score=-100;too_small:451x90
Skip non-chart visual asset a4b118e7af1632893a81c0fd415a49f846d077b4bb97624d6b329b347d9358ed.jpg: score=1;chart_ratio
Skip non-chart visual asset 189db30acd030a7097b2db06e9c92d4ca476c4777c0638ef1189f4b0510912ae.jpg: score=-1;square_without_chart_hint,edge:0.30
Skip non-chart visual asset 9d7c37ab0193cf22310cced9f445cad961dbf4c276c3203dbef131c19327c8bc.jpg: score=-100;too_small:448x171
Skip non-chart visual asset bb915dea4a6c843bc01d590e497c492ff6ddcceb823ac08ff16e96c0996b323a.jpg: score=0;square_without_chart_hint,edge:0.36,large
Skip non-chart visual asset defd4eaad61a26b8cd3e7757aaf56d673afa7bfb4422cb16169673e4b35845a3.jpg: score=-100;too_small:312x256
Skip non-chart visual asset f995e7c2c8a7424069b1144fbdff8560bce0eca0bfd7b8764a7a15c3da7d4338.jpg: score=-100;too_small:312x257
Skip non-chart visual asset c90a1657826e7cc49419ce13c9bb06434f890ffb08fdd6b21e437e7c0c26acbc.jpg: score=-100;too_small:923x157
Skip non-chart visual asset d3131e7a228ced745bb97f6148c68a4a816dff4c372a5bc423051cd6a7c8fdc0.jpg: score=-1;odd_ratio:5.73,edge:0.20
Skip non-chart visual asset 0106bd860fff15e4b2ba76d48050369a833296f83703338f62a989fea72fd112.jpg: score=-100;too_small:309x251
Skip non-chart visual asset ad9a2e8f666fb3553eaa671bd801f0d6e5bbd542230e4e6d918b217e986b4b68.jpg: score=-100;too_small:640x90
Skip non-chart visual asset a7b763742e7b0766cef19ea28b5c867fb174920d93ace7882ac3595228016ca8.jpg: score=0;square_without_chart_hint,edge:0.23,large
Skip non-chart visual asset fae699cdfb764200f0a1c18c229638ba030739ebd5536c4b8bd03a7cd4996964.jpg: score=1;chart_ratio
Skip non-chart visual asset eeed610e5a3650d4803e1f01f0c069ec6ebc19218a900469ba4399277113fb47.jpg: score=1;chart_ratio
Skip non-chart visual asset cc4956bb26634d52623749f18c591d0d09faf4081409706a0e6ff5709fdbaa27.jpg: score=2;chart_ratio,large
Skip non-chart visual asset d1dfedd07759cf2def89a086d892916c5d0f2d3d80c3a4b9dde0c5d7362f6893.jpg: score=1;chart_ratio
Skip non-chart visual asset 477f890305242db0bfefa73639d479c2dcc0a4aef11e5c04fe06a1e0ee16fbd8.jpg: score=2;chart_ratio,square_without_chart_hint,edge:0.20,contrast,large
Skip non-chart visual asset bc1c8c8988523d2727e133c37f830b31c3979200412dd8c12469f3051f109d70.jpg: score=2;chart_ratio,contrast
Skip non-chart visual asset cac3ad2b5d676c8ba46c9e0f73d62f813ffe582767eba3a470e0b7ad93b6fca4.jpg: score=1;chart_ratio
Skip non-chart visual asset 006b52aef5713455ef4cb14a30df726635cfddab8da22a712ac0da8adbfdc89d.jpg: score=-100;too_small:315x257
Skip non-chart visual asset e7243968af10a90b45494f803ecdb6f21e73e963face6960b707b03735b4ede9.jpg: score=1;chart_ratio
Skip non-chart visual asset fc42c12a2058bf5f1f64bfd2962152c6c484611347ad81210f16fd5baf86bb18.jpg: score=2;chart_ratio,large
Skip non-chart visual asset 054bd527c5f3ab07acf00d9548bb09387e25a14f33844f720da12bbc46ae78a5.jpg: score=-100;too_small:306x254
Skip non-chart visual asset 99570e41392ad27ca0466a40c1497da934225bce2a427993bfd0426f708ab835.jpg: score=1;chart_ratio
Skip non-chart visual asset 7d5b893b14da6c097d33892a995c07db846f01953732f8f14e36e22055b6fd7b.jpg: score=-100;too_small:312x260
Skip non-chart visual asset f447fd255f7dc66328c1e300f03eeb23202c5af7d296ea3fa276189ad4ab2198.jpg: score=2;chart_ratio,contrast
Skip non-chart visual asset d03e1841d90586f8cff378db796e995bbce1b956d321fb70fc358404e0d71881.jpg: score=1;chart_ratio
Skip non-chart visual asset 0a5176f89df3805360cdba54f13023f244590cc27662980de92320cd06c87c90.jpg: score=-100;too_small:929x171
Skip non-chart visual asset 3ca9cc33fba0cf9d3e42af119bff8439827a510462ab807c238ff8b48bf48000.jpg: score=1;chart_ratio,square_without_chart_hint,edge:0.22,large
Skip non-chart visual asset d35786ba1d327f70774237fc60608482c7148d9c0dfb6319c48c3b79504eed7e.jpg: score=2;chart_ratio,contrast
Skip non-chart visual asset 8c9869aee72e2bbcdb2f9c0ea405e6a079337033da71f31f0824816cf5a87e70.jpg: score=-100;too_small:410x220
Skip non-chart visual asset 087cf71023f6e735b75de6dc5abade63912d369cf1a91dcfa9b80912e978ceb7.jpg: score=-100;too_small:312x257
Skip non-chart visual asset 8d9d58a6ee80bc8bd1ab9227f12fc8f6d1be8d13d7f279b0f51cecf686ea0cef.jpg: score=2;chart_ratio,contrast
Skip non-chart visual asset 7450b553317ff8effe292ec4aaae76b6f6b293df2a7187584910bd03441868dc.jpg: score=-100;too_small:926x154
Skip non-chart visual asset 5dc76d324964b14b2f364769313e8cfd011644a965e8c22608ca07e35f72c54f.jpg: score=-100;too_small:312x257
Skip non-chart visual asset 134da6411727c7248d99ceb77054304fdc03574a8a46a6545b87cc8c5864803f.jpg: score=1;chart_ratio
Skip non-chart visual asset fc4ef1bad0aa88be6e0f4bc1fb571eea62a37b921f158789e7866b07bbbdf3fd.jpg: score=0;square_without_chart_hint,edge:0.18,large
Skip non-chart visual asset 439b729d65efe06e2ad87a0446de8b55654ba5f0273fa2defdab29d41f29a093.jpg: score=-100;too_small:312x254
Skip non-chart visual asset c23b50180161a6ecc95ad108c41b85c2cc764012ad79f9ee87405a871a00097d.jpg: score=1;chart_ratio
Skip non-chart visual asset e78a79754a3d48c3e35eccc6f453fce158fa62b308106e5938aa34b0f344154f.jpg: score=-100;too_small:926x171
Skip non-chart visual asset 7b21061d57ace470ca46b98bc1fd74dfcf70d540157e1758cc224b1449363508.jpg: score=2;chart_ratio,square_without_chart_hint,edge:0.27,contrast,large
Skip non-chart visual asset 9596d9cb582e4b8f3f39b6ecb6672c8f610160f6347ef9426a885f0261281d26.jpg: score=2;chart_ratio,contrast
Skip non-chart visual asset c029149ffabc403fa9983f883274a377072cf58d989a0b5c2d5dc1dd69e6463d.jpg: score=-100;too_small:306x256
Skip non-chart visual asset 85d9b3e05cd021e70c19e344b237b4bedf2c839c5d014223f9051c358d3af998.jpg: score=-100;too_small:315x254
Skip non-chart visual asset fa99d7a8c9f5f0a64173c093646d739753c84fdd2af7a3633372f153432ef2d6.jpg: score=-100;too_small:312x251
Skip non-chart visual asset 2e1cc87b11dba7eb4418d3a38180ac091d64e4b095d8bf511bb2efb47513cb16.jpg: score=-100;too_small:410x220
Skip non-chart visual asset be5e95726940d2d13e6381a1cf2152cb475021fc5f14ce127166453cba1ddd6b.jpg: score=-1;chart_ratio,square_without_chart_hint,large
Skip non-chart visual asset 4e9a0b8358d51327531867a0794d26fb69fefe08267ccc0178e7e2145d4c685b.jpg: score=-100;too_small:410x117
Skip non-chart visual asset 33df3d86cd2f2553cd7df41907c3e1e97dbacbcaf833c3926c2acb6d9f4d75cf.jpg: score=1;large
Skip non-chart visual asset 946803de6f5a65ab27200087f8661301e7e03fe9e5bf99b7daa5c33feb682673.jpg: score=0;chart_ratio,square_without_chart_hint,edge:0.38
Skip non-chart visual asset 3f337ec80a85a892016a840197c311b3cdf253888ebe6bb6bd89340ac37f45e2.jpg: score=-100;too_small:900x112
Skip non-chart visual asset 9fcc0d6834fc835f2a236cc246aac793199bc127d49bea7544683640107cee97.jpg: score=2;chart_ratio,large
Skip non-chart visual asset 22243492cf3f662151f52e95480b98820831976ac65fcffa62fada7217d0a261.jpg: score=-100;too_small:512x114
Skip non-chart visual asset ef0b46e548ec90e04a4ceabca9e3bd86171ca2505c0d5bef95a8174e8787cdfa.jpg: score=-100;too_small:676x143
Skip non-chart visual asset d76f2d66e48893757839013cee8b0a85fd1b9154fea7daa8fe2ef4d0eb787e24.jpg: score=0;chart_ratio,square_without_chart_hint,edge:0.11
Skip non-chart visual asset 12bab28fab387f7369a69ba6a7729b7bffd549394db270a512783094c2cc9c86.jpg: score=-100;too_small:434x106
Skip non-chart visual asset f4a33e3efad29d047d9133b82cb28414fe3b6e9b63bf1cd895e66b3f8c879543.jpg: score=-100;too_small:448x165
Skip non-chart visual asset 592d036d3bbf0384a1d4bff9b9b75972599ff40bf340061656f9e384292f65f5.jpg: score=-100;too_small:415x153
Skip non-chart visual asset 556be6ff8e06d420de7fdc5fffa4a06c935aaf815e666dfe234cc24413dfc798.jpg: score=-100;too_small:167x118
Skip non-chart visual asset f1c851f7fb069be16dedc53661ad31a9be4523a4cc8c43afed07de62d586ae26.jpg: score=-100;too_small:179x56
Skip non-chart visual asset 987d9d788f0077ccc1b9b98b4fe35e8345ed952d7758fd9b38e5bb119bdc8846.jpg: score=1;chart_ratio,square_without_chart_hint,edge:0.19,large
Skip non-chart visual asset a12a3aca65e30cd104764323d6a2830cb029730f61b786434300b095ecf8c395.jpg: score=-100;too_small:162x106
Skip non-chart visual asset b34a43bdda5c00cb7c9a0fb11f971ee082b04e1f92dc854548e6a49e36538a70.jpg: score=-100;too_small:162x95
Skip non-chart visual asset 6f981e6a5c9b6e372510d70efe8478c0ddc479b0a539b13c74a03f9ddc2eb556.jpg: score=-100;too_small:184x120
Skip non-chart visual asset f4a554e9ecf146fa27468fc965ee33aa39bdd2ddc69cdd794b298893aa12b5ec.jpg: score=-100;too_small:148x48
Skip non-chart visual asset 95a816e1655fd2ef7b84745e4b5ad400f4111fc859b15a3a8a3275f32ac2b0c3.jpg: score=-100;too_small:164x112
Skip non-chart visual asset f0468126a431a15a193f5c513ad95c4721678ec87349b882c584054663b39ef2.jpg: score=-100;too_small:512x134
Skip non-chart visual asset 9b327e6acc6817d110e2d68156fb577329835188c87b6f68db64585ba20e7bc8.jpg: score=-100;too_small:168x114
Skip non-chart visual asset 74df88c933539d6fabc18dc99b55da77b139ea263013f3346703843c674b7d56.jpg: score=-100;too_small:120x31
Skip non-chart visual asset d0ae2fee11978f13841427d63698670b572cb9e59d18772d715760a88419947d.jpg: score=-100;too_small:181x54
Skip non-chart visual asset c6d1a1ef2374a54e55d65186576d0f0eee90e2982a71e2537520ed1f7e3ae250.jpg: score=-100;too_small:187x75
Skip non-chart visual asset d434d4c0175418d7ae35bb991361e16763f1938b7534ed541e3c84352d3bd1e8.jpg: score=-100;too_small:1812x165
Skip non-chart visual asset 5095cab65b39b39a76198a8ed4bedef78687809811aaba9e614756568780ed85.jpg: score=-100;too_small:181x45
Skip non-chart visual asset 3024d6e569fb7434bc96c1e54819819e92bfe7e69bb63649af6fac1fbbb4dbd9.jpg: score=1;chart_ratio,square_without_chart_hint,edge:0.25,large
Skip non-chart visual asset 4b5c43620baa33bcf0818cdf034d71613e0e116592070f4b3cc207c9d11b46df.jpg: score=-100;too_small:176x59
Skip non-chart visual asset 723b2e87b64e0871853854d24e76b12779b8fa5f587c72c1d2ce9d669d329777.jpg: score=-100;too_small:159x120
Skip non-chart visual asset 9a627f64137578120a732e106b7973e312983a662859762a84ffa3ab741e85ff.jpg: score=-2;odd_ratio:6.73,large
Skip non-chart visual asset 820473c637827f1685c31004eafc76da90bf2ec5b18ada2d28feec05d06d47d3.jpg: score=1;square_without_chart_hint,edge:0.18,contrast,large
Skip non-chart visual asset 207f05307d23d3083e134f579e5509e18cd89f25bf8034c50fbba344e761350a.jpg: score=-100;too_small:181x62
Skip non-chart visual asset 7443012dba338ba3b390167bb80fd138919d499cbbae4ff7f17fe90c21133eaf.jpg: score=0;odd_ratio:6.46,edge:0.10,large
Skip non-chart visual asset ed47dd1d8719f0966a298dd1f1608ab993a365df2dca3a3b31738cc588d23a55.jpg: score=-100;too_small:168x59
Skip non-chart visual asset b0069bf79bd1d8cd570df203e367d123eb1ebedb75d4d7d0b9a24ea46d2c27bd.jpg: score=-100;too_small:171x115
Skip non-chart visual asset 6bb8a29e3772636c6b982ce7f0995cb1edb04b6146f0ad415c23fe288e27d037.jpg: score=-100;too_small:162x51
Skip non-chart visual asset 914a82f472c2ff1b155194621783a4453fa62c372f16ae2f35de7c25b29c96ca.jpg: score=1;square_without_chart_hint,edge:0.32,contrast,large
Skip non-chart visual asset 8afe228ea18b41da0ebbcb2bf2de77603d9a1a637e8172432187fe55fb9da9d7.jpg: score=-100;too_small:178x85
Skip non-chart visual asset a8cc21b8d7a0fafa12af00e31e3af3a80115b7d2fd315470a1345dc18cd5fdc6.jpg: score=-100;too_small:142x93
Skip non-chart visual asset f9e4ad0c0d0519390a234c9ed1e667d7e4a224d28b362e4d68b17d77c5d18071.jpg: score=-100;too_small:129x46
Skip non-chart visual asset 734641117c2544fa6ba064a0fcfa341d1fb1fe4f7685dca0782d5dbcee4dc526.jpg: score=-100;too_small:148x121
Skip non-chart visual asset 7a2e706442a5e41d1364c23d5ab1961a747ac411a2dc9367aaede6c269d5444e.jpg: score=-100;too_small:181x115
Skip non-chart visual asset 7b7ddd9c48ea00b017467bd4fa6ffa93b937871e67b0ca220e81a64dee533310.jpg: score=-100;too_small:148x39
Skip non-chart visual asset e2d0e5698c1f84aef37896e103d3c1fd65e3fd8aad772641ad6097e4d35c1ac4.jpg: score=-100;too_small:181x120
Skip non-chart visual asset df67fc25282b6f84e4c76df7beb6f1df9c209b53c3b8679e970fc0855de895ca.jpg: score=-100;too_small:156x43
Skip non-chart visual asset f03f39321be840401a1a68391094043d7d3d79c06ab3f72372166a26ed807deb.jpg: score=-100;too_small:184x42
Skip non-chart visual asset bac9e54dbc9e5541efed027fa2ebd638dcb0ea9b3243877ff855a48027629413.jpg: score=-100;too_small:109x40
Skip non-chart visual asset 78203a2318a87ef9f700fbb20dd4b6146072e03927ad283945bd438133cd2c43.jpg: score=-100;too_small:168x76
Skip non-chart visual asset 95b9030f203aa9fa65c2874f016d0a29add4457fb401f3e753a1a3ca9e574206.jpg: score=-100;too_small:164x121
Skip non-chart visual asset c2d94d1100ed1ad01636ced7bd8c7eb126d7056b069767d30aba980f3b82df30.jpg: score=-100;too_small:176x109
Skip non-chart visual asset d8c6afe89669458c6f28b3f6bf1a414f96ba5f6d9df9a969a1585dea45e3a690.jpg: score=-100;too_small:151x39
Skip non-chart visual asset 93bba2c21ae6c2d1bf8529f55610aa6d0b8bc99203d08bf39dd20c21898d7505.jpg: score=0;chart_ratio,square_without_chart_hint,edge:0.18
Skip non-chart visual asset 5b63f3d02b6d737f03695f4300c5048a47802d7284714a567d576c01a2c2bb36.jpg: score=-100;too_small:170x45
Skip non-chart visual asset 66f90c9fe72ecc4fab1da514c8deed46dba4df440fc73b2fd2413e8b4a6d31b7.jpg: score=-100;too_small:740x120
Skip non-chart visual asset 2f830de4e5f43755908b7b13ca66c166c0e75eba3e27d77a42a334c248707244.jpg: score=-100;too_small:176x54
Skip non-chart visual asset af658193bccf65d47c40d1c67540cf919ed2b408a01ba7560356b36bfa097343.jpg: score=-100;too_small:170x92
Skip non-chart visual asset 2071ac774bb134716829d11c67557775a14eb8569f6ac1fc6de45f622549e8cd.jpg: score=-100;too_small:173x115
Skip non-chart visual asset be5edddebef364cc84f84445264ed5edcded1fe9b80d60c73cc0526fdfc25181.jpg: score=-100;too_small:182x109
Skip non-chart visual asset 1a04128ca06583576a5e74423cad9de9400551acced71e2594476a17850a195d.jpg: score=-100;too_small:170x51
Skip non-chart visual asset 9c7576b07a8637ad50a3addc90d60a467433ffd3a4d7122eef946119bc7db0d3.jpg: score=-100;too_small:162x37
Skip non-chart visual asset 58a7d4238be93dcc9006c529eb2ed5d92bdc8e34cf254128ad66f3eb1f310542.jpg: score=-100;too_small:167x79
Skip non-chart visual asset ce943a2b3e4c5ea0aa9fe12fb14461cf73cbeede635394aa6afde2eaa3293e6d.jpg: score=-100;too_small:137x82
Skip non-chart visual asset 7af9a4de746f56ca01a1d6eff41522eabc39896f2d35b0269f25a4c763bdea84.jpg: score=-100;too_small:129x34
Skip non-chart visual asset 1d446d803357c112568f71cbdc05c1ce9e1dc0e38a8a2def7d9191b5fbf8951e.jpg: score=-100;too_small:179x112
Skip non-chart visual asset baf938d94f2b934b50b8818e72a61712fc07695b00128741853b2d928f462cad.jpg: score=1;square_without_chart_hint,edge:0.12,contrast,large
Skip non-chart visual asset 0a6ef59ae310692eceff93b927f11af7d85a85a5ccaae50f9c3882f46f0d6785.jpg: score=-100;too_small:175x87
Skip non-chart visual asset b15c4fafafe9ec67d73f973dd3dfc266d2a6b451206390ee87aba729f59bcbf6.jpg: score=-100;too_small:173x120
Skip non-chart visual asset 895cb546c60668f245000b9d47dcf2c10cd8fb73183220cbf6db9c6b8a677b6a.jpg: score=-100;too_small:150x37
Skip non-chart visual asset f760755783d538bec5643955fc3f18213ba7b83fb156594c68548ef7c9993dd0.jpg: score=-100;too_small:165x65
Skip non-chart visual asset bb3aecb3471350e966a23fb2baf2a270df8bf16ae8267cbae502998ad2f07805.jpg: score=-100;too_small:159x110
Skip non-chart visual asset 26b5af6fc626f8b21f4e0ea7de79920a3c22fb3645c012df879d8af7a9eba92c.jpg: score=-100;too_small:154x76
Skip non-chart visual asset 39ef93b0e1e5f123a7b8cbf4cc594f9cf676ded29f76b966cdfc202b8e61d402.jpg: score=-100;too_small:178x109
Skip non-chart visual asset 8d24edf1e28eb8d74dc6aac621e34a918e9de404e530ec43df80d8f78172f451.jpg: score=-100;too_small:162x82
Skip non-chart visual asset eee1e83f63430de869d4e0c7134ce9a849ae72e30830712ec100e63e776be0c8.jpg: score=-100;too_small:100x109
Skip non-chart visual asset f94dc573db948709253ca3f3d51ac96fd34a00df3868c79bc9328881678763d7.jpg: score=-100;too_small:160x46
Skip non-chart visual asset d50500ea2dea9041ed269eb18e98b59aba6430f3cb2af44ee697bacefc931c0b.jpg: score=-100;too_small:101x40
Skip non-chart visual asset 2fff0c6b8b92c475ba931a596118cfa89bf47f791c92115a5db993b7af1675f9.jpg: score=-100;too_small:143x73
Skip non-chart visual asset 851fc32e372de9b775ee0c42ede46c6af08bcb3c5df7c8660992776407fa388e.jpg: score=-100;too_small:148x48
Skip non-chart visual asset da941b06a5181b11f3c541994a3b7f91bf898a7fc3bfaf823e33b770f9fdf802.jpg: score=-100;too_small:157x60
Skip non-chart visual asset a850553a2ec5983eb8ee4a158bf5c094e61d07d6da4ebe5661c7b28b44e97a85.jpg: score=-100;too_small:168x109
Skip non-chart visual asset fe71bd7b796c3505bd367daa230b233fe88cba81fb27814cec86e07ab4aec5b3.jpg: score=1;odd_ratio:5.38,edge:0.44,contrast,large
Skip non-chart visual asset e2fee8bbd13d6e3eeddb76b27d4b3e1b04fc3db2330ef0b39d49481a904aa441.jpg: score=1;square_without_chart_hint,edge:0.23,contrast,large
Skip non-chart visual asset 28be4b71cf1506af1b646345d43c7a02bf06877ffdd44ab612ba0d36c8422fbf.jpg: score=1;square_without_chart_hint,edge:0.21,contrast,large
Skip non-chart visual asset 03910dee769f8ab0926b763c5fe97aaa65f2d3849d0a9a4b6d809853ba7e77ad.jpg: score=1;square_without_chart_hint,edge:0.21,contrast,large
Skip non-chart visual asset 64837796fae8fbe5dda5f58815ad74c31bc86fead6b07b6fb914d0f04618d7d4.jpg: score=2;chart_ratio,square_without_chart_hint,edge:0.27,contrast,large
Skip non-chart visual asset 2ea16f3bde549c015e014d271380fefd817d5d054bce542466720b8d788ce2c8.jpg: score=1;square_without_chart_hint,edge:0.26,contrast,large
Skip non-chart visual asset 53c3dee00bf08e4865a2be0d3907b92219273cb33aab33b0e08e812a05cb727b.jpg: score=1;large
Skip non-chart visual asset 677e3c894013b65aac38b27b2f42a43dd9f6ba24dcc3c81e30f125a64d39c051.jpg: score=-100;too_small:434x198
Skip non-chart visual asset 2d30c2cd9ad574a6923ca9899ceac028b75f9c04cf0bc826fc081d63fe5baa52.jpg: score=-100;too_small:439x196
Skip non-chart visual asset b4014e554595475e01e32b0f41e4474bd5f70c3bbf35c9dd1d577764ab7c82ad.jpg: score=1;chart_ratio,square_without_chart_hint,edge:0.20,contrast
Done. Results written to /home/runner/work/rpt_edit/rpt_edit/xhs_notes/dropbox/260708/shard_11; successful_reports=5; mineru_timed_out=False; mineru_attempts=1
All batches completed successfully. Generated 5 report directories.
