Found 39 total PDFs; shard 1/40 has 5 PDFs, skips 0 already converted, will process 5 PDFs with batch_size=5.
Running batch 1: 5 PDFs
Found 5 PDFs.
Uploading PDF to MinerU: /tmp/pdf_batch_001_lbvxozcc/pdfs/0001-06-Goldman Sachs-Japan Economic Flash- March Data Roundup- Raising Our Final 2026Q1 Real GDP Tracking Estimate to -1.3- QoQ Annualized-260514.pdf
Uploading PDF to MinerU: /tmp/pdf_batch_001_lbvxozcc/pdfs/0002-07-Goldman Sachs-Natural Gas Comment- Preliminary Signs of Asia LNG Demand Recovery Keep Risks to 2H26 TTF Skewed to the Upside-260514.pdf
Uploading PDF to MinerU: /tmp/pdf_batch_001_lbvxozcc/pdfs/0003-08-Goldman Sachs-Oil Tracker-US Gasoline Market Tightening- Global April Deficit May Be Less Large Than Expected-260514.pdf
Uploading PDF to MinerU: /tmp/pdf_batch_001_lbvxozcc/pdfs/0004-09-JPM-Flows - Liquidity Revisiting equity supply and demand from the coming IPOs-260513.pdf
Uploading PDF to MinerU: /tmp/pdf_batch_001_lbvxozcc/pdfs/0005-10-Nomura-Asia Insights-China- Credit growth slowed again in April-260514.pdf
MinerU batch_id=602838b1-8f89-4cdf-8560-2f86134423f1
MinerU states: pending, running, pending, pending, waiting-file
MinerU states: running, done, running, running, done
MinerU states: running, done, running, running, done
MinerU states: running, done, running, running, done
MinerU states: running, done, running, running, done
MinerU states: running, done, done, running, done
MinerU states: done, done, done, running, done
MinerU states: done, done, done, running, done
MinerU states: done, done, done, running, done
MinerU states: done, done, done, running, done
MinerU states: done, done, done, running, done
MinerU states: done, done, done, running, done
MinerU states: done, done, done, done, done
Done. Results written to /home/runner/work/rpt_edit/rpt_edit/xhs_notes/dropbox/260515/shard_1
All batches completed successfully.
