Sanitized 53 generated text files before finalization.
Generating Xianyu note for 0001-26-Morgan-Stanley-Brands-US-Marketing---What-s-the-Feedback---260628
Generating Zhihu article for 0001-26-Morgan-Stanley-Brands-US-Marketing---What-s-the-Feedback---260628
Generating Xianyu note for 0001-26-Morgan-Stanley-Greater-China-Technology-Hardware-GlassBridge-and-Fiber-t
Generating Zhihu article for 0001-26-Morgan-Stanley-Greater-China-Technology-Hardware-GlassBridge-and-Fiber-t
Generating Xianyu note for 0002-27-Morgan-Stanley-Brands-US-Marketing---What-s-the-Feedback---260628
Generating Zhihu article for 0002-27-Morgan-Stanley-Brands-US-Marketing---What-s-the-Feedback---260628
Generating Xianyu note for 0002-27-Morgan-Stanley-Greater-China-Technology-Hardware-GlassBridge-and-Fiber-t
Generating Zhihu article for 0002-27-Morgan-Stanley-Greater-China-Technology-Hardware-GlassBridge-and-Fiber-t
Generating Xianyu note for 0003-28-Nomura-USD-CNY-fix-model-Projection--6.7882-260630
Generating Zhihu article for 0003-28-Nomura-USD-CNY-fix-model-Projection--6.7882-260630
Generating Xianyu note for 0004-29-CITI-Overcoming-Gridlock-2.0--Solving-Power-Bottlenecks-to-Drive-AI---En
Generating Zhihu article for 0004-29-CITI-Overcoming-Gridlock-2.0--Solving-Power-Bottlenecks-to-Drive-AI---En
Generating Xianyu note for 0005-30-Goldman-Sachs-TRACKING-U.S.-SUPPLY-CHAIN-CONGESTION-GS-Supply-Chain-Cong
Generating Zhihu article for 0005-30-Goldman-Sachs-TRACKING-U.S.-SUPPLY-CHAIN-CONGESTION-GS-Supply-Chain-Cong
Generating Xianyu note for 0005-30-Morgan-Stanley-Asia-Three-Actionable-Ideas-260628
Generating Zhihu article for 0005-30-Morgan-Stanley-Asia-Three-Actionable-Ideas-260628
Normalized 16 WeChat article endings.
Sensitive content guard import failed; skipping.
Enforced Xianyu hard constraints on 0 files.
Sanitized 0 generated text files after finalization.
