Found 64 total PDFs; shard 10/40 has 5 PDFs, skips 0 already converted, will process 5 PDFs with batch_size=5.
Running batch 1: 5 PDFs
Found 5 PDFs. MinerU token slots available=2.
MinerU attempt 1/4 using MINER_U_2: submitting 5 PDF(s).
Uploading PDF to MinerU: /tmp/pdf_batch_001_bjv4sd4y/pdfs/0001-51-Morgan Stanley-China Autos - Shared Mobility-Tighter social insurance contributions enforcement - Time to reprice the hidden cost--260715.pdf
Uploading PDF to MinerU: /tmp/pdf_batch_001_bjv4sd4y/pdfs/0002-52-Morgan Stanley-Estun Automation Co Ltd-002747-2Q26 Prelim Result Beat Consensus- but Below MSe-260715.pdf
Uploading PDF to MinerU: /tmp/pdf_batch_001_bjv4sd4y/pdfs/0003-53-Morgan Stanley-China Hong Kong Consumer-China Retail Sales - Jun 2026- Momentum Remains Uneven-260715.pdf
Uploading PDF to MinerU: /tmp/pdf_batch_001_bjv4sd4y/pdfs/0004-54-Morgan Stanley-China Property-Property Data Deteriorated on All Fronts in June-260715.pdf
Uploading PDF to MinerU: /tmp/pdf_batch_001_bjv4sd4y/pdfs/0005-55-Morgan Stanley-FY GDP Trimmed to 4.6-- Faster Budget Rollout to Lift 2H Growth-260715.pdf
MinerU attempt 1 using MINER_U_2 batch_id=7df8e50e-8fab-44ff-a9ea-857fb460aa16
MinerU states: running, running, pending, pending, waiting-file
MinerU states: done, done, running, done, done
MinerU states: done, done, done, done, done
Skip non-chart visual asset 52136eab15f27479c9dfbcc69bc32c575d169a06527bdceb920017d58ab376a2.jpg: score=-100;too_small:515x134
/home/runner/work/rpt_edit/rpt_edit/scripts/pdf_to_xhs_batch.py:291: DeprecationWarning: Image.Image.getdata is deprecated and will be removed in Pillow 14 (2027-10-15). Use get_flattened_data instead.
  pixels = list(gray.getdata())
Skip non-chart visual asset 33121c44d9827f195cfb50bfb66f0672aa09c37532cb0e26dfb19e6c66f72019.jpg: score=1;chart_ratio,square_without_chart_hint,edge:0.27,large
Skip non-chart visual asset 44bdbf3f9e492b9c731979338fa7a4edce252f297c8e292391164daea866c980.jpg: score=1;large
Skip non-chart visual asset c892232df37d65be19f2d5892c887aeb8353e3fef26eb642978a008c0ffcd024.jpg: score=-100;too_small:865x81
Skip non-chart visual asset e3210d6606727975d8eb4d5869b384d5764221be75437f70c34c20c4e07b5928.jpg: score=-100;too_small:529x84
Skip non-chart visual asset 4522cfb965d2a3853c4a8db5de409411b4d83349720e862c748ae25c822abc4d.jpg: score=1;large
Skip non-chart visual asset 30aa62b843a12592d424336a31946e2fbc4fa3c258d97df6684cd1346122f46c.jpg: score=-100;too_small:518x137
Skip non-chart visual asset eee91f4c1e0cefd6a01dcb8cbbb45f542c8e85803d58d96ba93be1a8b08a813b.jpg: score=1;chart_ratio,square_without_chart_hint,edge:0.29,large
Skip non-chart visual asset 4be93f40e5accb15f098d39d34288b72e92264166c9df9216e5735591242ac92.jpg: score=1;large
Skip non-chart visual asset f96f6aee60c328520ffb531a62fa5b8fe883a37e62c20c9e15d00eb67f780b06.jpg: score=-100;too_small:515x135
Skip non-chart visual asset d46a0ec2d6b21f8a4356ea19193077bb2dfde34c0e431f8d3a9da4ba06260df4.jpg: score=1;large
Skip non-chart visual asset bdc7148c0edae5d7dacbe7572cd111b0342ec1499d5eb91b5860851f991eacdd.jpg: score=1;large
Skip non-chart visual asset 47f6a5ff80d1acc06cc1e07d3a1fe5be0df475327745bbc05e9955f5b6b192d9.jpg: score=-100;too_small:906x159
Skip non-chart visual asset ed7d1634be20b8c89d5b8e10a0721b77b44e0bcae32c23d8b9da9e90626b0038.jpg: score=-100;too_small:1298x37
Skip non-chart visual asset 40ae7feb144a7523a1817b04b382be8ff057275fe614c52351ea540e671cb353.jpg: score=-100;too_small:518x137
Skip non-chart visual asset 754619f62e54e7e4dffcede4a21cdac9c9bd6a43a5866fae60895cf1afa764de.jpg: score=1;chart_ratio,square_without_chart_hint,edge:0.33,contrast
Done. Results written to /home/runner/work/rpt_edit/rpt_edit/xhs_notes/dropbox/260717/shard_10; successful_reports=5; mineru_timed_out=False; mineru_attempts=1
All batches completed successfully. Generated 5 report directories.
