Found 14 total PDFs; shard 0/40 has 5 PDFs, skips 0 already converted, will process 5 PDFs with batch_size=5.
Running batch 1: 5 PDFs
Found 5 PDFs. MinerU token slots available=2.
MinerU attempt 1/4 using MINER_U_2: submitting 5 PDF(s).
Uploading PDF to MinerU: /tmp/pdf_batch_001_sxj9ucy7/pdfs/0001-01-Bofa-Global Memory Tech Weekly theme-Samsung correction- strong indicator- CXMT IPO- Nanya Tech upturn-260711.pdf
Uploading PDF to MinerU: /tmp/pdf_batch_001_sxj9ucy7/pdfs/0002-02-Bernstein-Japan Autos - Auto Parts- Japanese automakers- interest in humanoid robots appears to be re-emerging-260710.pdf
Uploading PDF to MinerU: /tmp/pdf_batch_001_sxj9ucy7/pdfs/0003-03-Bernstein-Volkswagen AG-VOW3.GR-Volkswagen- Na und- Some thoughts about the Future Plan-260710.pdf
Uploading PDF to MinerU: /tmp/pdf_batch_001_sxj9ucy7/pdfs/0004-04-CITI-China Materials-Glass Fiber - E-fabric - Weekly Snapshot - 20260709-260710.pdf
Uploading PDF to MinerU: /tmp/pdf_batch_001_sxj9ucy7/pdfs/0005-05-Goldman Sachs-Asia Pacific Technology- Semiconductors -Memory- Nanya Tech 2Q26 read-across- solid ASP growth and positive industry outlook-260710.pdf
MinerU attempt 1 using MINER_U_2 batch_id=2f309a82-8786-4c35-a318-19f578f007a0
MinerU states: running, done, running, running, waiting-file
MinerU states: running, done, done, done, done
MinerU states: done, done, done, done, done
/home/runner/work/rpt_edit/rpt_edit/scripts/pdf_to_xhs_batch.py:291: DeprecationWarning: Image.Image.getdata is deprecated and will be removed in Pillow 14 (2027-10-15). Use get_flattened_data instead.
  pixels = list(gray.getdata())
Skip non-chart visual asset 61c93e0d5ab8769a99de649b6a8e83d38d03727ac5dda43d7ce9a1e471eff69c.jpg: score=1;chart_ratio,square_without_chart_hint,edge:0.28,large
Skip non-chart visual asset e8bcf05058555e23da6979fbf99329f550f23426479af72dbc9cc6e0b7c168fa.jpg: score=1;chart_ratio,square_without_chart_hint,edge:0.24,large
Skip non-chart visual asset 64f01eed8f64fad0fcb543b135883cbfea077401f0c9313ad0134148c0af8c08.jpg: score=-100;too_small:1562x121
Skip non-chart visual asset 538062e265ef9764d8d7cbbb19dd20e7a66371dd71250d91ef5a35f30b53696d.jpg: score=0;odd_ratio:6.05,edge:0.11,large
Skip non-chart visual asset c36d76db2941a86e69ceef6fea643d272bf1f8529bef25fb870ea975f8d8c532.jpg: score=1;chart_ratio,square_without_chart_hint,edge:0.35,large
Skip non-chart visual asset 2924913904e5cc39c9a13cb8f9a51d0f8f2a77fe8bc26e3df213a037047020be.jpg: score=-100;too_small:1560x115
Skip non-chart visual asset 4297e2f8b5ec9e276247aa48409d607aa2dc0aaf2ed3fae9b07c6671d8acc3a9.jpg: score=0;odd_ratio:7.99,edge:0.38,contrast
Skip non-chart visual asset 410d78ef4cfbd320bbab3fd0fc0c918dccde9e857bb14a82f71d895ee0d23968.jpg: score=2;chart_ratio,square_without_chart_hint,edge:0.51,contrast,large
Skip non-chart visual asset e3d4b1093f5d84d6c3dc2740c86e2e9e857520790300ad26ffd48e772c6c1ab7.jpg: score=-100;too_small:982x140
Skip non-chart visual asset 500e314b242bde5f1b88e6d3c710ea6f4f4234b73ceff9cb34ed1a1ee5e2462d.jpg: score=1;chart_ratio,square_without_chart_hint,edge:0.19,large
Skip non-chart visual asset 4026926209b2a0ed12485b3d2499d1998af9bb71492174460101d4664dbcd1fc.jpg: score=1;chart_ratio,square_without_chart_hint,edge:0.16,large
Skip non-chart visual asset aa84d64de4e1907adf9bafd7e31464fdddcb85f6fedc7f9b8017770ac9d86927.jpg: score=1;chart_ratio,square_without_chart_hint,edge:0.23,large
Skip non-chart visual asset 4012215aec3ce5f11d070e144fe0ed451674f10618d8dba0b898af086a7c1163.jpg: score=1;chart_ratio,square_without_chart_hint,edge:0.37,large
Skip non-chart visual asset abac441c44d86ad890e4718e9a0533bfdcb8420f349b490f2051ec87438d810e.jpg: score=1;chart_ratio,square_without_chart_hint,edge:0.26,large
Skip non-chart visual asset 109a3759ffd312c1c867e7d510390b15b8abf60f47060e684e1982b3674de92b.jpg: score=-100;too_small:1532x151
Skip non-chart visual asset 1ad82c30d8e56eebeefabf4d12181d264317b2104b5f5af9ca7a2431ba02df0a.jpg: score=0;chart_ratio,square_without_chart_hint,edge:0.44
Skip non-chart visual asset da8f4d470907e8e54faf5b195ecd06487a60e98cf2b91b52da3460399a845b1a.jpg: score=0;odd_ratio:6.29,edge:0.11,large
Skip non-chart visual asset 3454fff240665b61c133907815979ae3293ed0ee2d24dac31c845708833290d7.jpg: score=0;odd_ratio:5.87,edge:0.10,large
Skip non-chart visual asset a6dcd91f6c4fc679a176b95b1d6e586b423c23b8a37d34b618948cd45b38b66f.jpg: score=2;chart_ratio,square_without_chart_hint,edge:0.20,contrast,large
Skip non-chart visual asset 1b27af9499f8382c9c252d4b83de8676476f623f6d40d1b3af15b9cd98243997.jpg: score=0;odd_ratio:7.67,edge:0.35,contrast
Skip non-chart visual asset 66941a46b9346e676cba96b9d8db2cdfb078318743119295f60bee9aa999a5d9.jpg: score=0;square_without_chart_hint,edge:0.27,large
Skip non-chart visual asset 05ec0f051e98129da0e7aeeeba9a31bff3d98db3b43ecc005204ac895f790893.jpg: score=0;square_without_chart_hint,edge:0.15,contrast
Skip non-chart visual asset fcc19881dcf6d75ac859d8eaa1033c021e513ab26cadb196efa65a0e3f1befbb.jpg: score=-100;too_small:293x528
Skip non-chart visual asset bfd31a44f8b03b849f6130603c193029bac410fc0a6aac109517c7d48bedfec9.jpg: score=-100;too_small:96x95
Skip non-chart visual asset 53eeeb5a0fa35bdf2b9a53419b105f0d5ad6720754b6093abd7465a6d1c1fe77.jpg: score=1;odd_ratio:4.97,edge:0.24,contrast,large
Skip non-chart visual asset b785abd1949f8f0236b1d530abc11293ee0055137e44ff1ed328a52cecca0549.jpg: score=0;chart_ratio,square_without_chart_hint,edge:0.24
Skip non-chart visual asset 81ded896de774babc73da1a62bd71bdeb6f56b61d95e4160a0e00d75085dce9b.jpg: score=1;square_without_chart_hint,edge:0.24,contrast,large
Skip non-chart visual asset df2182c36a8da05d35a72658d3573223a6b9b06d66c3e0906a4305e0402d1109.jpg: score=0;chart_ratio,square_without_chart_hint,edge:0.26
Skip non-chart visual asset 2ba368c6768233e7a349887c1221084d90b13d5a10f5b120001f4fa4bbebd945.jpg: score=-100;too_small:96x92
Skip non-chart visual asset 9774b886fb6a63b4905feed4ac4da66e19b48bbbd12c58ff0b2555422557887c.jpg: score=-100;too_small:96x96
Skip non-chart visual asset e6febca3b1069fe61983b84d89c80f19462f5c7cfd0345bc55e557cf007d588e.jpg: score=1;odd_ratio:4.99,edge:0.20,contrast,large
Skip non-chart visual asset c03e6ad7123b78c0018b30d63559b0583055b822e4a65bcd60e0ea0317b5f000.jpg: score=-100;too_small:1459x170
Skip non-chart visual asset f440705449b570bc253f93ce2af92574b9e24306e8f3a7351980c34ff258ae33.jpg: score=-100;too_small:93x96
Skip non-chart visual asset a4bb4a323367abb13681de504c1e609b072c6e41958e5e5d506d1eb0ebb59c2b.jpg: score=-100;too_small:1420x70
Skip non-chart visual asset d375541ec5284290a830f25aa8ff199485ad8bb689d395aea3534e5321d0886c.jpg: score=-100;too_small:93x92
Skip non-chart visual asset 90efb2c2d90acd2462d34ca50087830fa4465fa1de774bd07e0844d4977c7b84.jpg: score=-100;too_small:93x93
Skip non-chart visual asset 2b2c52383f0cdcb77467f343cda67dabf443d9ef4bfc4b6fd4ad959cabd8ddf6.jpg: score=-100;too_small:93x90
Skip non-chart visual asset b48eeb0c26ecc23bca52c04ea5eb4713e5d0f8dc8ecb5a782aeddad378c871d9.jpg: score=-100;too_small:1429x145
Skip non-chart visual asset fa8f4374cd4b2f6f62b95dc23f452f4e521b03ca8377e46f80923d90b3a96ecd.jpg: score=-100;too_small:1159x106
Skip non-chart visual asset f02e9b3752e0275e13d80718100bdde69c70227fad8c2aa008611f0756783679.jpg: score=1;chart_ratio,square_without_chart_hint,edge:0.31,large
Done. Results written to /home/runner/work/rpt_edit/rpt_edit/xhs_notes/dropbox/260712/shard_0; successful_reports=5; mineru_timed_out=False; mineru_attempts=1
All batches completed successfully. Generated 5 report directories.
