Found 33 total PDFs; shard 6/40 has 3 PDFs, skips 0 already converted, will process 3 PDFs with batch_size=5.
Running batch 1: 3 PDFs
Found 3 PDFs. MinerU token slots available=2.
MinerU attempt 1/4 using MINER_U_2: submitting 3 PDF(s).
Uploading PDF to MinerU: /tmp/pdf_batch_001_qiwje5d6/pdfs/0001-32-HSBC-Powering AI-The SOFC opportunity- undersupplied through 2030-260701.pdf
Uploading PDF to MinerU: /tmp/pdf_batch_001_qiwje5d6/pdfs/0002-33-Morgan Stanley-Wire - Cable-Our View on Recent Share Price Correction-260701.pdf
Uploading PDF to MinerU: /tmp/pdf_batch_001_qiwje5d6/pdfs/0003-34-Morgan Stanley-A Prisoner-s Dilemma- Too much space- too little demand-260702.pdf
MinerU attempt 1 using MINER_U_2 batch_id=9f206186-46b1-4287-bfcf-64f15cedc748
MinerU states: running, pending, waiting-file
MinerU states: done, done, running
MinerU states: done, done, done
Skip non-chart visual asset 18be5a62537442939929129dd9537d3168e7aa0ec67095545558719dcd13657c.jpg: score=-100;too_small:1071x162
/home/runner/work/rpt_edit/rpt_edit/scripts/pdf_to_xhs_batch.py:277: DeprecationWarning: Image.Image.getdata is deprecated and will be removed in Pillow 14 (2027-10-15). Use get_flattened_data instead.
  pixels = list(gray.getdata())
Skip non-chart visual asset ff8f364ae9882a13beb85e2613c7820aa8f9519660c78d3ae8d16a8b394a02a8.jpg: score=1;chart_ratio,square_without_chart_hint,edge:0.12,contrast
Skip non-chart visual asset 91e7d094e88aa093031d249ae39e7c0d9af33e10b75bb31edcdce0c54a902994.jpg: score=1;chart_ratio,square_without_chart_hint,edge:0.23,contrast
Skip non-chart visual asset 8c848be1d98b1afde52745301cd3477ddd1bfd233d2c2bb0fdd5010394a19373.jpg: score=-100;too_small:309x303
Skip non-chart visual asset 8bd84986be46a963a77cb662b912e8c083970308c8ee0133fb8498ed67af03e9.jpg: score=0;square_without_chart_hint,edge:0.38,large
Skip non-chart visual asset 733a9da04cde53771e344f4a4093d21368f973b28a5ba02bb7d10d78274e3d64.jpg: score=0;square_without_chart_hint,edge:0.46,large
Skip non-chart visual asset eba451bfd6744c36993ddcac562c219c469c126e266f4545d849ab59c28d11d9.jpg: score=-100;too_small:1068x159
Skip non-chart visual asset 1125e0b576b92dd6491a127879753f29d2668d161bc6fc727f8c806b0597a5bf.jpg: score=1;chart_ratio,square_without_chart_hint,edge:0.15,contrast
Skip non-chart visual asset c6215cdb2960b9526a7c31dcc8f881740bd70bdfb6b63f56d2892d3593ce4296.jpg: score=0;chart_ratio,square_without_chart_hint,edge:0.18
Skip non-chart visual asset 68c19db0c3d7f539b752de3e14fb992f2bc7747237346804f6a2e2613efc450d.jpg: score=1;chart_ratio,square_without_chart_hint,edge:0.14,contrast
Skip non-chart visual asset 206605b38605ffd44124fc76ac82396504bcb4aa6d2bcbe8dca0c34040903929.jpg: score=0;square_without_chart_hint,edge:0.39,large
Skip non-chart visual asset d2140afa5970d5e248f86daef4378b7511cca827c3316f0d09a9cc3ef8441a50.jpg: score=-100;too_small:1506x126
Skip non-chart visual asset 9881fb6407c6102b7573143fc38bd68115820639a93a01fec8dd1833a3e47e1b.jpg: score=-100;too_small:1429x131
Skip non-chart visual asset 520ec7c6b0f28509317297dc106a82df483c802af4a230aab59f8ae5262bcfd4.jpg: score=-100;too_small:515x134
Skip non-chart visual asset 22bdf81ad58e02c0d41b88c7faedba44bebaafd33898c527d4de6bd3694f13a4.jpg: score=1;large
Skip non-chart visual asset b88db7836c8ccb2595b7db43728b7733390da160ec093644be2dd51d807710c2.jpg: score=-100;too_small:903x115
Skip non-chart visual asset 98a72e9954e42a8cc2d443b74e40761b7397640e46fa6a54de139f55b82e3592.jpg: score=-1;odd_ratio:6.56,edge:0.12
Skip non-chart visual asset 32bad85232cd9db3cf68c0604e86bb948e497bef8bd75af44e09e86d2d4cac32.jpg: score=-100;too_small:668x121
Skip non-chart visual asset e62cd88ede1dbcd6ee03eb4f393e665057878a9aa607bf98c1a08abe701d7226.jpg: score=-100;too_small:290x128
Skip non-chart visual asset 0b76a1bac3bd78522281f5335947e6894d46a9aecafa8a8a5d7ad591d4b553f1.jpg: score=-100;too_small:715x101
Skip non-chart visual asset 84444e5a566fdd1def38ff35d1d9c6dac3ab96a2da93ff5da38c912c2e6f8c60.jpg: score=-100;too_small:499x112
Skip non-chart visual asset fff67bce373263a4be15df81f14870dff92ab44e543e5122bd51f1c797a3d196.jpg: score=-1;odd_ratio:6.73,edge:0.13
Skip non-chart visual asset a94bdeecb7ae7bf9f8b253ae78f1ba25c64b9b785b9c2e6ca980d9c5833a0642.jpg: score=-100;too_small:165x73
Skip non-chart visual asset 490eb46e937ead5798639a438a4cc7055c3a8cc80ded4336bfa32b4b409bf67b.jpg: score=-100;too_small:449x200
Skip non-chart visual asset e181f5eeed003b9f63e4c3957c22d6bbc3216fb06c86dfb3df25c25d8c8700a7.jpg: score=0;chart_ratio,low_edge:0.04,large
Skip non-chart visual asset e00537beb323462c831a18f3ca7122cadf2d64cf957c3650211fe05773c83fb8.jpg: score=-100;too_small:721x165
Skip non-chart visual asset 30afb6c3ee716cfc9a12b6ea152c27be5db6355ae564b5643aaf3f1918f9e323.jpg: score=-100;too_small:328x126
Skip non-chart visual asset 571b8b86aedbb5d1b73e800f8fdbd1ec79b17190d4d0a56b14101aaaa9fd562c.jpg: score=-1;square_without_chart_hint,edge:0.10
Skip non-chart visual asset 8d3b4fc123a3364d3f96a8818291a016bac91723ce79cabb4ea709960548ecc8.jpg: score=-100;too_small:449x203
Skip non-chart visual asset 11c6abea1ce1286c6492353e60098e64624aa5d9b9752cd9406b40eeb0a842ae.jpg: score=2;chart_ratio,square_without_chart_hint,edge:0.52,contrast,large
Skip non-chart visual asset 6053e2e5315b414ec4c043ea1b9e75ac49b0e3bcd7138c005fb97c0edc705b36.jpg: score=-100;too_small:518x110
Skip non-chart visual asset 7ab45ef179cf46db3d35867555cc573436d6795731f0d6ad3c3494f6308941b6.jpg: score=-100;too_small:721x137
Skip non-chart visual asset 479aaa89c008041ff53962a28fd91344657f56a30c746649ec6ba969c0bc373a.jpg: score=-2;chart_ratio,square_without_chart_hint
Skip non-chart visual asset de13374220e9ec89f054e1e9ccb22eafec9cd61210a5b671d2a794aa6b4429b3.jpg: score=-100;too_small:715x123
Skip non-chart visual asset 255bc856bd6b934190543399201a4f85838b4798a46d67520e32b9d4bc3a367a.jpg: score=-100;too_small:706x96
Skip non-chart visual asset c1f7d3ae8215fc08303429b424600e7a0b2bd0e31526c126d267a92035872067.jpg: score=2;chart_ratio,large
Skip non-chart visual asset 69015885aa277efeeec283d566d4a571ad2a345f30252b6287c4dfe98f899ff8.jpg: score=2;chart_ratio,square_without_chart_hint,edge:0.49,contrast,large
Skip non-chart visual asset 1267b18e7a6f6bde3e90880ac9686069585b2d311f1c993e21de3c968d435ddb.jpg: score=1;large
Skip non-chart visual asset dcfd99e14900ff2fa72192bfe9fb5f0279b7eea9e3ff1fe907ff66c48aa9b750.jpg: score=-100;too_small:520x98
Skip non-chart visual asset b78e0973ee902e279dbaed8158ca028c4d0fd0072e1b511e53d9123ed1753c57.jpg: score=-100;too_small:715x171
Skip non-chart visual asset c3217fb10030168bff4502df88bdf76241563106bf113bfcddff3b641f627e48.jpg: score=-100;too_small:721x135
Skip non-chart visual asset 724bb44478adeb81a06e75bbe5a6826bd8fca57febcc016eb01072d56ca3d4c7.jpg: score=-100;too_small:520x101
Skip non-chart visual asset 4b1482b7d00d1172a576aeb8d9e70df58b51e399fc82cf4611591945e2c6dfb1.jpg: score=-100;too_small:721x137
Skip non-chart visual asset a07a77e4828f99dfb8a974897614f4535d3511358b0c41516e6356840361795f.jpg: score=-100;too_small:437x73
Skip non-chart visual asset 9b4b54c30dae6bf92e76851a32494f99a224f94ddd6c0bfeb231db191b929d80.jpg: score=-100;too_small:668x134
Skip non-chart visual asset 164903c3028ed1a7e69c977068bf7da76490a65e84677982fe0baa2b11bfcd20.jpg: score=-100;too_small:323x126
Skip non-chart visual asset 0ffc971a310cd52f971cd7cf41c86370350465f5ac352d7e690b910af75ed351.jpg: score=-100;too_small:290x121
Skip non-chart visual asset 71f0c40480f039f4a383df73e18ef56e6bd657ed28effbd25ecaf261d0bb4fc8.jpg: score=-100;too_small:718x173
Skip non-chart visual asset 81fbc51797b335294d3cb05dd9a53d12c1d0f3e471dca1a381a8bee9db650c0c.jpg: score=-100;too_small:323x123
Skip non-chart visual asset 83d18cba70b7427a13017a9e322f8e77062a774d9e157d58b6147d6275f24ba5.jpg: score=-100;too_small:659x176
Skip non-chart visual asset c8201b08966566b035f662c16342e098c0537bb15d25fb1fda8f84e711eb2f2a.jpg: score=2;chart_ratio,large
Skip non-chart visual asset e5442b8367db87645157ff954937491976d28659f7db5449595246620af0d176.jpg: score=-100;too_small:746x131
Skip non-chart visual asset 1e52e3a7e2e6e4e453f9ce07406e487d286a2d534a62a6ff31c85fe659ea8d5d.jpg: score=-100;too_small:668x123
Skip non-chart visual asset 7e84632aa20e555a3852334ecc15af0619f8888047802636f49672f2a5426475.jpg: score=0;chart_ratio,square_without_chart_hint,edge:0.10
Skip non-chart visual asset 5bce290159de096e686891f01215f777a246118603ff949abd12c3f838536197.jpg: score=-100;too_small:746x154
Skip non-chart visual asset a67c7c780e50433e1848991a15e5489df537017c91801962afa5c98445334712.jpg: score=-100;too_small:379x149
Skip non-chart visual asset 942fd571edb786a4b67ace2c7ba5b32523112bcc8503983968e277534f635e4e.jpg: score=-100;too_small:692x148
Skip non-chart visual asset e3b09e1fc987a9e6801817f73e768360a511449fd61d1f53fb85bc3c4d750251.jpg: score=-100;too_small:315x87
Skip non-chart visual asset 36ff6a572415cd929757f167aba17a8e28de2cf8034c48ac13d2fbca1013e22a.jpg: score=-100;too_small:746x151
Skip non-chart visual asset 4be1843aac62cf58b94c1e9e0d8ef619d90d447436c4355da26a6a313886b261.jpg: score=-100;too_small:712x126
Skip non-chart visual asset 3a439da4f271170c5d8814157abe13b199660797e3d9f382e152a790d8d2a911.jpg: score=-100;too_small:449x200
Skip non-chart visual asset e5570c774743e990c5616a732739add623a9c25502b11821d08736ec9773b07f.jpg: score=-100;too_small:521x112
Skip non-chart visual asset 3805a103c860e18376b509a1de9d9a397e7fef7b8267ce5568b64fe71c6a362b.jpg: score=-100;too_small:290x120
Skip non-chart visual asset e8137e0d47802d4558f331b9db2ff07c7d44b95109576541b827ee02d8026f62.jpg: score=-100;too_small:1287x171
Skip non-chart visual asset ab788248e7e3554d0aa4cca8ab59dcc6d03c1744834caa03c8e8872d61dfe85c.jpg: score=-100;too_small:721x162
Done. Results written to /home/runner/work/rpt_edit/rpt_edit/xhs_notes/dropbox/260703/shard_6; successful_reports=3; mineru_timed_out=False; mineru_attempts=1
All batches completed successfully. Generated 3 report directories.
