Found 55 total PDFs; shard 8/40 has 5 PDFs, skips 0 already converted, will process 5 PDFs with batch_size=5.
Running batch 1: 5 PDFs
Found 5 PDFs. MinerU token slots available=2.
MinerU attempt 1/4 using MINER_U_2: submitting 5 PDF(s).
Uploading PDF to MinerU: /tmp/pdf_batch_001_tzeial20/pdfs/0001-41-Morgan Stanley-Apple- Inc. - North America The Right Chips For the AI Job--260720.pdf
Uploading PDF to MinerU: /tmp/pdf_batch_001_tzeial20/pdfs/0002-42-J.P. Morgan-Global LNG Supply - Shipping Tracker-Qatar-s winter supply clock starts to tick-260720.pdf
Uploading PDF to MinerU: /tmp/pdf_batch_001_tzeial20/pdfs/0003-43-Morgan Stanley-G10 FX Strategy-FX Positioning Indicates Investors Increased Long NOK -vs. EUR- Positions-260720.pdf
Uploading PDF to MinerU: /tmp/pdf_batch_001_tzeial20/pdfs/0004-44-Morgan Stanley-Global eCommerce The Agentic Era-Catalyzing Growth and Innovation-260719.pdf
Uploading PDF to MinerU: /tmp/pdf_batch_001_tzeial20/pdfs/0005-45-Morgan Stanley-Global Thematics - North America AI Adoption and the Future of Work-Sector Deep Dive-260719.pdf
MinerU attempt 1 using MINER_U_2 batch_id=38884c8d-6e0d-49e4-a406-3eceff9e4031
MinerU states: running, running, running, running, waiting-file
MinerU states: running, done, done, running, running
MinerU states: done, done, done, running, done
MinerU states: done, done, done, running, done
MinerU states: done, done, done, done, done
Skip non-chart visual asset 739721abdefbad7347b35dd3fb9fcb513c25ade9e00c2140a634844d1f81b6c9.jpg: score=-100;too_small:504x112
/home/runner/work/rpt_edit/rpt_edit/scripts/pdf_to_xhs_batch.py:293: DeprecationWarning: Image.Image.getdata is deprecated and will be removed in Pillow 14 (2027-10-15). Use get_flattened_data instead.
  pixels = list(gray.getdata())
Skip non-chart visual asset 61cb3fe69a4918d65f6c31bfd625f70cf4a4d17cb612f683c40a5269deb39251.jpg: score=-100;too_small:381x137
Skip non-chart visual asset 54e16f335b25db21413e7865643341bbbb4fd8240e835aae0aff9e8e419c6bba.jpg: score=-100;too_small:437x112
Skip non-chart visual asset a0dbcef78489d2632473c9309e282ba4b94d673dd1fc496a6cb3e4daa2f961ec.jpg: score=-100;too_small:431x68
Skip non-chart visual asset a06dba7065ae49a9b7330e33c69dcfc23bb514c4fdeebbf3815490f051c1f9a4.jpg: score=2;chart_ratio,large
Skip non-chart visual asset 2de8d4a5fa2486c362ea9af05ae30d4d58b9ea461b8af0fc75921cb8e04729ce.jpg: score=-100;too_small:123x126
Skip non-chart visual asset 273681d00fc6fee6b2b915a993637305f7f28756e3e32e74e88ee6ca3df422b4.jpg: score=-100;too_small:448x162
Skip non-chart visual asset 34368f162f85fa0cacd56d93653e1e99ba71b8f8ca557e82933ec4460ffa59b9.jpg: score=1;large
Skip non-chart visual asset 4ed69076d0fa26bf4c4f80b1065a22b06e0045356d976a77dafd4b68187c89ae.jpg: score=-100;too_small:529x156
Skip non-chart visual asset 2e7416a81073a1f28ae94b33e5cbc80f3eb3b13584bfe0e58de5d1995acb6312.jpg: score=-100;too_small:164x162
Skip non-chart visual asset baeada384130bbea3f459f2c743313857156a1591bfed596add96f4c5c6e1c3b.jpg: score=1;chart_ratio
Skip non-chart visual asset fb8923dab218c2e018469e135bef74305b069cdc36b243abada818c94b64cb93.jpg: score=1;square_without_chart_hint,edge:0.35,contrast,large
Skip non-chart visual asset cb4fe16c8b906fb9f2353fef4e9fc0d77f576299f78b1813de659448ecfc3ddc.jpg: score=1;chart_ratio,square_without_chart_hint,edge:0.32,contrast
Skip non-chart visual asset 1191102d2ad39ade2fb4b6f782b9dff3b70393407eba1824774547d42964b56c.jpg: score=-100;too_small:521x109
Skip non-chart visual asset 0a553ae6b9d903cab277297de50312ee943fe26a4cbf65e818fa6fa976c12f47.jpg: score=1;chart_ratio,square_without_chart_hint,edge:0.20,contrast
Skip non-chart visual asset 1f50615335942d90fc12181feb4f1be1473c8eecf741c7dc3f5a44eff2fc2791.jpg: score=0;chart_ratio,square_without_chart_hint,edge:0.15
Skip non-chart visual asset 6f6035004ee7bc62467fffed265debad13f2d2f508985fc6cf1ea0e17cd74c80.jpg: score=0;chart_ratio,square_without_chart_hint,edge:0.15
Skip non-chart visual asset 1bc46a7265549f1066cc6ff64775216564c80d5bdd689e8e1e61e093aa525767.jpg: score=1;chart_ratio,square_without_chart_hint,edge:0.17,contrast
Skip non-chart visual asset 8014eeb970dc5b2d09571e9c5fb7420906fb90a5184d728348d93dec74c0c66c.jpg: score=0;chart_ratio,square_without_chart_hint,edge:0.28
Skip non-chart visual asset 07cfd756c592300aff2dc14f86e330a4a4b4fc78ad7f72445a33bcded3ec4998.jpg: score=1;chart_ratio,square_without_chart_hint,edge:0.24,contrast
Skip non-chart visual asset 40037200dc4f277ce7a5d8737752c80c419757a51aed49b9a7a85f86fb6c5b8e.jpg: score=1;large
Skip non-chart visual asset e3229386068507f7481c1ea6a75a2fb0a2d53b37e456f2d465f0c84db8233094.jpg: score=1;chart_ratio,square_without_chart_hint,edge:0.30,contrast
Neutralized WeChat title while keeping the report: 摩根士丹利：G10外汇策略-持仓显示参与者增加挪威克朗兑欧元多头 -> 摩根士丹利：货币市场与相关指标观察
Skip non-chart visual asset c5f9ae8c4d4a69c647dcf78d58db733ae2512a04d10ea7c41796ab25eb3a5095.jpg: score=-100;too_small:531x115
Skip non-chart visual asset f902279930f9ae6ea38b293853a9cba0b4c395975554f6ad5439e0573b52aab0.jpg: score=0;square_without_chart_hint,edge:0.18,large
Skip non-chart visual asset e3c2a0099d58ddd8752c6116858ac3c3efdbaa3fee9e2cefc190e2bc9f0df95e.jpg: score=1;square_without_chart_hint,edge:0.33,contrast,large
Skip non-chart visual asset 5d122cb85e3986917707d38937d7caa0c10c811d5367b2817f75d53ac5c7ae8d.jpg: score=-100;too_small:534x115
Skip non-chart visual asset 1a1cbefb22443144f56d2d431e531749e1634aca1eab1ac2536308d3c739becd.jpg: score=0;odd_ratio:6.26,edge:0.29,contrast
Skip non-chart visual asset 0481be7cf6811f5876b9c8eb8c86afcb2761540a9bc9f45e8b3a9d33dc3c4b22.jpg: score=-100;too_small:529x84
Skip non-chart visual asset eb9541b829083be81312da0b12f6a27180d6874a7ef6ffbd0e3ba18c3fb66c68.jpg: score=-100;too_small:531x112
Skip non-chart visual asset e7e5227983203b20b03214132cd7846c110751aef30b193b6e056d432e716a1e.jpg: score=-100;too_small:192x170
Skip non-chart visual asset 7fb31ec4e7c22b2af55bafe9eede7f95a96cc20f3cc4592b06bf4d615400348a.jpg: score=-100;too_small:534x112
Skip non-chart visual asset a1438c9662f2f2011a0201e0f9bba4b50944f0ad6f9199fc24e8bf4ecba090e6.jpg: score=-100;too_small:231x179
Skip non-chart visual asset 7e1bcbcc9db0014ff0cbcbee9c467096fb084a868b534879145679b4c5419fd5.jpg: score=-100;too_small:217x174
Skip non-chart visual asset 0af73795c3e4f6b7011671104972a7f049cdc29bef08d95e067474681b29a035.jpg: score=-100;too_small:229x149
Skip non-chart visual asset 58b3ab6bbeee2d64f59f97d5b819daf39344b5efe500ef5677ce0bc7f101baea.jpg: score=-100;too_small:1290x173
Skip non-chart visual asset b7a6eba470a8d9cc5585caa025ff2ee1f836221bdbe6ba5e24715244d285f8f4.jpg: score=-100;too_small:1470x178
Skip non-chart visual asset 9e3d5821a4a91a583c6895f5e2fcb0fb7700feaca6bd70528943368e2ee966ba.jpg: score=1;square_without_chart_hint,edge:0.29,contrast,large
Skip non-chart visual asset 88a834b3e59a45aed104f2690345e3ad6271cc3ff358143f96d26aaf6c04f334.jpg: score=1;square_without_chart_hint,edge:0.32,contrast,large
Skip non-chart visual asset 7576e893b2709e718184a314b08167303f7de30794418d8eb34eb03bdc61f1f5.jpg: score=-100;too_small:531x112
Skip non-chart visual asset bb7bc09c28d81aaa2a967867efd31db0abba98ffecf6eff7a443b754a4ac5e98.jpg: score=-100;too_small:226x151
Skip non-chart visual asset 7ade05e4c9daf35825ec702faa330a38f06e80b09a5404949e438a41f3c89026.jpg: score=-100;too_small:529x85
Skip non-chart visual asset c3b85a3f300ca3fac0595402a84730de63e2d02cc2cbf4094a5c2f96bbe224ce.jpg: score=-100;too_small:195x173
Skip non-chart visual asset 68f8b4243a704b68fb296f5d5a3410dba78c572399ca03e6d024417d63e0d03e.jpg: score=-100;too_small:129x83
Skip non-chart visual asset fdecf28b3d5b1916d1ac1e2cc6b975fae9cbb8f8c1f056a2d860c22df6fa3a10.jpg: score=-100;too_small:195x171
Skip non-chart visual asset e51cf3519afec0c017348cfbdc98e5c02891f9f02bf3de0d9e7b980967b28010.jpg: score=1;square_without_chart_hint,edge:0.26,contrast,large
Skip non-chart visual asset f2caff97585b515bb1f00ee2b083fa9e4717963912aedb0c65bd58a8fa5128b2.jpg: score=0;square_without_chart_hint,edge:0.12,large
Skip non-chart visual asset 43628dcce607b9ac334a8959c2c384c9acdc2ab4a5c09a47ae86e49d26410795.jpg: score=-100;too_small:529x85
Skip non-chart visual asset 4f876e0775ccec38e2c23463d60aa8849e954fe1eebac3ce351409eaa7ac33ff.jpg: score=0;square_without_chart_hint,edge:0.22,large
Skip non-chart visual asset a9d8839fa53e209c07d92798237470023b47f7094a1373d4db3f8f08f38ddf48.jpg: score=1;chart_ratio,square_without_chart_hint,edge:0.15,contrast
Skip non-chart visual asset 6aa8a71eb79ceda9fefa9dc2733dbb6585eb6dace7e4296ab3a2cc463cc01db8.jpg: score=2;chart_ratio,square_without_chart_hint,edge:0.32,contrast,large
Skip non-chart visual asset da4a02f6e6a6c61ff402cd0611f85c46d63566089aa9df306f4c649b432121bc.jpg: score=1;square_without_chart_hint,edge:0.29,contrast,large
Skip non-chart visual asset ed3a6b0b6a3e6d926989634d9a394b69ed839653599461148070c2ab08b2f02f.jpg: score=-100;too_small:531x115
Skip non-chart visual asset 67df8868389cacdf74e7c1e78d7917a5a969ef155faf26b41c32100b8a8e2739.jpg: score=1;large
Skip non-chart visual asset 6cff201489019ac0478df87c6aa342ed4c78b045955c7f5db323fbbb2bfc1682.jpg: score=1;chart_ratio,square_without_chart_hint,edge:0.22,large
Skip non-chart visual asset d4f80e4fb821f18b6643dbeeee54078a8a536a466a9cc2fd33f65e988d752fd6.jpg: score=-100;too_small:134x86
Skip non-chart visual asset 64354a9f798e3e2f3898678ce84758dd6b74b2e3b3a0e1b2e5bd705fbba47237.jpg: score=-100;too_small:531x90
Skip non-chart visual asset e19bc67e388c4988f3ce00fff48b2f09f081eaa6050af679da1cb18552a3e31f.jpg: score=-100;too_small:104x87
Skip non-chart visual asset 81f622444bc3fc2eaf01bd8a9537ecfe2f8ff3a8201c28737eaa54c2b2fafb72.jpg: score=-100;too_small:528x87
Skip non-chart visual asset 823f79bb9a4b499e30aa4c210ae7e531c1a291432ac04f455e25e855f8def667.jpg: score=-100;too_small:228x179
Skip non-chart visual asset 6163a64f8fb6b7a5ccc704a6422872dc962584f32ef8525f217f107e9a5cf825.jpg: score=-100;too_small:781x54
Skip non-chart visual asset fe1de3913f27347a97f707efcc28b23b9ac2a34994e412ca8157813c7d97fb1e.jpg: score=1;odd_ratio:5.22,edge:0.26,contrast,large
Skip non-chart visual asset 4d83ca7a359e506d3c51b003d524cebee6dae1ab5c99edda53d11151117aaef1.jpg: score=1;chart_ratio,square_without_chart_hint,edge:0.13,large
Skip non-chart visual asset aefd9075ab6d4a1c705ac0ef27f5551f66c4319c491dd3bba25ea94310f00be0.jpg: score=1;chart_ratio
Skip non-chart visual asset df471b4bd56371337cacbf1c7a20069e93d204eaf40c14a23c0fffcfecae4c2b.jpg: score=-100;too_small:129x84
Skip non-chart visual asset b624d2f8567bdd7fc5773416e85d6994f3cc6ab8fdb2e03981e945198fae6aad.jpg: score=-100;too_small:98x93
Skip non-chart visual asset e1b3b12729ff4f02950f5a2e61c21319775fbfdfe9822f21e73ff3a65cfc2ede.jpg: score=-100;too_small:217x176
Skip non-chart visual asset 4b57474e0c6bafbc82918793a935410788dc458d0136def6ae55693b929cf839.jpg: score=-100;too_small:88x86
Skip non-chart visual asset ae184a71a06d4f0d114d74164171502685027560cb4542f46c06a8c292bfedfe.jpg: score=2;chart_ratio,square_without_chart_hint,edge:0.19,contrast,large
Skip non-chart visual asset 511a897d5010a4f8e1c05a28ed7c7cab79c21bd2d5768c23f7289bd6e56c435f.jpg: score=-100;too_small:531x115
Skip non-chart visual asset db6f6c21b93ac80f2645cbbea9c6cc9d113be00854144151e2a1daf6604fbce1.jpg: score=-1;odd_ratio:6.67,edge:0.15
Skip non-chart visual asset 85155f8580141246d8d8fc39926cc0112b54399a8694a142afd6cb16fda6ce8a.jpg: score=-100;too_small:198x173
Skip non-chart visual asset 008248d33af2ae57c367f5278321787ca9b93e2aaac42ddd689f814820be6fb0.jpg: score=-100;too_small:531x84
Skip non-chart visual asset 49700ae3a138e4fcc24971d11db2add2000b89e07421605e52910fd39fe9d82b.jpg: score=-100;too_small:423x76
Skip non-chart visual asset 597010c6499410867c97575d6b9f79c5bfa007fdcd9613d1ccbd7f23efbaf1b4.jpg: score=-100;too_small:531x112
Skip non-chart visual asset 11017d36969d182eee62bb3ba59ba0a9b35ff7f55535ba00f073c5b4ea9cf2e1.jpg: score=2;chart_ratio,square_without_chart_hint,edge:0.32,contrast,large
Skip non-chart visual asset 15dbae28d0d75ae0a85f6a2ba491879a1acbdbb6ace395e66aed14d9837e76df.jpg: score=-100;too_small:1287x34
Skip non-chart visual asset f70dbf6e099055589aeeb90b4d0f31166b7a3aa107c8613df88945360794b810.jpg: score=-100;too_small:531x112
Skip non-chart visual asset 4a85e44df177a69814061e3945c2444956cbd752e0d9237fdefb1b6209982cb4.jpg: score=2;chart_ratio,square_without_chart_hint,edge:0.32,contrast,large
Skip non-chart visual asset 0811c99a2c0f0b798d7acde6bf233d13d0680cd284493e5baf76b919e815aafe.jpg: score=1;large
Skip non-chart visual asset a52cfe63ec0d3bd140f7482db4b2d76147378b5228d7f6b7ee4d82f55bb0953d.jpg: score=-100;too_small:531x115
Skip non-chart visual asset d6dafd647420fb3502c29b441b07d2a7943d8c7deb592ee6d26b4562302d35ce.jpg: score=-100;too_small:531x87
Skip non-chart visual asset bba428d3b7037b19e383844d6b140db2e3f85051ec1c22726d6e92524d90dfac.jpg: score=1;chart_ratio,square_without_chart_hint,edge:0.30,large
Neutralized WeChat title while keeping the report: 摩根士丹利：全球电商代理时代，增长与创新催化 -> 摩根士丹利：零售行业数据与主题变化观察
Skip non-chart visual asset 305008ac5d7dc9718a59893a597104157172774f8ede5e21ffc88c62e38d47ed.jpg: score=-100;too_small:84x93
Skip non-chart visual asset fb08ebdf3dd7ba9cdb0a7545775c7923f4d5245eccb7b1463ed4375799618501.jpg: score=-100;too_small:81x84
Skip non-chart visual asset 7366b311e3ca8f5e12d4cf08a4729f56e23deea8ebcf6efae749a9e8de28be3b.jpg: score=-100;too_small:195x87
Skip non-chart visual asset 5d360f30d1f1809dccbfc72c6678b8bfcdfc6986ae82680657ef6cbf460377c4.jpg: score=-100;too_small:153x79
Skip non-chart visual asset 904d3f83cc7a7d895c6396557969fe7f2590be20b33a799c1e7aba9e5b7687e5.jpg: score=-100;too_small:81x40
Skip non-chart visual asset 512dc8b549f7ca2850249d2b025ce3f1b3144aa94ff1f697e18a44293f7475ed.jpg: score=-100;too_small:90x90
Skip non-chart visual asset 88da7441fd8aefb1916feb70a633dbdc7c834e87717a10b85273d15d577f505a.jpg: score=-100;too_small:87x84
Skip non-chart visual asset 0552ae7682f810a94e10e98c8b1f96abe7ee4dbb06d4ed5665299549ff1c5419.jpg: score=-100;too_small:107x78
Skip non-chart visual asset 59fdec00f27709d076e62d9aec582376e8d19c654450d98734b5996a7d818642.jpg: score=-100;too_small:62x67
Skip non-chart visual asset a357f7b79be0b8b6d36aa3582ffd29d0af64bb0f94b4f13da2a2a582f3204297.jpg: score=-100;too_small:98x73
Skip non-chart visual asset 704848327e38572c67d8b100cb63aad8fdcaebd3f3e190c26fcc477c2aaeed2d.jpg: score=-100;too_small:532x87
Skip non-chart visual asset f4427fb60a0a9278de6241aae1ccea1807787b9cacfd2ab7b38568889b4c964d.jpg: score=-100;too_small:76x76
Skip non-chart visual asset 2aa377d8100e072baa7799c2e7790dc949c071cf3f25519e3fb219eaaea936a2.jpg: score=-100;too_small:148x79
Skip non-chart visual asset 0254bbf320d1122f5c8ae9fb11bfa26e344889ff4fdad379581432abf592e0a2.jpg: score=2;chart_ratio,large
Skip non-chart visual asset 1d26d4c74b5966ef73e3081a6bdaf39088ffcf477dda3db76b7994b66fef6161.jpg: score=-100;too_small:84x82
Skip non-chart visual asset 17f0bcb7effaf08c71ad89869a7a558e44c4d86458138f60b798b00234a62199.jpg: score=-100;too_small:87x82
Skip non-chart visual asset 9ee36d1fc02e06b56037a5fc10b80dcc8bfd41d8e6e5e635de2f37692935b499.jpg: score=-100;too_small:87x82
Skip non-chart visual asset ee99306906fe3ea9ad659852c9246f5a8546ed7bc4abc7c94642fac09bb3dcae.jpg: score=-100;too_small:65x65
Skip non-chart visual asset d368354662d85eba55a2034cb4975aae022e0c1c8832f040484baa15d09de23f.jpg: score=-100;too_small:89x84
Skip non-chart visual asset 0e9a29b6274ddb7e8b738da63fdb6735960853edbe95e7fa79141fee8a348588.jpg: score=-100;too_small:82x87
Skip non-chart visual asset 5b56457aded700900134c193a7d34024326388c077ea8fdce6d408671dc9a5e4.jpg: score=-100;too_small:120x118
Skip non-chart visual asset 87d8c47a87e9609007f00890c9c03db52b2143309e7b8c24e5a573eb34bea09b.jpg: score=-100;too_small:128x120
Skip non-chart visual asset f34ff084622e2851d050cfdaabc34a9ca94a121a8e553e1ec5dbda5a9ca6a512.jpg: score=-100;too_small:81x40
Skip non-chart visual asset 4e333bb11ee87cfb227df47868dcaf7e0bf2776e00f2c6c0a80141732071294c.jpg: score=-100;too_small:134x120
Skip non-chart visual asset 12b1384b556853f62cab39da07d02a3571676260686087b00ebf0ae5127b6b3d.jpg: score=-100;too_small:89x85
Skip non-chart visual asset d367d9f0189baf14256161050a2915132fadbecbead0c7626d14ca3435797185.jpg: score=-100;too_small:84x85
Skip non-chart visual asset 1d5af76ec175221d4d42a59af5c67427b1386a204b7191955dd6416553e96a92.jpg: score=-100;too_small:65x65
Skip non-chart visual asset 6940cee6176d749afd78511a95db8f8f19f488b3f57f425b565855237d1ef38d.jpg: score=-100;too_small:76x70
Skip non-chart visual asset af0a5e6cd98ea596a36c34047cc7a195df6a107191f8094ebe16a5220b3024be.jpg: score=-100;too_small:78x79
Skip non-chart visual asset c2ff2b3e8c27e5a4e06a093049a89b829627ab0cdf09902b7481e28b2789a92b.jpg: score=-100;too_small:89x76
Skip non-chart visual asset 97238a1ff22cf58a61304485e8915fe10d5f04044ce823d942e20490dae2cdf6.jpg: score=-100;too_small:129x67
Skip non-chart visual asset 9ef77f3080b40894c3535bf0f6b41c63aa5e3e71a4bd0f04d7c07c03c3b9c99e.jpg: score=-100;too_small:76x37
Skip non-chart visual asset 46078768f4a68440e9f08d37756b86766cca89ff5a4056ebc59d6045d85de5fb.jpg: score=-100;too_small:118x112
Skip non-chart visual asset 3f298f102f2c3102249300bb386fcba46264655e2a0af8a00ef553b0b176d095.jpg: score=-100;too_small:76x37
Skip non-chart visual asset a6265eb3e73a49523521453ceca566d4f871b0467ebd0ca1024d8ef9996a754a.jpg: score=-100;too_small:157x79
Skip non-chart visual asset e644c591961f528d6f54d2acc96392e9c8a73e27d82fe4125949300ba12e9e19.jpg: score=-100;too_small:137x67
Skip non-chart visual asset 7ff0fd5f9d2ca26c83f63e972c63e98714bcefe166d532f56f8afa347966a4a1.jpg: score=-100;too_small:87x81
Skip non-chart visual asset 238022dc962519d3254be0511314ab7822c6d0df2b06e1687d2b81c74519b0c8.jpg: score=-100;too_small:195x82
Skip non-chart visual asset 4241a307ad232814dc2289076c8fc0e76b7c5a1c83fce1a4cae8e6229eb1a574.jpg: score=-100;too_small:84x82
Skip non-chart visual asset 07b990b928922a56e6194c01b3c9e6a316305928be94a7eca47fd297d220a64f.jpg: score=-100;too_small:164x78
Skip non-chart visual asset 98919067b559c486ba62cac74fbb62d0d82b6bb19f725d417f26b5851d6638cc.jpg: score=-100;too_small:126x112
Skip non-chart visual asset 159eaa0ed405f8375bd8614a8216602b797fc8fda7ed2097397a1580a8bb7728.jpg: score=-100;too_small:154x78
Skip non-chart visual asset a7eface8dee5c9117855baef8b82061b6da36fbabd8a4c0331e7fbedf83b3bcf.jpg: score=-100;too_small:198x87
Skip non-chart visual asset aa8d43da6a8fb0734cc7e8088eaf5b1350a749e514fc4c04a6e504729d20c000.jpg: score=-100;too_small:84x65
Skip non-chart visual asset efaaf545885b768c80026123322af51bfd3bd1bb7320c6deb5c8a8a85997440c.jpg: score=-100;too_small:67x65
Skip non-chart visual asset e7db1b5b983ef0b4df0cbdc49937c3f52981ac7b5680bd05fb0f8be1eb9854d5.jpg: score=-100;too_small:84x37
Skip non-chart visual asset 1e86c60818dd2afc934a514f8dc3cb807572471afc50c2abc2df5b4729424c91.jpg: score=-100;too_small:145x140
Skip non-chart visual asset d5f4ead75d108c75e69fb91b28d5caa6ee8cbe2e6ebbc3d189c7c5ee83b6c13c.jpg: score=-100;too_small:532x82
Skip non-chart visual asset cd253ffc36edc9ae19111db0d3731170605a0ea3949160f7bbd2bd5eb33c4fba.jpg: score=-100;too_small:124x62
Skip non-chart visual asset 296a33ad112151c28e705a585dc2638152bc22f1579e489d77cf92696bf898f0.jpg: score=-100;too_small:129x67
Skip non-chart visual asset ffcfb1022612a096887f991c95806c66178bf4c2a419e79ce191d5551a2a5782.jpg: score=-100;too_small:76x73
Skip non-chart visual asset 1565cb1da9bec21c2996cbd68b9b7c0986fbcd67b3dbe445df40ba81db8869c8.jpg: score=-100;too_small:62x65
Skip non-chart visual asset 51f87049eeb31840a723421b0a10c1ecc8252b02f67f3043d1e05c510f961268.jpg: score=-100;too_small:76x37
Skip non-chart visual asset 401811fe08849ddb92383d2d69b98dd9a91d7b096c1fbbb5d85e8a04be5e3fe1.jpg: score=-100;too_small:78x37
Skip non-chart visual asset 93eb6d1ba33c284bd9933e43c56f5bb2c1751afaa7085ff0e00d12314020c070.jpg: score=-100;too_small:254x40
Skip non-chart visual asset 3a3adbf84d854a0c5d830f7f870a3d7420800517ca88fc315e2e670f51efee31.jpg: score=-100;too_small:95x93
Skip non-chart visual asset ec55f4c8334c6b03095ebe0960efff1b064d6073b0cf723534747b7457e28764.jpg: score=-100;too_small:73x73
Skip non-chart visual asset 230155d9c473583b06ac98ce1f69eb6075bb8018e299b04f903640dc5fb83ba7.jpg: score=-100;too_small:103x95
Skip non-chart visual asset 1617bdf4656a89986a2f8181636e6b16f1d2bcdf5a022507226d54882e34a81a.jpg: score=-100;too_small:84x67
Skip non-chart visual asset 9695f9ec09705bfcc9a341913d8cfe07116ffaa0b6946f02e148022b6ce478d7.jpg: score=-100;too_small:99x81
Skip non-chart visual asset c61592a1277ef1f3b01470b0a5e89cfb47b3ebcb4da943a87024bf63274d07ad.jpg: score=-100;too_small:198x51
Skip non-chart visual asset caef95e8313906c23372c355ebae8c7de376bad2a328c5307886f7803923bcf1.jpg: score=-100;too_small:126x120
Skip non-chart visual asset 13f0b71d903dd7fef47a95e23616988d01cb083972aedda834d5f91959e4e045.jpg: score=-100;too_small:84x84
Skip non-chart visual asset 1f85b2714d4a1b88582bb5b7ba7da489ca1f97d5cc23f30e75ee17695d8311fd.jpg: score=-100;too_small:137x67
Skip non-chart visual asset 0c116d5f537e20e273f36dfb61a175b0319d157fc4c60b94590fd652ead2119d.jpg: score=-100;too_small:87x82
Skip non-chart visual asset 44d9f700d8ba3e19be45b56ce8cc8453fc3a7dc6f0485b868f47ad09abad39b5.jpg: score=-100;too_small:167x74
Skip non-chart visual asset 37657bc7c479734680d6a8338e59b744a0f6f669fb58e15e07013cf70165bc12.jpg: score=-100;too_small:79x40
Skip non-chart visual asset dc1ba530042ad4a8d0d77e0504ad108633442223bc3d804496d810d473209c44.jpg: score=-100;too_small:87x84
Skip non-chart visual asset f9268566e5ca86f581a8b49e060b85c999c179148f536c0db818b1cd243213de.jpg: score=-100;too_small:106x57
Skip non-chart visual asset 91c50cae7755f48dbd53c1f9c5685514e90a17092e4b3c8bb7981cc613eccf64.jpg: score=-100;too_small:529x87
Skip non-chart visual asset b4c829579a2434d4ed4ac9ce8fbddd1ff060d0466a3927fb617688a49b38d1e2.jpg: score=-100;too_small:176x76
Skip non-chart visual asset 4cbb8ea0cf4f978e0d9e2dc3d891579f5566bc82ae74ef8e6e012722d0780448.jpg: score=-100;too_small:87x84
Skip non-chart visual asset 5e215c7ba7ab07cc827c621550239a91d293942aca4308c0fe7b388f6e68ffa9.jpg: score=-100;too_small:81x37
Skip non-chart visual asset 139384d492ab092ebafcbacb45ddb11feb502528a312a9c8d09ba5d98bd043f9.jpg: score=-100;too_small:532x85
Skip non-chart visual asset 64dea7172249ed3e4f8f2a5528d4486daf2f1bb473dfbea8af7b2f38b1e6a41f.jpg: score=-100;too_small:131x114
Skip non-chart visual asset 17ae48ee8f0699adbbfd42da812b6856125122cf89730aa1cea347f32a5c6825.jpg: score=-100;too_small:90x84
Skip non-chart visual asset 4cd34343ee4f1191e3a9a992bbd14849735af38a427cdf279cf48572103b2684.jpg: score=-100;too_small:231x142
Skip non-chart visual asset 551a5eeeb919111f8e7ed1fbdaf18a21bf14b18c040bf7c347f255082af7f7ab.jpg: score=-100;too_small:81x37
Skip non-chart visual asset 6d35a4992b83618f1617275b463142d2a8ca6a8b01a0da250b7bd7ab8a1dce90.jpg: score=-100;too_small:132x76
Skip non-chart visual asset 9c6dfc1286ba8b399bf06b17233e45bc16b5a02c00e0de48d15cdde42e487a60.jpg: score=-100;too_small:82x84
Skip non-chart visual asset c02d32997297732d29130865bcd628012468d939018cb3eba7a6dd20ea9d0608.jpg: score=-100;too_small:156x79
Skip non-chart visual asset da962e19c5d215f50e5e037ceb8f6a73f7d813e023631cbb2f9e548dd25faa3c.jpg: score=-100;too_small:82x37
Skip non-chart visual asset fa2bc900208cdc01709f692cf91d5873652a1414644046a9120c6e482627ac8a.jpg: score=-100;too_small:115x120
Skip non-chart visual asset cceef9d3a6b55afd4b0ff292956425172cdc2c54ba6fb6e412d15f924ba7686b.jpg: score=-100;too_small:109x56
Skip non-chart visual asset 9fd990a1e1971f728edf52f31a0c0f88af61e0d6a72de02316ba58b58c02ff33.jpg: score=-100;too_small:76x74
Skip non-chart visual asset e5623ff7121ea73336f3d8af87ed4f7ce30a27af16a320837fffce74f8037350.jpg: score=-100;too_small:120x115
Skip non-chart visual asset 3e4a2541ba6da5e11b594a4d44381e00d7842971a303ac2baedffd0af20269cf.jpg: score=-100;too_small:76x79
Skip non-chart visual asset 6b78b499786676c4bef8c715a9d4723e68722f65a70c2b9b15007b2cb3cd274b.jpg: score=-100;too_small:78x76
Skip non-chart visual asset 791f7ec86f61ee62178053aad92ace9369e13151b77d32b6c4534e78e3f43fe7.jpg: score=-100;too_small:78x79
Skip non-chart visual asset 359de57d2b7ff1e039d3c5903f22201b8b5439e785be0aa5e81660509d24aee6.jpg: score=-100;too_small:62x81
Skip non-chart visual asset 3be710bcc30fe6587e0d944f6b786f97d47a89f9543896a591bed3bb5a7dafe4.jpg: score=-100;too_small:62x84
Skip non-chart visual asset f29c754345c6510ce2ad6320f52dadad7aeedadbd00ac7d3a85408e303fee443.jpg: score=-100;too_small:532x84
Skip non-chart visual asset 8e5a46e1e31d94fc8e4b5fe234a3001c54421ca7b52784f3bfa1270debad664c.jpg: score=-100;too_small:73x40
Skip non-chart visual asset 4baac44934bcd0948cc728328ae70732fb7102c101c2e27e98c72a4bbb934c12.jpg: score=-100;too_small:123x65
Skip non-chart visual asset dc0702e9c925db244f00bc152950a8ce58bb23143573cbc115ffef7cf4ba0205.jpg: score=-100;too_small:82x82
Skip non-chart visual asset c719b92e80deda83339d9c7eb8b7ccc4532fe39e50eed55be6983016af797f45.jpg: score=-100;too_small:71x37
Skip non-chart visual asset 5d5fd5cf950a8b23f880e2be3e1ae22f5328c9540ec50503997070f3bbbdbf9b.jpg: score=-100;too_small:532x110
Skip non-chart visual asset 24f1e9f828ca04f4e799510b06b7627110a470f9d0f7a4c025d2e81d1662e19b.jpg: score=-100;too_small:123x67
Skip non-chart visual asset 25e32d0317601cb183ea779f1a6bbafb739890b6125d487fae81314c9d995161.jpg: score=-100;too_small:65x73
Skip non-chart visual asset 1f8571e1360d4fe631339b64cbd366db5a84ca0744c3aa583da30fb11d31a96d.jpg: score=-100;too_small:154x79
Skip non-chart visual asset b0530b84ed7642304e8aeaa1ee1e6360d0c2fa6be3078270df92ef2c6f21982e.jpg: score=-100;too_small:140x81
Skip non-chart visual asset d9ca0402c3cdedab52ccdb9925d4a54859e373a7c2684025f72bcc2a05e4b657.jpg: score=-100;too_small:79x40
Skip non-chart visual asset b5d0ffc98da98138ab5ee5f099bc0a524ca371a4a9d01fb2a1e881f6120f71cb.jpg: score=-100;too_small:532x82
Skip non-chart visual asset 4afb438a9fcc0ee74259d290ddf39f31ffb4339cf58910aa999595d4c688083d.jpg: score=-100;too_small:62x81
Skip non-chart visual asset b1405540c94f2a9cd2efeb66e89217b222ac5b36cda895fff794fc419da19cee.jpg: score=-100;too_small:76x37
Skip non-chart visual asset bd223e0936787e9fd978a55663bd1d28d52f170e14c3ca4c562bde3ef431c1cc.jpg: score=-100;too_small:82x82
Skip non-chart visual asset 3dd83c70b7a1759222d85fd2c1215b5530baa3525f618ae4d35d29842fd1946d.jpg: score=-100;too_small:82x37
Skip non-chart visual asset 8dfbc0c8c67788b3e36b725c87105e073cabb4288b1259611663358370000d3b.jpg: score=-100;too_small:107x145
Skip non-chart visual asset 057b17c0e879c7cf2f8ccfb53e2db035bc329a4280ac16fd8a02f551d3c419b8.jpg: score=1;large
Skip non-chart visual asset 5f386cdb7f8833ff1fcd7e4d7c7e99423fb201aaa2a89b4fd7b3b6f22a7d2817.jpg: score=-100;too_small:78x37
Skip non-chart visual asset 0ad9c73affb953e24c768023961642738f79b9fce311297821c7a8676a4a3985.jpg: score=-100;too_small:87x79
Skip non-chart visual asset 0dec986f28d476c457e80701e21c7e8bd1aaadab021643d6ace35f67d829276a.jpg: score=-100;too_small:76x79
Skip non-chart visual asset 298e1d07b750ea0356b02e02bab270db52528bcc0449851407b0ad19e5e90282.jpg: score=-100;too_small:962x126
Skip non-chart visual asset fb808c93c8d9a27adbf713119e1a674b71c57d886c028c43d9f87340fa3d5538.jpg: score=-100;too_small:85x84
Skip non-chart visual asset 43d462a39d425e19c0bff1c4c3625b06820d8490a3d3288213ae3df3692a50c8.jpg: score=-100;too_small:120x109
Skip non-chart visual asset ab5dcba7f65f94e1998e1fa402c392cba683e5f5e09db91926c5e7c2cb58f71c.jpg: score=-100;too_small:76x37
Skip non-chart visual asset b98307edf38d6ffdd4539abe91cbf1a3d468eb1a66e6ba69fd3fcfa72f6b75a7.jpg: score=-100;too_small:68x67
Skip non-chart visual asset 677330e74368d9d87c0e1f583c2b69a133b0c510ae5e82419191abf809e41134.jpg: score=-100;too_small:84x87
Skip non-chart visual asset 9189443377673c9660f0dd9b9faa4da2ead1ec00b5711451ec3c8d5933a9fbdb.jpg: score=-100;too_small:65x65
Skip non-chart visual asset 3937417035efc54a611729167a2ddb7fd151cef9bce428305136206c25497fde.jpg: score=-100;too_small:532x89
Skip non-chart visual asset a0c65a1459de00917c0a724183d344956c819738444908fc34e3bd01d0c701e6.jpg: score=-100;too_small:123x65
Skip non-chart visual asset 72233b510edaa6b88f0bfff57b5667839c754405dcbf243437481f63b618c6b1.jpg: score=-100;too_small:82x84
Skip non-chart visual asset 1a3bfb9a5f1b9cd0afedb77ec1bfad415d9c0e535d155f750eee08420d9168fe.jpg: score=-100;too_small:85x40
Skip non-chart visual asset b660ab3310b939567a61a5ee4182888496b4dd302dff4d4a6a4d7b4a80878993.jpg: score=-100;too_small:259x59
Skip non-chart visual asset 5e0c7f4cc6e54b799514b3a1100824107ce6e66bd7218c72a840097999e5c2b2.jpg: score=-100;too_small:87x82
Skip non-chart visual asset 72365b6ac861f843deaa4db9515f47797486ab07315374e32c68080f5534a42c.jpg: score=-100;too_small:123x65
Skip non-chart visual asset ea1109f6a2cb2aece9eeb94f2c3556c2abd2479b98b99e203cacbd224baafc78.jpg: score=-100;too_small:110x131
Skip non-chart visual asset 62ccb9ccc1c5b334cf6cae806000486799f6442e0c787f132e994e4a46e77c21.jpg: score=-100;too_small:90x81
Skip non-chart visual asset 033288d34727b9ed57f5a62339caa3f5135f4b911992cf5c3e7e7acd7bee9119.jpg: score=-100;too_small:120x115
Skip non-chart visual asset 432c2ce704eaebf77ef837fd990b3996ddf00ee8bf2c18fa6a05dec32c94bdf9.jpg: score=-100;too_small:84x82
Skip non-chart visual asset 0d94e3449a119b1a37454ec09e70089e4ce91ce77a218209de603510c196b9bd.jpg: score=-100;too_small:81x79
Skip non-chart visual asset 0ec7bb68764d172c12db3ec9c546e11c9f85881a94ebffd6af863d8ddac7429e.jpg: score=-100;too_small:187x74
Skip non-chart visual asset 3fb690d7ae83c057eb0af96814529a73a01548d9b2018846ff2a85f88b205d89.jpg: score=-100;too_small:109x57
Skip non-chart visual asset 39bc4cf9d1764cc5a154c4b397272ba2660c36291fb027a2d00894a26a0a9729.jpg: score=-100;too_small:45x48
Skip non-chart visual asset 1a6940a0a76d23f8ddb843da6c4024cfc8886ce0ca7c0d5d3c69bd92bed92760.jpg: score=-100;too_small:103x78
Skip non-chart visual asset 3fe033ab4ad9c71222ea239694101f683e42dcae1bdb8697121b74824cca7382.jpg: score=-100;too_small:106x78
Skip non-chart visual asset 691b1537ad4bd0a2382efba28b23a467436ce88dcd133805195f35c9c11edc6e.jpg: score=-100;too_small:532x87
Skip non-chart visual asset 8502f6f73e56a75bf65d3699c1bbb467f747dfba3d6c68823e969c00bee734e5.jpg: score=-100;too_small:81x84
Skip non-chart visual asset 37a7c66a696c78969e775b319d8a0eae758445b0b862f177b95b6dbd212a6e87.jpg: score=-100;too_small:253x40
Skip non-chart visual asset c9f2e989f5e78c77ecdd963b1b1a1a78c97961ce1998b2d3e4954b40f9709294.jpg: score=-100;too_small:84x40
Skip non-chart visual asset 9c58d62802f0fdaf89e07fc7756f75bf0ad0e8ce58e70122ad98f3d0bd0cfb1a.jpg: score=-100;too_small:123x67
Skip non-chart visual asset d9c814c05b742e42947b505c288180522151886a9f1ccf6e1c75785d14fda5a3.jpg: score=-100;too_small:53x51
Skip non-chart visual asset 2b0091fe4e8f271046a581f836a1e19bf34a758eaf95cf0962ad8992afaa5d46.jpg: score=-100;too_small:73x37
Skip non-chart visual asset f5b4e08332a51bdef8639daaaa136c2061ef37772f882a0ac5f1e57513922b94.jpg: score=-100;too_small:85x84
Skip non-chart visual asset 4b74f4c4727579d2fcdefd7935270aa8a48c8a4d46f1d58f0dd377a4780de1e8.jpg: score=-100;too_small:84x87
Skip non-chart visual asset 40d4af750b2f9ac62ab6c554b94de9a647c59be6b78677d8ad8f8ea537b59d56.jpg: score=-100;too_small:134x76
Skip non-chart visual asset ecd367c04e28ba26eaf819ccaf2158245ebb415f1c8aff9c801fd764b55c1376.jpg: score=-100;too_small:132x162
Skip non-chart visual asset c8e25520abdd13f3334c0f151e4a23ff41d54a09e2ca7564998d2af42bf45fee.jpg: score=-100;too_small:76x37
Skip non-chart visual asset feb55fe63b32de60339f7cb5a783f75762620594faa98a3747d9a8cbe0fc4b81.jpg: score=-100;too_small:87x79
Skip non-chart visual asset 8f191a74856c92252dcb18e77b1cedeab8840ace208772fc93085d2664c36a3e.jpg: score=-100;too_small:93x68
Skip non-chart visual asset bcec8871f940a12840615b970a4225491e5a76d9fdcb7d79b7d469b2a61d61b8.jpg: score=-100;too_small:532x90
Skip non-chart visual asset 73c5aa1c33c61d653fb8205b9f46dd1a2df0c5190d5996e2a2ab541be6a7b4b0.jpg: score=-100;too_small:84x65
Skip non-chart visual asset 08729b1e562ab51b1b5bdf55391a53bcd797279d78de2dfb91cc80794a7fcc58.jpg: score=-100;too_small:84x84
Skip non-chart visual asset 8b24c1f1cffaccdd22c8f8da9a2d64af24eab4c5727b1df0a01543e7f3945ff6.jpg: score=-100;too_small:87x76
Skip non-chart visual asset 88759123f1709054607812a0d02e54113fdc26de382704db725727a662929842.jpg: score=-100;too_small:112x59
Skip non-chart visual asset f88d88eb05981bbb8b076b3882d3cd30e71bb3d1387af47c06f5cf431e9c1cfe.jpg: score=-100;too_small:87x79
Skip non-chart visual asset cf6f760bb24e52c225e2eb2b0fa982714b14544d15eb67de3cfd265ff061de09.jpg: score=-100;too_small:82x84
Skip non-chart visual asset e9f9a3d54764257ea1132473cfec0fe8427a6806ff68e392bc142e1444fdc278.jpg: score=-100;too_small:132x67
Skip non-chart visual asset 74250c3f93ef6065908e83eea793adb0db62aa58635719099a6b7e6b8292ec0e.jpg: score=-100;too_small:126x67
Skip non-chart visual asset 620bc9b45cf8645934bd70730c8b330af55528c9c23f93b26b885b03a5d5b5ce.jpg: score=-100;too_small:532x84
Skip non-chart visual asset 5426a39845c8d811c86acd055e00d5e36b34949ad26e22e5016606405d1f2a9e.jpg: score=-100;too_small:195x87
Skip non-chart visual asset 69e685e940435b4873641ff7bf1a151770493f914d8d3fbe4776c5809efda896.jpg: score=-100;too_small:198x85
Skip non-chart visual asset dd8410c223eaf5d1de9005b8ad2437c9b45684ace61020af800de2be8de9f61a.jpg: score=-100;too_small:64x84
Skip non-chart visual asset b919b747ac35c21640cbe32ad08595808d0992e7999271bc5ab5fdd9b6b83314.jpg: score=-100;too_small:129x67
Skip non-chart visual asset dc2604b95b548b495519993390fe39c3ffe07b7c055b1665fe3a98180b55bbea.jpg: score=-100;too_small:81x81
Skip non-chart visual asset cf4752e0301b861d3aeb12667a96226b395d962ddb29f24941598513510f6df9.jpg: score=-100;too_small:79x37
Skip non-chart visual asset 4bc0e2e29a753516ecad370487f6e3f104475e8b671673c7a124d95d01aee831.jpg: score=-100;too_small:51x51
Skip non-chart visual asset 0c384af7c71979cf5ff708ae3b52c8705a5a9c46596de4246ede22324d589e8f.jpg: score=-100;too_small:81x82
Skip non-chart visual asset b2993af8e2c71db6e2e0dbea770e324afa202580cd36d09a3ca16cd2d502e2f2.jpg: score=-100;too_small:84x87
Skip non-chart visual asset cb97433f180ffd77db14e27d53c2818040a47f27690e11ce81aae8b68ea75253.jpg: score=-100;too_small:126x76
Skip non-chart visual asset 40ba9b4afd656359e75cffd362bffd85ce4cf1f5e04af830b133ed40bf49995f.jpg: score=-100;too_small:68x34
Skip non-chart visual asset c7d7b04a26d982d177eef23b54f3bd9367b66d5611c688a75ae082e2c156b20f.jpg: score=-100;too_small:78x76
Skip non-chart visual asset 0656399b8411b44539c0edd1aaeade60834602639a3a67a8977e8bcb08f713aa.jpg: score=-100;too_small:87x79
Skip non-chart visual asset c6229fa3277646771f932638526364d6ee57aa161b068c040f35d0c902fa176a.jpg: score=-100;too_small:532x87
Done. Results written to /home/runner/work/rpt_edit/rpt_edit/xhs_notes/dropbox/260721/shard_8; successful_reports=5; mineru_timed_out=False; mineru_attempts=1
All batches completed successfully. Generated 5 report directories.
