Found 55 total PDFs; shard 7/40 has 5 PDFs, skips 0 already converted, will process 5 PDFs with batch_size=5.
Running batch 1: 5 PDFs
Found 5 PDFs. MinerU token slots available=2.
MinerU attempt 1/4 using MINER_U_2: submitting 5 PDF(s).
Uploading PDF to MinerU: /tmp/pdf_batch_001_rw2ztj8r/pdfs/0001-36-Goldman Sachs-Oil Comment- Hedging Escalation With Diesel Length-260720.pdf
Uploading PDF to MinerU: /tmp/pdf_batch_001_rw2ztj8r/pdfs/0002-37-J.P. Morgan-Financial Software-Examining AI Across Intapp and SS-C-260720.pdf
Uploading PDF to MinerU: /tmp/pdf_batch_001_rw2ztj8r/pdfs/0003-38-Goldman Sachs-Urban Outfitters Inc. -URBN.US- Anthropologie reset building and UO brand driving profit improvement- upgrade to Buy-260720.pdf
Uploading PDF to MinerU: /tmp/pdf_batch_001_rw2ztj8r/pdfs/0004-39-Goldman Sachs-Ulta Beauty Inc. -ULTA.US- Promotional event analysis- takeaways from IR call- and updating estimates-260720.pdf
Uploading PDF to MinerU: /tmp/pdf_batch_001_rw2ztj8r/pdfs/0005-40-J.P. Morgan-Lithium-June China Export Import Data-260720.pdf
MinerU attempt 1 using MINER_U_2 batch_id=a4bbcaeb-0287-411d-8689-0673f5f85fc1
MinerU states: running, running, running, pending, pending
MinerU states: done, done, done, done, done
/home/runner/work/rpt_edit/rpt_edit/scripts/pdf_to_xhs_batch.py:293: DeprecationWarning: Image.Image.getdata is deprecated and will be removed in Pillow 14 (2027-10-15). Use get_flattened_data instead.
  pixels = list(gray.getdata())
Skip non-chart visual asset ae094699ccb5ce62e613d12cd75abee9403e755959f83ea1954560cea7f15985.jpg: score=1;chart_ratio,square_without_chart_hint,edge:0.17,large
Skip non-chart visual asset b561c8a3e30597ff589b0b68769375a2c0aabd9c4d4b96aa651b03a400a4271f.jpg: score=2;chart_ratio,square_without_chart_hint,edge:0.28,contrast,large
Skip non-chart visual asset e98a6b9455582bd5e0e2aa9b3da220ae7683d54aa5fd3752d5d9043371b37a58.jpg: score=2;chart_ratio,square_without_chart_hint,edge:0.28,contrast,large
Skip non-chart visual asset e350ef2c829580cce248db66d5b789ff9be49e00d720e5cbc8efa07f01f13ab4.jpg: score=1;chart_ratio,square_without_chart_hint,edge:0.24,large
Skip non-chart visual asset e56de46839786c4135f7a5af3cddcb4f874084c9ade049f8e96971e331e05407.jpg: score=1;chart_ratio,square_without_chart_hint,edge:0.20,large
Skip non-chart visual asset e724bff7a5241dd44d3816dd12cb034dc88adb54200e128b4935f32d7c0c932b.jpg: score=-100;too_small:1348x137
Skip non-chart visual asset d9800f3e5d7d58a055e07bf40666a7b3b4620fa2e9fa39a35969128203356ed8.jpg: score=-100;too_small:1454x168
Skip non-chart visual asset a2b6f7949c2c3739fa3b2d019c8a638cb638b67492898ea9cea288183f364be0.jpg: score=-100;too_small:546x56
Skip non-chart visual asset 5a5c10595c713ebb5b07f7946029fce56f0ec439044351801c6b90324070a789.jpg: score=1;chart_ratio,square_without_chart_hint,edge:0.27,large
Skip non-chart visual asset 823868597595eb9fdaa72e8f60ff04a01e2d41deb79846d66ac261b937afbd5e.jpg: score=0;square_without_chart_hint,edge:0.31,large
Skip non-chart visual asset 241e22ae7b2aba5c5b821ae81ed3620093a8b1d087603abe665a32f74368dc08.jpg: score=1;chart_ratio,square_without_chart_hint,edge:0.29,large
Skip non-chart visual asset b08c9c260c3da33a3f2ee0dbb74a29240a85cafe782466db17bbffc5e6d42628.jpg: score=-100;too_small:1159x103
Skip non-chart visual asset 7d83837183ac78b79cf61d1d53e09218db50ffc392e0035f770b844b1e388cb0.jpg: score=-100;too_small:462x187
Skip non-chart visual asset 2c75c0ae2451050e07f29461508aba491a58b4cefee4ac2c5bd51913180e946c.jpg: score=1;chart_ratio,square_without_chart_hint,edge:0.27,large
Skip non-chart visual asset 6e34cb86f4dc5b7cbd1ccce54e8f6a86ba5d881c812d5a0454522d77c067dfd5.jpg: score=2;chart_ratio,square_without_chart_hint,edge:0.38,contrast,large
Skip non-chart visual asset 543f8aa165ba2dd2864eacd30ce18b4c4dc596be51b61562ae74bd155140f6ed.jpg: score=1;chart_ratio
Skip non-chart visual asset 03d4b7abf92c59583a43040d272c03dc475ac866f9a8883c17fa9d8238a919f0.jpg: score=0;square_without_chart_hint,edge:0.34,large
Skip non-chart visual asset f71b0086e48cf74a8bf6e15382b9cc6785bfb3d0a743bd6fdaae2902d2d9a19c.jpg: score=2;edge:0.33
Skip non-chart visual asset 174eec92cedf2d4a2d81269b0837d1970978247381baa0098fb63e3f8851160e.jpg: score=1;chart_ratio,square_without_chart_hint,edge:0.30,large
Skip non-chart visual asset c3838ac5ae5810771f83b0b01cebdf65af85d53de7434c24f6e39e95149d6f66.jpg: score=0;odd_ratio:0.38,edge:0.17,large
Skip non-chart visual asset afb5f8defb44a971a823bac8bb2080c63aac1d9bc765c18ae3de287676914c67.jpg: score=-100;too_small:1156x107
Skip non-chart visual asset 4029817c787858630a9325aaddf642ba58048e143fd90faa00e4bebc735d58f5.jpg: score=-100;too_small:1448x104
Skip non-chart visual asset 864e1a71cf9e19344ce70fc7f737512bb5eecc999fdd3f1b816d4d293f04831f.jpg: score=-100;too_small:982x170
Skip non-chart visual asset f37ab610c0c7ed769365ab5f6fbe1a5e2433e85303e96d1a6bbc4064556718fa.jpg: score=-100;too_small:1340x101
Neutralized WeChat title while keeping the report: 摩根大通：中国锂6月进出口数据-碳酸锂进口量增46% -> 摩根大通：跨境贸易数据与主题变化观察
Done. Results written to /home/runner/work/rpt_edit/rpt_edit/xhs_notes/dropbox/260721/shard_7; successful_reports=5; mineru_timed_out=False; mineru_attempts=1
All batches completed successfully. Generated 5 report directories.
