Found 64 total PDFs; shard 9/40 has 5 PDFs, skips 0 already converted, will process 5 PDFs with batch_size=5.
Running batch 1: 5 PDFs
Found 5 PDFs. MinerU token slots available=2.
MinerU attempt 1/4 using MINER_U_2: submitting 5 PDF(s).
Uploading PDF to MinerU: /tmp/pdf_batch_001_r5jdwknp/pdfs/0001-49-Goldman Sachs-Whirlpool Corp. -WHR.US- Appliances- Fourth of July 2026 Pricing Update-260706.pdf
Uploading PDF to MinerU: /tmp/pdf_batch_001_r5jdwknp/pdfs/0002-50-J.P. Morgan-ASML-ASML.AS-2Q26 Preview-Capacity in -27 and beyond along with strong demand indications needed for stock break-out-260707.pdf
Uploading PDF to MinerU: /tmp/pdf_batch_001_r5jdwknp/pdfs/0003-51-Goldman Sachs-Zhejiang Huahai Pharmaceutical -600521.SS-- 1H26 prelim results beat- TP up to Rmb13- Sell-260706.pdf
Uploading PDF to MinerU: /tmp/pdf_batch_001_r5jdwknp/pdfs/0004-52-J.P. Morgan-Dollar Tree- Inc.-DLTR.US-HQ Mgmt Meeting - G.O.L.D.Store Takes-Overweight Establishing -170 Price Target-260706.pdf
Uploading PDF to MinerU: /tmp/pdf_batch_001_r5jdwknp/pdfs/0005-53-J.P. Morgan-China Banks-Style rotation drives selloff- CMB the yield bright spot-260705.pdf
MinerU attempt 1 using MINER_U_2 batch_id=a42d8bb2-5921-4cf7-b7cd-f302fc00ff37
MinerU states: done, pending, pending, pending, pending
MinerU states: done, done, done, done, done
/home/runner/work/rpt_edit/rpt_edit/scripts/pdf_to_xhs_batch.py:285: DeprecationWarning: Image.Image.getdata is deprecated and will be removed in Pillow 14 (2027-10-15). Use get_flattened_data instead.
  pixels = list(gray.getdata())
Skip non-chart visual asset 49a83dda00f742c0c096759f1b26b6d3f5c176feb87aef5de12a5ded96343d37.jpg: score=0;square_without_chart_hint,edge:0.35,large
Skip non-chart visual asset fd4e2517a2ab0b064196de92d832faa74f781c4ceccaebfb9b0dc0d0bd613f5f.jpg: score=0;odd_ratio:5.02,edge:0.31,contrast
Skip non-chart visual asset f1a23ea1727d548085df163f900dbf38da2d0735c41da7ae34f8d1a64a4161ae.jpg: score=2;edge:0.28
Skip non-chart visual asset a9d476d9ad28a25c017a146ce00c7b95999460d184879682a5186583d466b2cb.jpg: score=1;chart_ratio,square_without_chart_hint,edge:0.32,large
Skip non-chart visual asset 0bc0119562f11eb7de1864510d2a0d08b5cdee3c228baf7a1480e498ed4ecb35.jpg: score=0;odd_ratio:5.02,edge:0.32,contrast
Skip non-chart visual asset 25732a80646434d619fa149c16ab9c53e22a1a759b8f101b2175d052c0912af3.jpg: score=-100;too_small:704x79
Skip non-chart visual asset ea9e386bc3388aaf33806552b3b88ed323a060edaca21a80126d1601ffc27479.jpg: score=-100;too_small:642x109
Skip non-chart visual asset 014c018654797ae90a1ca98a7d39a6726ffd7da7eb162c68ad0104755973788d.jpg: score=1;chart_ratio,square_without_chart_hint,edge:0.28,large
Skip non-chart visual asset 952544724a671626f21bb62fd9d6c7d32cf5d7b0c6bbc6846c674f66e8926e63.jpg: score=-100;too_small:481x106
Skip non-chart visual asset 2d08a07d3aa83427179cd3aad2128f3ee6fe7ae941cba0b7227d81bf77bff089.jpg: score=0;odd_ratio:5.73,edge:0.29,contrast
Skip non-chart visual asset c148d72a90d06d6677dfc9fe1ef01280749798153cb6b341cf7ee3ae9510f418.jpg: score=-100;too_small:95x184
Skip non-chart visual asset 310a888bb23f119d82268381de84f24dc6f0d82f9954bc29ca0c69be07d3b0ab.jpg: score=0;square_without_chart_hint,edge:0.31,large
Skip non-chart visual asset 16014f1b0cd95907368d7b2c940f9cc1ea6d080692e89e3b968207a28512dcb1.jpg: score=0;chart_ratio,square_without_chart_hint,edge:0.28
Skip non-chart visual asset 67a6d7a529fab86e45f611482bcd3cd4acfabe967d984005f6862a9edc156ae2.jpg: score=-100;too_small:1456x165
Skip non-chart visual asset b1e3054cfec29fabe5894f6ecc8c3d198e1722315799c9350c2550116f89d79f.jpg: score=0;odd_ratio:5.60,edge:0.28,contrast
Skip non-chart visual asset f5856527cb10663e6b76e91aa40225ded20fd64ea76598e6950ea5d23682462b.jpg: score=-100;too_small:1159x107
Skip non-chart visual asset 327f0f38b8fe774040889ce8b6e4fc2f6db9a636c3a0963939a7a054f0476c1c.jpg: score=0;square_without_chart_hint,edge:0.53,contrast
Skip non-chart visual asset 417141f14db532e3b68e3382ebea094a65eed8ec4e2ad37719464e730232da24.jpg: score=-100;too_small:451x182
Skip non-chart visual asset 9bf7efbc4dd2dc48f90b72a44ddd6f1e8ebd2b6f9282ccf8abdc156f8e621a1c.jpg: score=0;square_without_chart_hint,edge:0.23,contrast
Skip non-chart visual asset 31282e624a711d3f0856e3ad880d472a51e4ef869794ff6eab70c2bf763eb282.jpg: score=-100;too_small:1459x171
Skip non-chart visual asset 97e0fa9a5f80d579490f7842504b9b9ff49a74cb844f71fc2e458d54aaae52d7.jpg: score=1;square_without_chart_hint,edge:0.51,contrast,large
Skip non-chart visual asset 9491cef6095fd82d1c0bf071d0dd10e2d51a9a44de77ce8d714d0cdeba57de96.jpg: score=0;square_without_chart_hint,edge:0.44,contrast
Skip non-chart visual asset b5a90342a357fc6fea3a5d843ecad11cbf84242d4d0cc4f782fb738074ee6143.jpg: score=1;square_without_chart_hint,edge:0.40,contrast,large
Skip non-chart visual asset 81fa478320d6a8c6896670d5aee619d5b16bea655ef0ce775081f8ddb2110a2e.jpg: score=-100;too_small:448x174
Skip non-chart visual asset a21b00676e78813af9d59a372928e0cdf9c04a357a2d3706bfcef94d93b46010.jpg: score=0;square_without_chart_hint,edge:0.39,contrast
Skip non-chart visual asset 9cc45accdccd5d32cf5bae1fd5c1e99344a1ab031776647a7241e105ab570448.jpg: score=1;square_without_chart_hint,edge:0.36,contrast,large
Skip non-chart visual asset 83780b77b0211e7ddbdc798eca4abcc2912c144b2464d2af42e98e74d1ae203f.jpg: score=0;square_without_chart_hint,edge:0.55,contrast
Skip non-chart visual asset 1eefc8d3530d789c63d8873b9ab52fcef076bda9950d44da29f48a02af58dbed.jpg: score=0;square_without_chart_hint,edge:0.31,large
Skip non-chart visual asset 02ddea49a203c7c6128192237db594ed5f9afe5d82488a0fb51e3e28dc1fd035.jpg: score=-100;too_small:626x87
Skip non-chart visual asset 444050f31ccc8e308157c12849aec8878a9921dcd1b0c789f6bf8a9e46835150.jpg: score=-100;too_small:95x98
Skip non-chart visual asset 3542e3c698da97f4b96290977299d877ef4c6f1a8868390378d14d48b479ada8.jpg: score=0;square_without_chart_hint,edge:0.41,contrast
Skip non-chart visual asset b3d4d901d6d204b37befa91bfd11b32014ed2df231979dcb270427634b83f416.jpg: score=0;square_without_chart_hint,edge:0.44,contrast
Skip non-chart visual asset 1c7ab7d31c78bac434f4ba9166c25c40c31ac25a5d6772a9b113bf18e65a1291.jpg: score=0;square_without_chart_hint,edge:0.44,contrast
Skip non-chart visual asset 79ec6977006210b6535d31db701ab5ea87bc5ac08d38d959f10e6d15423f6ef7.jpg: score=-100;too_small:924x159
Skip non-chart visual asset 9c91ab98c53c24159c92b40804505a95a44fc55a50522e6e1b87dcdbfd0634d5.jpg: score=-100;too_small:1381x143
Skip non-chart visual asset 552bcfe6b3a7a0363280e97b97449222afc723802c01b88f5680976c5be7ea32.jpg: score=0;square_without_chart_hint,edge:0.36,contrast
Skip non-chart visual asset 55035c93e3a2d68861d9d2d5a27afc2b3c0f38a1a625345e12ba80f8a9cbf987.jpg: score=-1;square_without_chart_hint,edge:0.35
Done. Results written to /home/runner/work/rpt_edit/rpt_edit/xhs_notes/dropbox/260707/shard_9; successful_reports=5; mineru_timed_out=False; mineru_attempts=1
All batches completed successfully. Generated 5 report directories.
