Found 87 total PDFs; shard 16/40 has 5 PDFs, skips 0 already converted, will process 5 PDFs with batch_size=5.
Running batch 1: 5 PDFs
Found 5 PDFs. MinerU token slots available=2.
MinerU attempt 1/4 using MINER_U_2: submitting 5 PDF(s).
Uploading PDF to MinerU: /tmp/pdf_batch_001_yj9bj2ag/pdfs/0001-81-Nomura-Techtronic Industries-0669.HK-Milwaukee momentum underpins growth-260714.pdf
Uploading PDF to MinerU: /tmp/pdf_batch_001_yj9bj2ag/pdfs/0002-82-UBS-Electronic Components Sector Update-Asia marketing feedback-260713.pdf
Uploading PDF to MinerU: /tmp/pdf_batch_001_yj9bj2ag/pdfs/0003-83-UBS-China AI Intelligence Key themes in H226E- model capability- monetization- and token ROI-260713.pdf
Uploading PDF to MinerU: /tmp/pdf_batch_001_yj9bj2ag/pdfs/0004-84-UBS-Han-s Laser Technology Industry-002008-Strength across all business lines- reiterate Buy-260713.pdf
Uploading PDF to MinerU: /tmp/pdf_batch_001_yj9bj2ag/pdfs/0005-85-UBS-Muyuan Foods-2714.HK-H126 preliminary results in line-260713.pdf
MinerU attempt 1 using MINER_U_2 batch_id=537a3baa-0627-44c0-87e7-444f1ff00315
MinerU states: running, running, running, pending, waiting-file
MinerU states: done, done, running, running, running
MinerU states: done, done, done, done, done
/home/runner/work/rpt_edit/rpt_edit/scripts/pdf_to_xhs_batch.py:291: DeprecationWarning: Image.Image.getdata is deprecated and will be removed in Pillow 14 (2027-10-15). Use get_flattened_data instead.
  pixels = list(gray.getdata())
Skip non-chart visual asset fcd2eb67baf37ba6aebf8393c706565f814cf4c98a2b83c93e5ad4a5dd20cda1.jpg: score=1;chart_ratio,square_without_chart_hint,edge:0.27,contrast
Skip non-chart visual asset bc518f0e7b03ec6f357a042a749eff8ed82c5cb0fddf8985d55b5537c40e3333.jpg: score=-100;too_small:726x148
Skip non-chart visual asset 3d1ef2341597498036b6de2678c2e0ddcb5f8426cad2ae63457331645fa3648d.jpg: score=-100;too_small:434x54
Skip non-chart visual asset d23bebf438d5768b3d0792a6d83a869b76061862bd7ed624447414b6df6d03f2.jpg: score=-100;too_small:1409x85
Skip non-chart visual asset ee866bb7ab953ebe42870f79319e5b93b7845d126bde729b15b22258a1127ee0.jpg: score=-100;too_small:434x70
Skip non-chart visual asset ae5eb6d6710a90c0430f7191ca3305289dd055aecd4ecb7c0332d18b8f82e407.jpg: score=-100;too_small:434x43
Skip non-chart visual asset e83412313b8f2e33996a405179f25e5ecc199bc3904caea4bb72de438135ec61.jpg: score=-100;too_small:1415x148
Skip non-chart visual asset 896708976b049b2591295671c0e44fb8bdd981786b3c51b02dbd4cf742aba459.jpg: score=0;odd_ratio:7.58,edge:0.28,contrast
Skip non-chart visual asset 85f20db2f3fb5687e21f12bac7a316636fc5b098fbffd5e66d8cfb4004f22727.jpg: score=-100;too_small:1409x125
Skip non-chart visual asset 110c3e93c7989ace235129cfbc430656c912f0c28a3290f0b448004baa21a313.jpg: score=-100;too_small:1409x128
Skip non-chart visual asset 49d8b6e7b2a7a10a8a4a5345055ddf1b5f9947150003aba36f53327e20bd87d0.jpg: score=-100;too_small:1215x148
Skip non-chart visual asset 30ec096f5a3b61cf45d2d9ed88f4111e6b082e117e007be7e0604f265883e93f.jpg: score=0;chart_ratio,square_without_chart_hint,edge:0.27
Skip non-chart visual asset ec1be9b83ce57e4521cb610aa5963a5403d97de5669ede261e4a12cc0b4c2cc3.jpg: score=1;chart_ratio,square_without_chart_hint,edge:0.11,large
Skip non-chart visual asset 3a60dbf29ff53d93a517e65fc7f3fc0a2ff2f84344d0ab6eff10b3f04b581b73.jpg: score=1;odd_ratio:5.55,edge:0.22,contrast,large
Skip non-chart visual asset e706792f128d712ab7e83646c8e2706eafe1d2dd738ff847c2dd7971c7635a31.jpg: score=-100;too_small:1412x148
Skip non-chart visual asset 36b8d0d9bf8f7106f77b99b3e906402bb445bdd82db3a6e5e1b3c36baaab9b9d.jpg: score=0;square_without_chart_hint,edge:0.20,large
Skip non-chart visual asset b04bd3023650e22895f0a03e90ac260c282785f7815d50295257d95568a37eef.jpg: score=0;odd_ratio:7.52,edge:0.21,contrast
Skip non-chart visual asset e31f3c2eb33195c9574d1e27204c250190f1fc4e2feaf219b48f6e13e028d51a.jpg: score=-100;too_small:1068x170
Skip non-chart visual asset 2f513b98dc695d1ec13ec8ca98dbdd625cd1eca7f2966384f3b84fc9e4d967f5.jpg: score=0;square_without_chart_hint,edge:0.21,large
Skip non-chart visual asset 94f0c30736b8ddc6f1b89a3b8991d9a16d1c495c343b38cdcc08148f9e1f30cd.jpg: score=1;chart_ratio,square_without_chart_hint,edge:0.12,large
Skip non-chart visual asset a6993ea8b014b7824ff032cbb1f9e67dc0ddaf77b06564892506d33990e76728.jpg: score=0;odd_ratio:6.78,edge:0.17,contrast
Skip non-chart visual asset b4e7c3df1232b3c533805894cc9247ad70b838571dae8b4abb20dcde7c63703d.jpg: score=-100;too_small:1068x168
Skip non-chart visual asset 415c2e86d821f45c9742b7e6fcbe67a4a899d8bc6b2f2dfef7a62742490345de.jpg: score=-100;too_small:1409x146
Skip non-chart visual asset 5a6ffff18463ce105b261d1e8865265b293f8f7f212dd15d18b98a7c40e28d70.jpg: score=1;chart_ratio,square_without_chart_hint,edge:0.42,large
Skip non-chart visual asset 1fa5377287dbe7b249cee8a1ce7b84225a2cbd71820f53b855c91e8b81634171.jpg: score=0;odd_ratio:7.58,edge:0.28,contrast
Skip non-chart visual asset b8d5d9f9500f05d8aebdad1548e0f5e744f00b57b5f33560068f5df0edd487e6.jpg: score=1;chart_ratio
Skip non-chart visual asset 2c50efe721c313730c7953e5564422cd2552f294acc6daa2ba486ea7146aa578.jpg: score=0;square_without_chart_hint,edge:0.24,large
Skip non-chart visual asset 38a40ffcfd3687259ec0006abd7c7f32675e99516821962792953cd7fe4063cb.jpg: score=1;chart_ratio,square_without_chart_hint,edge:0.33,contrast
Skip non-chart visual asset 7321032227a6c094ba3c6fcd555a0547ad2a7d6ebd1b15bc46c712f221fd3ddb.jpg: score=-100;too_small:1406x131
Skip non-chart visual asset e72902c36b9c080ca62fb77a5b11f50bec215bc51bbce0096f6b878ee886e358.jpg: score=2;edge:0.12
Skip non-chart visual asset ac5eca920d9e02292231fa724dadd8002dcfcdc5941304b6aa8c83c800ab63a4.jpg: score=1;chart_ratio
Skip non-chart visual asset b9caac2ba26d18ce517f88dcc8e4b5caf96cf379a31b4d2e3eb6e5e99fd44f1c.jpg: score=0;odd_ratio:7.58,edge:0.28,contrast
Skip non-chart visual asset 15056b3a5c80e5d693479330e2f06dc9e2955355c8ed8245481e07083c702c4c.jpg: score=-100;too_small:320x85
Skip non-chart visual asset 43ab54c00acb6be350196cdc58d35214da0802764da22ee655fe9cb23a0028a0.jpg: score=-1;odd_ratio:7.46,edge:0.23
Skip non-chart visual asset 5378d273e47e48964f08b561af1d1f3ced1256eb932abaeebd97fce1f3535e42.jpg: score=0;square_without_chart_hint,edge:0.20,large
Skip non-chart visual asset 602e2b3f425c8769e20d8add6e6aa35bbc079c504c0abe73c8d4a1ba6b5fc3a7.jpg: score=-100;too_small:929x104
Skip non-chart visual asset 061a26cf2fd0ffdfe3d2c985714d4facbee4cab8627d8335bfddcce1d20f1344.jpg: score=1;chart_ratio
Skip non-chart visual asset c38dc50d590ce66398c50fc13d294f72602fd7ab3be6f23182b9daeb2c007dff.jpg: score=-100;too_small:454x118
Skip non-chart visual asset 5f21752951618acee98879bb06f521ba174891df9fd4a882c07e828623498da7.jpg: score=-100;too_small:923x170
Skip non-chart visual asset e612c40a993a813c62334a68fa143ad5f419caff6bbda1c4760e3c7dbd7c8344.jpg: score=-100;too_small:1412x104
Skip non-chart visual asset 57c1e67a4ab29325bcfee385b2ca60f64dd95e2ffc3d08074f42ff6d2e243ab6.jpg: score=-1;odd_ratio:5.61,edge:0.17
Skip non-chart visual asset 9a52b50ce293ac185cd8591a1466214b7f00d236bcf4616770d94e71a5b1d9e3.jpg: score=0;square_without_chart_hint,edge:0.23,large
Skip non-chart visual asset 4d422df52c4088b014e0bd5ca311426e1dd3c850ab2ae0903ea1b5f26f2150e9.jpg: score=2;chart_ratio,contrast
Skip non-chart visual asset 701402c8db32b58ba4a07e55c6ba22244f9910f0826474e418a2c8ca7f4a3505.jpg: score=-100;too_small:929x123
Skip non-chart visual asset 5c871a02ba5cd63e562aa22147c14c5971b478c0881ae989b3d287a694a6ebde.jpg: score=-1;odd_ratio:7.57,edge:0.20
Skip non-chart visual asset 38e960ca1c9688fad9bf0b9ee465e57807da07fb07bef43aff805faca5b67c13.jpg: score=-100;too_small:929x146
Skip non-chart visual asset 5acb8fca369517e16792e455db337894826934daac198fbf66ef2721d9d5b27d.jpg: score=-100;too_small:442x87
Skip non-chart visual asset d7442bb16e9a0968dbbdc6e9fb13d4fbd32cf1fde15bda2b703bd0d7ac7a091b.jpg: score=-100;too_small:440x87
Skip non-chart visual asset 246c093a5091f52f6bcc1a8d96bfaff1f5fb5326d44c833e830aae9820c06c40.jpg: score=-100;too_small:1409x104
Skip non-chart visual asset 7ff50de53bd6eb42f5d71096f97c02c054b81f7ad9a67216dedb4759f5fa875f.jpg: score=-1;odd_ratio:7.35,edge:0.24
Skip non-chart visual asset febb33d8dfc82d96a2f6bef73f90fe006bfa9d5e344a1f00bc349c324e929dca.jpg: score=0;odd_ratio:7.58,edge:0.28,contrast
Skip non-chart visual asset 1e2dffe946c46dcbee37c6f513a9bdd01760e5911690fd7aad0903060ba2bbb1.jpg: score=2;edge:0.12
Skip non-chart visual asset 375d12fc2cc8ac1e384c6babd2a863afe2c9668500f35ebccf891fcb528858ae.jpg: score=0;odd_ratio:7.19,edge:0.20,contrast
Skip non-chart visual asset 64c1e59b5f6570092fd107770df440f6ab6ab52237f294335ecca9d479169950.jpg: score=-1;odd_ratio:7.58,edge:0.18
Skip non-chart visual asset d29bbcbcb500c03a1076832ad8c47d39d58b9a0fac94e185b51df7e57ef94622.jpg: score=-100;too_small:454x120
Done. Results written to /home/runner/work/rpt_edit/rpt_edit/xhs_notes/dropbox/260715/shard_16; successful_reports=5; mineru_timed_out=False; mineru_attempts=1
All batches completed successfully. Generated 5 report directories.
