Found 29 total PDFs; shard 4/40 has 5 PDFs, skips 0 already converted, will process 5 PDFs with batch_size=5.
Running batch 1: 5 PDFs
Found 5 PDFs. MinerU token slots available=2.
MinerU attempt 1/4 using MINER_U_2: submitting 5 PDF(s).
Uploading PDF to MinerU: /tmp/pdf_batch_001_9lk_sntz/pdfs/0001-21-Goldman Sachs-US Autos - Industrial Tech-June US auto SAAR was in the mid to high 16 mn range-260701.pdf
Uploading PDF to MinerU: /tmp/pdf_batch_001_9lk_sntz/pdfs/0002-22-J.P. Morgan-US Monthly -June--Despite concerns about high gasoline prices- demand remains solid-260702.pdf
Uploading PDF to MinerU: /tmp/pdf_batch_001_9lk_sntz/pdfs/0003-23-Morgan Stanley-Property-Monthly Chartbook-260701.pdf
Uploading PDF to MinerU: /tmp/pdf_batch_001_9lk_sntz/pdfs/0004-24-Goldman Sachs-AI Adoption Tracker June 2026-Adoption Rises to 20.6--260630.pdf
Uploading PDF to MinerU: /tmp/pdf_batch_001_9lk_sntz/pdfs/0005-25-J.P. Morgan-Chinese AI Models Catching Up- Vulnerabilities Accelerating-260630.pdf
MinerU attempt 1 using MINER_U_2 batch_id=38eba2d6-1ec4-4ea3-8f4c-c06a9deb9445
MinerU states: running, running, waiting-file, waiting-file, waiting-file
MinerU states: done, running, running, running, running
MinerU states: done, done, running, done, done
MinerU states: done, done, done, done, done
Skip non-chart visual asset bb7313a91f7e6cac69f17ca90ad028fea1fad0efecd5eec8c6fa6863b476f8d9.jpg: score=-100;too_small:1159x106
/home/runner/work/rpt_edit/rpt_edit/scripts/pdf_to_xhs_batch.py:277: DeprecationWarning: Image.Image.getdata is deprecated and will be removed in Pillow 14 (2027-10-15). Use get_flattened_data instead.
  pixels = list(gray.getdata())
Skip non-chart visual asset 533cd392bfb7fcb6153e7f5fcf1a5a7d8782cadbc0091cf8e4fb926dc0399e13.jpg: score=1;chart_ratio,square_without_chart_hint,edge:0.49,large
Skip non-chart visual asset 7fd02f5253b8254fd9a1f29b6f564fc7cbe22f9071a62891754fdce3a5d7b7b2.jpg: score=1;chart_ratio,square_without_chart_hint,edge:0.33,large
Skip non-chart visual asset 250fc97a04b381f7286b0ace5bb0ffc1785096b446b4f3841614d5be3f6c9d31.jpg: score=-100;too_small:982x167
Skip non-chart visual asset 9467acf5f95274aeb48b4fd114cebdb17933e2813f759914a7461a784dc1ecdd.jpg: score=1;large
Skip non-chart visual asset 00a749d824888f83945d1af18d797ac509629f9c6cb14466936b7f216d19a971.jpg: score=2;chart_ratio,square_without_chart_hint,edge:0.27,contrast,large
Skip non-chart visual asset 002a2a1cef0dc19e7bc9ed7807877f9784fb20aca8ba90088c6bc33b9b3fd7cf.jpg: score=1;chart_ratio,square_without_chart_hint,edge:0.20,large
Skip non-chart visual asset 3bb5f0fbb3a8a59bc6cd03d7f88cd4a875a9db9a85e184b57670ff096e9d6309.jpg: score=2;chart_ratio,square_without_chart_hint,edge:0.27,contrast,large
Skip non-chart visual asset 9d9360d4ba6451fbcb502b65a5d502363865f3175b94bc6608df089ba0972bba.jpg: score=1;chart_ratio,square_without_chart_hint,edge:0.21,large
Skip non-chart visual asset 2540be4c6eb29dc729fa82f61b92f27e3f0a3405aa4988056789eac0652d0337.jpg: score=0;square_without_chart_hint,edge:0.19,large
Skip non-chart visual asset c2af682f0b4bd91030930a605a79d4e24e7be8517192e1e2ca61e86ffdc92b27.jpg: score=1;chart_ratio,square_without_chart_hint,edge:0.22,large
Skip non-chart visual asset 6d9bd3e63c5d9325b1f2697982ea536f84c75bb2a80fbd80a17c2065298a734c.jpg: score=1;chart_ratio,square_without_chart_hint,edge:0.15,large
Skip non-chart visual asset c8681605c3eb2ec4a9f4893df230a723a1a8a8f56b454fd8ed57223a5f502c7e.jpg: score=1;chart_ratio,square_without_chart_hint,edge:0.13,large
Skip non-chart visual asset fa7e1c76afaa1f462deaa6a65adce770739f2b603bdeae95167797abe775e4b4.jpg: score=1;chart_ratio,square_without_chart_hint,edge:0.19,large
Skip non-chart visual asset 2bb4d12517d40f2ff57f53a50a69e5ab182d20cf4fad306275d5e89d46ad4c4c.jpg: score=1;chart_ratio,square_without_chart_hint,edge:0.28,large
Skip non-chart visual asset 60c8297dd2d5acadd6af4ee6e4a1b522b883e139b8c5c020b7469060401e20bc.jpg: score=1;chart_ratio,square_without_chart_hint,edge:0.27,large
Skip non-chart visual asset 1faeee86690958e82cc8ef285ea73cc0f5b3a9b4e0a84fc67565b489402fc2c5.jpg: score=2;chart_ratio,square_without_chart_hint,edge:0.24,contrast,large
Skip non-chart visual asset 50db18c128d89356dd74c7fbb78a60c6a2da0bdb2e5141c7b0aaf74d525fe008.jpg: score=2;chart_ratio,square_without_chart_hint,edge:0.28,contrast,large
Skip non-chart visual asset 3d375fb0e45acf2d4a5cbd21db7c44af13efeb13513075fbeff4778b99eb93c3.jpg: score=1;chart_ratio,square_without_chart_hint,edge:0.22,large
Skip non-chart visual asset 0b23171d395ac307b5bc7e8e68bc95d89c0c7cefc23899ecb6360adab37d0226.jpg: score=-100;too_small:1462x112
Skip non-chart visual asset a53d106ebfbaf23555f0e3a861c6ccc53ec3d6dc76176173a10b965b9bedd70a.jpg: score=0;chart_ratio,square_without_chart_hint,edge:0.28
Skip non-chart visual asset 0f577249ba8582bfe7a41110e2f2c10603f0b62dc5c35b7544465e2a3f052d63.jpg: score=2;chart_ratio,square_without_chart_hint,edge:0.25,contrast,large
Skip non-chart visual asset 21135d70b979ad1cecb375bfcd08847d8fb02cad49642ca8e7fb056b81c0de66.jpg: score=-100;too_small:982x168
Skip non-chart visual asset 7fa8e2006f1530431d8b805d2630a9be0c50a199df485848e4adfc01897a142f.jpg: score=0;chart_ratio,square_without_chart_hint,edge:0.25
Skip non-chart visual asset e492c84db51f529941d341756f9039c81fd36b460a73957dc7acced1d707d08b.jpg: score=2;chart_ratio,square_without_chart_hint,edge:0.11,contrast,large
Skip non-chart visual asset f705499ffc022fb59bc791cd19a7d0aed79a270db8f558eebad3fc9631ec0d1c.jpg: score=-1;square_without_chart_hint,edge:0.30
Skip non-chart visual asset 0d38106aeb414f774d345f37332c5b3078d7be000adf0fc18d521094084aea2a.jpg: score=-100;too_small:95x184
Skip non-chart visual asset 62f970fff12a37097944c3dc75dd936191ff5f325637ab5341ae1108c19312d9.jpg: score=0;square_without_chart_hint,edge:0.31,large
Done. Results written to /home/runner/work/rpt_edit/rpt_edit/xhs_notes/dropbox/260702/shard_4; successful_reports=5; mineru_timed_out=False; mineru_attempts=1
All batches completed successfully. Generated 5 report directories.
