Found 11 total PDFs; shard 1/40 has 5 PDFs, skips 0 already converted, will process 5 PDFs with batch_size=5.
Running batch 1: 5 PDFs
Found 5 PDFs.
Uploading PDF to MinerU: /tmp/pdf_batch_001_gv70oerf/pdfs/0001-07-Nomura-Global Memory-Real AI boom is here- embrace the new regime-260515.pdf
Uploading PDF to MinerU: /tmp/pdf_batch_001_gv70oerf/pdfs/0002-08-Nomura-Key focus and themes-Iran and AI risk events-staying short for most of SE Asia FX-260515.pdf
Uploading PDF to MinerU: /tmp/pdf_batch_001_gv70oerf/pdfs/0003-09-Nomura-US Economic Weekly-Building price pressures-260515.pdf
Uploading PDF to MinerU: /tmp/pdf_batch_001_gv70oerf/pdfs/0004-10-Goldman Sachs-China ERP- AI agents AI native features to drive client spending- Operational efficiency to improve with AI integration-260515.pdf
Uploading PDF to MinerU: /tmp/pdf_batch_001_gv70oerf/pdfs/0005-11-Morgan Stanley-Greater China Materials-Feedback from Aluminum Checks in Henan-260515.pdf
MinerU batch_id=73e41fd5-5671-4803-84e4-0bc10d133329
MinerU states: running, pending, pending, pending, waiting-file
MinerU states: running, running, running, running, running
MinerU states: running, running, running, done, done
MinerU states: running, done, running, done, done
MinerU states: running, done, running, done, done
MinerU states: running, done, running, done, done
MinerU states: running, done, running, done, done
MinerU states: done, done, running, done, done
MinerU states: done, done, running, done, done
MinerU states: done, done, done, done, done
Done. Results written to /home/runner/work/rpt_edit/rpt_edit/xhs_notes/dropbox/260516/shard_1
All batches completed successfully.
