Found 62 total PDFs; shard 3/40 has 5 PDFs, skips 0 already converted, will process 5 PDFs with batch_size=5.
Running batch 1: 5 PDFs
Found 5 PDFs. MinerU token slots available=4.
MinerU attempt 1/4 using MINER_U_4: submitting 5 PDF(s).
Uploading PDF to MinerU: /tmp/pdf_batch_001_7nthvnuw/pdfs/0001-16-Deutsche Bank-China NEV Weekly New Orders Monitor-China NEV demand leading indicator -weekly new orders--July 3rd week-260721.pdf
Uploading PDF to MinerU: /tmp/pdf_batch_001_7nthvnuw/pdfs/0002-17-Deutsche Bank-Airbus-AIR.PA -A mid-term guidance- a -5bn buyback and a flight plan beyond 2029-260722.pdf
Uploading PDF to MinerU: /tmp/pdf_batch_001_7nthvnuw/pdfs/0003-18-Deutsche Bank-China IP Retailer-IP Offline Sales-Jun 2026--Pop Mart Weakens While Peers Hold Up-260721.pdf
Uploading PDF to MinerU: /tmp/pdf_batch_001_7nthvnuw/pdfs/0004-19-Deutsche Bank-Thematic Research-Time billionaires want more risk. Is AI to blame--260722.pdf
Uploading PDF to MinerU: /tmp/pdf_batch_001_7nthvnuw/pdfs/0005-20-Goldman Sachs-CHINA CRO - CDMO-2Q 1H26 Preview-Resilient Order Momentum to Support Further Earnings Upgrades and Re-rating Sustainability-260722.pdf
MinerU attempt 1 using MINER_U_4 batch_id=c37b4f8b-b7a6-4293-8d15-91aa6c08294d
MinerU states: done, done, done, done, waiting-file
MinerU states: done, done, done, done, done
/home/runner/work/rpt_edit/rpt_edit/scripts/pdf_to_xhs_batch.py:307: DeprecationWarning: Image.Image.getdata is deprecated and will be removed in Pillow 14 (2027-10-15). Use get_flattened_data instead.
  pixels = list(gray.getdata())
Skip non-chart visual asset 967e002f19dd5fe7a70408b8f4933afbe39b10681363e98d00d57cd827ea4aec.jpg: score=2;edge:0.26
Skip non-chart visual asset 99e8dcf79efb164464f290bc9f8fccc4ab6288da6227fdcaf91572310f12dae1.jpg: score=0;odd_ratio:4.89,edge:0.26,large
Skip non-chart visual asset d0857e9a1f743ed80a5c4b7f425e172dfae04070d79139b7c8f80059e8b622a3.jpg: score=-100;too_small:773x159
Skip non-chart visual asset 5f76b69fbe21d0a02819af95e8b5034c9bb2fdc6331838897874878ca4786724.jpg: score=-100;too_small:773x159
Skip non-chart visual asset 868dbbe491e1bd87068037c1d70b1e726bb2a8447ffd82c5552a0ee850891c72.jpg: score=-100;too_small:448x134
Skip non-chart visual asset 4bc34ac7e05e156fb1986e5f3310849d579f6327d68ae0f65db2de4a40afe393.jpg: score=1;chart_ratio,square_without_chart_hint,edge:0.19,contrast
Skip non-chart visual asset 0cbe518e001ff1327114f6816b9ac9bf9fbd22599c5c7113ca43e01056fd4fbc.jpg: score=-100;too_small:1415x118
Skip non-chart visual asset 1e3486ed10a78e21023279300786be9d1a1aba3c2747dd11d02aedaa6dae873d.jpg: score=-1;odd_ratio:5.63,edge:0.20
Skip non-chart visual asset 89bed9711caee394653a555f071024e5df6997fbf79fe5e9642d2bf9392d2ef5.jpg: score=-100;too_small:454x107
Skip non-chart visual asset b3d1a5ddbd5d0178125e29e57a0cc9907e7d037cc9cce28c61281afad6e9d62a.jpg: score=1;odd_ratio:5.02,edge:0.31,contrast,large
Skip non-chart visual asset 40d11ef076fa4e88e58d0c150904469352a3580f35f066253acf70bf783dfbb2.jpg: score=1;chart_ratio,square_without_chart_hint,edge:0.13,contrast
Skip non-chart visual asset 4cc699099bc245ae4ec7db1e058c484060b21debb35204c0fd05875140f62051.jpg: score=-1;odd_ratio:5.55,edge:0.23
Skip non-chart visual asset 4471b90065546b33fe094fae3280337d137baca3b6a22842b2827c33dd9ed41f.jpg: score=1;chart_ratio,square_without_chart_hint,edge:0.15,contrast
Skip non-chart visual asset 672e86a4c5e8749c121c916c52e208a865862c4cc4d54ca0a03c344db60e51d9.jpg: score=2;edge:0.26
Skip non-chart visual asset c4b242b5145e4c8d1c0dc8deaa6b53862d2317b140bf3297d53ebe0ea72fdef0.jpg: score=0;odd_ratio:4.86,edge:0.27,large
Neutralized WeChat title while keeping the report: 德意志银行：主题研究，时间亿万富翁寻求更高风险与AI角色 -> 德意志银行：AI技术与行业应用观察
Skip non-chart visual asset 3ba0f6c4940b307f494d9227a9e370b1a9c88bbbb8eacdbfdf218a3457a81d7a.jpg: score=-1;square_without_chart_hint,edge:0.25
Skip non-chart visual asset 7b4585e28298a903598f73a939bb94dd69afdb00963dc475d6e499ec9e46d030.jpg: score=0;chart_ratio,square_without_chart_hint,edge:0.25
Skip non-chart visual asset 70a4dda821d82101b0c9c5bc112db8540f7ae651b7ff330debfe27e1ea6dbc79.jpg: score=0;odd_ratio:6.17,edge:0.31,contrast
Skip non-chart visual asset 45cfe1567da435eabfc67ed019625b3f1fec7cdb23ec472e1dba488975648438.jpg: score=-100;too_small:1159x107
Skip non-chart visual asset d34929adb47800eef5ab285e9cdba4859f718836299dce79f30ca43d262a6a87.jpg: score=2;chart_ratio,square_without_chart_hint,edge:0.26,contrast,large
Skip non-chart visual asset e3c61d43da15875bcca7749006511996af661183f192c231b151fd653b7fdd44.jpg: score=0;odd_ratio:5.41,edge:0.20,contrast
Skip non-chart visual asset c8e9ce08829cc8b84ec570cbcaf2f402edd00026082dc84d81bb10a85d1d514b.jpg: score=-1;square_without_chart_hint,edge:0.25
Skip non-chart visual asset e1cd52f925aecc9e816e4e2c612544988d62eb34e1c4abc8c2c6724fb9409bf7.jpg: score=0;odd_ratio:6.39,edge:0.22,contrast
Neutralized WeChat title while keeping the report: 高盛：中国CRO-CDMO二季度预览，订单韧性支撑盈利上修与估值修复 -> 高盛：研究主题与行业变化观察
Done. Results written to /home/runner/work/rpt_edit/rpt_edit/xhs_notes/dropbox/260723/shard_3; successful_reports=5; mineru_timed_out=False; mineru_attempts=1
All batches completed successfully. Generated 5 report directories.
