Found 34 total PDFs; shard 0/40 has 5 PDFs, skips 0 already converted, will process 5 PDFs with batch_size=5.
Running batch 1: 5 PDFs
Found 5 PDFs.
Uploading PDF to MinerU: /tmp/pdf_batch_001_ryzspkbc/pdfs/0001-01-Bernstein-Asia-Pacific Oil - Gas Bernstein Energy- Global Oil Marginal Cost Survey. What is the long term price for oil--260528.pdf
Uploading PDF to MinerU: /tmp/pdf_batch_001_ryzspkbc/pdfs/0002-02-Bernstein-Global Semiconductors Auto Semis Cycle Tracker 1Q26-Price hikes underway as demand recovers-260528.pdf
Uploading PDF to MinerU: /tmp/pdf_batch_001_ryzspkbc/pdfs/0003-03-BofA Securities-Japan Insight- BofA Strategy Monthly-Reassessing Japan equities in the age of AI- hardware and physical assets-260526.pdf
Uploading PDF to MinerU: /tmp/pdf_batch_001_ryzspkbc/pdfs/0004-04-Deutsche Bank-Asia Chart Alert-PBoC is pulling out liquidity at a record pace-260526.pdf
Uploading PDF to MinerU: /tmp/pdf_batch_001_ryzspkbc/pdfs/0005-05-Deutsche Bank-Asia Chart Alert-PBoC is pulling out liquidity at a record pace-260526 2.pdf
MinerU batch_id=c9d9165a-1695-421c-9842-02e50900dcbe
MinerU states: running, pending, pending, pending, waiting-file
MinerU states: running, pending, pending, running, running
MinerU states: running, pending, pending, done, done
MinerU states: running, pending, pending, done, done
MinerU states: running, pending, pending, done, done
MinerU states: running, pending, pending, done, done
MinerU states: running, pending, pending, done, done
MinerU states: running, pending, pending, done, done
MinerU states: running, pending, pending, done, done
MinerU states: running, pending, pending, done, done
MinerU states: running, pending, pending, done, done
MinerU states: running, pending, pending, done, done
MinerU states: running, pending, pending, done, done
MinerU states: running, pending, pending, done, done
MinerU states: running, running, running, done, done
MinerU states: running, running, running, done, done
MinerU states: running, running, running, done, done
MinerU states: running, running, running, done, done
MinerU states: running, running, running, done, done
MinerU states: running, running, running, done, done
MinerU states: running, running, running, done, done
MinerU states: running, running, running, done, done
MinerU states: running, running, running, done, done
MinerU states: running, running, running, done, done
MinerU states: running, running, running, done, done
MinerU states: running, running, running, done, done
MinerU states: running, running, running, done, done
MinerU states: running, running, running, done, done
MinerU states: running, running, running, done, done
MinerU states: running, running, running, done, done
MinerU states: running, running, running, done, done
MinerU states: running, running, running, done, done
MinerU states: running, running, running, done, done
MinerU states: running, running, running, done, done
MinerU states: running, running, running, done, done
MinerU states: running, running, running, done, done
MinerU states: running, running, running, done, done
MinerU states: running, running, running, done, done
MinerU states: running, running, running, done, done
MinerU states: running, running, running, done, done
MinerU states: running, running, running, done, done
MinerU states: running, running, running, done, done
MinerU states: running, running, running, done, done
MinerU states: running, running, running, done, done
MinerU states: running, running, running, done, done
MinerU states: running, running, running, done, done
MinerU states: running, running, running, done, done
MinerU states: running, running, running, done, done
MinerU states: running, running, running, done, done
MinerU states: running, running, running, done, done
MinerU states: running, running, running, done, done
MinerU states: running, running, running, done, done
MinerU states: running, running, running, done, done
MinerU states: running, running, running, done, done
MinerU states: running, running, running, done, done
MinerU states: running, running, running, done, done
MinerU states: running, running, running, done, done
MinerU states: running, running, running, done, done
MinerU states: running, running, running, done, done
MinerU states: running, running, running, done, done
MinerU states: running, running, running, done, done
MinerU states: running, running, running, done, done
MinerU states: running, running, running, done, done
MinerU states: running, running, running, done, done
MinerU states: running, running, running, done, done
MinerU states: running, running, running, done, done
MinerU states: running, running, running, done, done
MinerU states: running, running, running, done, done
MinerU states: running, running, running, done, done
MinerU states: running, running, running, done, done
MinerU states: running, running, running, done, done
MinerU states: running, running, running, done, done
MinerU states: running, running, running, done, done
MinerU states: running, running, running, done, done
MinerU states: running, running, running, done, done
MinerU states: running, running, running, done, done
MinerU states: running, running, running, done, done
MinerU states: running, running, running, done, done
MinerU states: running, running, running, done, done
MinerU states: running, running, running, done, done
MinerU states: running, running, running, done, done
MinerU states: running, running, running, done, done
MinerU states: running, running, running, done, done
MinerU states: running, running, running, done, done
MinerU states: running, running, running, done, done
MinerU states: running, running, running, done, done
MinerU states: running, running, running, done, done
MinerU states: running, running, running, done, done
MinerU states: running, running, running, done, done
MinerU states: running, running, running, done, done
MinerU states: running, running, running, done, done
MinerU states: running, running, running, done, done
MinerU states: running, running, running, done, done
MinerU states: running, running, running, done, done
MinerU states: running, running, running, done, done
MinerU states: running, running, running, done, done
MinerU states: running, running, running, done, done
MinerU states: running, running, running, done, done
MinerU states: running, running, running, done, done
MinerU states: running, running, running, done, done
MinerU states: running, running, running, done, done
MinerU states: running, running, running, done, done
MinerU states: running, running, running, done, done
MinerU states: running, running, running, done, done
MinerU states: running, running, running, done, done
MinerU states: running, running, running, done, done
MinerU states: running, running, running, done, done
MinerU states: running, running, running, done, done
MinerU states: running, running, running, done, done
MinerU states: running, running, running, done, done
MinerU states: running, running, running, done, done
MinerU states: running, running, running, done, done
MinerU states: running, running, running, done, done
MinerU states: running, running, running, done, done
MinerU states: running, running, running, done, done
MinerU states: running, running, running, done, done
MinerU states: running, running, running, done, done
ERROR: Timed out waiting for MinerU batch c9d9165a-1695-421c-9842-02e50900dcbe. Last response: {"code": 0, "msg": "ok", "trace_id": "8f7ae1538c4049cad3d4480dfd631f49", "data": {"batch_id": "c9d9165a-1695-421c-9842-02e50900dcbe", "extract_result": [{"data_id": "0001-01-Bernstein-Asia-Pacific_Oil_-_Gas_Bernstein_Energy-_Global_Oil_Marginal_Cost_Survey._What_is_the_long_term_price_for_oil-", "file_name": "0001-01-Bernstein-Asia-Pacific-Oil---Gas-Bernstein-Energy--Global-Oil-Marginal-C.pdf", "state": "running", "err_msg": "", "extract_progress": {"extracted_pages": 32, "total_pages": 33, "start_time": "2026-05-29 06:45:39"}}, {"data_id": "0002-02-Bernstein-Global_Semiconductors_Auto_Semis_Cycle_Tracker_1Q26-Price_hikes_underway_as_demand_recovers-260528.pdf", "file_name": "0002-02-Bernstein-Global-Semiconductors-Auto-Semis-Cycle-Tracker-1Q26-Price-hike.pdf", "state": "running", "err_msg": "", "extract_progress": {"extracted_pages": 31, "total_pages": 32, "start_time": "2026-05-29 06:49:09"}}, {"data_id": "0003-03-BofA_Securities-Japan_Insight-_BofA_Strategy_Monthly-Reassessing_Japan
Batch 1 failed: {'batch_index': 1, 'pdf_count': 5, 'files': [{'source': '/home/runner/work/rpt_edit/rpt_edit/_selected_macro_pdfs/01-Bernstein-Asia~Pacific Oil & Gas Bernstein Energy： Global Oil Marginal Cost Survey. What is the long term price for oil？-260528.pdf', 'batch_file': '/tmp/pdf_batch_001_ryzspkbc/pdfs/0001-01-Bernstein-Asia-Pacific Oil - Gas Bernstein Energy- Global Oil Marginal Cost Survey. What is the long term price for oil--260528.pdf', 'stable_index': '1'}, {'source': '/home/runner/work/rpt_edit/rpt_edit/_selected_macro_pdfs/02-Bernstein-Global Semiconductors Auto Semis Cycle Tracker 1Q26-Price hikes underway as demand recovers-260528.pdf', 'batch_file': '/tmp/pdf_batch_001_ryzspkbc/pdfs/0002-02-Bernstein-Global Semiconductors Auto Semis Cycle Tracker 1Q26-Price hikes underway as demand recovers-260528.pdf', 'stable_index': '2'}, {'source': '/home/runner/work/rpt_edit/rpt_edit/_selected_macro_pdfs/03-BofA Securities-Japan Insight： BofA Strategy Monthly：Reassessing Japan equities in the age of AI， hardware and physical assets-260526.pdf', 'batch_file': '/tmp/pdf_batch_001_ryzspkbc/pdfs/0003-03-BofA Securities-Japan Insight- BofA Strategy Monthly-Reassessing Japan equities in the age of AI- hardware and physical assets-260526.pdf', 'stable_index': '3'}, {'source': '/home/runner/work/rpt_edit/rpt_edit/_selected_macro_pdfs/04-Deutsche Bank-Asia Chart Alert：PBoC is pulling out liquidity at a record pace-260526.pdf', 'batch_file': '/tmp/pdf_batch_001_ryzspkbc/pdfs/0004-04-Deutsche Bank-Asia Chart Alert-PBoC is pulling out liquidity at a record pace-260526.pdf', 'stable_index': '4'}, {'source': '/home/runner/work/rpt_edit/rpt_edit/_selected_macro_pdfs/05-Deutsche Bank-Asia Chart Alert：PBoC is pulling out liquidity at a record pace-260526 2.pdf', 'batch_file': '/tmp/pdf_batch_001_ryzspkbc/pdfs/0005-05-Deutsche Bank-Asia Chart Alert-PBoC is pulling out liquidity at a record pace-260526 2.pdf', 'stable_index': '5'}], 'returncode': 2, 'status': 'failed'}
Completed with 1 failed batch(es). See /home/runner/work/rpt_edit/rpt_edit/xhs_notes/dropbox/260528/shard_0/batch_run_summary.json
