Found 40 total PDFs; shard 1/40 has 5 PDFs, skips 0 already converted, will process 5 PDFs with batch_size=5.
Running batch 1: 5 PDFs
Found 5 PDFs. MinerU token slots available=2.
MinerU attempt 1/4 using MINER_U_2: submitting 5 PDF(s).
Uploading PDF to MinerU: /tmp/pdf_batch_001_lq7uufix/pdfs/0001-06-CITI-China Auto Manufacturers-Jun NEV Database Update- CR5 at 57.1- --0.1ppt MoM--260709.pdf
Uploading PDF to MinerU: /tmp/pdf_batch_001_lq7uufix/pdfs/0002-07-CITI-China Battery Materials Lithium into 2nd week of July - Our read to the sell off this week-260709.pdf
Uploading PDF to MinerU: /tmp/pdf_batch_001_lq7uufix/pdfs/0003-08-CITI-China Economics-Austerity Now- Acceleration Later--260709.pdf
Uploading PDF to MinerU: /tmp/pdf_batch_001_lq7uufix/pdfs/0004-09-CITI-China Economics-A Plateauing Inflation Path in 26H2E after Energy Shock--260709.pdf
Uploading PDF to MinerU: /tmp/pdf_batch_001_lq7uufix/pdfs/0005-10-CITI-Dongfang Electric -1072.HK- Decent New Order Growth- More Gas Turbine Sales to Data Centers-260709.pdf
MinerU attempt 1 using MINER_U_2 batch_id=26951a2e-842e-46d1-b458-84b11b6cfc18
MinerU states: running, running, running, pending, waiting-file
MinerU states: done, done, done, running, done
MinerU states: done, done, done, done, done
/home/runner/work/rpt_edit/rpt_edit/scripts/pdf_to_xhs_batch.py:291: DeprecationWarning: Image.Image.getdata is deprecated and will be removed in Pillow 14 (2027-10-15). Use get_flattened_data instead.
  pixels = list(gray.getdata())
Skip non-chart visual asset 8768729cc493e20b71697cb6e10c81aabb9aaa2c7741f44a5cb2e5bfb7804e39.jpg: score=-100;too_small:1431x145
Skip non-chart visual asset ccc7ad4a830b68d80032fcc2e225c23e6b5972154a37a99380d04647e977620a.jpg: score=-100;too_small:423x148
Skip non-chart visual asset 0f35adcc75b5141bc7b4f6695b682d295b4c0fe3aafc469cedabcf7b798af765.jpg: score=-100;too_small:870x73
Skip non-chart visual asset 7956eee1ae02315bcb1a502279bebf435c12d3373b45e75e7b3a215b443dd06a.jpg: score=-100;too_small:434x148
Skip non-chart visual asset 6fad36d44434319368ed1ae53d76da319657ed45b4a932a6ef7b74e067585aed.jpg: score=1;chart_ratio
Skip non-chart visual asset 14b3646d9bce8a0da9f1ec41ba128c1f95398e574c11e9960473ebc60460c0c5.jpg: score=-100;too_small:368x131
Skip non-chart visual asset 72e5143e5a7d11f8e0be5b0593e568a4f01f3523da9aed08d11f783ff4769f7c.jpg: score=-100;too_small:373x134
Skip non-chart visual asset 7229b0e9d91b51096c3fe0cc189cbf6bf74e3f933ca5d766ac25781719e3ae98.jpg: score=-100;too_small:359x128
Skip non-chart visual asset b8b2745dff1b5146762a743e8ba9e910d576a4778750f814a1bb85fa6ca08488.jpg: score=2;chart_ratio,large
Skip non-chart visual asset a4ac83e237bd0cab31d8498ad3d2fc8ced5dd57c75e306faaef5bfccd5698230.jpg: score=-100;too_small:428x151
Skip non-chart visual asset 59e7bb56a97a9b3a6f02b2b557feb3c35bf761fb77b7aafe0e9d0df867cb4b94.jpg: score=-100;too_small:1431x146
Skip non-chart visual asset 3d0fe1ebc5bd0aeb3340dc44ef4c7ec121a8c8a8cb3c0d2177f07ac3df376854.jpg: score=1;chart_ratio
Skip non-chart visual asset b73a4b7241b40c60774c92cefd43ce4c312cbdad526bdd17d7e6b0a4899c0e10.jpg: score=-100;too_small:754x60
Skip non-chart visual asset c321eb3dd40d02a5d97982297249f0d95ef1c63d592249555214e3cd693577ba.jpg: score=0;square_without_chart_hint,edge:0.37,large
Skip non-chart visual asset 93456688cc78deb86065509a281fd8c11e6b138233283778f7a1d3096a0c91c5.jpg: score=1;chart_ratio,square_without_chart_hint,edge:0.57,large
Skip non-chart visual asset 89853ee9695e67d484b6692978e7ba8f6bf12a60da184da816c508bd99260ee4.jpg: score=0;square_without_chart_hint,edge:0.15,large
Skip non-chart visual asset 9ffce7d7f43ee5a1cd8054ee2fc78ac7baf374fb8a0369c766f212e79aac3922.jpg: score=2;chart_ratio,large
Skip non-chart visual asset 72cb62ace5d14eda971af29bd2718d552f59eebf3f950b96e33683ea00f96d04.jpg: score=-100;too_small:706x157
Skip non-chart visual asset 80923184fc5b44d7287dd31ad29e74ac087bfcb71b4d53ecd0dc6ff5939f91f1.jpg: score=-100;too_small:365x107
Skip non-chart visual asset bc84316b56f50502fbebfff684708dc9c918e7cbf281454091b01940f1a66e1f.jpg: score=-100;too_small:43x45
Skip non-chart visual asset 4162045a160656bf433269d0804552892659b670392584d1236b23c0533cd02c.jpg: score=-100;too_small:368x104
Skip non-chart visual asset d32dfb4791302608a070710e5dad078d048fe9281a3d4aa892e1e58e76814a1a.jpg: score=0;square_without_chart_hint,edge:0.34,large
Skip non-chart visual asset 79dd3ab7175f33dae7a46ac4b64c0421231c7f8471ff56f86aca22dd3474604c.jpg: score=-100;too_small:43x54
Skip non-chart visual asset 92392a2ed4bc8f74206581f43d667a7ed7ca84d7dcbdbbf19a18dae35a2189af.jpg: score=-100;too_small:376x107
Skip non-chart visual asset a13dd0b02bcb34c038fd8115415af01a83b2301d1143e165667743c5de1ed388.jpg: score=0;square_without_chart_hint,edge:0.31,large
Skip non-chart visual asset 0f2256dacca4ae7ce16cd5cd755744c178e5150da6b5aa9714211860562ba732.jpg: score=-100;too_small:1431x148
Skip non-chart visual asset 518057a44eeda6e0826963dc526209c518c6d517f3c52b2b028e60945aa2ca5f.jpg: score=1;chart_ratio,square_without_chart_hint,edge:0.31,large
Skip non-chart visual asset 62d0c1182ffee768a68f15945a3bb849b9f6853644611742c15c6c259c77f593.jpg: score=-100;too_small:1298x71
Skip non-chart visual asset 11cd7dc978b1243353568884461b105606631fb68a34022ccb8d54d0481d5469.jpg: score=0;square_without_chart_hint,edge:0.24,large
Skip non-chart visual asset 40290fc370085070ba54c08a8939434e88fba50e33c5c279ded5ae9678ec3611.jpg: score=-100;too_small:45x49
Skip non-chart visual asset 98d4098253eb744c6e24c2503bc0e75e79f4b7cb6ed75f61028851a7f5a27d18.jpg: score=2;chart_ratio,square_without_chart_hint,edge:0.26,contrast,large
Skip non-chart visual asset 32f0005127984fa72fa524b4dcbeea8c01c66143f0f7421450e7f590df812bf2.jpg: score=2;chart_ratio,square_without_chart_hint,edge:0.33,contrast,large
Done. Results written to /home/runner/work/rpt_edit/rpt_edit/xhs_notes/dropbox/260711/shard_1; successful_reports=5; mineru_timed_out=False; mineru_attempts=1
All batches completed successfully. Generated 5 report directories.
