Found 8 total PDFs; shard 1/40 has 3 PDFs, skips 0 already converted, will process 3 PDFs with batch_size=5.
Running batch 1: 3 PDFs
Found 3 PDFs. MinerU token slots available=2.
MinerU attempt 1/4 using MINER_U_2: submitting 3 PDF(s).
Uploading PDF to MinerU: /tmp/pdf_batch_001_315f3acs/pdfs/0001-06-Goldman Sachs-CONNECTING THE DOTS-Conviction List- Capex -AI and beyond-- AI drivers -talent- and China Dragon plus key research-260703.pdf
Uploading PDF to MinerU: /tmp/pdf_batch_001_315f3acs/pdfs/0002-07-Bofa-The Flow Show Red- White- and Boom-260702.pdf
Uploading PDF to MinerU: /tmp/pdf_batch_001_315f3acs/pdfs/0003-08-Goldman Sachs-Taiwan ODM Brands- 3-month preview- June revenue flat MoM on avg but YoY remains strong- AI servers smartphone new models key drivers-260703.pdf
MinerU attempt 1 using MINER_U_2 batch_id=8ea683f0-c8a8-4312-9762-d0cc2c94bf13
MinerU states: running, running, waiting-file
MinerU states: done, done, done
Skip non-chart visual asset c9220d878eece58221224e30ed3d4c2fd43d8f97dc534e6d9ba11c371dc490c4.jpg: score=-100;too_small:1159x106
MinerU images did not look like charts; keeping only the title card and letting downstream AI fill body images.
/home/runner/work/rpt_edit/rpt_edit/scripts/pdf_to_xhs_batch.py:284: DeprecationWarning: Image.Image.getdata is deprecated and will be removed in Pillow 14 (2027-10-15). Use get_flattened_data instead.
  pixels = list(gray.getdata())
Skip non-chart visual asset 0bc5182417d88537ae561c6bf34a47a92bd0fd9e066ad1ba70991d899445b4ee.jpg: score=-100;too_small:407x232
Skip non-chart visual asset deaadd2e1d82c7a9459f79a370fb8fd4396136fbbda95d08e1d81bed79a5d74d.jpg: score=-100;too_small:104x146
Skip non-chart visual asset 7287d8d1e1a4eb1668edc957e3e8db9a85a41ef17579bc58eb1210f0607659ac.jpg: score=-100;too_small:465x204
Skip non-chart visual asset 640ed18a35f5b8e4c4d5e5430560a4246741d66c8ebd1eb339bd078de4c7fe2a.jpg: score=0;odd_ratio:5.92,edge:0.35,contrast
Skip non-chart visual asset 7a9da310284b9b17b689e7dd45af11fa8e47324d84c77f7b64cf6d744e09379b.jpg: score=-100;too_small:1154x134
Skip non-chart visual asset 6c15a31f30e13b401f2aa394288ff2f63f926a2b4195892ff3a315e5ef5f3f06.jpg: score=-100;too_small:1329x165
Skip non-chart visual asset 38d1c8e7ca381ac725dd176447c4b9225c7ca0945fb215666bdced169231f0e1.jpg: score=0;odd_ratio:6.61,edge:0.34,contrast
Skip non-chart visual asset 53381652a7a4a7e3d346f55f0f65eda4ff93d1a75b96fb49bde71a6f5f1ef0bd.jpg: score=0;odd_ratio:5.51,edge:0.31,contrast
Skip non-chart visual asset 2de07fc3e0a614341c31e61bbbe852352c9a994e559334c75e96696d8ff48c4d.jpg: score=0;odd_ratio:6.50,edge:0.33,contrast
Skip non-chart visual asset 915dd838f6846a2841e8a1843628e7a1d7bf0c1542e548361aa89d7563ceea18.jpg: score=0;odd_ratio:5.89,edge:0.33,contrast
Skip non-chart visual asset 09a2472f054d2b99194b64c87098ed1e2d8af0b2f93809fee9127bb052ce3e67.jpg: score=-100;too_small:1159x109
Skip non-chart visual asset ec270c4e66236016f831b5d128fa9772a1204d72cd6c4a8152b91a59df15a148.jpg: score=-100;too_small:1020x154
Skip non-chart visual asset bca1f6eeb77c4f2dfcb42bd022030fa7708d43763130a95f6ed5c05e2bde573b.jpg: score=2;edge:0.30
Skip non-chart visual asset 504ad30cb8a767e7076ed7c3f2e52b9508856a41a868f8f5c77ec95c9a277f90.jpg: score=-100;too_small:1023x148
Skip non-chart visual asset 65e39b9767131c9b67b97a7eaa1bc79b2199778a7e2602b8ab7cbec53a7383ee.jpg: score=2;chart_ratio,contrast
Skip non-chart visual asset 8bc4119fb9e1e6602657fe7982ad68689e3d4a7fb4a7a76302981dea18fcf8ee.jpg: score=1;odd_ratio:5.48,edge:0.33,contrast,large
Skip non-chart visual asset 79c2a69fb243d5f5275b824870e26b077393dc1bee5caac1e148c0e0611a9b11.jpg: score=1;chart_ratio,square_without_chart_hint,edge:0.29,large
Done. Results written to /home/runner/work/rpt_edit/rpt_edit/xhs_notes/dropbox/260704/shard_1; successful_reports=3; mineru_timed_out=False; mineru_attempts=1
All batches completed successfully. Generated 3 report directories.
