Found 86 total PDFs; shard 5/40 has 5 PDFs, skips 0 already converted, will process 5 PDFs with batch_size=5.
Running batch 1: 5 PDFs
Found 5 PDFs. MinerU token slots available=2.
MinerU attempt 1/4 using MINER_U_2: submitting 5 PDF(s).
Uploading PDF to MinerU: /tmp/pdf_batch_001_0jkfh1tj/pdfs/0001-27-Goldman Sachs-All Ring Tech Co. -6187.TWO- CPO concern likely largely priced in- building in stronger CoWoS into 2027E- reiterate Buy-260709.pdf
Uploading PDF to MinerU: /tmp/pdf_batch_001_0jkfh1tj/pdfs/0002-28-Goldman Sachs-Americas Technology- Hardware- C2Q26 PC market share review- Industry unit shipment declines driven by component availability-260708.pdf
Uploading PDF to MinerU: /tmp/pdf_batch_001_0jkfh1tj/pdfs/0003-29-Goldman Sachs-China-CPI inflation softened from May to June- and PPI inflation likely peaked-260709.pdf
Uploading PDF to MinerU: /tmp/pdf_batch_001_0jkfh1tj/pdfs/0004-30-Goldman Sachs-China- PBOC reiterated its measured easing stance at Q2 MPC meeting- Governor Pan unveiled package to support CNH market in Hong Kong-260709.pdf
Uploading PDF to MinerU: /tmp/pdf_batch_001_0jkfh1tj/pdfs/0005-31-Goldman Sachs-Japan SMID Monitor- CY2026 AGM season takeaways-260708.pdf
MinerU attempt 1 using MINER_U_2 batch_id=4ed78307-3ff2-4173-a9f7-518d5e59fc9b
MinerU states: running, running, running, pending, pending
MinerU states: done, running, done, running, done
MinerU states: done, done, done, done, done
/home/runner/work/rpt_edit/rpt_edit/scripts/pdf_to_xhs_batch.py:285: DeprecationWarning: Image.Image.getdata is deprecated and will be removed in Pillow 14 (2027-10-15). Use get_flattened_data instead.
  pixels = list(gray.getdata())
Skip non-chart visual asset 8602b354731b086b2fd62446ae9fc633409682a891420c0412f44d0fee9a4b23.jpg: score=-100;too_small:1159x107
Skip non-chart visual asset ef4a02df60d3fb19d62998f292eadf93ea4ead1d368b123a0a8281a1f4aa6123.jpg: score=-100;too_small:298x525
Skip non-chart visual asset de88b1dc10a634a470a69d59330c48defa2456603dc6b5c4beac03c2a9c74d55.jpg: score=1;odd_ratio:5.09,edge:0.37,contrast,large
Skip non-chart visual asset 40ae5270589364962b4ae1b9b1d900262bd81bbede2f66c2d5ead4ed241040b9.jpg: score=-100;too_small:707x81
Skip non-chart visual asset 78b447ba4e873b11d05c41c0dee7db0e8c658d5ee633f2f3414f7721dd38cc9e.jpg: score=1;chart_ratio,square_without_chart_hint,edge:0.28,large
Skip non-chart visual asset 68e9c58311fa2402d4265f38b1e9fdc66a9b14b2daca489604c47e1883758191.jpg: score=1;chart_ratio
Skip non-chart visual asset d1d184b193f77045bf413e980b8b8e6696f5adc81358d982c1fb8de94669d181.jpg: score=1;chart_ratio,square_without_chart_hint,edge:0.34,large
Skip non-chart visual asset f776a76d01d7fb718d1e81dee4dfc911faf24989a3080a5df86d8be509df90b2.jpg: score=1;chart_ratio,square_without_chart_hint,edge:0.33,large
Skip non-chart visual asset a3af472109016b732febbca6fa66c722faba1befb78d471be819d55159eda4fd.jpg: score=1;odd_ratio:5.18,edge:0.35,contrast,large
Skip non-chart visual asset 9733b81a7cf36d5b67b8107479a1b6dfa894178dcd00e90f401e120f3e28e955.jpg: score=-1;square_without_chart_hint,edge:0.27
Skip non-chart visual asset 22c807c91ea3422807d7ea49d203ed7679a06cb583a48ce5479ce58f8c164a77.jpg: score=-100;too_small:1159x112
Skip non-chart visual asset 9bdbbe344352d09f0e19b458f8640b007a1c94877f18030bcdaac9292dc3cd05.jpg: score=1;square_without_chart_hint,edge:0.39,contrast,large
MinerU result contained no standalone chart images; creating title card only.
Skip non-chart visual asset 03d8a621ef8780a3ea86c14a1d05c99c2b511e9de3e071f00f67748755df6f6d.jpg: score=0;chart_ratio,square_without_chart_hint,edge:0.16
Skip non-chart visual asset fb37e2f112c836d484db6832f7379a05e660c7e6bfcbd541b04605c0c09ab7d2.jpg: score=1;chart_ratio
Skip non-chart visual asset cd0a869f10c22941c0c3ef2fdcdf2eb5d551673aee0e882ef93af41530c1309f.jpg: score=0;chart_ratio,square_without_chart_hint,edge:0.14
Skip non-chart visual asset db2fd735c3bfb2c7529eaa8fcbfec58e99c06fd7c5d573bbe4d422a3d9a5cdcf.jpg: score=1;square_without_chart_hint,edge:0.26,contrast,large
Skip non-chart visual asset e96a45f760886463e9e0ded705aa9f496316beec7e24330f4eaf395557d1d503.jpg: score=1;square_without_chart_hint,edge:0.34,contrast,large
Skip non-chart visual asset 177badc4171771c1482216b82cea662b694ede7b3a0d19e4b75349a8b8f17088.jpg: score=1;square_without_chart_hint,edge:0.37,contrast,large
Skip non-chart visual asset 55b1660a286428c772893dd9b5b653fb40b4816044cd68fe8e38bf7f9ffe90c0.jpg: score=0;chart_ratio,square_without_chart_hint,edge:0.14
Skip non-chart visual asset faada1a08187b4e8c1d9624847d3985894f957d1aa7fb1e69a127b5ad4e20ad5.jpg: score=1;square_without_chart_hint,edge:0.38,contrast,large
Done. Results written to /home/runner/work/rpt_edit/rpt_edit/xhs_notes/dropbox/260709/shard_5; successful_reports=5; mineru_timed_out=False; mineru_attempts=1
All batches completed successfully. Generated 5 report directories.
