Found 59 total PDFs; shard 10/40 has 5 PDFs, skips 0 already converted, will process 5 PDFs with batch_size=5.
Running batch 1: 5 PDFs
Found 5 PDFs. MinerU token slots available=2.
MinerU attempt 1/4 using MINER_U_2: submitting 5 PDF(s).
Uploading PDF to MinerU: /tmp/pdf_batch_001_o8j1lk43/pdfs/0001-51-Morgan Stanley-Korea Macro Strategy- Equity Strategy - Economics Why Is KRW So Weak-260708.pdf
Uploading PDF to MinerU: /tmp/pdf_batch_001_o8j1lk43/pdfs/0002-52-Nomura-Asia Economic Monthly-Asia-s El Ni-o playbook-Eight lessons from 25 years of shocks-260710.pdf
Uploading PDF to MinerU: /tmp/pdf_batch_001_o8j1lk43/pdfs/0003-53-Morgan Stanley-Sanofi SA-SASY.PA--Q2-26 Preview- Beat and raise--260708.pdf
Uploading PDF to MinerU: /tmp/pdf_batch_001_o8j1lk43/pdfs/0004-54-Morgan Stanley-Xiaomi Corp-1810.HK-Cutting Price Target to Reflect Headwinds from EV Shipment Weakness and Chipflation-260708.pdf
Uploading PDF to MinerU: /tmp/pdf_batch_001_o8j1lk43/pdfs/0005-55-Nomura-Suzhou TFC Optical Communication-300394-1.6T optical engine may accelerate in 2H26...-260709.pdf
MinerU attempt 1 using MINER_U_2 batch_id=bdf5cb79-d742-41a0-93c9-98f427d8fab6
MinerU states: running, running, running, running, waiting-file
MinerU states: done, running, done, done, done
MinerU states: done, done, done, done, done
/home/runner/work/rpt_edit/rpt_edit/scripts/pdf_to_xhs_batch.py:285: DeprecationWarning: Image.Image.getdata is deprecated and will be removed in Pillow 14 (2027-10-15). Use get_flattened_data instead.
  pixels = list(gray.getdata())
Skip non-chart visual asset f2508069b53a793fbc4064d344b4daea385b3cc00ab582769428a200a00bfe92.jpg: score=0;square_without_chart_hint,edge:0.16,contrast
Skip non-chart visual asset f20820714dc3ba740a34cb74231ce9416b5391c1ade1cd2dde75382823492ba5.jpg: score=0;chart_ratio,square_without_chart_hint,edge:0.22
Skip non-chart visual asset 72659bc9429d0126cb8cd9d7bdc09e2f872ec8dad4fbd642c87042a9b3472afc.jpg: score=1;chart_ratio,square_without_chart_hint,edge:0.23,contrast
Skip non-chart visual asset 3bf377a81d802dd334fcf09f97c6013ce925242e90238e5f066805e1fabd07ce.jpg: score=0;chart_ratio,square_without_chart_hint,edge:0.16
Skip non-chart visual asset fbdaf9f3d8932761283040cc5ef8421dc9c1f4f774e6d52b81162cc2be933874.jpg: score=1;chart_ratio,square_without_chart_hint,edge:0.23,contrast
Skip non-chart visual asset e8df4d6d91159a2dc6b93d5a8eca7ada1f334243259d0de7531a88dcbebb48aa.jpg: score=0;chart_ratio,square_without_chart_hint,edge:0.22
Skip non-chart visual asset dec65b93d83c9e0286173160ab6d1acdcf839d0bc3828b3a695da8b22082a927.jpg: score=0;chart_ratio,square_without_chart_hint,edge:0.22
Skip non-chart visual asset 6b959ce4adcae96afc8ff663135a635986f94952bcb956db0606a4ec66924cf1.jpg: score=1;chart_ratio,square_without_chart_hint,edge:0.28,contrast
Skip non-chart visual asset df03a336e0514d065936bd07cf60cd6db64c16ba1c1c3d1b5e61b1eaa97637cf.jpg: score=1;large
Skip non-chart visual asset 7e2e07c6fa80fc31eb603e74bfacf7d881302912b3002fafffcd722a567e81ac.jpg: score=0;chart_ratio,square_without_chart_hint,edge:0.15
Skip non-chart visual asset 635696bc60251a93e9628f6b84e52fc2974e9d81c501d0b8fffbf5712f936f41.jpg: score=0;chart_ratio,square_without_chart_hint,edge:0.18
Skip non-chart visual asset b77a26178638a3fd7d7fc3b2d86fcf49ee8f5f3052637c16f26b297cced4a385.jpg: score=1;chart_ratio,square_without_chart_hint,edge:0.33,contrast
Skip non-chart visual asset 5ff398d002345c3d5657ddb0e371301b995892b76fc1f24327f3e143eb4adaa4.jpg: score=0;odd_ratio:6.14,edge:0.33,contrast
Skip non-chart visual asset 65fa008b42002a5938a527d685c36b32bd30ea443ffff069600a9e9f974b6924.jpg: score=0;chart_ratio,square_without_chart_hint,edge:0.29
Skip non-chart visual asset 6d40625907cdb1143db90e828a271575f42586e595c7449612ba580457baa4cf.jpg: score=1;chart_ratio,square_without_chart_hint,edge:0.29,contrast
Skip non-chart visual asset 52f69c09963ff2a92ded18da54cca7811c16c90cc982072884baf0d0b646d47b.jpg: score=0;chart_ratio,square_without_chart_hint,edge:0.23
Skip non-chart visual asset 979e1ec9797c0432d3a97726f6535533507cb50f1ee487c5793b3db192894623.jpg: score=0;odd_ratio:5.03,edge:0.37,contrast
Skip non-chart visual asset c59a5161d5dcd1cb544dd0e567482669958ead342ddb8ccdbc5a100f3b340fc6.jpg: score=0;chart_ratio,square_without_chart_hint,edge:0.22
Skip non-chart visual asset 3b9e6729096763b1695c73e4a10c778abc42ec4ecc82a88d0bacd7d276b1cecd.jpg: score=1;chart_ratio,square_without_chart_hint,edge:0.22,contrast
Skip non-chart visual asset aa22b4c9490215b866bdfaa2fc83c69646e3986ff30858468b0f789a4d363c6a.jpg: score=-2;odd_ratio:4.83,large
Skip non-chart visual asset 8d797fa96b56d982ee67e5875c74844576959a7ab41423efeacb80791e13309b.jpg: score=0;chart_ratio,square_without_chart_hint,edge:0.25
Skip non-chart visual asset 5fe214c84bc9106cf336d3435adcd68df3e5108b02ba230d93f0422e68dacb10.jpg: score=0;odd_ratio:5.52,edge:0.39,contrast
Skip non-chart visual asset 525d6c8b5b2991f35e4d68ad6557ddda810ea1533c181d1e9ba0dad5ec7cb9b9.jpg: score=0;chart_ratio,square_without_chart_hint,edge:0.16
Skip non-chart visual asset b84aa0712a6adef1ff319421b29279ed2c13bcfd71f981661f69022a5020a8ec.jpg: score=0;chart_ratio,square_without_chart_hint,edge:0.23
Skip non-chart visual asset 00ed2a21eaa6b64e212a8dccb2513a6f70659500043f82af1149cddf1f7e9146.jpg: score=0;chart_ratio,square_without_chart_hint,edge:0.18
Skip non-chart visual asset 032f79f7d57b242dac12846dfcfb8d233a037c46ece384153fdf05c83b96040c.jpg: score=0;chart_ratio,square_without_chart_hint,edge:0.14
Skip non-chart visual asset 39ac2ee7b2e34629e920f62305294b4be2bfc5cff3b3ef03632313807d86d59d.jpg: score=0;chart_ratio,square_without_chart_hint,edge:0.17
Skip non-chart visual asset e5fd49eac05749b9b45711bfd067f11fe3ada37d4895156db47a015bd01c88ba.jpg: score=-100;too_small:1215x145
Skip non-chart visual asset a0351a4e2069655d9b621b0481f87b987d6ef15b65c960bb04f91efc4c83f4ac.jpg: score=0;chart_ratio,square_without_chart_hint,edge:0.16
Skip non-chart visual asset b4e5f97df8aa1197660f86bb4eada83fd9f3ee3a12a1288ad94d72446ce559b0.jpg: score=-1;square_without_chart_hint,edge:0.19
Skip non-chart visual asset 927a58d18d328101dee670a7f0d5d15e3b85bb2b18e8ca74e9c00b3eb33ee1c4.jpg: score=0;odd_ratio:6.62,edge:0.44,contrast
Skip non-chart visual asset ddcbadb63acfdf6ef313b04380968ef9bfcf1772757a338c218c43e209819cfd.jpg: score=1;square_without_chart_hint,edge:0.41,contrast,large
Skip non-chart visual asset 8986051de714b863cec3f399b9d39d2b2df751c8b14d92f3ffbbf7aeeb6829ea.jpg: score=2;chart_ratio,square_without_chart_hint,edge:0.23,contrast,large
Skip non-chart visual asset 4f7760499fe12c8710dc738c6ead78cc0a6176fc9b2d0a59721ecf492085bdd5.jpg: score=1;chart_ratio,square_without_chart_hint,edge:0.18,large
Skip non-chart visual asset 25ef8628dc9fe1b168be5061dc2cfbe8d74967496cf09e584eaacea926c46251.jpg: score=2;chart_ratio,square_without_chart_hint,edge:0.23,contrast,large
Skip non-chart visual asset b6010c74fb778ad62def87b55176bdddf6812e9ac65c28e3a5be689dc53952e6.jpg: score=-1;square_without_chart_hint,edge:0.21
Skip non-chart visual asset 5725ff9b7c9922762b6da8b6cc12ca4b1cb753d47ea5281684c249c97167f3e4.jpg: score=1;chart_ratio,square_without_chart_hint,edge:0.18,large
Skip non-chart visual asset a171207bd51c826835d05d6582665c35eadaa8db98100a8dd9d36eb253be99a4.jpg: score=1;chart_ratio,square_without_chart_hint,edge:0.30,large
Skip non-chart visual asset e3a4a273d5445c06bfc4e4a5d59b904fdcffce495cd6e3efb1dd7ca9568f6acb.jpg: score=0;square_without_chart_hint,edge:0.31,contrast
Skip non-chart visual asset 9cd0dea41a02893589f687653a8523890c149db3639f7869a033f83fc015b779.jpg: score=1;odd_ratio:4.89,edge:0.29,contrast,large
Skip non-chart visual asset 2f2685e43684a48ca43a6bc3eee835b0341e4dddfe798c68a11d005dcdef0e26.jpg: score=0;square_without_chart_hint,edge:0.30,large
Skip non-chart visual asset e14c27c523146b20f18a2859e2aa5ce9e65a51a7ac7c9a663e56a7822bb7a579.jpg: score=1;square_without_chart_hint,edge:0.16,contrast,large
Skip non-chart visual asset 66a7029c3395a3e72959721f2a63cee82198e3abe47ca754c39bc2de1b4c0858.jpg: score=1;odd_ratio:4.89,edge:0.31,contrast,large
Skip non-chart visual asset 53e9daa172ec7589828f59e748d518d905b1bc28828c650d10e8845c7e477620.jpg: score=1;chart_ratio,square_without_chart_hint,edge:0.17,large
Skip non-chart visual asset d716e1c23d1e1c6972a513607afdfe90de6e4c98e401bfa1f9cd7fc08005ed59.jpg: score=0;chart_ratio,square_without_chart_hint,edge:0.31
Skip non-chart visual asset 777828c498f988889e312e7a2590c1e8e8e51e8fa43b70a7d5ae1bfcd8394931.jpg: score=2;chart_ratio,square_without_chart_hint,edge:0.27,contrast,large
Skip non-chart visual asset 443478a9a17f5fb2d9fd5543ece170fb152ba843687a70f02fafcc2231e00812.jpg: score=0;chart_ratio,square_without_chart_hint,edge:0.18
Skip non-chart visual asset 43c9f6c4706b6e73d35a3eed4ed73fd2fd3ea49c4030d574aee268f3907c8d9f.jpg: score=-1;square_without_chart_hint,edge:0.13
Skip non-chart visual asset ae6c53bee43321192b7eea917b88ed010270782feed69552f168af30dc468690.jpg: score=1;square_without_chart_hint,edge:0.39,contrast,large
Skip non-chart visual asset 54d1ff3789f20781d5dcd310bd47201b000151beaa2fd1527e94bca3183c516e.jpg: score=-1;square_without_chart_hint,edge:0.19
Skip non-chart visual asset 6536d60fcbb2b07597ddeb494e22370383091839ad0122f856e5143ce06a23a5.jpg: score=-1;square_without_chart_hint,edge:0.14
Skip non-chart visual asset 49cfaa1d5d894b471547b1ac0fea36d55f7bebdcae9a0315acbac9bf41f4f0c9.jpg: score=1;chart_ratio,square_without_chart_hint,edge:0.20,large
Skip non-chart visual asset 553c59cc4220a33aef5192555ca8dda8ab341cd3c3db8b29619cd4800dbfa361.jpg: score=0;square_without_chart_hint,edge:0.34,contrast
Skip non-chart visual asset ecfcf3838db98c1398e30a4b10d531df04fd9daa41617793737c407073083c29.jpg: score=-1;square_without_chart_hint,edge:0.15
Skip non-chart visual asset efc284c00bb949e0e0f000590e996d63be055b86090164fa6da46810b693dbe1.jpg: score=-1;square_without_chart_hint,edge:0.17
Skip non-chart visual asset a711a5a866938f7eaed8ee01dbedc3da14edc4a595fcb128056d7ff69e4a5cf5.jpg: score=-1;square_without_chart_hint,edge:0.18
Skip non-chart visual asset 471f8402342aaaacf7723d05240bc35da7b39d13696635dc5e6e40bfbd46ec20.jpg: score=-1;square_without_chart_hint,edge:0.18
Skip non-chart visual asset 45949a8afdee232338b8a7dc680c3bdc73d856a02fa04cffc5c80db3194c3d33.jpg: score=0;chart_ratio,square_without_chart_hint,edge:0.26
Skip non-chart visual asset 70e1016957e407603301f84c1f0a466455374def9b110742e619319df53929fe.jpg: score=1;chart_ratio,square_without_chart_hint,edge:0.22,large
Skip non-chart visual asset 50d0b19ca0d5073afc1619e4b2a8801de23837eef2bd8276fc868b3efcf1a863.jpg: score=0;square_without_chart_hint,edge:0.16,contrast
Skip non-chart visual asset 2fb79374bb0287706cabb06d235115e5fbb8b778a5f921e33d1ec30870f2b0b8.jpg: score=2;chart_ratio,square_without_chart_hint,edge:0.53,contrast,large
Skip non-chart visual asset 0f4f0f9f64135ae45e64548f77d3aad3eb5af5faadb9d907c67fb7d0bd68de31.jpg: score=1;chart_ratio,square_without_chart_hint,edge:0.18,contrast
Skip non-chart visual asset 68796bc7050f9386a4fd8d6d85948ac1a091935f55ac94ba046c7a9c3eb8699e.jpg: score=1;chart_ratio,square_without_chart_hint,edge:0.21,large
Skip non-chart visual asset 193047b5bfa2cb1b118e31ab1d982eb3278e498bbf082a36a8a43867c1cf69dc.jpg: score=1;chart_ratio,square_without_chart_hint,edge:0.25,large
Skip non-chart visual asset 205724f780de2c2be4f29fe1fea09b67d0302dc7d0dfec6aa1b960e5a484e3c2.jpg: score=2;chart_ratio,square_without_chart_hint,edge:0.19,contrast,large
Skip non-chart visual asset 6183efc9159f0af167c7aa3130d80b9fb55b28141eed84fa5faf41793df01334.jpg: score=-1;square_without_chart_hint,edge:0.20
Skip non-chart visual asset b23e2531b93b6a5b61770c994ea3df51517323d5bb9accdee087f0efb8b319ce.jpg: score=-1;square_without_chart_hint,edge:0.18
Skip non-chart visual asset 91849af1993cc78d733061b7a7a4509ccc1d8edb089a7747164e83120e87923f.jpg: score=1;chart_ratio,square_without_chart_hint,edge:0.24,large
Skip non-chart visual asset b69d61ea460b9d8852b3853aa3f94a8a4032ea1d47df822c47d414458e6b8b6b.jpg: score=1;odd_ratio:4.89,edge:0.31,contrast,large
Skip non-chart visual asset 47c06823c996708e57f3957030f3913611a440b9caa93e1649554cfa8b15f5b8.jpg: score=2;chart_ratio,square_without_chart_hint,edge:0.10,contrast,large
Skip non-chart visual asset 67b0a42397176721ce2053e8e599f2ab80985a2cfe28e3ba2dd2fcb76194d95e.jpg: score=2;chart_ratio,square_without_chart_hint,edge:0.43,contrast,large
Skip non-chart visual asset 0d9d49a89f0a877f19be31fc6c9e7e38f82c82b9a1f3b330dcf62198b78caa83.jpg: score=1;chart_ratio,square_without_chart_hint,edge:0.18,large
Skip non-chart visual asset 4c59edc40d381da8d01183e2b080b7a2f5c42f7dd017eaaf0e67a567afe13a3e.jpg: score=1;chart_ratio,square_without_chart_hint,edge:0.69,large
Skip non-chart visual asset 779498f24753317c46e58e2f694cc4d47b19dc326ca8eacb9ce139683549af13.jpg: score=1;odd_ratio:5.18,edge:0.33,contrast,large
Skip non-chart visual asset 80b60d3f5bf45ea94f3c56cfade746343e8b53ba19ef49f35d8ae2b09616827a.jpg: score=0;square_without_chart_hint,edge:0.19,contrast
Skip non-chart visual asset beb6382a6c06c748cc50bb5a0161b826283921408264143efd48d3d5d21d367e.jpg: score=1;chart_ratio,square_without_chart_hint,edge:0.28,large
Skip non-chart visual asset d46f39d32116b1ee1b59b9f9e4ac2a282836b6c69c5ed548b920a407a6090ed6.jpg: score=2;chart_ratio,square_without_chart_hint,edge:0.12,contrast,large
Skip non-chart visual asset bf5f5c33bcc024badd0bd21e6c3904508dd9da7c166aa586ba82fdd6ddbdbdba.jpg: score=0;chart_ratio,square_without_chart_hint,edge:0.12
Skip non-chart visual asset af4f15f85b0af0ef569a2fc5e222ada8ef282f0652bcf1db256bc9204a720c52.jpg: score=-1;square_without_chart_hint,edge:0.20
Skip non-chart visual asset 7da9c9442eda9e56fab986527f235cba7b738a63c70cef9550b4324da748701e.jpg: score=-1;square_without_chart_hint,edge:0.21
Skip non-chart visual asset 1187d44691088c5a0b13fb5314cc01a484e44489aeab7aa7c88a68988ca9b29a.jpg: score=-1;square_without_chart_hint,edge:0.20
Skip non-chart visual asset bc9b250f2c7d0396ad9f6a0c2fe0419464a520118d6f3eee778394b6ce3943f8.jpg: score=0;chart_ratio,square_without_chart_hint,edge:0.25
Skip non-chart visual asset dad38ded2728b0482882a750ca4ad17572b993de5605f10a1c1969b338697409.jpg: score=1;chart_ratio,square_without_chart_hint,edge:0.30,large
Skip non-chart visual asset cb71d35186850c25e0ee74f635448e350a5071b22897afe3aba7bc16765cfeeb.jpg: score=-100;too_small:1414x134
Skip non-chart visual asset 6b29e4b770608e97ed17dd77173b0f9d7491e31e50f0b7ad059dc3eb18222bd6.jpg: score=2;chart_ratio,square_without_chart_hint,edge:0.22,contrast,large
Skip non-chart visual asset a5add0c1ba532caad1e48c99f26625d5e72fbd042e819617f9dd2d7a33744d2a.jpg: score=1;odd_ratio:5.63,edge:0.28,contrast,large
Skip non-chart visual asset 1fc12537d023cea967bd170760d99d4c8fd2c7c82e4cca2885dfe5d011500dc5.jpg: score=2;chart_ratio,square_without_chart_hint,edge:0.31,contrast,large
Skip non-chart visual asset 2b1b131f4a76b97415e23a4dce6ff8149a92361c875e5b6ec0196d5fd2367cae.jpg: score=1;odd_ratio:4.92,edge:0.34,contrast,large
Skip non-chart visual asset 2354581b0bd638dd2a8ee39146b8779358f3cc85177c6cf62fee9cc904bf89ad.jpg: score=2;chart_ratio,square_without_chart_hint,edge:0.23,contrast,large
Skip non-chart visual asset d7bfc0711cfaf5c1fb204b6288109d6f3fa305bc78d05834e3d3c9ef56862903.jpg: score=1;chart_ratio,square_without_chart_hint,edge:0.20,large
Skip non-chart visual asset 1eca900256f8f845bb45403250105bbaf5d519f80b1e997a1271cebb37058758.jpg: score=0;square_without_chart_hint,edge:0.30,contrast
Skip non-chart visual asset 9c06138c134904db23b814d10f2919588fea3e01e18cf323012387e34a4215a7.jpg: score=0;chart_ratio,square_without_chart_hint,edge:0.19
Skip non-chart visual asset 3fb396ca73361dd3ce054f72385d1d5e678b438b894f6c7738f279ee6be5c1f3.jpg: score=2;chart_ratio,square_without_chart_hint,edge:0.46,contrast,large
Skip non-chart visual asset f8e8ec5e64b28007192acaaafbbd8b76dee83a3941ded1f4ad52b8bee179927c.jpg: score=0;square_without_chart_hint,edge:0.26,contrast
Skip non-chart visual asset 3b9e6b71bb837023b6c3d7dca1cd989cbe22f44ee8f970b6c568bac31035c151.jpg: score=-1;square_without_chart_hint,edge:0.16
Skip non-chart visual asset 4aec9764b57f338f2724424e56221e5370b9572b704a11dcc1ea83bb8ed179d6.jpg: score=0;square_without_chart_hint,edge:0.23,contrast
Skip non-chart visual asset c2c390c29802ff8a5a72eeb4474531b03c028e1a79a86fb70df05416ec54c92e.jpg: score=0;chart_ratio,square_without_chart_hint,edge:0.18
Skip non-chart visual asset b95202fb286fb6e5f648b9220a273e1a69462ea1bc6e5592be1cdf03ab266ba7.jpg: score=1;chart_ratio,square_without_chart_hint,edge:0.18,large
Skip non-chart visual asset 21bf23460108a940041f229d36c3892699b14c35288820a8a2e91d7be2c6502c.jpg: score=0;square_without_chart_hint,edge:0.44,large
Skip non-chart visual asset 53a0be7872042791da40e7c40206d6b11a18e03532614b26204f17fd0a8fbaad.jpg: score=0;square_without_chart_hint,edge:0.23,contrast
Skip non-chart visual asset f66ba03e9493318ef5316f3abe753c0a151b2114becdc012f496281ecd81a91b.jpg: score=1;odd_ratio:4.89,edge:0.30,contrast,large
Skip non-chart visual asset d1cbd1ba3921f566384517fd68c35ab9fde40b230048bbd8655bc9983d5842c9.jpg: score=1;chart_ratio,square_without_chart_hint,edge:0.33,contrast
Skip non-chart visual asset fd7403d65d52f5dc5ede9e275922fd0e94defd58d0dba885e06eeeaf418223a5.jpg: score=2;chart_ratio,square_without_chart_hint,edge:0.25,contrast,large
Skip non-chart visual asset 6fb09bc863aa28c4db4cf743ef8d4b12f68842e28a87eaed5b18558f8fca0970.jpg: score=-100;too_small:440x110
Skip non-chart visual asset 8595f771271749a0a89cda5a47c17d4994609ffce54d0bf0edf49c5650d5225e.jpg: score=-100;too_small:528x156
Skip non-chart visual asset 7326bd9fbdb5bf06c492801d1f19da7caf8956a7284311bec35c3dcbd32d7e0c.jpg: score=2;chart_ratio,large
Skip non-chart visual asset 8ffdf320405e206b2cb8a99f7e5d3b4556150f4fa08cfd2457119a2ba9777b23.jpg: score=-2;chart_ratio,square_without_chart_hint
Skip non-chart visual asset b54f78e221215df70cf6a93248848eb8b70abe9c84a4720203a1a96862acf67e.jpg: score=-2;chart_ratio,square_without_chart_hint
Skip non-chart visual asset f3ec99f13d1b719d08f4fefb7958a2a19ec513605b772c5d4458662c6f762bcf.jpg: score=-100;too_small:449x201
Skip non-chart visual asset 6f728f086d199252704525975a526863041be44ee2745277924dcd57ae304034.jpg: score=1;square_without_chart_hint,edge:0.31,contrast,large
Skip non-chart visual asset 78d95a2f183341b936666bd232253e739a6c6b01216b91457cf2ddb2400afaca.jpg: score=-1;odd_ratio:4.82,edge:0.11
Skip non-chart visual asset 17843efa63bf9602fb599f7f3b1f4a89cbcfd4d9ef0c82339999828ce38498d5.jpg: score=-100;too_small:518x118
Skip non-chart visual asset 45e9da301e4c7705e24ecc585b9ba4f2c1d7e0894b99542c22774e8c440594fe.jpg: score=2;edge:0.10
Skip non-chart visual asset c2129953d63ef76b96e6852c436fd98054e36555512a3cef3f98e5123d420d8f.jpg: score=-100;too_small:182x110
Skip non-chart visual asset 8672d0b43a17700dcbcfc68d34085fd0dd90714d261c865f19005333969dd143.jpg: score=-100;too_small:437x112
Skip non-chart visual asset d2bcc98b9f8db274e5a9b3c5a47030f3be75e73b2db53b12604acade1baea57e.jpg: score=2;chart_ratio,square_without_chart_hint,edge:0.29,contrast,large
Skip non-chart visual asset 263176297e7dc9ca8814e44b99aeb156c8a3595669c0ebb405730f0d30919096.jpg: score=2;chart_ratio,large
Skip non-chart visual asset 92acc9183182ed010d3fa39dfee5e68501eb7e8d78270ec631aa0a129fb332e7.jpg: score=-1;odd_ratio:6.66,edge:0.14
Skip non-chart visual asset 547917adaa92de2b5d426a8d734ea2663199468607cc5711685fd2d953d6e6e1.jpg: score=1;large
Skip non-chart visual asset 5388fc3826c154febae776d41be664828236f80a7c91a7afcae9ec23acae319c.jpg: score=-100;too_small:451x201
Skip non-chart visual asset daf979578b69cfd1a56bc848dde9156d0fa7a46b82c01a457e8c33c57f7cfb30.jpg: score=1;large
Skip non-chart visual asset 055946b89bc3b78255d9fa20d25f1c58e2c3aad6f8bf875ee211c19d3b2b6487.jpg: score=-100;too_small:449x131
Skip non-chart visual asset fda43db053b2d1357ae3be2ef0ef0358a915a16e69f5223d8699e09baf313481.jpg: score=-100;too_small:218x218
Skip non-chart visual asset 6c76ac4bffb53d67e2146c3387cc0a68d6acddaeecc0aa6eb8dc5311fd35cc89.jpg: score=-100;too_small:293x140
Skip non-chart visual asset 1433ddec9d6dc97b50c9c35c99c396b3eb016292519f5f88bdcb73bea2fbdf21.jpg: score=-100;too_small:284x148
Skip non-chart visual asset f570f335544549fed2062ba05b09a6a41ac914fa6867095438ecaff210b9e970.jpg: score=0;chart_ratio,square_without_chart_hint,edge:0.13
Skip non-chart visual asset 619e23f5cd256ed926e9591ec9c7294cdf467d6ef57d48eb3856a987ecb0d6c7.jpg: score=-100;too_small:462x106
Skip non-chart visual asset 0745f0151838a4b6a4fd1dcbb926b57173244ce46ef02a4556b1835dced4abaf.jpg: score=-100;too_small:510x112
Skip non-chart visual asset e98700a48e297b174266492f863ddd1782d1152419aa7c9b3d986f193bb28f79.jpg: score=-100;too_small:231x129
Skip non-chart visual asset 7e3441f9664bcd0237f3687378790accac029ac952fe00ff65b0062ea6fbd6ef.jpg: score=-100;too_small:434x37
Skip non-chart visual asset 46121d0989701fa5e6cc5e54b00c06d4429ec32a5e880b73a2cccf82c5c00a06.jpg: score=-100;too_small:515x131
Skip non-chart visual asset 415cefbbe0cb0ca33cf8db294f98114bd322dd6b2a10ae0e379e6c74983e962b.jpg: score=-100;too_small:229x126
Skip non-chart visual asset 45360d59fd5c8335d0b9d0227f6da98897752b255372124928abd607188c3577.jpg: score=-100;too_small:337x123
Skip non-chart visual asset 60bba40d760887acb6435fd013943c6e9767409b65d15777a6cc60f7702b98b7.jpg: score=-100;too_small:215x198
Skip non-chart visual asset 63a782e0da9d3dddc9468780006d282c4585a45ea37b1a36f7a692b5fe742fdb.jpg: score=-100;too_small:901x112
Skip non-chart visual asset dfab4b9fcee77d607cfdc431681c71d83f6fe0c615cc3a7c13ed48e35a957da9.jpg: score=-100;too_small:229x126
Skip non-chart visual asset ec7405f58b3741fd1db43cbd006c3155948acb799fdaa9d86db88b9df16ee60a.jpg: score=-100;too_small:228x129
Skip non-chart visual asset 71c801a00d066cf717e94469948038a3da1a7c8f96a9b891b72a63b7ecb1c762.jpg: score=-100;too_small:207x165
Skip non-chart visual asset cf7b8ff99248311dc8ec1fe3ec67a0a266da9d9f609bdce7e5e634146529d217.jpg: score=-100;too_small:215x193
Skip non-chart visual asset d736623c67b569555d003cad8dc3746a3174de347b9e93cf4027ffb9d8b36ef8.jpg: score=-100;too_small:457x84
Skip non-chart visual asset 8d2c621b70899aa4b029dfdefe9f0e0ef745ff27a9fc632bd6612de376b4ffda.jpg: score=-100;too_small:459x95
Skip non-chart visual asset a29953c1cfd362ebd18beab8d035f163cbf80dbf2b2b0ac860628f15fd3e7ed5.jpg: score=-100;too_small:304x148
Skip non-chart visual asset fcc7bb0f84757330b275e53bb39abdbd36ce2bc32b15e33fac230bd77f6ea419.jpg: score=1;large
Skip non-chart visual asset 319e846712c0e33107319f100d9a74b71578039bad1577e30d526d0df393f070.jpg: score=2;chart_ratio,square_without_chart_hint,edge:0.22,contrast,large
Skip non-chart visual asset ad16f81d5754a8885a03868f3ed828026b0a2f011d6f35d032af1d7ab8edf5b0.jpg: score=-100;too_small:457x95
Skip non-chart visual asset 6306180ad2d75b33d261427f30011a6d9fbfac0281bc3c2070d0c72d8e9b47a6.jpg: score=2;chart_ratio,large
Skip non-chart visual asset 707c42c4bb6e45779bd508f2965fe5bb34289005bc23fd6150be831467fe2eba.jpg: score=-100;too_small:457x84
Skip non-chart visual asset 46a253eb77660ef3dbbdfdccbf6cc31c073769b82b7ad81bae40b64483e014e7.jpg: score=-100;too_small:434x70
Skip non-chart visual asset aca7f401af29a27cf56b867b5ec2aad16fc2890380c35ae91f616f68ac62d340.jpg: score=-100;too_small:726x134
Skip non-chart visual asset 7710ba7b1016bcfd14edb23310bace3d3e4ad5c3a9f7557f094865552369f824.jpg: score=-100;too_small:1412x151
Skip non-chart visual asset 8d0fa0d8325697b685ae113135d08f157b3404f25873403cd00c9cf63bbc4b79.jpg: score=1;chart_ratio,square_without_chart_hint,edge:0.25,contrast
Skip non-chart visual asset 075744db30efe426d14091c9c4b22c5705cb0bab69f6428eced055aa303b4045.jpg: score=-100;too_small:240x520
Skip non-chart visual asset 792444fcba385102debb9ff4f11d4e4a7d33cc1fab2cc623d8ae44a0b16e3e51.jpg: score=-100;too_small:314x520
Skip non-chart visual asset 318f28ef3bb8a726e8d74d96af1fdd0d37b3dbb67789bc0cca9fadd3e86ac335.jpg: score=0;odd_ratio:7.39,edge:0.40,contrast
Skip non-chart visual asset 09e0bbcb61977e8c25dc7a372ec8eea2b49380e5200a7e40276aa7db8bcc3d73.jpg: score=-100;too_small:434x53
Skip non-chart visual asset 377f38b1d63c8b44a69693376451c25521bd5a7aaca3d23794296c66d9957ffb.jpg: score=-100;too_small:431x43
Done. Results written to /home/runner/work/rpt_edit/rpt_edit/xhs_notes/dropbox/260710/shard_10; successful_reports=5; mineru_timed_out=False; mineru_attempts=1
All batches completed successfully. Generated 5 report directories.
