Found 32 total PDFs; shard 3/40 has 5 PDFs, skips 0 already converted, will process 5 PDFs with batch_size=5.
Running batch 1: 5 PDFs
Found 5 PDFs. MinerU token slots available=4.
MinerU attempt 1/4 using MINER_U_4: submitting 5 PDF(s).
Uploading PDF to MinerU: /tmp/pdf_batch_001_4fsel7a9/pdfs/0001-16-Goldman Sachs-Trip.com Group -TCOM.US-- Conclusion of anti-trust investigation- Buy-260727.pdf
Uploading PDF to MinerU: /tmp/pdf_batch_001_4fsel7a9/pdfs/0002-17-Goldman Sachs-US Economics Analyst-July FOMC Preview- Better Inflation Data- Worse Geopolitical News-260726.pdf
Uploading PDF to MinerU: /tmp/pdf_batch_001_4fsel7a9/pdfs/0003-18-Goldman Sachs-US Tariff Impact Tracker- Imports into LA Mixed Over Next Two Weeks on a YOY Basis-260727.pdf
Uploading PDF to MinerU: /tmp/pdf_batch_001_4fsel7a9/pdfs/0004-19-Goldman Sachs-Want Want China-0151.HK--Profit Alert-1QFY26 Revenue NI under pressure on muted consumer sentiment-traditional channel weakness-260727.pdf
Uploading PDF to MinerU: /tmp/pdf_batch_001_4fsel7a9/pdfs/0005-20-Goldman Sachs-Vodafone -VOD.L-- Modest 1Q27 beat and Africa-driven raise likely to reassure while limited Europe growth continues-260727.pdf
MinerU attempt 1 using MINER_U_4 batch_id=ea9792da-d585-4808-8888-314b8a32286b
MinerU states: running, pending, pending, pending, waiting-file
MinerU states: running, running, running, running, running
MinerU states: done, running, running, done, done
MinerU states: done, running, done, done, done
MinerU states: done, done, done, done, done
/home/runner/work/rpt_edit/rpt_edit/scripts/pdf_to_xhs_batch.py:307: DeprecationWarning: Image.Image.getdata is deprecated and will be removed in Pillow 14 (2027-10-15). Use get_flattened_data instead.
  pixels = list(gray.getdata())
Skip non-chart visual asset ab4fe3c69dc1989922fae107198df0f4d5743025ba2995325b2c75b9c704fa5c.jpg: score=-100;too_small:1162x112
Skip non-chart visual asset 2620ad8beeb31814d4bfbe0cb8a4dd32723c072f194c523bf7dce3d8db959c04.jpg: score=2;chart_ratio,square_without_chart_hint,edge:0.32,contrast,large
Skip non-chart visual asset bdad8c8efc8058d9a4b5d6f811e656cd1a3f01a17c09e54b74839be21ecc2648.jpg: score=-100;too_small:462x123
Skip non-chart visual asset a5d601004f92f6f14c09205c75fd63be7470290f889728775c22a94f97b59b3e.jpg: score=-100;too_small:1023x93
Skip non-chart visual asset b006ed7df49e3cf348e54bd59ed504e6f6656d36e55b11c74493027aca899b89.jpg: score=2;chart_ratio,square_without_chart_hint,edge:0.27,contrast,large
Skip non-chart visual asset 9d033077cf71d56dee12f68135b1ee9d4bcbfa209c0f3d54ea65fb48ca57e81b.jpg: score=1;chart_ratio,square_without_chart_hint,edge:0.16,large
Neutralized WeChat title while keeping the report: 高盛：高盛美国宏观分析-7月FOMC会议通胀改善与地缘不确定性 -> 高盛：价格数据与市场变化观察
Skip non-chart visual asset a861d2f7f6387fd86a7c49e8f4998da2ac933f294a55a149a91a332f55f6e907.jpg: score=-100;too_small:1156x109
Skip non-chart visual asset 51c7a20fe91b1dd74b076df393a9bfbd96a918dbbc3d0d5678a8ac01b97ee28a.jpg: score=0;odd_ratio:4.87,edge:0.30,contrast
Neutralized WeChat title while keeping the report: 高盛：美国关税影响追踪，洛杉矶港进口未来两周同比表现分化 -> 高盛：跨境贸易与行业变化观察
Skip non-chart visual asset e0642e85e60a1c55a33435decf74ffde2e138f74cd979fa1d6a369ede5424ffc.jpg: score=-100;too_small:1012x43
Skip non-chart visual asset 9338cd4de336dc3f9036c24b905ba11885b94a2657dbf8276c97455552d69566.jpg: score=-100;too_small:1159x109
Skip non-chart visual asset 1ed9dc0f169a7abffa597a8520d4054d8ca5fd912f9928e9979cf00a46a4df5c.jpg: score=0;chart_ratio,square_without_chart_hint,edge:0.21
Neutralized WeChat title while keeping the report: 高盛：旺旺中国首季收入与净利润承压 -> 高盛：旺旺中国首季业务与近期数据观察
Skip non-chart visual asset 005356153d28429e2e0e30001349f6aebe22c4db6091fc0b3896da76488f0587.jpg: score=-100;too_small:1021x87
Skip non-chart visual asset 0c9cab33939564489610e931068a1432fef1100ccbcf08d49b86d574cd23b7b5.jpg: score=1;square_without_chart_hint,edge:0.40,contrast,large
Skip non-chart visual asset 7ef88bc81039c2b2a26c8df207f3611f51ee494468d9e8eef92ba81c602a845a.jpg: score=-100;too_small:1156x109
Skip non-chart visual asset b796fd042964f161f3be7fd66310f3af9431f3d04f1000e2ab9b1d6ae5aa0c94.jpg: score=2;edge:0.20
Skip non-chart visual asset 53d599dba3c807fa8083c345e684a1b09e2963917e86d7cdd05a22953aa124b0.jpg: score=0;odd_ratio:5.83,edge:0.14,contrast
Neutralized WeChat title while keeping the report: 高盛：沃达丰非洲业务拉动集团指引上调 -> 高盛：沃达丰非洲业务与近期数据观察
Done. Results written to /home/runner/work/rpt_edit/rpt_edit/xhs_notes/dropbox/260727/shard_3; successful_reports=5; mineru_timed_out=False; mineru_attempts=1
All batches completed successfully. Generated 5 report directories.
