Found 24 total PDFs; shard 0/40 has 5 PDFs, skips 0 already converted, will process 5 PDFs with batch_size=5.
Running batch 1: 5 PDFs
Found 5 PDFs.
Uploading PDF to MinerU: /tmp/pdf_batch_001_kg04a7nm/pdfs/0001-01-Goldman Sachs-GS China Econ Proprietary Indicators- May-260521.pdf
Uploading PDF to MinerU: /tmp/pdf_batch_001_kg04a7nm/pdfs/0002-02-Goldman Sachs-GLOBAL MARKETS ANALYST-Revisiting the Outlook for the Fed-s Balance Sheet-260521.pdf
Uploading PDF to MinerU: /tmp/pdf_batch_001_kg04a7nm/pdfs/0003-03-Goldman Sachs-Global Markets Daily- Asia Finding it Harder to Look Through the Energy Shock-260521.pdf
Uploading PDF to MinerU: /tmp/pdf_batch_001_kg04a7nm/pdfs/0004-04-Goldman Sachs-Global PMI Monitor- Softness in European Activity-260521.pdf
Uploading PDF to MinerU: /tmp/pdf_batch_001_kg04a7nm/pdfs/0005-05-Goldman Sachs-JAPAN ECONOMICS ANALYST-Exploring the BOJ-s Future JGB Purchase Path-260521.pdf
MinerU batch_id=02a9e185-8da2-4898-9bbc-cf22852e5fbc
MinerU states: running, running, running, pending, pending
MinerU states: running, running, done, done, done
MinerU states: running, running, done, done, done
MinerU states: running, running, done, done, done
MinerU states: running, running, done, done, done
MinerU states: running, running, done, done, done
MinerU states: running, running, done, done, done
MinerU states: running, running, done, done, done
MinerU states: running, running, done, done, done
MinerU states: running, running, done, done, done
MinerU states: running, running, done, done, done
MinerU states: running, running, done, done, done
MinerU states: running, running, done, done, done
MinerU states: running, running, done, done, done
MinerU states: running, running, done, done, done
MinerU states: running, running, done, done, done
MinerU states: running, running, done, done, done
MinerU states: running, running, done, done, done
MinerU states: running, running, done, done, done
MinerU states: running, running, done, done, done
MinerU states: running, running, done, done, done
MinerU states: running, running, done, done, done
MinerU states: running, running, done, done, done
MinerU states: running, running, done, done, done
MinerU states: running, running, done, done, done
MinerU states: running, running, done, done, done
MinerU states: running, running, done, done, done
MinerU states: running, running, done, done, done
MinerU states: running, running, done, done, done
MinerU states: running, running, done, done, done
MinerU states: running, running, done, done, done
MinerU states: running, running, done, done, done
MinerU states: running, running, done, done, done
MinerU states: running, running, done, done, done
MinerU states: running, running, done, done, done
MinerU states: running, running, done, done, done
MinerU states: running, running, done, done, done
MinerU states: running, running, done, done, done
MinerU states: running, running, done, done, done
MinerU states: running, running, done, done, done
MinerU states: running, running, done, done, done
MinerU states: running, running, done, done, done
MinerU states: running, running, done, done, done
MinerU states: running, running, done, done, done
MinerU states: running, running, done, done, done
MinerU states: running, running, done, done, done
MinerU states: running, running, done, done, done
MinerU states: running, running, done, done, done
MinerU states: running, running, done, done, done
MinerU states: running, running, done, done, done
MinerU states: running, running, done, done, done
MinerU states: running, running, done, done, done
MinerU states: running, running, done, done, done
MinerU states: running, running, done, done, done
MinerU states: running, running, done, done, done
MinerU states: running, running, done, done, done
MinerU states: running, running, done, done, done
MinerU states: running, running, done, done, done
MinerU states: running, running, done, done, done
MinerU states: running, running, done, done, done
MinerU states: running, running, done, done, done
MinerU states: running, running, done, done, done
MinerU states: running, running, done, done, done
MinerU states: running, running, done, done, done
MinerU states: running, running, done, done, done
MinerU states: running, running, done, done, done
MinerU states: running, running, done, done, done
MinerU states: running, running, done, done, done
MinerU states: running, running, done, done, done
MinerU states: running, running, done, done, done
MinerU states: running, running, done, done, done
MinerU states: running, running, done, done, done
MinerU states: running, running, done, done, done
MinerU states: running, running, done, done, done
MinerU states: running, running, done, done, done
MinerU states: running, running, done, done, done
MinerU states: running, running, done, done, done
MinerU states: running, running, done, done, done
MinerU states: running, running, done, done, done
MinerU states: running, running, done, done, done
MinerU states: running, running, done, done, done
MinerU states: running, running, done, done, done
MinerU states: running, running, done, done, done
MinerU states: running, running, done, done, done
MinerU states: running, running, done, done, done
MinerU states: running, running, done, done, done
MinerU states: running, running, done, done, done
MinerU states: running, running, done, done, done
MinerU states: running, running, done, done, done
MinerU states: running, running, done, done, done
MinerU states: running, running, done, done, done
MinerU states: running, running, done, done, done
MinerU states: running, running, done, done, done
MinerU states: running, running, done, done, done
MinerU states: running, failed, done, done, done
MinerU states: running, failed, done, done, done
MinerU states: running, failed, done, done, done
MinerU states: running, failed, done, done, done
MinerU states: running, failed, done, done, done
MinerU states: running, failed, done, done, done
MinerU states: running, failed, done, done, done
MinerU states: running, failed, done, done, done
MinerU states: running, failed, done, done, done
MinerU states: running, failed, done, done, done
MinerU states: running, failed, done, done, done
MinerU states: running, failed, done, done, done
MinerU states: running, failed, done, done, done
MinerU states: running, failed, done, done, done
MinerU states: running, failed, done, done, done
MinerU states: running, failed, done, done, done
MinerU states: running, failed, done, done, done
MinerU states: running, failed, done, done, done
MinerU states: running, failed, done, done, done
MinerU states: running, failed, done, done, done
MinerU states: running, failed, done, done, done
MinerU states: running, failed, done, done, done
MinerU states: running, failed, done, done, done
ERROR: Timed out waiting for MinerU batch 02a9e185-8da2-4898-9bbc-cf22852e5fbc. Last response: {"code": 0, "msg": "ok", "trace_id": "89395a097ae4792e27fafe4960eabe0d", "data": {"batch_id": "02a9e185-8da2-4898-9bbc-cf22852e5fbc", "extract_result": [{"data_id": "0001-01-Goldman_Sachs-GS_China_Econ_Proprietary_Indicators-_May-260521.pdf", "file_name": "0001-01-Goldman-Sachs-GS-China-Econ-Proprietary-Indicators--May-260521.pdf", "state": "running", "err_msg": "", "extract_progress": {"extracted_pages": 15, "total_pages": 16, "start_time": "2026-05-23 06:14:04"}}, {"data_id": "0002-02-Goldman_Sachs-GLOBAL_MARKETS_ANALYST-Revisiting_the_Outlook_for_the_Fed-s_Balance_Sheet-260521.pdf", "file_name": "0002-02-Goldman-Sachs-GLOBAL-MARKETS-ANALYST-Revisiting-the-Outlook-for-the-Fed-.pdf", "state": "failed", "err_msg": "parsing failed, please try again later"}, {"data_id": "0003-03-Goldman_Sachs-Global_Markets_Daily-_Asia_Finding_it_Harder_to_Look_Through_the_Energy_Shock-260521.pdf", "file_name": "0003-03-Goldman-Sachs-Global-Markets-Daily--Asia-Finding-it-Harder-to-Look-Throu.pdf", "state
Batch 1 failed: {'batch_index': 1, 'pdf_count': 5, 'files': [{'source': '/home/runner/work/rpt_edit/rpt_edit/_selected_macro_pdfs/01-Goldman Sachs-GS China Econ Proprietary Indicators： May-260521.pdf', 'batch_file': '/tmp/pdf_batch_001_kg04a7nm/pdfs/0001-01-Goldman Sachs-GS China Econ Proprietary Indicators- May-260521.pdf', 'stable_index': '1'}, {'source': '/home/runner/work/rpt_edit/rpt_edit/_selected_macro_pdfs/02-Goldman Sachs-GLOBAL MARKETS ANALYST：Revisiting the Outlook for the Fed’s Balance Sheet-260521.pdf', 'batch_file': '/tmp/pdf_batch_001_kg04a7nm/pdfs/0002-02-Goldman Sachs-GLOBAL MARKETS ANALYST-Revisiting the Outlook for the Fed-s Balance Sheet-260521.pdf', 'stable_index': '2'}, {'source': '/home/runner/work/rpt_edit/rpt_edit/_selected_macro_pdfs/03-Goldman Sachs-Global Markets Daily： Asia Finding it Harder to Look Through the Energy Shock-260521.pdf', 'batch_file': '/tmp/pdf_batch_001_kg04a7nm/pdfs/0003-03-Goldman Sachs-Global Markets Daily- Asia Finding it Harder to Look Through the Energy Shock-260521.pdf', 'stable_index': '3'}, {'source': '/home/runner/work/rpt_edit/rpt_edit/_selected_macro_pdfs/04-Goldman Sachs-Global PMI Monitor： Softness in European Activity-260521.pdf', 'batch_file': '/tmp/pdf_batch_001_kg04a7nm/pdfs/0004-04-Goldman Sachs-Global PMI Monitor- Softness in European Activity-260521.pdf', 'stable_index': '4'}, {'source': '/home/runner/work/rpt_edit/rpt_edit/_selected_macro_pdfs/05-Goldman Sachs-JAPAN ECONOMICS ANALYST：Exploring the BOJ’s Future JGB Purchase Path-260521.pdf', 'batch_file': '/tmp/pdf_batch_001_kg04a7nm/pdfs/0005-05-Goldman Sachs-JAPAN ECONOMICS ANALYST-Exploring the BOJ-s Future JGB Purchase Path-260521.pdf', 'stable_index': '5'}], 'returncode': 2, 'status': 'failed'}
Completed with 1 failed batch(es). See /home/runner/work/rpt_edit/rpt_edit/xhs_notes/dropbox/260522/shard_0/batch_run_summary.json
