Found 91 total PDFs; shard 17/40 has 5 PDFs, skips 0 already converted, will process 5 PDFs with batch_size=5.
Running batch 1: 5 PDFs
Found 5 PDFs. MinerU token slots available=4.
MinerU attempt 1/4 using MINER_U_2: submitting 5 PDF(s).
Uploading PDF to MinerU: /tmp/pdf_batch_001_sea6s0u2/pdfs/0001-86-Nomura-China sportswear-Sequentially weakening momentum in 2Q26-260723.pdf
Uploading PDF to MinerU: /tmp/pdf_batch_001_sea6s0u2/pdfs/0002-87-Nomura-AI industry update-Moonshot AI releases Kimi K3-260722.pdf
Uploading PDF to MinerU: /tmp/pdf_batch_001_sea6s0u2/pdfs/0003-88-Nomura-Policy Watch-July FOMC Preview-260723.pdf
Uploading PDF to MinerU: /tmp/pdf_batch_001_sea6s0u2/pdfs/0004-89-Nomura-Global AI Trend Tracker-Alphabet-s 2Q26 results read-through-260723.pdf
Uploading PDF to MinerU: /tmp/pdf_batch_001_sea6s0u2/pdfs/0005-90-Nomura-USD CNY fix model-Projection- 6.7822-260724.pdf
MinerU attempt 1 using MINER_U_2 batch_id=8b878e1e-2ecc-468f-8030-921ce54ecf0c
MinerU states: done, done, done, done, waiting-file
MinerU states: done, done, done, done, done
/home/runner/work/rpt_edit/rpt_edit/scripts/pdf_to_xhs_batch.py:307: DeprecationWarning: Image.Image.getdata is deprecated and will be removed in Pillow 14 (2027-10-15). Use get_flattened_data instead.
  pixels = list(gray.getdata())
Skip non-chart visual asset 787da017d11e4cc990f41f2c76c8de7faf7a911b66878982d5b6338f4619cf0b.jpg: score=-100;too_small:1415x167
Skip non-chart visual asset 3f50b7e66711a8ae948047ddeda365d7c7d794578fba50a9b6d039fb88bb4d0f.jpg: score=-100;too_small:1412x145
Skip non-chart visual asset 9a01d016f4d43c53e5f04d563a0f0e0a3db5fd43e88c67a6e19a7f800fabf4b0.jpg: score=0;odd_ratio:6.61,edge:0.25,contrast
Neutralized WeChat title while keeping the report: 野村：中国运动服饰-二季度销售动能放缓 -> 野村：研究主题与行业变化观察
MinerU result contained no standalone chart images; creating title card only.
Skip non-chart visual asset 4c6b55fec9e45aecdbb5510f19bc33546bb803923f16c7ec4e3158d1cb695a7b.jpg: score=1;chart_ratio,square_without_chart_hint,edge:0.25,large
Skip non-chart visual asset c459e4adb0782a04a6774bbadbd8ee88f97fec6d1e8cf316a0024dd8b4e97a95.jpg: score=1;chart_ratio,square_without_chart_hint,edge:0.28,large
Skip non-chart visual asset 6d7e16c5a9a14a751b843b94b769760240e7d40306d8f36c080ee9468f26ab55.jpg: score=2;chart_ratio,square_without_chart_hint,edge:0.24,contrast,large
Neutralized WeChat title while keeping the report: 野村：野村政策观察，7月FOMC会议前瞻 -> 野村：行业规则与主题变化观察
Skip non-chart visual asset 046116926f996532024250bcd3dfbf5a28b4a5c36dafb80fdff98f1b0410ec88.jpg: score=-100;too_small:1409x162
Skip non-chart visual asset 8bc1901c2f86e34c3edc95c68f1ee534c0967e4a84f0ace9df48cffbdc5fc4a8.jpg: score=1;chart_ratio,square_without_chart_hint,edge:0.19,contrast
Neutralized WeChat title while keeping the report: 野村：美元兑人民币中间价模型预测值6.7822 -> 野村：货币市场与相关指标观察
Done. Results written to /home/runner/work/rpt_edit/rpt_edit/xhs_notes/dropbox/260724/shard_17; successful_reports=5; mineru_timed_out=False; mineru_attempts=1
All batches completed successfully. Generated 5 report directories.
