Found 42 total PDFs; shard 6/40 has 5 PDFs, skips 0 already converted, will process 5 PDFs with batch_size=5.
Running batch 1: 5 PDFs
Found 5 PDFs.
Uploading PDF to MinerU: /tmp/pdf_batch_001_d93416cb/pdfs/0001-31-UBS-U.S. Software-Software Budget Trends - Latest Insights from Customer IT Execs and Procurement Officers-260518.pdf
Uploading PDF to MinerU: /tmp/pdf_batch_001_d93416cb/pdfs/0002-32-UBS-US Airlines-Travel Intentions Among US Consumers is Broadly Resilient-Only Slight YoY Volume Moderation Per UBS Survey-260518.pdf
Uploading PDF to MinerU: /tmp/pdf_batch_001_d93416cb/pdfs/0003-33-UBS-US Enterprise Hardware and Networking-Earnings Preview- Expect in-line prints to slight beats in the April qtr but a more difficult H2-26-260518.pdf
Uploading PDF to MinerU: /tmp/pdf_batch_001_d93416cb/pdfs/0004-34-Bernstein-US Communications Infrastructure US Comms Infrastructure- FCC spectrum moves are net positive for towers-260518.pdf
Uploading PDF to MinerU: /tmp/pdf_batch_001_d93416cb/pdfs/0005-35-CITI-China Auto Manufacturers-End-Apr Inventories estimate-Nio better than Li- German brands - Chery under pressure-260517.pdf
MinerU batch_id=9034a2d2-a3ea-43fd-8908-76e9b2a46e8b
MinerU states: running, running, pending, pending, waiting-file
MinerU states: running, running, running, running, done
MinerU states: running, running, running, running, done
MinerU states: running, running, done, running, done
MinerU states: running, running, done, running, done
MinerU states: running, running, done, running, done
MinerU states: running, running, done, running, done
MinerU states: done, running, done, running, done
MinerU states: done, done, done, running, done
MinerU states: done, done, done, done, done
Done. Results written to /home/runner/work/rpt_edit/rpt_edit/xhs_notes/dropbox/260519/shard_6
All batches completed successfully.
