Found 31 total PDFs; shard 3/40 has 5 PDFs, skips 0 already converted, will process 5 PDFs with batch_size=5.
Running batch 1: 5 PDFs
Found 5 PDFs. MinerU token slots available=4.
MinerU attempt 1/4 using MINER_U_4: submitting 5 PDF(s).
Uploading PDF to MinerU: /tmp/pdf_batch_001_monvn6pi/pdfs/0001-16-Goldman Sachs-Laopu Gold -6181.HK-Profit warning- 2Q26 missed with bigger-than-expected sales pressure and operating deleverage-260728.pdf
Uploading PDF to MinerU: /tmp/pdf_batch_001_monvn6pi/pdfs/0002-17-Goldman Sachs-JAPAN MACHINERY Semiconductor utility sector- Updating GSe- maintain bullish stance on the subsector-260727.pdf
Uploading PDF to MinerU: /tmp/pdf_batch_001_monvn6pi/pdfs/0003-18-Goldman Sachs-LG Innotek Co. -011070.KS- Earnings Review- 2Q26 above expectations- however expect limited margin expansion in 2H26- Neutral-260728.pdf
Uploading PDF to MinerU: /tmp/pdf_batch_001_monvn6pi/pdfs/0004-19-Goldman Sachs-UMT -3491.TWO-- LEO satellite business in expansion- 3Q26 to see GM improvement- Buy-260728.pdf
Uploading PDF to MinerU: /tmp/pdf_batch_001_monvn6pi/pdfs/0005-20-Goldman Sachs-Shin-Etsu Chemical -4063.T- Q1 review- FY3 27 cut on weaker PVC outlook- but strong semiconductor and AI materials support FY3 28 onwards-260727.pdf
MinerU attempt 1 using MINER_U_4 batch_id=fc4943d9-aa08-4ec4-96a9-5a13260f717e
MinerU states: running, running, running, waiting-file, waiting-file
MinerU states: done, done, done, done, running
MinerU states: done, done, done, done, done
/home/runner/work/rpt_edit/rpt_edit/scripts/pdf_to_xhs_batch.py:307: DeprecationWarning: Image.Image.getdata is deprecated and will be removed in Pillow 14 (2027-10-15). Use get_flattened_data instead.
  pixels = list(gray.getdata())
Skip non-chart visual asset 70e69066e5739fc2b7bc748ff5b5b1ca4c1859d63ecab6d5ccb1c8efd8524e10.jpg: score=1;chart_ratio,square_without_chart_hint,edge:0.29,large
Skip non-chart visual asset 330d4fbd28106475f312d5837a8cafbc330a7a777dce6d597cb4adc2d6763c9d.jpg: score=1;chart_ratio,square_without_chart_hint,edge:0.34,large
Skip non-chart visual asset 926de414bb437f8827953f47a6756d24d227f56ec651cdab4be9a06564343403.jpg: score=-100;too_small:1159x106
Skip non-chart visual asset 578a51666544a9db67e73ad661881e7a146a2389cb9a164aa90e220756c13282.jpg: score=0;square_without_chart_hint,edge:0.43,large
Skip non-chart visual asset 98f670db54054970014ae69abf72b82c9f9588d0ae19d4c9bdb50724c5e32bda.jpg: score=1;chart_ratio,square_without_chart_hint,edge:0.35,large
Neutralized WeChat title while keeping the report: 高盛：老铺黄金盈利预警与二季度业绩 -> 高盛：老铺黄金业务与季度数据观察
Skip non-chart visual asset e660af974b0a725424972b446f932772be2a2f4f4135057cc4137ac45c1f5a0f.jpg: score=-100;too_small:470x151
Skip non-chart visual asset 9dc78b9ba3ffd007c6cf6d8d119c6f8987d558fce2b6bfc54471b2d8ca6aacfd.jpg: score=-100;too_small:1159x109
Skip non-chart visual asset 1162a49e8646e9022d5a3b09f19991cc87fbba8b371de905f99906ad88127e23.jpg: score=-100;too_small:468x151
Skip non-chart visual asset b8dec6a0e15ec0b5eeb3e0aabb9238ec1b0f5a62396ef146988b5769313b6daf.jpg: score=-100;too_small:299x151
Skip non-chart visual asset 43fadcd1805563fa7c343550beeb8aa02c72400ad4900a6d4e46aa6a43c7d8ad.jpg: score=0;square_without_chart_hint,edge:0.56,large
Skip non-chart visual asset f9c204cd74eda88d37fcbfef242a2bf22badff65873fc8ceda98f15da088a10c.jpg: score=-100;too_small:434x135
Skip non-chart visual asset e474efa8152fc34a58cc0ac97698cc24f05a238919ffca3eb6600162a889d87e.jpg: score=1;odd_ratio:5.35,edge:0.26,contrast,large
Skip non-chart visual asset 660a82db0197893d16bb2646d0adc9f8d9fe8d2cec2e7bee8077a66ad135a349.jpg: score=-100;too_small:434x195
Skip non-chart visual asset 24c53cf199cf4114a301c2b6933f2bec753a1d49f80a3ee406a859a2d81a46dc.jpg: score=0;chart_ratio,square_without_chart_hint,edge:0.26
Skip non-chart visual asset 39770d282b17f0c6bab3b797c76a01a8eb662f8dbd3d4f75f49a9be71fac579b.jpg: score=0;square_without_chart_hint,edge:0.57,large
Skip non-chart visual asset d927d6c4ccfab0993608610662fb39d9ae420ff9e2ff2c94b8345366de7dd639.jpg: score=-100;too_small:570x89
Neutralized WeChat title while keeping the report: 高盛：日本机械设备半导体公用事业板块-2027财年盈利预测更新 -> 高盛：半导体行业数据与主题变化观察
Skip non-chart visual asset da2e5044a3c2d9d5e39bc7df5ed87da3c688caf6c708a60ec6db76da1f52fbd4.jpg: score=1;chart_ratio,square_without_chart_hint,edge:0.28,large
Skip non-chart visual asset ecbe6eace820db59d1e374c213533ed1b6e5de84eb2eb31fbaf4f4fd0ef5aac9.jpg: score=-100;too_small:1156x107
Skip non-chart visual asset 0af6ea9e764cf7addd377a48596d9933d231f4674e5a59d6bfd9f21dde76a012.jpg: score=1;chart_ratio,square_without_chart_hint,edge:0.33,large
Skip non-chart visual asset 6729e4e56bbcd4853b12f616cc3e2546f28aa9c41447990be2e3fea070011311.jpg: score=-1;square_without_chart_hint,edge:0.35
Skip non-chart visual asset 74e7c56a7e4c2b1a1f3e49e77b597baac56f8a69f4432631a81f6e990e5aad08.jpg: score=1;chart_ratio,square_without_chart_hint,edge:0.32,large
Skip non-chart visual asset 47901d0f34bdaec427c3865ea545eb65ce5bd641da17528186df0e065718b15d.jpg: score=0;chart_ratio,square_without_chart_hint,edge:0.28
Skip non-chart visual asset 00624be5e15a5933130d71056b84e82e5d2003539ce525037696ea6bf0864b77.jpg: score=2;chart_ratio,square_without_chart_hint,edge:0.42,contrast,large
Skip non-chart visual asset dd2701c8711e8cdc6e0450894b08a11167526cf484d014702425aae91ca20314.jpg: score=-100;too_small:987x148
Skip non-chart visual asset 3d851b0e8475b6d87e6e92a6614eefefa20f3282fc437ebf4198ecb8449da3ee.jpg: score=2;chart_ratio,square_without_chart_hint,edge:0.49,contrast,large
Skip non-chart visual asset a124e5ae6a024d91605c8562279337694bc291b2d3f52c7073abe65ccd04f776.jpg: score=-100;too_small:1159x109
Neutralized WeChat title while keeping the report: 高盛：UMTLEO卫星业务扩张与毛利率改善展望 -> 高盛：UMTLEO卫星业务与近期数据观察
Skip non-chart visual asset 7b5069c8765c42dcc5bc3d515b9eea3ab8fe30b8320cf02d9fb4ce72b990da5c.jpg: score=1;chart_ratio,square_without_chart_hint,edge:0.32,large
Skip non-chart visual asset ad28b8f161cdf252fa0c44f59f2e702d6d22f6fbb51c56e3b0b818883b10d856.jpg: score=2;edge:0.33
Skip non-chart visual asset 71c1a5a3ed1ad6c6625091f59fc4d40e75844fd25b67e32ad74cb0e8f0cd1d9b.jpg: score=-100;too_small:454x148
Skip non-chart visual asset b56ebb23f631debffa573b0e0263f4c3743d0ccb20b2baee7fb27ffd3e4f8f4a.jpg: score=-100;too_small:454x174
Skip non-chart visual asset a77582ccafa99c874bf4bee1d857c9e2290a7e35deef635479344477b2850a9b.jpg: score=-100;too_small:1156x107
Skip non-chart visual asset 87ce677d4279a58005031183db5d74d420b7c870a0c32fea804d29f1de3a421e.jpg: score=-100;too_small:826x173
Skip non-chart visual asset 7d22877c046b576de66c0695f4acde19ea4dad0a7d2c279c438bc65d27203aa6.jpg: score=-100;too_small:454x148
Skip non-chart visual asset 2c69effa37c6c540d490c675998526b2bd552002f8314e21cd553214b4581571.jpg: score=1;chart_ratio,square_without_chart_hint,edge:0.32,large
Skip non-chart visual asset f912e37e0f956121a5b1f97cfee326d44e901e7119849674b7a5b20600154ce8.jpg: score=1;chart_ratio
Skip non-chart visual asset fd243eea4a55b8edae943150fc230e70e513d34e859cdd9ff29cdd726d93c41b.jpg: score=-100;too_small:826x179
Done. Results written to /home/runner/work/rpt_edit/rpt_edit/xhs_notes/dropbox/260728/shard_3; successful_reports=5; mineru_timed_out=False; mineru_attempts=1
All batches completed successfully. Generated 5 report directories.
