Found 55 total PDFs; shard 2/40 has 5 PDFs, skips 0 already converted, will process 5 PDFs with batch_size=5.
Running batch 1: 5 PDFs
Found 5 PDFs. MinerU token slots available=2.
MinerU attempt 1/4 using MINER_U_2: submitting 5 PDF(s).
Uploading PDF to MinerU: /tmp/pdf_batch_001_e4it1625/pdfs/0001-11-Bernstein-Puma-PUM.GR-Puma- Inventory analysis - good progress on inventory purr-ge-260721.pdf
Uploading PDF to MinerU: /tmp/pdf_batch_001_e4it1625/pdfs/0002-12-Bernstein-Sea Ltd-SE.US-Sea Ltd- E-commerce battle continues- but the noise is fading-260720.pdf
Uploading PDF to MinerU: /tmp/pdf_batch_001_e4it1625/pdfs/0003-13-Bernstein-U.S. Beverages- Household - Personal Care Products U.S. HPC Scanner Update- beauty remains the bright spot as household demand stays soft-260721.pdf
Uploading PDF to MinerU: /tmp/pdf_batch_001_e4it1625/pdfs/0004-14-Bernstein-U.S. Beverages- Household - Personal Care Products U.S. Beverages Scanner Update- Soft drinks remain resilient-260721.pdf
Uploading PDF to MinerU: /tmp/pdf_batch_001_e4it1625/pdfs/0005-15-Bernstein-U.S. Healthcare Services- A summary of our teach in on specialty pharmacy-260721.pdf
MinerU attempt 1 using MINER_U_2 batch_id=a3012117-0fd2-4b8d-ac97-d0d5fafe4a53
MinerU states: running, running, running, pending, waiting-file
MinerU states: running, running, running, running, running
MinerU states: done, done, done, done, done
/home/runner/work/rpt_edit/rpt_edit/scripts/pdf_to_xhs_batch.py:293: DeprecationWarning: Image.Image.getdata is deprecated and will be removed in Pillow 14 (2027-10-15). Use get_flattened_data instead.
  pixels = list(gray.getdata())
Skip non-chart visual asset 6bff21662eaf2efb1f56a8529e536db652412c0a3cb7bcf380c3859699c6c6f4.jpg: score=-100;too_small:401x120
Skip non-chart visual asset 2c776f8e77e089136f0cf6f716bf09303d95f25b0f7fbf96452790877a349b53.jpg: score=-100;too_small:390x251
Skip non-chart visual asset 0905005a1a6345049825ea0b943d5451722eda2e4d258cfc3b2f63f06c74dd50.jpg: score=1;odd_ratio:4.93,edge:0.22,contrast,large
Skip non-chart visual asset 67f425027bc096f0a3c2138cda9a7afbd3a035e569db07338b5cb09fd20693a8.jpg: score=-100;too_small:96x92
Skip non-chart visual asset 364fe44c34d40807c258738b6ca92f204a33521ad8f8bb9a8e3d608174cd34d1.jpg: score=-100;too_small:1331x165
Skip non-chart visual asset 65adcb5f4067ae3b9752d467ea96b609b47d82bf49c67946b0773206e000fe5d.jpg: score=-100;too_small:96x87
Skip non-chart visual asset c9567e95764465e522a2014d79bf909a79a24438512837934db8833599a49ef0.jpg: score=-100;too_small:96x89
Skip non-chart visual asset f4665f03d5e66f19abb46a56a413c50942887178200ca2729fc937f2265d736e.jpg: score=-100;too_small:462x131
Skip non-chart visual asset af8740eef325b9b36866306ad4fddf30764545fbe8c0cd3a17bfc59f7a7f0bf1.jpg: score=1;chart_ratio,square_without_chart_hint,edge:0.51,large
Skip non-chart visual asset 6966b9aa9caf41cda73f0abb563e91f81e4679d1923d6ec6bb9070751513b1b7.jpg: score=-100;too_small:96x95
Skip non-chart visual asset ad9077aa6bdf243156576e70bc0f6d3c8a7106f9e2f1ded043d026dce5bb0882.jpg: score=2;edge:0.22
Skip non-chart visual asset dd2a5949912bfa2cdde9b6d9682c96b346090c4c31b9940a74d03de5aeb6419b.jpg: score=1;odd_ratio:4.97,edge:0.23,contrast,large
Skip non-chart visual asset d34cc6d452201d50960ca5bd9afc852bebd09c0b2d6834f7456c8aef6bf2f2a7.jpg: score=-100;too_small:395x251
Skip non-chart visual asset 050cfc0645b99869f070e0c1f12ac71e05f4c0bc6c83132ecf1dac33ca7f6099.jpg: score=-100;too_small:1329x168
Skip non-chart visual asset 99f1663d82edce5aa300cae4796e961e5b6afacac938ab496eeffd939945f6c7.jpg: score=-100;too_small:462x81
Skip non-chart visual asset 9ec8ba6a765f08b851a23590b8b8ff23028ff752bc52f714cfe4727d89aeec77.jpg: score=-100;too_small:562x164
Skip non-chart visual asset e1101f81820baeb7f8a32c1d0a11e036be6b3102777831d49b69e7e369080e02.jpg: score=2;chart_ratio,square_without_chart_hint,edge:0.15,contrast,large
Skip non-chart visual asset 866c69cdcb2ce02f156bf89f526f7b7dd2e63e0d53cad1661daffc8123dcb4ee.jpg: score=-100;too_small:401x195
Skip non-chart visual asset 9f58aac6e9d3b53a739e492ab1d58c3a90206dbcefc7b9ebf4804b4cd23038db.jpg: score=1;square_without_chart_hint,edge:0.43,contrast,large
Skip non-chart visual asset eb5e5ade002e4a34d7008155248c5f58790c2c77470fca3303f586588c4b9fd7.jpg: score=-1;square_without_chart_hint,edge:0.25
Skip non-chart visual asset a74e202dcf30b87536b44988187a13a3e93dbdd23c8d75ec3b216ecf8090b264.jpg: score=0;chart_ratio,square_without_chart_hint,edge:0.18
Skip non-chart visual asset 1a23d6441edb3a0ec65fce32e6c30d39dc238e4619e8dc32dc03fa2750d58d1a.jpg: score=0;odd_ratio:5.14,edge:0.29,contrast
Skip non-chart visual asset c19427f2198549dd029200823bfe1a0b74cf9bf79613d3ea9f4dd68ed3c5113a.jpg: score=0;chart_ratio,square_without_chart_hint,edge:0.21
Skip non-chart visual asset 1a96e3b60bfe5e40b2f9150e82b0b07c4399a540e8ffc85cafe81ae0aff87386.jpg: score=0;odd_ratio:5.08,edge:0.29,contrast
Skip non-chart visual asset f173b77d664a6dbe68892d7e818a618ceb15993602ad26e1dfaa9df1131c726c.jpg: score=-100;too_small:96x92
Skip non-chart visual asset fbe55b1c5bf6ec05d2457032ffcb3fcd64b040042056ad0f5bce9ab3924a6733.jpg: score=-1;square_without_chart_hint,edge:0.23
Skip non-chart visual asset 7e2113b8c44e6ecf5233b0013898c7879bbedfec446a0cf3576681a2903e51fe.jpg: score=-1;square_without_chart_hint,edge:0.22
Skip non-chart visual asset cee75d60dd36bec47d5a625d049a434e9019728c34b91f01e709a797f259d052.jpg: score=-1;square_without_chart_hint,edge:0.23
Skip non-chart visual asset 9d41e3842f5efc20a1e50ff6c1e7eff0d4afae50fab0a4524bd3669ead83d446.jpg: score=0;odd_ratio:5.20,edge:0.28,contrast
Skip non-chart visual asset e2e7bc479bf983b02637be166a481487be8d3ba41b7978c7bafb1d271954ae88.jpg: score=0;odd_ratio:5.89,edge:0.29,contrast
Skip non-chart visual asset 58ed328f9959f1dc0ff37c3ea01fbbd81a4178881df0628c55743539d0589291.jpg: score=-1;odd_ratio:5.76,edge:0.20
Skip non-chart visual asset 27c3a779a0d4cfe46be9ed18ea0a2c7db9db0ec4a2ccdc56c1082caaaaef0ff9.jpg: score=1;odd_ratio:4.91,edge:0.22,contrast,large
Skip non-chart visual asset 323b6d743710adaa1c2ebc9e8c52fbb03e1351c9f4c927a688d9759ea3257bcf.jpg: score=0;odd_ratio:5.97,edge:0.29,contrast
Skip non-chart visual asset 690bb2a920a25bd3d8a168f39ab5a259068d8884c4ce972a9752d5af59d28fc3.jpg: score=-1;square_without_chart_hint,edge:0.22
Skip non-chart visual asset af501903df22b428f3b5054cfc1f0c91c213b94e7da70151d12f011c8429f38c.jpg: score=0;odd_ratio:5.97,edge:0.30,contrast
Skip non-chart visual asset 003244749ecbc9100c1995fb6bed08e354cc466f26f3dc271ecaf784c507a5f0.jpg: score=-1;square_without_chart_hint,edge:0.20
Skip non-chart visual asset 5456d8601189a111b2d53baa1301a412a00aa9c8ac5e322187e04d257c4684dd.jpg: score=0;chart_ratio,square_without_chart_hint,edge:0.20
Skip non-chart visual asset 64fa05af5f5012c89d4599a99a61faa606c923a9d316e4cd598f85fc69950cb3.jpg: score=-1;square_without_chart_hint,edge:0.22
Skip non-chart visual asset c93af31922e352c88e16b6658fa16ffb8b5aa1425780776e88d8f4dd7923e462.jpg: score=0;chart_ratio,square_without_chart_hint,edge:0.21
Skip non-chart visual asset 468044389a0dafa19161ebc5c9fe3193bd884825f3125dd79ec2b7c54f6dd759.jpg: score=0;chart_ratio,square_without_chart_hint,edge:0.20
Skip non-chart visual asset 618987fb78a1a8d5a8a78d711b13dbdfea6a0b7fba56fe68f26e9b36147005ac.jpg: score=-1;square_without_chart_hint,edge:0.24
Skip non-chart visual asset 2142aab9f28cf7171aa036e906115db461b31b4a9407b7a1087e8c7081c6a7f4.jpg: score=0;chart_ratio,square_without_chart_hint,edge:0.20
Skip non-chart visual asset dd746a46cf22bae281136a3fa0b782480f3da2708b5e75cbe1b92ad2d6270d15.jpg: score=0;chart_ratio,square_without_chart_hint,edge:0.23
Skip non-chart visual asset 94e1b84b06904764ca8ad751dc9207dcbcf4f7b27a8ea5904d123a7e54c8edbd.jpg: score=-1;square_without_chart_hint,edge:0.25
Skip non-chart visual asset 46356bda241c92e10a9b77b91fd9c9269152c3327bab526740b6c7ea0a063113.jpg: score=-100;too_small:93x92
Skip non-chart visual asset 3c160c6af1fe166c4d435b3c4be51a3f5b840bf6de0dd2a88985bc9e1c9c1619.jpg: score=0;chart_ratio,square_without_chart_hint,edge:0.21
Skip non-chart visual asset f22eef14ce07224c681bfa5e35e1bef7e02a2fce21951f94b01ec9d1c517b9d8.jpg: score=0;odd_ratio:5.97,edge:0.28,contrast
Skip non-chart visual asset a6c164b4aef2eed6aa9e870ee611287fba33fc873e36b2546d05f1bf4e975ee0.jpg: score=-1;square_without_chart_hint,edge:0.22
Skip non-chart visual asset 2166b73bdf46b3b40da0d07830beac5bcc162e152d4f663394bfe2ea68a63827.jpg: score=0;odd_ratio:5.97,edge:0.29,contrast
Skip non-chart visual asset 4737eebd92d9bc72f5e61dfb6c2c2640f61cab5a99e6cda0e0e8b64ebe393a5e.jpg: score=-1;square_without_chart_hint,edge:0.21
Skip non-chart visual asset 30d690ad2e032ac8aef8b0c0a5202439e6b3e46b832265272adf4bd41c36aacc.jpg: score=0;odd_ratio:5.84,edge:0.25,contrast
Skip non-chart visual asset 359f63d7e970ddf8257063f575a1c32e9a44d831cf98afce5948cfc1b6395bb6.jpg: score=-1;square_without_chart_hint,edge:0.22
Skip non-chart visual asset 672d67624781829c5cea28e9bdea1134749aeee9fa4f98b8788b10bf8dc72c7b.jpg: score=-1;square_without_chart_hint,edge:0.22
Skip non-chart visual asset 9859153361cc55d6b123ff4cc3c386e43beda3bcdce5a006d0441a3b40db54b4.jpg: score=0;chart_ratio,square_without_chart_hint,edge:0.21
Skip non-chart visual asset 87816767a9e9f92eed57ceeefa21b19d4b89e5e1dceacf4095ef4423d55c3ab0.jpg: score=-1;square_without_chart_hint,edge:0.23
Skip non-chart visual asset 416ffaba5fe9a951bb3966368177b97fb04c3ea513ca26e8a358dab608963f95.jpg: score=0;odd_ratio:5.48,edge:0.27,contrast
Skip non-chart visual asset ee8c120f9f65d37a44ed2ddaeba210ef2f75f54586b76eb3d62cc76aeda1cbc5.jpg: score=-1;square_without_chart_hint,edge:0.23
Skip non-chart visual asset a0ea95c276ae920a15e7ce7a9661e280af9338946f6728d0803daee9570dc376.jpg: score=-1;square_without_chart_hint,edge:0.24
Skip non-chart visual asset ab4890e8964dd33d9b52ca65275c62e038b8658f9a8d32f4561c3ae111f58d30.jpg: score=-100;too_small:93x93
Skip non-chart visual asset 80b662e180d9791c1ec51924ed8ad223b71917d14d98ce549fd64044433c3e1a.jpg: score=0;odd_ratio:5.66,edge:0.27,contrast
Skip non-chart visual asset c1b077a3f95c5cf59454015be7f3971b51ba34830f6fabfa69270125126f2671.jpg: score=0;chart_ratio,square_without_chart_hint,edge:0.22
Skip non-chart visual asset de3b66ad7f692dec551c697144e04228a714577fd463f17256e1076fba76b71c.jpg: score=-1;square_without_chart_hint,edge:0.23
Skip non-chart visual asset 2f970ba6cadc7c71942b9663b711d76159908c92fb3eb61e79bdab3f8588707c.jpg: score=1;odd_ratio:4.91,edge:0.21,contrast,large
Skip non-chart visual asset 509749c832387cad8f50712f666bc474e9b0ca20584fee2d2867553afcca1f9d.jpg: score=-1;square_without_chart_hint,edge:0.23
Skip non-chart visual asset 3fbf18b2bd6556b6fbfe52135e5b850dde27012bbf6425a3f591d10cbc2bd033.jpg: score=-100;too_small:93x92
Skip non-chart visual asset 5300058cf1bf217a79ae77f455d12c0b2e24dc11543970ec644325a3f713bd99.jpg: score=0;odd_ratio:6.05,edge:0.28,contrast
Skip non-chart visual asset 9ac9b7aac344b44eea7b30b76a1d3c95b559e239c01d86b65207d3a9033c28b9.jpg: score=-1;square_without_chart_hint,edge:0.23
Skip non-chart visual asset 030ef3f8f43816ac538a69e0d187f39e91e5601518723c8cb3ef625dd863adcf.jpg: score=-1;square_without_chart_hint,edge:0.22
Skip non-chart visual asset 706bd60e5540fa912cede7a8b60cd41d94bdda3ff59d03b4730d3ce5250a34de.jpg: score=0;odd_ratio:5.30,edge:0.29,contrast
Skip non-chart visual asset 7261db7e6c6438c213fc965e1bf541888d5f845a2bc3ef0792bee14de457bc0b.jpg: score=0;chart_ratio,square_without_chart_hint,edge:0.19
Skip non-chart visual asset ad6b1ded63d7f48052b2c62618eba4e1377c9af3196ebd183654aa068536a4bc.jpg: score=-1;square_without_chart_hint,edge:0.21
Skip non-chart visual asset cbb9d27a8fdf77056fa3beb5fe3cdbd393f0da74e1e9f0972924e50b65c85a58.jpg: score=-1;square_without_chart_hint,edge:0.21
Skip non-chart visual asset a4d69bc2cab40e6399d7a1de6dc420c38cbfb4860947ccc061ac84f3a6807edf.jpg: score=-1;square_without_chart_hint,edge:0.22
Skip non-chart visual asset 3cf1c4053f5ee57b22726202e952aa98f9d3395961b2bf4d34990da2e0efcb2e.jpg: score=0;odd_ratio:5.37,edge:0.28,contrast
Skip non-chart visual asset 943a1bef1b498667f2cc129ffd5dde3472b46a046b4a6af79366bbdc0e53b7b9.jpg: score=0;odd_ratio:5.30,edge:0.29,contrast
Skip non-chart visual asset 9719667a06d821cbd769614370d6c4799c15a27dfa40759455d753bed0197281.jpg: score=-1;square_without_chart_hint,edge:0.23
Neutralized WeChat title while keeping the report: 伯恩斯坦：美国软饮扫描更新-软饮保持韧性 -> 伯恩斯坦：研究主题与行业变化观察
Skip non-chart visual asset ddf246391e1b7480c0edf05ba102118a42d8d3449336ec03c222ab62c1b42db9.jpg: score=1;chart_ratio,square_without_chart_hint,edge:0.11,contrast
Skip non-chart visual asset 3002be647fe366be1f66a3fc49fa9e20021a9b0bee32f8220e0a5e4172c51d0d.jpg: score=-100;too_small:643x48
Skip non-chart visual asset 45a78ced32e68e62d57379f7d8852831419d90e6537d740f7b9a578b4ea7eabb.jpg: score=1;chart_ratio,square_without_chart_hint,edge:0.14,contrast
Skip non-chart visual asset ed3243f40c0871d9b25caaff8639e9a76a10a7025db12b768e59c0b077e12a10.jpg: score=-100;too_small:96x95
Skip non-chart visual asset 06c69aae5c230924baa446c76ffaa754f57aad7cb93c2b38354098adb2eb119e.jpg: score=1;chart_ratio,square_without_chart_hint,edge:0.26,contrast
Skip non-chart visual asset 00c7b2fb1bf94b6637ccf95e5284dbe0d6e1045660cf57b542f61e73a44d5e68.jpg: score=0;square_without_chart_hint,edge:0.12,contrast
Skip non-chart visual asset 3b7db17ea9c31bb2450f7bd919a7e4b0778e4869b60677c711e225027f3c9cbe.jpg: score=1;chart_ratio,square_without_chart_hint,edge:0.19,contrast
Skip non-chart visual asset 3d82bdeffb25dfac62f179eba92f5a25ac6978a7ded7020e0159df95d0066e37.jpg: score=1;odd_ratio:4.97,edge:0.24,contrast,large
Skip non-chart visual asset 9d1f0a57c0ef9cd251986cbf9bdac7b1d454eacae4487d9c7db4052d8fb74aa2.jpg: score=1;chart_ratio,square_without_chart_hint,edge:0.20,contrast
Skip non-chart visual asset dffe192274073e7da54bfc34401d397556f86563c220905d5e9d91682c69cb3a.jpg: score=1;chart_ratio,square_without_chart_hint,edge:0.33,contrast
Skip non-chart visual asset 2e1ad6095a406b6d075038e493327d6d8b8a57657b9059d08b8849c6185e3387.jpg: score=-100;too_small:634x51
Skip non-chart visual asset e4c95cbdad4601c0be1d2ac9b6001f9100fbf5690027519001709a70b0398278.jpg: score=-100;too_small:96x98
Skip non-chart visual asset eb3c089bed8265ae208c626fa96de65ed44d7b8a41f97fe7a5b6817d3d3bf6cb.jpg: score=1;chart_ratio,square_without_chart_hint,edge:0.15,contrast
Skip non-chart visual asset 3544cae524b1792464ee8751a61baf0928b59d96a150671f34e94b12f4fa0cf8.jpg: score=1;chart_ratio,square_without_chart_hint,edge:0.21,contrast
Skip non-chart visual asset 8d70429293c832b5be2e2c2bce05f77cdcfed2a3b5367e45f1a3ebabea0c31c4.jpg: score=-100;too_small:96x93
Done. Results written to /home/runner/work/rpt_edit/rpt_edit/xhs_notes/dropbox/260721/shard_2; successful_reports=5; mineru_timed_out=False; mineru_attempts=1
All batches completed successfully. Generated 5 report directories.
