Found 7 total PDFs; shard 1/40 has 2 PDFs, skips 0 already converted, will process 2 PDFs with batch_size=5.
Running batch 1: 2 PDFs
Found 2 PDFs. MinerU token slots available=2.
MinerU attempt 1/4 using MINER_U_2: submitting 2 PDF(s).
Uploading PDF to MinerU: /tmp/pdf_batch_001_dh7amusf/pdfs/0001-06-Morgan Stanley-Robotaxi Diffusion - Robots- Taxis and the Trillion-Dollar Traffic Portal-260703.pdf
Uploading PDF to MinerU: /tmp/pdf_batch_001_dh7amusf/pdfs/0002-07-Nomura-China Robotics-Data emerges as the critical part for robotics-260705.pdf
MinerU attempt 1 using MINER_U_2 batch_id=9fe207cd-4cf8-45a3-b5ef-9b226c74e0ec
MinerU states: running, pending
MinerU states: done, done
Skip non-chart visual asset be2cfdce41f70ce647ce42ff3d87ad63d9b583f58f003f8e52de05534ed396c2.jpg: score=-100;too_small:396x232
/home/runner/work/rpt_edit/rpt_edit/scripts/pdf_to_xhs_batch.py:285: DeprecationWarning: Image.Image.getdata is deprecated and will be removed in Pillow 14 (2027-10-15). Use get_flattened_data instead.
  pixels = list(gray.getdata())
Skip non-chart visual asset c946d31966cf23fc5bf737e41fb350918e709c18277253155c379038f66d5d55.jpg: score=-100;too_small:93x126
Skip non-chart visual asset 8e3543d36a2dc8794617a6446c50c23daf8d94ba9ead2c455ab44920884b7bf6.jpg: score=-100;too_small:531x98
Skip non-chart visual asset c73b7632e82a1b81f899d087feb9403ec2e24372a9463cef88fa9542e1e798f4.jpg: score=1;chart_ratio,square_without_chart_hint,edge:0.14,large
Skip non-chart visual asset 5282c02c5136bb5df5ecbd172d6ebbd2380193f1a2b6344ac3aa2f4b8b7690c4.jpg: score=2;chart_ratio,square_without_chart_hint,edge:0.26,contrast,large
Skip non-chart visual asset 32c07de7524b06ca7e719e54346b0a7604378a56e6fed67c35e7fb1367e474f8.jpg: score=0;square_without_chart_hint,edge:0.29,large
Skip non-chart visual asset 07b9f0a9424990fef0de35ccf24ebfc78489a0d7aece4da521e11dc4d77d0c85.jpg: score=1;large
Skip non-chart visual asset d90518b3f8e02db4598944364da884835db23349ad5db79e249addcf589dd2b7.jpg: score=-100;too_small:531x112
Skip non-chart visual asset 851d1f46d4c7868d977cca19090ba0fd1742986f7eb6c5515db6f3b1d4ab78a7.jpg: score=-100;too_small:531x90
Skip non-chart visual asset 38a9d8d56e24b99a7c4c7697a1fc4d47b0e45e52e898bab11673b1ba228fad0b.jpg: score=-100;too_small:140x140
Skip non-chart visual asset 1103b0f1de8bde023e63a8fdebee5bad7360a42a34641f7bf7314cfdb41bb760.jpg: score=2;chart_ratio,square_without_chart_hint,edge:0.47,contrast,large
Skip non-chart visual asset 3891176766a163eca76516ebdcc4fe5a39988f3099fcb260ede0f4675543c619.jpg: score=-100;too_small:531x78
Skip non-chart visual asset d1063db0cd7d0d915a4452d92c9dd36a35ffa3c98d5b16addf678d5abbb0446c.jpg: score=-100;too_small:531x84
Skip non-chart visual asset 12763618eb07aeb31f0f03c4e76729ea2bbe04c8cbe51aa59e631f8774da7bba.jpg: score=2;chart_ratio,square_without_chart_hint,edge:0.22,contrast,large
Skip non-chart visual asset ec9b2c181283be80f7a60527311dd4a87fa1d08355198f6f516a4fc05768e7a2.jpg: score=-100;too_small:456x59
Skip non-chart visual asset d704394351078eef42ce02e9ce33bf70319be35a554acc62eee676415ffdb3bf.jpg: score=0;square_without_chart_hint,edge:0.27,large
Skip non-chart visual asset d4e515fb371ec9b673c00c7a32905974f7debee83b0e217eeb77015ae6c8dc32.jpg: score=2;chart_ratio,square_without_chart_hint,edge:0.50,contrast,large
Skip non-chart visual asset 6db8eee071d6637c77d874f406c210aa5ce098a932e02411af4842faf55d4e04.jpg: score=-100;too_small:173x101
Skip non-chart visual asset c06b4205147e9b4422ecba2f72d676d4dd70805184335dfec5a730509ff41f2c.jpg: score=-100;too_small:393x221
Skip non-chart visual asset e866b47446e8b2a43d3762c27adb0411763765618f7441e49fa27d01a7fbece6.jpg: score=-100;too_small:531x87
Skip non-chart visual asset b3f465e66f1d9c9b326576ea8e2181d1025b3d9c14a0c1b62f2e124708a821ac.jpg: score=-100;too_small:392x223
Skip non-chart visual asset f1b372ec75c576c970697f9a4b59c40e296eea09428d672a0f8d7ec41bb0d9ef.jpg: score=-100;too_small:73x98
Skip non-chart visual asset e83e7406d2119540073e8a6e41173837b265d457802bfe05132eabde69cc02cb.jpg: score=-100;too_small:531x84
Skip non-chart visual asset df34636e0a8dd287f1ea411bb6cbe340398bcecf62d3ebfe36a4445ffd074599.jpg: score=0;chart_ratio,square_without_chart_hint,edge:0.15
Skip non-chart visual asset 9cf023df51d33ebbf9f39ae79b43f9b2c3f3f7a4dc9db42fd07b4acae11150d3.jpg: score=-100;too_small:159x151
Skip non-chart visual asset 3593b31b796bad54323dcfd1e4aa98cecd42cb30fe3084d3bc7e336fee2c96eb.jpg: score=2;chart_ratio,square_without_chart_hint,edge:0.19,contrast,large
Skip non-chart visual asset 1098e0bd4dcbdd171a55edfdddae70cf7bbde2d36e5fc041848592117f432a48.jpg: score=-100;too_small:531x84
Skip non-chart visual asset 181f795db8982139dfd56de54e3999183225059f53d9c89b372991a9746fbd79.jpg: score=-100;too_small:395x229
Skip non-chart visual asset c701a2f2c8ba9e5e1022278e447ae1e48cab691ae5beb2c5db83281dfc08f977.jpg: score=-100;too_small:154x98
MinerU result contained no standalone chart images; creating title card only.
Done. Results written to /home/runner/work/rpt_edit/rpt_edit/xhs_notes/dropbox/260705/shard_1; successful_reports=2; mineru_timed_out=False; mineru_attempts=1
All batches completed successfully. Generated 2 report directories.
