Found 99 total PDFs; shard 5/40 has 5 PDFs, skips 0 already converted, will process 5 PDFs with batch_size=5.
Running batch 1: 5 PDFs
Found 5 PDFs. MinerU token slots available=2.
MinerU attempt 1/4 using MINER_U_2: submitting 5 PDF(s).
Uploading PDF to MinerU: /tmp/pdf_batch_001_uo6yrno5/pdfs/0001-26-Deutsche Bank-Volkswagen AG-VOWG.DE-Solid European demand versus ongoing China weakness-Q2 preview-260715.pdf
Uploading PDF to MinerU: /tmp/pdf_batch_001_uo6yrno5/pdfs/0002-27-Goldman Sachs-Americas Technology-Hardware-Expert Network Series- Data Center - Networking Equipment July 2026 outlook with 650 Group-260715.pdf
Uploading PDF to MinerU: /tmp/pdf_batch_001_uo6yrno5/pdfs/0003-28-Goldman Sachs-Ebara -6361.T-- IR Day raises expectations for semiconductor-driven sales growth and wider profit margins in each business- reiterate Buy-260714.pdf
Uploading PDF to MinerU: /tmp/pdf_batch_001_uo6yrno5/pdfs/0004-29-Goldman Sachs-BlackRock Inc. -BLK.US-- Strong organic growth and bullish margin outlook paves the way for P E re-rating- Reiterate Buy-260715.pdf
Uploading PDF to MinerU: /tmp/pdf_batch_001_uo6yrno5/pdfs/0005-30-Goldman Sachs-Bayer AG -BAYGn.DE- Key takeaways from the Kerendia deep-dive event-260715.pdf
MinerU attempt 1 using MINER_U_2 batch_id=2f2bb11c-ee9e-44e6-b1ad-a1948578f644
MinerU states: running, running, running, pending, waiting-file
MinerU states: done, done, running, done, done
MinerU states: done, done, done, done, done
/home/runner/work/rpt_edit/rpt_edit/scripts/pdf_to_xhs_batch.py:290: DeprecationWarning: Image.Image.getdata is deprecated and will be removed in Pillow 14 (2027-10-15). Use get_flattened_data instead.
  pixels = list(gray.getdata())
Skip non-chart visual asset 7389775f912cdecf4e7a6f2225c957aabad9f6daa09696850610ec48765b82cb.jpg: score=-1;odd_ratio:5.55,edge:0.21
Skip non-chart visual asset ae30722713056f15d8edd5e56c5bb53b31ce6a290b60017031e08ef2d93e9a87.jpg: score=-100;too_small:1415x121
Skip non-chart visual asset 2cd84a5e80148fc61383451002b2418c9692ba28c9de3a4d5c4b70ca11848952.jpg: score=1;chart_ratio,square_without_chart_hint,edge:0.19,contrast
Skip non-chart visual asset d3d62c5d9618ce0a63f746b18d294ef1f1acb75e3f8a36bb76c6c48808c526fd.jpg: score=1;chart_ratio,square_without_chart_hint,edge:0.16,contrast
Skip non-chart visual asset 66c08dcd0ad451266205a8a1789507606441356731d511d9789afa3097ac0ab2.jpg: score=-100;too_small:1159x109
MinerU images did not look like charts; keeping only the title card and letting downstream AI fill body images.
Skip non-chart visual asset c55f28bc43e809fb4e5526aba42eede12208da857c0a21494b5839460e85644f.jpg: score=-100;too_small:1159x109
Skip non-chart visual asset c9c00262fd7b6ca505d5778a4fb48e320a8fc282d061e0e9058e875b622acc96.jpg: score=2;chart_ratio,square_without_chart_hint,edge:0.20,contrast,large
Skip non-chart visual asset b1ab21fb387e38069f453604442c95e4564e7f7492eb49ebc9191f998e5e1e83.jpg: score=-100;too_small:1156x112
Skip non-chart visual asset 2b47ae79f2fb7d47e87d30a1c074b882be8b2be5a696d3356ecf35bc3623e271.jpg: score=-100;too_small:659x173
Skip non-chart visual asset edbd3d40db194c8ac965a5edcb78b1d30d64c1e5e1c79f010ecdee1e2d1d5e64.jpg: score=1;chart_ratio,square_without_chart_hint,edge:0.17,large
Skip non-chart visual asset 09bbfd0d4cf5db66fe1801b95e136f2b15f3c006dce2fa96c28da1609d1b051f.jpg: score=-1;square_without_chart_hint,edge:0.30
Skip non-chart visual asset 999f6e8d12df5db8fb5d4a94a0677874d698d917c9ad5753b4a845ed297f69a6.jpg: score=-100;too_small:1159x106
Done. Results written to /home/runner/work/rpt_edit/rpt_edit/xhs_notes/dropbox/260716/shard_5; successful_reports=5; mineru_timed_out=False; mineru_attempts=1
All batches completed successfully. Generated 5 report directories.
