Found 64 total PDFs; shard 4/40 has 5 PDFs, skips 0 already converted, will process 5 PDFs with batch_size=5.
Running batch 1: 5 PDFs
Found 5 PDFs. MinerU token slots available=2.
MinerU attempt 1/4 using MINER_U_2: submitting 5 PDF(s).
Uploading PDF to MinerU: /tmp/pdf_batch_001_0dk9hpmx/pdfs/0001-22-Goldman Sachs-Asset Managers- Retail Private Credit Update- Encouraging signs are starting to emerge-260706.pdf
Uploading PDF to MinerU: /tmp/pdf_batch_001_0dk9hpmx/pdfs/0002-23-Goldman Sachs-Americas Technology-Semiconductors- May SIA data shows mixed seasonality after a strong start to year-260706.pdf
Uploading PDF to MinerU: /tmp/pdf_batch_001_0dk9hpmx/pdfs/0003-24-Goldman Sachs-Americas Investment Banks-Ahead of 2Q26 EPS- a reasonably healthy operating backdrop- and fairly attractive entry point-260706.pdf
Uploading PDF to MinerU: /tmp/pdf_batch_001_0dk9hpmx/pdfs/0004-25-Goldman Sachs-BYDE -0285.HK-Stabilizing memory costs could support recovery in 2H26- Down to Sell on fair valuation-260706.pdf
Uploading PDF to MinerU: /tmp/pdf_batch_001_0dk9hpmx/pdfs/0005-26-Goldman Sachs-Australian Autos-June 2026 VFACTS-Record month driven by EV China vehicles-260706.pdf
MinerU attempt 1 using MINER_U_2 batch_id=95db2bf9-82a9-471e-8787-998502cd2f64
MinerU states: done, done, done, done, waiting-file
MinerU states: done, done, done, done, done
Skip non-chart visual asset 360f3fb65e2bc8a99ca10a151930566e5666aefbb040051cf343fa9206d52bf6.jpg: score=-100;too_small:1159x112
/home/runner/work/rpt_edit/rpt_edit/scripts/pdf_to_xhs_batch.py:285: DeprecationWarning: Image.Image.getdata is deprecated and will be removed in Pillow 14 (2027-10-15). Use get_flattened_data instead.
  pixels = list(gray.getdata())
Skip non-chart visual asset e019d2874514013817fa6ee85cbf9c4b790b2f63cd7030176932fe76ba331fe4.jpg: score=2;chart_ratio,square_without_chart_hint,edge:0.19,contrast,large
Skip non-chart visual asset 18f9892040b7cbdbed62f09b307996ca35679da45d9a789344e5de6b75f52a5b.jpg: score=2;chart_ratio,square_without_chart_hint,edge:0.22,contrast,large
Skip non-chart visual asset a76da824689b5c84453c7ebad688d31b0a722f2c4ab71df54b9e38252176fc9f.jpg: score=2;chart_ratio,square_without_chart_hint,edge:0.19,contrast,large
Skip non-chart visual asset 850736896cb067bb0d9e064d7cdc644f3808e9e94e37382ccd916b78ab831b34.jpg: score=0;square_without_chart_hint,edge:0.20,large
Skip non-chart visual asset 7a0251961be01e5cc2e676e705f1a7f0c8c722e32a31084fbf821ad355abb0dc.jpg: score=-100;too_small:1159x107
Skip non-chart visual asset 4d4673f7533320d5df204dcc95b091f6eb1877715bb8dfe3bc7a2650496af3c2.jpg: score=2;chart_ratio,square_without_chart_hint,edge:0.42,contrast,large
Skip non-chart visual asset 71268bee7dc99d86d671742afbf20740ca10687000982908f80405fdbc0de9ea.jpg: score=0;square_without_chart_hint,edge:0.26,large
Skip non-chart visual asset 6fb33ab9266981925321c809b0698a092bfacf18073d83f9f940989438a4dcdf.jpg: score=0;square_without_chart_hint,edge:0.29,large
Skip non-chart visual asset e43c396406bdf29eb1d283a57a00bc09c1981fc356c30e3228f1aa36a012be00.jpg: score=-100;too_small:1165x109
Skip non-chart visual asset 177d14edaa25a7490e242863443a8bf52d27f47fd769ccaaa9ff542dd4028b5f.jpg: score=2;edge:0.31
Skip non-chart visual asset e53b3197ca13cfcf906d81430a448860f0092292c787296161725f1be8752f7a.jpg: score=2;chart_ratio,square_without_chart_hint,edge:0.22,contrast,large
Skip non-chart visual asset cabc1649ecd2dc422db5cda6a25ed21cdac4f0899c23b3304a23d55ced688da3.jpg: score=2;edge:0.31
Skip non-chart visual asset fc3fc52b28e2888f66449eefea766e4b539f2d3887452c959b783a35571c4295.jpg: score=0;chart_ratio,square_without_chart_hint,edge:0.27
Skip non-chart visual asset 19289a1bb924828e8f9b85980609797a750c55125469195611ba5dcef96d1300.jpg: score=-1;square_without_chart_hint,edge:0.31
Skip non-chart visual asset e26ca36ae9b9cdbc3c84d851f6288d4f4dd50754bbacf648414db55f2a4c4c5a.jpg: score=2;edge:0.28
Skip non-chart visual asset 0dd40e9a16ca2cac555831790a6a66b9274acb70a6481dfbac439efc6bbc8197.jpg: score=1;chart_ratio,square_without_chart_hint,edge:0.33,large
Skip non-chart visual asset 645b91146cbc3c429e22df7ce61f5564e9e76d53652e7ba2fcb03d69df550a7f.jpg: score=-100;too_small:465x95
Skip non-chart visual asset 13dcaca20e99d11e58b490126798c19709cd5bd57fb7fbeca8e22fcfde59e35a.jpg: score=-1;square_without_chart_hint,edge:0.30
Skip non-chart visual asset c48c9cf9df3204aa91344bfd6c36ac6ba6e5deee5d1204bda8d40716bcf3ead6.jpg: score=2;edge:0.29
Skip non-chart visual asset e784e71923b87932f3189f6dcbfda10c90c238182c6ad39532397bb29cca5648.jpg: score=-1;square_without_chart_hint,edge:0.31
Skip non-chart visual asset e21a47b20e7ff118dd9636bafaa2e25e376f0aaceeb84c0e30898c1e0720dde1.jpg: score=-100;too_small:1159x106
Skip non-chart visual asset bd7962302b4c458f64c0dcb0901c67c5292abc14a05d966af6a3da0919a04075.jpg: score=1;chart_ratio,square_without_chart_hint,edge:0.29,large
Skip non-chart visual asset 152e110d8f2e1a07d442aed74d6dd0f1cf03f182e01dd9915c9c789d703f0eb5.jpg: score=1;chart_ratio,square_without_chart_hint,edge:0.34,large
Skip non-chart visual asset 18597f89ab41cf145517443aec38f09285ca75fa8cdcc787075c4651ace23358.jpg: score=1;square_without_chart_hint,edge:0.48,contrast,large
Skip non-chart visual asset 134e5290f1736c9b5d1d58d4fbc118b6f54a37d012e5de0dd2f8fb9e7c232492.jpg: score=0;square_without_chart_hint,edge:0.37,large
Skip non-chart visual asset ce2ccfb6227d21e585798357880d2bc4a130c166fe28c770bf372c4534f93a5e.jpg: score=-1;odd_ratio:4.90,edge:0.17
Skip non-chart visual asset 01bbda39350cb352c0c26b6a3ba82e3f627d2f65bfd51b6b269119b4d26339f2.jpg: score=-100;too_small:1159x106
Done. Results written to /home/runner/work/rpt_edit/rpt_edit/xhs_notes/dropbox/260707/shard_4; successful_reports=5; mineru_timed_out=False; mineru_attempts=1
All batches completed successfully. Generated 5 report directories.
