Found 30 total PDFs; shard 0/40 has 5 PDFs, skips 0 already converted, will process 5 PDFs with batch_size=5.
Running batch 1: 5 PDFs
Found 5 PDFs. MinerU token slots available=2.
MinerU attempt 1/4 using MINER_U_2: submitting 5 PDF(s).
Uploading PDF to MinerU: /tmp/pdf_batch_001_wclzietj/pdfs/0001-01-Bernstein-Americas Power - Energy Transition- Baseload- Rising-Bernstein-s Power Forecast until 2030-260713.pdf
Uploading PDF to MinerU: /tmp/pdf_batch_001_wclzietj/pdfs/0002-02-Bernstein-Global Digital Assets-The Tokenization Memo- Robinhood Chain-s strong debut launch -3 n--260713.pdf
Uploading PDF to MinerU: /tmp/pdf_batch_001_wclzietj/pdfs/0003-03-Bernstein-Americas Energy - Transition-Americas Natural Gas- New Bernstein Power Model helps confirm our bullish gas outlook...Haynesville activity doesn-t deter us-260713.pdf
Uploading PDF to MinerU: /tmp/pdf_batch_001_wclzietj/pdfs/0004-04-Bernstein-Nike Inc-NKE.US-Nike- Key takeaways from Bernstein-s Retail Forum-260713.pdf
Uploading PDF to MinerU: /tmp/pdf_batch_001_wclzietj/pdfs/0005-05-Bernstein-Global Semis and Semi Caps-Global Semis - Can semi cap work if memory doesn-t--260713.pdf
MinerU attempt 1 using MINER_U_2 batch_id=c5f2b725-dce9-4884-aa64-cfaa6b6320a2
MinerU states: running, running, running, running, waiting-file
MinerU states: done, done, done, done, running
MinerU states: done, done, done, done, done
/home/runner/work/rpt_edit/rpt_edit/scripts/pdf_to_xhs_batch.py:291: DeprecationWarning: Image.Image.getdata is deprecated and will be removed in Pillow 14 (2027-10-15). Use get_flattened_data instead.
  pixels = list(gray.getdata())
Skip non-chart visual asset 79137e2de5358dad1cd26c73031fe6ba8924928bdc57c2525304c6c1ad576f09.jpg: score=2;chart_ratio,large
Skip non-chart visual asset 3251a7aeff16f8f54ae3bef8bc30c59b8dd738d38663c6cf28fe2664de5cd782.jpg: score=2;edge:0.11
Skip non-chart visual asset d1b967ac4ce57c9c984fddff915c4cbd866ad32f5630a0d004dc72822b963300.jpg: score=2;chart_ratio,large
Skip non-chart visual asset 02bdf547211bfe2a90eeb3c8aed434aa26b243b4e0859b93378e79ca1d3774b5.jpg: score=-100;too_small:96x96
Skip non-chart visual asset 1ba28598e1d39ea2899e70563d1febb67bbab345b4507d9e8a93715426665034.jpg: score=2;chart_ratio,large
Skip non-chart visual asset 06e18e3d8284adaff6cf7b91531f06c9191ae8ae48df1eeeb2bef7fa3c88498c.jpg: score=-100;too_small:93x95
Skip non-chart visual asset 47f3d0c395bd1219d0728d5767715020f8bc4b4e449021a0ca5840ca8c2d8b84.jpg: score=-100;too_small:1154x178
Skip non-chart visual asset 185c2b793328971ecece232639b079ee53811efaa161b618e0802c147ac275f9.jpg: score=1;odd_ratio:4.97,edge:0.24,contrast,large
Skip non-chart visual asset 3d5c46194fe46eb455b39b0153ead1fae15a47dbd6623efde8974ebc715a79f5.jpg: score=-100;too_small:96x95
Skip non-chart visual asset 02c4eb4f46fa8e22d77bb17a271019201706e1395174c653fdf729927ad28914.jpg: score=1;odd_ratio:4.91,edge:0.23,contrast,large
Skip non-chart visual asset f0ffe77a1315c7613d99aa15ea98bb2d70c4c4daf7efdc42643fc4d8a7ca5481.jpg: score=2;chart_ratio,square_without_chart_hint,edge:0.14,contrast,large
Skip non-chart visual asset 766d5f6d293f8c49afffaa753069a7e39c3095605d90fc3fb21dd6b9637b310c.jpg: score=0;odd_ratio:4.90,edge:0.18,large
Skip non-chart visual asset 3174f457519a773ba497cf13068cd753854a9cb72620d0c32b27fb3d7f5aa6ba.jpg: score=-100;too_small:1331x82
Skip non-chart visual asset dc27061a13d90793df43507b617ba7f2293b488d578a45798be1dd98255ef13a.jpg: score=-100;too_small:1331x137
Skip non-chart visual asset 2c2fd520de4ccb8135cef3e134dbcced0adf49cafed82f73b6def25b1fc139c2.jpg: score=-100;too_small:93x96
Skip non-chart visual asset f22265550f9634c4b9c2c31de05cab9daa83780e02b6e6924184a9f53cc595a7.jpg: score=2;chart_ratio,large
Skip non-chart visual asset 10f2f0674c59d2ae1908ca5eb4487c6b575c53d538a6e5fce884d16f92b26c64.jpg: score=-100;too_small:96x95
Skip non-chart visual asset 3c5fc56de9812efb12db77ef1384072edf89375564a08401e59f90f8d1c633bf.jpg: score=0;odd_ratio:7.12,edge:0.43,contrast
Skip non-chart visual asset fe2f824978300032c7f61b096d804a0db3ae87acca3fe77c79fcf4c55f2e16fb.jpg: score=-100;too_small:93x95
Skip non-chart visual asset 5ccedbe4078e15c7d9110c64ea9520996acc66544750818ab886c90e262d9e77.jpg: score=-100;too_small:1331x126
Skip non-chart visual asset b39a5105239494a9d9fad5dff6f45777ae02632a93fc0d91999b7a94a66be9f3.jpg: score=1;odd_ratio:4.97,edge:0.24,contrast,large
Skip non-chart visual asset 7d2d468ca6c693e37fbbc144ce85dcd7bd39c60f31aa97b31a536295b31b70f2.jpg: score=2;chart_ratio,large
Skip non-chart visual asset 52637ebe32c703bfc5a4abf853145665f0c3c7ec4832ae096f0e0c17e04bd715.jpg: score=0;square_without_chart_hint,edge:0.36,large
Skip non-chart visual asset e4909817a94a12799f14a9c42c0c4366b3eb1b8a03bc532856dd7179dda7cd67.jpg: score=-100;too_small:390x251
Skip non-chart visual asset 18c172874c1525658b3969878be605a0b2a55ddfd74787fe2118a911f5f7b595.jpg: score=2;chart_ratio,contrast
Skip non-chart visual asset b68e0435b5caedaa5d75615f6c0e0bc1873bedc0fb313b4fe7499d5e5d2fb695.jpg: score=-100;too_small:1331x165
Skip non-chart visual asset aa467b8341cd6b3fe8c3610a60e010235cb170ae393cabd4147d36dc4e5c9451.jpg: score=-100;too_small:96x95
Skip non-chart visual asset 0d66ca56f605adb58d42e166b6a1ec92127b98d87440f9254ce4243860a1775a.jpg: score=2;chart_ratio,contrast
Skip non-chart visual asset 53991d1f833dc0f5d4d46299f7438b47bc70e49e96cbabd5e7860bdf096795bf.jpg: score=0;chart_ratio,square_without_chart_hint,edge:0.38
Skip non-chart visual asset df9edc982d277bb992495430d5fd7f8911dccc2eefb8042e2bdd145fe358a1b7.jpg: score=-100;too_small:462x131
Skip non-chart visual asset 04c76a49ca4cfd376419953c4a40b08f1a0fdbf66ef8249f9a2a03f1752900fb.jpg: score=1;odd_ratio:4.91,edge:0.22,contrast,large
Skip non-chart visual asset 84c4743cc72f598a0b82c7b2d10eb1c477d67e6538be4b6be87b11b80c3a6284.jpg: score=-100;too_small:90x92
Skip non-chart visual asset bcfc8177cbbbe0a0e17f362310f5092310426dfe2dbd196463acc565fb5e7072.jpg: score=-100;too_small:96x92
Skip non-chart visual asset efb5b1ab296b6104379bbc9c5b48c1fd350a2076946e78aa78d53f64b9996b4e.jpg: score=-100;too_small:462x204
Skip non-chart visual asset 01c2fd49923a219a60b78b6a875607c31b75fb94c9a57078289430c0c88fc9d9.jpg: score=-100;too_small:93x93
Skip non-chart visual asset 84db3a915f1d2f83af3a9df50252abd5bca50f6f1cec58f80d20a0bfe8724c35.jpg: score=-100;too_small:93x90
Skip non-chart visual asset d4c30776e69a5f1a7a7cd5d41210eb1ca07f23cac9a9d3607ff0c1af41a194f1.jpg: score=-100;too_small:93x90
Skip non-chart visual asset 681f6f40f3aa86cee9df6ddfae70fd56ce0b1a68ae6c76de6050e55ba1f4709e.jpg: score=-100;too_small:93x95
Skip non-chart visual asset 4f52f8c25523932c5e654800e6f5106f6dc83b57f86a9c8d2ebe65d265dc83ad.jpg: score=2;edge:0.29
Skip non-chart visual asset 851abfb8c46c9671d64402c69d13c766d0998f7470ecc78264c58a36626a195b.jpg: score=1;odd_ratio:4.99,edge:0.23,contrast,large
Skip non-chart visual asset 67ca0bbe25e5b9ba438bc3ac8cd7dd7d20959499f23f894360eae34fc6e672e0.jpg: score=-100;too_small:90x95
Skip non-chart visual asset dd3c79ab9294e4db2682b05f4bec03b58ef1a5f4c077acde82227d66a8497949.jpg: score=-100;too_small:93x98
Skip non-chart visual asset c3005f03265a940c256a366b70abd60be9534ffeff29d4536d608e91eadc2b48.jpg: score=-100;too_small:93x96
Done. Results written to /home/runner/work/rpt_edit/rpt_edit/xhs_notes/dropbox/260713/shard_0; successful_reports=5; mineru_timed_out=False; mineru_attempts=1
All batches completed successfully. Generated 5 report directories.
