Found 22 total PDFs; shard 2/40 has 5 PDFs, skips 0 already converted, will process 5 PDFs with batch_size=5.
Running batch 1: 5 PDFs
Found 5 PDFs. MinerU token slots available=2.
MinerU attempt 1/4 using MINER_U_2: submitting 5 PDF(s).
Uploading PDF to MinerU: /tmp/pdf_batch_001__wp8rir3/pdfs/0001-11-Goldman Sachs-CHINA CONSUMER DURABLES- APPLIANCE TRACKER-May 2026- Still weak domestic demand yet base will ease into June- 618 in focus- exports sequentially improved-260622.pdf
Uploading PDF to MinerU: /tmp/pdf_batch_001__wp8rir3/pdfs/0002-12-Goldman Sachs-CHINA MUSINGS-1Q26 Earnings Brochure- A-share tech in the driver-s seat-260621.pdf
Uploading PDF to MinerU: /tmp/pdf_batch_001__wp8rir3/pdfs/0003-13-Bernstein-Americas Power and Energy Transition- Behind the Backlog-insights from our data center survey-260622.pdf
Uploading PDF to MinerU: /tmp/pdf_batch_001__wp8rir3/pdfs/0004-14-Bernstein-Japan and EU Semiconductors-Infineon Renesas- CPU renaissance emerges as a second engine for power semi demand- set to outstrip supply-260621.pdf
Uploading PDF to MinerU: /tmp/pdf_batch_001__wp8rir3/pdfs/0005-15-Bernstein-Property Real Estate-Real Estate Summer Guide 2026-260622.pdf
MinerU attempt 1 using MINER_U_2 batch_id=b29d7ef0-90b1-409e-8466-94893158edcb
MinerU states: running, running, running, failed, waiting-file
MinerU states: done, running, done, failed, failed
MinerU states: done, done, done, failed, failed
2 PDF(s) remain incomplete after attempt 1.
MinerU attempt 2/4 using MINER_U: submitting 2 PDF(s).
Uploading PDF to MinerU: /tmp/pdf_batch_001__wp8rir3/pdfs/0004-14-Bernstein-Japan and EU Semiconductors-Infineon Renesas- CPU renaissance emerges as a second engine for power semi demand- set to outstrip supply-260621.pdf
Uploading PDF to MinerU: /tmp/pdf_batch_001__wp8rir3/pdfs/0005-15-Bernstein-Property Real Estate-Real Estate Summer Guide 2026-260622.pdf
MinerU attempt 2 using MINER_U batch_id=07a6aa97-892f-4ed8-8efb-96371b621f9a
MinerU states: failed, failed
2 PDF(s) remain incomplete after attempt 2.
MinerU attempt 3/4 using MINER_U_2: submitting 2 PDF(s).
Uploading PDF to MinerU: /tmp/pdf_batch_001__wp8rir3/pdfs/0004-14-Bernstein-Japan and EU Semiconductors-Infineon Renesas- CPU renaissance emerges as a second engine for power semi demand- set to outstrip supply-260621.pdf
Uploading PDF to MinerU: /tmp/pdf_batch_001__wp8rir3/pdfs/0005-15-Bernstein-Property Real Estate-Real Estate Summer Guide 2026-260622.pdf
MinerU attempt 3 using MINER_U_2 batch_id=d5be46ed-493d-4518-9333-5c4e36265da4
MinerU states: failed, pending
MinerU states: failed, failed
2 PDF(s) remain incomplete after attempt 3.
MinerU attempt 4/4 using MINER_U: submitting 2 PDF(s).
Uploading PDF to MinerU: /tmp/pdf_batch_001__wp8rir3/pdfs/0004-14-Bernstein-Japan and EU Semiconductors-Infineon Renesas- CPU renaissance emerges as a second engine for power semi demand- set to outstrip supply-260621.pdf
Uploading PDF to MinerU: /tmp/pdf_batch_001__wp8rir3/pdfs/0005-15-Bernstein-Property Real Estate-Real Estate Summer Guide 2026-260622.pdf
MinerU attempt 4 using MINER_U batch_id=b7e1f6ad-1760-46dd-b70a-f35e8e916764
MinerU states: failed, pending
MinerU states: failed, failed
2 PDF(s) remain incomplete after attempt 4.
Skipping PDF after MinerU retry exhaustion: 0004-14-Bernstein-Japan and EU Semiconductors-Infineon Renesas- CPU renaissance emerges as a second engine for power semi demand- set to outstrip supply-260621.pdf
Skipping PDF after MinerU retry exhaustion: 0005-15-Bernstein-Property Real Estate-Real Estate Summer Guide 2026-260622.pdf
Done. Results written to /home/runner/work/rpt_edit/rpt_edit/xhs_notes/dropbox/260622/shard_2; successful_reports=3; mineru_timed_out=False; mineru_attempts=4
All batches completed successfully. Generated 3 report directories.
