Found 64 total PDFs; shard 6/40 has 5 PDFs, skips 0 already converted, will process 5 PDFs with batch_size=5.
Running batch 1: 5 PDFs
Found 5 PDFs. MinerU token slots available=2.
MinerU attempt 1/4 using MINER_U_2: submitting 5 PDF(s).
Uploading PDF to MinerU: /tmp/pdf_batch_001_rouqhk65/pdfs/0001-31-J.P. Morgan-China Equity Strategy-The AI Theme- Deleveraging as a Healthy Reset-260715.pdf
Uploading PDF to MinerU: /tmp/pdf_batch_001_rouqhk65/pdfs/0002-32-J.P. Morgan-China Consumer Strategy-June retail sales return to growth on easier comps- 15th FYP sets the goal- not the how-260715.pdf
Uploading PDF to MinerU: /tmp/pdf_batch_001_rouqhk65/pdfs/0003-33-HSBC-China Macro Tracker-Expanding consumption- led by services-260715.pdf
Uploading PDF to MinerU: /tmp/pdf_batch_001_rouqhk65/pdfs/0004-34-J.P. Morgan-China Property-Tier-1 cities- home price stabilization continues- but overall trends diverge-260715.pdf
Uploading PDF to MinerU: /tmp/pdf_batch_001_rouqhk65/pdfs/0005-35-J.P. Morgan-China Healthcare 2-day Chengdu tour takeaways- Rising innovation- partnerships and global execution-260716.pdf
MinerU attempt 1 using MINER_U_2 batch_id=25ee4c42-ef82-4eeb-93f3-724c0bc615ac
MinerU states: running, running, pending, pending, waiting-file
MinerU states: done, running, running, running, done
MinerU states: done, running, running, running, done
MinerU states: done, running, running, running, done
MinerU states: done, done, done, done, done
/home/runner/work/rpt_edit/rpt_edit/scripts/pdf_to_xhs_batch.py:291: DeprecationWarning: Image.Image.getdata is deprecated and will be removed in Pillow 14 (2027-10-15). Use get_flattened_data instead.
  pixels = list(gray.getdata())
Skip non-chart visual asset e3135a012d9fde410bf8a68e7d0c52bee1c15758a917f69be9d599e1bcbe7723.jpg: score=-100;too_small:924x162
Skip non-chart visual asset 57d73a86d03e36c2ddedcb7f9117b844b6da2916fa190d2afea89ea9a0d134a3.jpg: score=-100;too_small:1457x171
Skip non-chart visual asset b56269a56f5fbf016b5a527e951bff8289c9d177e565b92611292fbae6130527.jpg: score=1;chart_ratio,square_without_chart_hint,edge:0.33,large
Skip non-chart visual asset fa62088f0267d627c732b0f75b14facde50b51e2872abd1829da7cbdca0173df.jpg: score=1;chart_ratio,square_without_chart_hint,edge:0.37,large
Skip non-chart visual asset 9d6b6e894baef3aebc1ea98780fc8247ea62e297d2278c7ba74267f1c829f596.jpg: score=0;chart_ratio,square_without_chart_hint,edge:0.26
Skip non-chart visual asset e4fbc2057330cf8234d4cd2572e7a278a0fcccc40e8c7a98382d0a959db197bc.jpg: score=0;chart_ratio,square_without_chart_hint,edge:0.27
Skip non-chart visual asset 4bb5a561d71f0f472ad49feea87b512dc7a15569242b9a4433f840a6ef5d3c37.jpg: score=1;chart_ratio,square_without_chart_hint,edge:0.16,contrast
Skip non-chart visual asset 7d16ca3eaab188ba1a1969eaae7e8ee80fc804c662209b2ac7d5ac026a5fdbb4.jpg: score=0;chart_ratio,square_without_chart_hint,edge:0.31
Skip non-chart visual asset 70f940a8357da30bb4b7048aff732c76c6aa414dbf91069ec650ef24e9d71f41.jpg: score=1;chart_ratio,square_without_chart_hint,edge:0.33,contrast
Skip non-chart visual asset bfc67b59f9bf800c34671aaccc067472ce5182bacafc2236228a7a92cd7ec49a.jpg: score=1;chart_ratio,square_without_chart_hint,edge:0.36,contrast
Skip non-chart visual asset 20707ae5a6e92bd5bdf44a21b431009a04835e8ddc070485fcf4fb090ed6d760.jpg: score=1;chart_ratio,square_without_chart_hint,edge:0.24,contrast
Skip non-chart visual asset 25e5cb7817f761772450f51887ebe9b19250d007dd0d38a1faafa0bbc45abfe9.jpg: score=0;chart_ratio,square_without_chart_hint,edge:0.30
Skip non-chart visual asset b933bb4f7f0ee6f0aa8bc617783440f9d955424433656ca44a426f31412c9ebf.jpg: score=0;chart_ratio,square_without_chart_hint,edge:0.29
Skip non-chart visual asset 3f63d3636a29c08e0db0572d85cca144da241208447cdf4f57919cbcab266042.jpg: score=1;chart_ratio,square_without_chart_hint,edge:0.41,contrast
Skip non-chart visual asset d3bd0378e88de3f4588615330d704e69b6b0e7265019ab92dfc8b1629dbcd8f8.jpg: score=1;chart_ratio,square_without_chart_hint,edge:0.35,contrast
Skip non-chart visual asset d0f77efed264871b72318b1e558b877eef47cbe040cb17185109f4c2997c8eaa.jpg: score=0;chart_ratio,square_without_chart_hint,edge:0.31
Skip non-chart visual asset 1e07d7c1385d248e74846f8150e9250b3131149e0404003c47d98b4c6a6d00b6.jpg: score=0;chart_ratio,square_without_chart_hint,edge:0.33
Skip non-chart visual asset 5b5f4a7a3cc81546430db4cd8e9e21b28c5cb4fe40a00ffa278e64b8b952877b.jpg: score=1;chart_ratio,square_without_chart_hint,edge:0.34,contrast
Skip non-chart visual asset 91c668213f6ace4c032fb23c359024c0f56ef08d74102f5d12003783b8f60767.jpg: score=0;chart_ratio,square_without_chart_hint,edge:0.27
Skip non-chart visual asset e9a432813931baa3d0fb2bcc452e876fb4d638c145e96c95bce7219c49c87da5.jpg: score=0;chart_ratio,square_without_chart_hint,edge:0.31
Skip non-chart visual asset a24d2288a748a74a5295df3b86533f7f696c093c00d46095f1406bcdaa73d66b.jpg: score=0;chart_ratio,square_without_chart_hint,edge:0.24
Skip non-chart visual asset bb313a1af9d81338f45b7cab83176d0efa6c2dbbb6a5325f5e52bb74b0c2c56b.jpg: score=1;chart_ratio,square_without_chart_hint,edge:0.35,contrast
Skip non-chart visual asset 9b9a8a60ed7554865fec4651260af605f1082fd0175ecd4a491b6a9d5743a7cb.jpg: score=1;chart_ratio,square_without_chart_hint,edge:0.25,contrast
Skip non-chart visual asset e48c97ccdbc64532923eae40bcfbc03017aaf3acb9065509dbeeaaab7f9258f9.jpg: score=1;chart_ratio,square_without_chart_hint,edge:0.25,contrast
Skip non-chart visual asset fdbcb54932a5ff77bf01d3f288b587ef1f81e07b1d1d496c46c49da715cd0235.jpg: score=1;chart_ratio,square_without_chart_hint,edge:0.34,contrast
Skip non-chart visual asset 5f7cbf31a38798d4d6d546416c740623760d762954df37be3e98a9eac74a0eab.jpg: score=0;chart_ratio,square_without_chart_hint,edge:0.30
Skip non-chart visual asset c33a357f670049a23be1cf2ba8d8ac6cb8d2cc4418214d5bbee4e0d616481084.jpg: score=0;chart_ratio,square_without_chart_hint,edge:0.26
Skip non-chart visual asset ebb65eded6bea7958b78b4896aae354950d9b19ef8fd88d9565f97305c228917.jpg: score=0;chart_ratio,square_without_chart_hint,edge:0.26
Skip non-chart visual asset b9ecaf89db0c1616e09e6069f52b4d2fbb3d8eb7f3720536a13f03d580ec2fd8.jpg: score=1;chart_ratio,square_without_chart_hint,edge:0.30,contrast
Skip non-chart visual asset 5f47bce10dbdbee0628d676be5438349c7b1fe7ce99047108e81a66607eb2a98.jpg: score=1;chart_ratio,square_without_chart_hint,edge:0.30,contrast
Skip non-chart visual asset 0b2749b78dc21b356cf9008e9f24f3752d8e7b33421d5764a16a8e514f6fbbea.jpg: score=0;chart_ratio,square_without_chart_hint,edge:0.28
Skip non-chart visual asset ab2fdedcac2e8e2407c05cc369598503f01d1441b557fac38d8ad0af23e72295.jpg: score=0;chart_ratio,square_without_chart_hint,edge:0.24
Skip non-chart visual asset b8c354364ed47e2463b8c10fc42f809aad104ca93f47311cbca4ac37c6065449.jpg: score=0;chart_ratio,square_without_chart_hint,edge:0.29
Skip non-chart visual asset 55f7bbf4f1dcac58aec2a50182d3042fc0764cc747f6924d2d88caeb3c97a598.jpg: score=1;chart_ratio,square_without_chart_hint,edge:0.37,contrast
Skip non-chart visual asset 4bafe2c5810c63315d5f60f06f202963b6b4dfdd2d1c02d4d5e5ca80c2917fee.jpg: score=0;chart_ratio,square_without_chart_hint,edge:0.27
Skip non-chart visual asset 57d2c666d5d2252279baa5b769090a900ce7bdd7667686b855e36c1260d57f02.jpg: score=1;chart_ratio,square_without_chart_hint,edge:0.34,contrast
Skip non-chart visual asset a8e4a88bbbc2af4eed25f7c27b6bdcfe34353f66640003dfbbcff58a0d3ff5ad.jpg: score=0;chart_ratio,square_without_chart_hint,edge:0.26
Skip non-chart visual asset 3e0220a183dd55595319937b2c6e4ff9e5e578b7471554fb02e01a3b44891954.jpg: score=1;chart_ratio,square_without_chart_hint,edge:0.40,contrast
Skip non-chart visual asset 9c41f3e885afa71ac0dbc8699063825ceb4157f7c89e3a0973f20aa8cb02ab69.jpg: score=0;chart_ratio,square_without_chart_hint,edge:0.27
Skip non-chart visual asset 3a4499ccde1f6a6226724830918004f3a543332ebba8fe99b0692a70064a3cdc.jpg: score=1;chart_ratio,square_without_chart_hint,edge:0.29,contrast
MinerU images did not look like charts; keeping only the title card and letting downstream AI fill body images.
Skip non-chart visual asset 34c89b563ffd24e613495bb806cfc609a73a4b8468cb3c0c2a2c34e516ae449f.jpg: score=0;odd_ratio:6.13,edge:0.27,contrast
Skip non-chart visual asset f809ed993f9986d72be8a51ea0eb339ebc69bb6cc32128fd371fb096b1ce6fdc.jpg: score=-100;too_small:1457x171
Skip non-chart visual asset 8b398f907d656b36c1c0560dd9ecf80f393bd8af869d6c41e5350f41c0075558.jpg: score=0;odd_ratio:6.18,edge:0.27,contrast
Skip non-chart visual asset 0f1274c99f6935aeff70ecd3974ac21303eb16ace44e00c861e21cb8ff9edcac.jpg: score=0;odd_ratio:6.52,edge:0.29,contrast
Skip non-chart visual asset 587016dcbba8ae940d0511240e563283304abc40b946b597cb7b139bcf1b5c37.jpg: score=1;chart_ratio,square_without_chart_hint,edge:0.42,large
Skip non-chart visual asset f97d6f17ba0c620734e3f18cc323fcab13e03d79fc6fbc7b4248bcc59ff46a1e.jpg: score=0;square_without_chart_hint,edge:0.46,large
Skip non-chart visual asset 66d336a597c281217678e49725c7f7f74ebae5a302aaa32b9b0c09cb11774e93.jpg: score=0;chart_ratio,square_without_chart_hint,edge:0.25
Skip non-chart visual asset afc2e112364aa59f0bc3062319e838bff4fdd8721c57d864eb07dc7ad570bbe3.jpg: score=-100;too_small:1454x167
Skip non-chart visual asset 54f20c7642ff80332d7c4afd2bb202847ecb787e8c8007fb19dcbcc4b33d137b.jpg: score=0;chart_ratio,square_without_chart_hint,edge:0.28
Skip non-chart visual asset 3369af6b4f46c263cf0721be41ab2d87ce3e8130d95e78ee00735144b534fed2.jpg: score=0;chart_ratio,square_without_chart_hint,edge:0.27
Done. Results written to /home/runner/work/rpt_edit/rpt_edit/xhs_notes/dropbox/260717/shard_6; successful_reports=5; mineru_timed_out=False; mineru_attempts=1
All batches completed successfully. Generated 5 report directories.
