Found 64 total PDFs; shard 7/40 has 5 PDFs, skips 0 already converted, will process 5 PDFs with batch_size=5.
Running batch 1: 5 PDFs
Found 5 PDFs. MinerU token slots available=2.
MinerU attempt 1/4 using MINER_U_2: submitting 5 PDF(s).
Uploading PDF to MinerU: /tmp/pdf_batch_001_oh38n8d4/pdfs/0001-36-J.P. Morgan-China banks-June credit data -demand weakness and loan pricing pressure persists-260715.pdf
Uploading PDF to MinerU: /tmp/pdf_batch_001_oh38n8d4/pdfs/0002-37-J.P. Morgan-China- Growth weakened despite activity stabilization-Production steadies- domestic demand drags-260715.pdf
Uploading PDF to MinerU: /tmp/pdf_batch_001_oh38n8d4/pdfs/0003-38-J.P. Morgan-Hong Kong Property - Conglomerates-Results preview- kickstarting the earnings upcycle-260716.pdf
Uploading PDF to MinerU: /tmp/pdf_batch_001_oh38n8d4/pdfs/0004-39-J.P. Morgan-China- Housing activity index trended lower further-Housing-s role in the Boosting Consumption 15th FYP-260715.pdf
Uploading PDF to MinerU: /tmp/pdf_batch_001_oh38n8d4/pdfs/0005-40-J.P. Morgan-Huaqin Co Ltd -A-603296-NP beat on solid execution and investment gains- datacenter acceleration to drive re-rating in 2H26-260715.pdf
MinerU attempt 1 using MINER_U_2 batch_id=4667b19c-94f2-4f0f-b140-a627639bc3e2
MinerU states: running, pending, pending, pending, waiting-file
MinerU states: running, running, running, done, running
MinerU states: done, done, running, done, done
MinerU states: done, done, running, done, done
MinerU states: done, done, running, done, done
MinerU states: done, done, running, done, done
MinerU states: done, done, running, done, done
MinerU states: done, done, done, done, done
/home/runner/work/rpt_edit/rpt_edit/scripts/pdf_to_xhs_batch.py:291: DeprecationWarning: Image.Image.getdata is deprecated and will be removed in Pillow 14 (2027-10-15). Use get_flattened_data instead.
  pixels = list(gray.getdata())
Skip non-chart visual asset 90d248a4fcc3c7b31af9357d0f87d2d8ff66f0fbd2eaa2793590640d818ddecb.jpg: score=0;square_without_chart_hint,edge:0.34,contrast
Skip non-chart visual asset f102213d983203f404e79af2a043d997e3f08e753bd700ce58535aa2d251e713.jpg: score=0;square_without_chart_hint,edge:0.34,contrast
Skip non-chart visual asset 714328838058f6b1c95488b1e890875c835f4ff65e3338c5679b444e290b6630.jpg: score=-100;too_small:924x162
Skip non-chart visual asset ad559612259e98716f003be8fe6825c0f82963b23c69a4f2e7027440d87dc2c6.jpg: score=-1;square_without_chart_hint,edge:0.36
Skip non-chart visual asset cffbec9bb2e41e0abfa88471a4365a40a9f382b49445a2ecc98f98e2a50cfd5e.jpg: score=2;edge:0.34
Skip non-chart visual asset cf9ea3c697cdeedafd35f3add927713df2e5397e53e99ed6d422e03b0aad8605.jpg: score=0;odd_ratio:4.88,edge:0.28,contrast
Skip non-chart visual asset 614c331a9d966fe8af2293d3ee9c643195cee76af74d20b44730893f4ac29586.jpg: score=0;square_without_chart_hint,edge:0.34,contrast
Skip non-chart visual asset b817a83642499cf0bbdee95cbc92eea627b717fef9e018a918b5c124283fb5d6.jpg: score=1;chart_ratio,square_without_chart_hint,edge:0.35,contrast
Skip non-chart visual asset 1daab5ef8b937f75755224e9dc5ba220f1d3bb3d77c7c99f939cdfd2eba5a8d8.jpg: score=-100;too_small:167x159
Skip non-chart visual asset 479e5ea6da88b1b80d03df210dcc94ce4b7bd5d7897c514c67391b01c2d8fe53.jpg: score=0;square_without_chart_hint,edge:0.31,large
Skip non-chart visual asset 8cfba2dc759824ec6ef0881dadb5c9cfdd9d3c3c94673c68b1d6b127dcd3abff.jpg: score=-100;too_small:626x87
Skip non-chart visual asset 6dd728e514fa6caa6d07b79ad1842f33e12e2a3d3cf0087a8768d908886e2dc2.jpg: score=1;chart_ratio
Skip non-chart visual asset 62c1d70f76ec708de39b23357d16a9f52bfdab6caabca3d3f4b8b677cd1c52f3.jpg: score=0;square_without_chart_hint,edge:0.31,large
Skip non-chart visual asset 9ac755209989e433c79d2d3d88ca625ddfbac44f7cfcb8eac6b5c5dfcbe280a9.jpg: score=-100;too_small:792x157
Skip non-chart visual asset 168d93cb76542c9495f4f1bec85aee9b71fd26818f30e8a42172833ddaf102ce.jpg: score=-100;too_small:626x87
Skip non-chart visual asset e4444f2e86423c8b57db22bfda6ff409a238f6a7a3c89befe1cedb952b78bc68.jpg: score=0;square_without_chart_hint,edge:0.32,large
Skip non-chart visual asset fe24930d5e407cccd4135b7847a2ef3fc8e2954e02e21d770fe27a1e731ecaa7.jpg: score=0;square_without_chart_hint,edge:0.30,large
Skip non-chart visual asset de54ec75fa506f4a94cab110c3a1b5e1e7366a0a5247f9284da724e646ce64ed.jpg: score=0;square_without_chart_hint,edge:0.32,large
Skip non-chart visual asset 879899a992ece82f159ae9aa5a296591e6cf54aff7fac2bec520770d693d58fa.jpg: score=1;chart_ratio
Skip non-chart visual asset 5dd0092df7b623ae13cb73366717764ffbaf6bf0473f14085b14a4f82144afe4.jpg: score=0;square_without_chart_hint,edge:0.39,large
Skip non-chart visual asset 5e2e44ea74f429ce716f53a1f7957ec7346616c9d8899035681aabd9b9098423.jpg: score=-100;too_small:446x85
Skip non-chart visual asset 32e3ae23955d631b842e1f75061b16e2a1f7581fde7591aa95d4fbf840b44944.jpg: score=1;chart_ratio
Skip non-chart visual asset 8846597d4892f3740c69c0a134c3e66f5a81ada43f0af9d662bd74ae333d0c47.jpg: score=-100;too_small:792x159
Skip non-chart visual asset 1a2fcfa48d96fed7940bf8ee14a7304978ed53f8ac455db82ab94603d70ac3f4.jpg: score=0;square_without_chart_hint,edge:0.32,large
Skip non-chart visual asset ffc68e4e3c0dbe661ccc9deade2b7eb33108eb84a5f4719a28f3050537f16bd5.jpg: score=0;square_without_chart_hint,edge:0.33,large
Skip non-chart visual asset d73b56a8cc46b50104069f674dd710d3d19c94c033dc495ee32678940998b1cd.jpg: score=1;chart_ratio
Skip non-chart visual asset c90a929b11ca56d8b6bd3194d13d404682b296251b190358a80a49d4b6e1e9fb.jpg: score=0;square_without_chart_hint,edge:0.42,large
Skip non-chart visual asset f2a9a98cecb5f3b2b809aeb3201b685f4551c7cfdf539e79ebfa16959eefb7cd.jpg: score=0;square_without_chart_hint,edge:0.39,large
Skip non-chart visual asset 696871357b595e36d3dc2244df6f53165977c7f068bd22dca7915ef812802eef.jpg: score=0;square_without_chart_hint,edge:0.31,large
Skip non-chart visual asset e7d823801d847f481012efd69ff45dc9be765c13aa54510a429a311749707445.jpg: score=0;square_without_chart_hint,edge:0.31,large
Skip non-chart visual asset e0ac50da1eb9c29c308da63d0d6f2b6f2aacab3f1c0ca92eee0b255a33a61191.jpg: score=0;square_without_chart_hint,edge:0.35,large
Skip non-chart visual asset 8252e4aea251c0c33e1f72be28fa1ce1ca3c27c02680a83a2cf3a4eee4bab793.jpg: score=1;chart_ratio
Skip non-chart visual asset 43dede076013e900e8b8bd4aa0cd6b8b39d6c3633ab7b6c533fd9d0433a52bbf.jpg: score=0;square_without_chart_hint,edge:0.32,large
Skip non-chart visual asset a4fae04aaefab00f5c197b8570a84f0971df17b9f32f615024192956c7ed8de6.jpg: score=-100;too_small:626x87
Skip non-chart visual asset 7074b3cdfbe74ed85fd98487740526336bdb67ccc983400c1ab021b5efc91cd6.jpg: score=0;square_without_chart_hint,edge:0.31,large
Skip non-chart visual asset 24df3513f633471bf49177512af20728c2cd50baa3b11272368ad98af0870bde.jpg: score=-100;too_small:626x87
Skip non-chart visual asset 587111b32ced8113dd9a3c5640c143f5cb18ad000452e894d90a2a08f0ac40e3.jpg: score=-100;too_small:789x157
Skip non-chart visual asset b2e002e3b077feb8634de15c9f10775f426edd16335564b97096febce0020806.jpg: score=-100;too_small:1457x168
Skip non-chart visual asset 517ba672d120fae9ea2f85ce7cf826b48d797452f88ab21b89ef3b48aecfff73.jpg: score=-100;too_small:792x159
Skip non-chart visual asset 7d027618e0fad7ce4663d5e9a437fc6748eb41633d2799e24085bac963a98e83.jpg: score=2;chart_ratio,square_without_chart_hint,edge:0.45,contrast,large
Skip non-chart visual asset f647a9cd95079f144384c219012cda9c8fae5484dcee9e4f595431a86a33cdc6.jpg: score=1;chart_ratio
Skip non-chart visual asset e6f81cc793970e710ab94b0868c38fb9d40e0579f2664346b90cb39930b841c1.jpg: score=0;square_without_chart_hint,edge:0.32,large
Skip non-chart visual asset a389fd5b0532cb064b27713e272fccc81bdb8b1c601bd5437e2c159d99a4e808.jpg: score=-100;too_small:626x90
Skip non-chart visual asset 2c5055740d3d6480d9ed339c278d99ea8a4ae0d9b30d13330fd90bc881da61d2.jpg: score=0;square_without_chart_hint,edge:0.44,large
Skip non-chart visual asset 863d367c38424488e39a26ea36d1619e3a7debd0fbf9dc67552c882c90f32063.jpg: score=1;square_without_chart_hint,edge:0.54,contrast,large
Skip non-chart visual asset f3246242f179c373df94ef3ff0bf725c4de000696b846d7fbbd51ebe233c526f.jpg: score=0;square_without_chart_hint,edge:0.32,large
Skip non-chart visual asset 39ffc192b99bcd6d0559500d6f7c33b15d6920ef59c1eaeb5d6796620d60e7b0.jpg: score=-100;too_small:629x90
Skip non-chart visual asset 7b0a9926acc44a6fc5a3cdefc39b093f4d87a4dca89b8ae8878bb6b8d54a7e23.jpg: score=0;square_without_chart_hint,edge:0.33,large
Skip non-chart visual asset 222e95432a808e37fbc36b6679310a307d1384e7416c94b8acc14ec897780756.jpg: score=0;square_without_chart_hint,edge:0.23,large
Skip non-chart visual asset a9039e1f5ea62b1cdee712a80471ac34d6806ee186ae14138a1646504b25d1c9.jpg: score=1;chart_ratio
Skip non-chart visual asset 0c586bc5c5a63c9e8a7c7674b1bc0546f691abc1585fcc1ce5a29e5bb56ce8fb.jpg: score=0;square_without_chart_hint,edge:0.31,large
Skip non-chart visual asset ca1304db677e2d0512a3ca9da546e3ea79945a0705acb7eb87f8f890746a4f86.jpg: score=-100;too_small:626x87
Skip non-chart visual asset 742f525494d1e0a6ae238390b48ebfd414723e44aa2803e5cd5aad0389ce347b.jpg: score=-100;too_small:626x87
Skip non-chart visual asset 0e5ccf6ab2740d3497ff320b8315b25325c24ca35de1b82700d180235f74f589.jpg: score=-100;too_small:629x90
Skip non-chart visual asset 90cb1ec8dc58233ca1b800fb76969a1c453c01218bc2468744f5aa552690d67a.jpg: score=0;square_without_chart_hint,edge:0.33,large
Skip non-chart visual asset 17503ca38d2acf0c80efc32dd0d2c85c1dfc65f560bd504da3acb12960bea64a.jpg: score=-100;too_small:446x118
Skip non-chart visual asset dcb9cb65ba83b7627389cf2638e8a4572322c66dc0e1038e3e47a33c6b773961.jpg: score=0;odd_ratio:4.84,edge:0.35,contrast
Skip non-chart visual asset f022f5886855acabdcf39c17b3e0d74cdf624eec7d8712c9507f3c3bc3962da4.jpg: score=-100;too_small:626x90
Skip non-chart visual asset f00c65cc743da09734ce6247b6193a3b6108cfd4af89855439ecda3a04364264.jpg: score=-100;too_small:165x159
Skip non-chart visual asset 656b944900dff582e4633c1df516057b8e730c78f92f42074bfd376861a6d94d.jpg: score=-100;too_small:440x187
Skip non-chart visual asset 27b1455204db5bc9e50d5d4a5bfdd4965c9e88e00a9c646346baf41128b4826c.jpg: score=0;odd_ratio:5.85,edge:0.34,contrast
Skip non-chart visual asset f0276b918ddadd78c7670212998fb3d7f906fef8da5791737e9df14a22550d8b.jpg: score=-100;too_small:924x159
Skip non-chart visual asset 7c160b962d8400e9eb7d6641b4ffdeac79a1f75f521d612a2a44593bbc7c88c9.jpg: score=-100;too_small:676x87
Skip non-chart visual asset 37b9b281e4bac3b428580112bfd892ddca07640256cc410c99ccdf25e20a6b88.jpg: score=2;chart_ratio,square_without_chart_hint,edge:0.26,contrast,large
Skip non-chart visual asset 7f56c6428361a67dba3d2f42d451b47cb97d84f2ab7056458e5b63f90be1df06.jpg: score=0;square_without_chart_hint,edge:0.34,large
Done. Results written to /home/runner/work/rpt_edit/rpt_edit/xhs_notes/dropbox/260717/shard_7; successful_reports=5; mineru_timed_out=False; mineru_attempts=1
All batches completed successfully. Generated 5 report directories.
