Found 87 total PDFs; shard 8/40 has 5 PDFs, skips 0 already converted, will process 5 PDFs with batch_size=5.
Running batch 1: 5 PDFs
Found 5 PDFs. MinerU token slots available=2.
MinerU attempt 1/4 using MINER_U_2: submitting 5 PDF(s).
Uploading PDF to MinerU: /tmp/pdf_batch_001_fdh5i60o/pdfs/0001-41-J.P. Morgan-China Auto Industry-Preview and implications of 2Q26 earnings-d g SAIC-GAC to UW-260714.pdf
Uploading PDF to MinerU: /tmp/pdf_batch_001_fdh5i60o/pdfs/0002-42-J.P. Morgan-China Home Appliance-Weak June AVC print- noisy subsidy base- resilient leaders-260714.pdf
Uploading PDF to MinerU: /tmp/pdf_batch_001_fdh5i60o/pdfs/0003-43-J.P. Morgan-EU SMID Technology Hardware-Thoughts and numbers into Q2-26 earnings season- Continue to prefer SemiCap over Semi Devices-260714.pdf
Uploading PDF to MinerU: /tmp/pdf_batch_001_fdh5i60o/pdfs/0004-44-J.P. Morgan-Lithium-Global BEV sales -11- MoM in June and now just - 1-YTD vs 2025- China BEV penetration increased 1ppt to 43--260713.pdf
Uploading PDF to MinerU: /tmp/pdf_batch_001_fdh5i60o/pdfs/0005-45-J.P. Morgan-China Utilities - Renewables Blog-China-s 15-FYP Carbon Peaking Action Plan- CGN and YZP 2Q power generation update-260714.pdf
MinerU attempt 1 using MINER_U_2 batch_id=752d971a-00a9-4107-b5a1-775e8796008a
MinerU states: running, running, running, running, waiting-file
MinerU states: running, done, done, running, running
MinerU states: running, done, done, done, done
MinerU states: done, done, done, done, done
/home/runner/work/rpt_edit/rpt_edit/scripts/pdf_to_xhs_batch.py:291: DeprecationWarning: Image.Image.getdata is deprecated and will be removed in Pillow 14 (2027-10-15). Use get_flattened_data instead.
  pixels = list(gray.getdata())
Skip non-chart visual asset 123063dda0fe36ff467718398fecfc65fbe02941f6c099fecc7b767219a39e8d.jpg: score=1;chart_ratio,square_without_chart_hint,edge:0.34,large
Skip non-chart visual asset 30fdbe69ca24fc3ae79a6e3d6196dc4cf251410b566556d07a8eb7ba38e4284f.jpg: score=-100;too_small:667x79
Skip non-chart visual asset 9c4311ef062fed67ab6909c0ea42c813e0440c4e00fdc1c261d05eaa83daefdd.jpg: score=1;chart_ratio,square_without_chart_hint,edge:0.27,large
Skip non-chart visual asset 3a6320e7aa2b2511c0b5d97bbc5dc08afdeab46f8383c6ae81136db9944222c7.jpg: score=-100;too_small:670x79
Skip non-chart visual asset afbdd1d52d55821e89268a3a892b1872f73660870677efa0ef62aa63d57d1900.jpg: score=0;square_without_chart_hint,edge:0.35,large
Skip non-chart visual asset 278ef8782873460f4b0ddc5a54fe5ccb852fbfd46cb795e426ffe981640feabf.jpg: score=-100;too_small:437x84
Skip non-chart visual asset 5c2067d312dbc0c3ad0e0339d49fecb4a647f5aeef3c7cc6ea58cb4935420aba.jpg: score=1;chart_ratio
Skip non-chart visual asset 52f61f560905ba03d777fca3857197d6d018f738a81fe79f8baa45c1f4532f35.jpg: score=0;square_without_chart_hint,edge:0.34,large
Skip non-chart visual asset 998b19fab656025ef1754c7af6a3dddda47bacc0aa74e8006ca3d47d195231b8.jpg: score=1;chart_ratio
Skip non-chart visual asset 8dafb563f8334d8daf16c4ecc5b672680cd5eb83f70ac279dcdef4dd7e754abc.jpg: score=0;square_without_chart_hint,edge:0.36,large
Skip non-chart visual asset f792f682173522b3343fdbff5ec9b7c5a31cfcf9b4c13ee37115cf0fdcd6cf68.jpg: score=-100;too_small:664x79
Skip non-chart visual asset e97308c378ed2c5c9c692a1617e32f67c315e53284a73054315fb5283d475f76.jpg: score=0;square_without_chart_hint,edge:0.36,large
Skip non-chart visual asset 15a1cfe2ad25bdb2b71f95826d2783e69883ab5185c31a85911d0def1de889cd.jpg: score=2;chart_ratio,square_without_chart_hint,edge:0.24,contrast,large
Skip non-chart visual asset b97d656db4e0d4de90b2509ae2025a746340e5ebe69a5674fadde960701352c4.jpg: score=0;square_without_chart_hint,edge:0.34,large
Skip non-chart visual asset 66176ba004b65a32f683118d67e6e9f4c82a1576b0d1b9767b353322f47f297a.jpg: score=1;chart_ratio,square_without_chart_hint,edge:0.35,large
Skip non-chart visual asset 880e36b38061fc8483e8410bc534105cc8857d3b3aa4369af2c855b2a59dc7c3.jpg: score=0;square_without_chart_hint,edge:0.37,large
Skip non-chart visual asset 3ffd6cd004791e550407ad3fbd36122f1402a80924f226cd0aee8011a9d1721a.jpg: score=1;chart_ratio
Skip non-chart visual asset e2fb071436ea124405e28cf7c3600b596b7fac378688b749cef6143d274a73da.jpg: score=-100;too_small:664x79
Skip non-chart visual asset 13b5a6d4be880f0e12d522fe926ee18d3fe4ca706ef3cbba1df89d17d2c86095.jpg: score=1;chart_ratio
Skip non-chart visual asset 7fe99d16ceb75de3d0e970013b22281a01113ae3e2fbb58824172fdf7e3f8cea.jpg: score=-100;too_small:667x79
Skip non-chart visual asset 72a3c06d35be0a6335618b89bb7f3ac8b1d286565c3721e37ab45b931b0b9398.jpg: score=0;square_without_chart_hint,edge:0.33,large
Skip non-chart visual asset 95856ac08cf721abfa250aeb3a1ecdbff7dc6bd84285bf83d3e89b89184b9e8c.jpg: score=-100;too_small:437x84
Skip non-chart visual asset 84e3aebfbd1524e73a224af6663f8e8c4d60bebfb882794f08c2a27901bc26c2.jpg: score=-100;too_small:271x203
Skip non-chart visual asset 378f4db256759439105efff7a02a951419fdf472c0281e88cbda6c7e773ac6cf.jpg: score=0;square_without_chart_hint,edge:0.33,large
Skip non-chart visual asset a1c9e1381649ee52905169ae46164637337e8cfc095ec33e92954a723b599717.jpg: score=0;square_without_chart_hint,edge:0.36,large
Skip non-chart visual asset f8e76091e8088cafb940d5a0eeb2e7178c9a5456ce8b4ae0434dbb698377e077.jpg: score=0;square_without_chart_hint,edge:0.36,large
Skip non-chart visual asset c298ba7073008c623fb996a54ca7e81038a9021808721fc17548639c188af9fd.jpg: score=-100;too_small:426x223
Skip non-chart visual asset 79e04870b59c82c4cf7028d617558669f8c489162d6a95aab4bb71654ba98a82.jpg: score=1;chart_ratio
Skip non-chart visual asset 61ed565912a9c0e26c45954acefc192e1b8ec66b2f51f8fbcf3592129e659368.jpg: score=1;chart_ratio,square_without_chart_hint,edge:0.34,large
Skip non-chart visual asset de7582ddcd1b4af566190ca664e80c02fd7b4e9f282db1950f9c8fddeac2d603.jpg: score=-100;too_small:670x79
Skip non-chart visual asset f362b472ea08ae8daea4b2d5734b2ac8073a82f9b63706f4ef524ff23f7290f0.jpg: score=1;chart_ratio,square_without_chart_hint,edge:0.36,large
Skip non-chart visual asset 349f400dad36708a7e659b21fca20bb7755ec64260af4591fad6cb34d3a44a35.jpg: score=0;square_without_chart_hint,edge:0.34,large
Skip non-chart visual asset 6278c8fe6c075ce088edb32627d257484a5d7e809ba5ee698cf495aecc98ef3e.jpg: score=-100;too_small:424x223
Skip non-chart visual asset b7a6da448b4665babced0a290422c57c2bb5b3b92bf7130957b2b10f1fa9be1c.jpg: score=0;square_without_chart_hint,edge:0.37,large
Skip non-chart visual asset 577fcd74793d236af3a18943ee2a7bc1d9dedbb7c1d276683ce0da9a386c6fe1.jpg: score=0;square_without_chart_hint,edge:0.36,large
Skip non-chart visual asset 765206985aad6f26abb78c338f66c07d0c4d0e23a7bd08cc4908913f16e5c5d3.jpg: score=2;chart_ratio,square_without_chart_hint,edge:0.25,contrast,large
Skip non-chart visual asset c942db931ca7156576cc2a5c7c9ba5dd9d82321431489a2aebfb342a21352205.jpg: score=0;square_without_chart_hint,edge:0.34,large
Skip non-chart visual asset be3dd52f20608088e19ffa1fc87c2b5368390397e00e1ce2d63650df1ab92846.jpg: score=0;square_without_chart_hint,edge:0.34,large
Skip non-chart visual asset 3974b47b61b2ab3e7c4c173308edf213df7024c440ae59d19112b2cbc783d4f9.jpg: score=-100;too_small:437x84
Skip non-chart visual asset c1e548113fcbf3359bd4812e58a164be723439f16e1fac6a5f0375bc1fc9a18b.jpg: score=0;square_without_chart_hint,edge:0.35,large
Skip non-chart visual asset a1076ad7ebb1704a2a1788c5891b4a8b987d9c1d27bb488c97e0ee9c2a15939c.jpg: score=-100;too_small:437x140
Skip non-chart visual asset 511a6e2c694af56c38c416c68cb63a83e4260c58b040f3fec8c6024bfe2eb8e9.jpg: score=1;chart_ratio
Skip non-chart visual asset e6adb1972e08ae130c53a63cee418561b4700b5568db8a0df39a26f706c72591.jpg: score=1;chart_ratio
Skip non-chart visual asset 683e70e74d97bb6dc899efc76d71552cd1416e644df3991530f7182c2e6a8f89.jpg: score=0;square_without_chart_hint,edge:0.33,large
Skip non-chart visual asset 4f9a3f03c1ad5c5b775fce32db3d0e31539401589603af0a4e58a7fbf60e27a7.jpg: score=-100;too_small:424x223
Skip non-chart visual asset 30a1be65f5314cfa89140d8a2c5c1bbd9e37fff5ca4e6ba4d4ded909f077eea0.jpg: score=1;chart_ratio,square_without_chart_hint,edge:0.35,large
Skip non-chart visual asset b77891121e265c4eb69a4d608f57aa2076ae3e33b10d49e577c8761c6fc94325.jpg: score=-100;too_small:667x79
Skip non-chart visual asset 83b402097cb03e8126f8a12216c40b18cc4a65d44356295a9171ecd77513c851.jpg: score=1;chart_ratio
Skip non-chart visual asset 30cda3953b32ee12853dde7d7fd5c0aea1b7cc79343c04aed9489f4c1b79baee.jpg: score=-100;too_small:664x79
Skip non-chart visual asset d3069650fee3cd2aed7c4a6feb8467e0cdbd0f75a4ed757c82eb2f394d6fa640.jpg: score=-100;too_small:437x87
Skip non-chart visual asset 634f70cbd60bac952368d991108bbfb2600b4d9800f25120a487ab0e19d8dc6e.jpg: score=-100;too_small:664x79
Skip non-chart visual asset f8dc86b7203689e471a557c86c1aacfecbdd8a55f63cd788cb61256c98f27170.jpg: score=0;square_without_chart_hint,edge:0.33,large
Skip non-chart visual asset e9daadb798596e6aabf06f190cb57f5083ac5ca3df5545121aa48e60113a6895.jpg: score=-100;too_small:664x79
Skip non-chart visual asset ce48581c6868177830dd268481215bff1688081242e4b1f03c4933d27ac55b0e.jpg: score=0;square_without_chart_hint,edge:0.36,large
Skip non-chart visual asset 62011a7f19f4363af360896505ce57b855a413d046b2725cacf73436a3d8e905.jpg: score=1;chart_ratio
Skip non-chart visual asset 4e57ba83a299e6e5a2c724dd6fd93f36c9b69c0f4d4be55e24506fa4048ab4ec.jpg: score=-100;too_small:667x79
Skip non-chart visual asset 74c367a953088aaf2351cf859dd20ca4c7ec0beb6a0e4b3fa7e57dd6da639520.jpg: score=-100;too_small:437x154
Skip non-chart visual asset b5386206dc1e95d93043f98f0ad81854a6be062ace515ecd342dc3b4d29bf49a.jpg: score=-100;too_small:437x143
Skip non-chart visual asset 41ed205be596a15d020b649b9daefa15c95157e86bb43e45c7f2b18ff7479919.jpg: score=1;chart_ratio,square_without_chart_hint,edge:0.32,large
Skip non-chart visual asset c8bd9aa3e96d8b8317109b1e47b58960f272f359ce03946c73380275593727af.jpg: score=-100;too_small:670x79
Skip non-chart visual asset 1efa8c0798c15b7eb5ca3d1e2f182f52549b17d0a158ca12d1143770c116c4a4.jpg: score=-100;too_small:670x79
Skip non-chart visual asset a69ecbe0865ec290769cd828bf6a6288a426a7736995052aa76cbe93a29e7ea1.jpg: score=1;chart_ratio
Skip non-chart visual asset 8e30a2b11b89bb0496aa0c63ff4b2cc13a71b2a8c24c22c0fde90475c65c3333.jpg: score=-100;too_small:667x79
Skip non-chart visual asset 6c9b14ecfc26fe7410f31c6a5ccc0a8716f1e8e418799e31cac210763fa9bc85.jpg: score=1;chart_ratio,square_without_chart_hint,edge:0.34,large
Skip non-chart visual asset eca90379a636f5379fc6d82bc127c842c9357a440765826fc01ba0e31e979559.jpg: score=-100;too_small:426x226
Skip non-chart visual asset a4410434cfdef76c093b84d6489bee5440c79cc6a96574b26e46b5430b3b1305.jpg: score=2;chart_ratio,square_without_chart_hint,edge:0.26,contrast,large
Skip non-chart visual asset 9e5d7953b12b257b8d63fce9a7b1421006a13d5a7754fef88a93e9a9093e23a3.jpg: score=-100;too_small:667x79
Skip non-chart visual asset 36003af7b6a0a6211cfc966ed94ffcff4e820a21b4d6eba1256951834da29f1e.jpg: score=1;chart_ratio,square_without_chart_hint,edge:0.34,large
Skip non-chart visual asset 107ecd7535e18e145c21195d04b578d5b00cd24cc78192d03fdf1f5da7eebed7.jpg: score=0;square_without_chart_hint,edge:0.33,large
Skip non-chart visual asset bba96bfe0f2822498fa6760ab8d69f814ee1f56932d1ac282063cecfaeb8a99f.jpg: score=-100;too_small:926x162
Skip non-chart visual asset f8bd158376ad5c4d384cd0885614e1f8135f998cc333cc0a949c3e15332d5083.jpg: score=1;chart_ratio
Skip non-chart visual asset a8036c13f72c0988951edf08c4e13d16b8240465a4ac8d9d9b505bce2d8da42f.jpg: score=0;square_without_chart_hint,edge:0.35,large
Skip non-chart visual asset f5ac9a57a3c0218c8530d505f7c66b4b0490bbde4dbbfcba0a72349f83cefa6f.jpg: score=1;chart_ratio
Skip non-chart visual asset 5622301116a7232aa4eb5dc8b71548af33667f445bc47d192193e304a4774d09.jpg: score=-100;too_small:667x79
Skip non-chart visual asset c68198ded56b2212c19de62d2caa934a7c8a2a2e6f7fa3e9b5b29c399efdf1c4.jpg: score=1;chart_ratio
Skip non-chart visual asset c547f5c0d6082d3ccae13ba2737f06551434b7fd1dfc3ed1797682a4c887c48f.jpg: score=0;square_without_chart_hint,edge:0.35,large
Skip non-chart visual asset e589b5c2d8204ff5836d4cd02aa7d4cfebe22f19c05e0788409447304ea00245.jpg: score=0;square_without_chart_hint,edge:0.35,large
Skip non-chart visual asset e012bfa03d5baacd205c930ad89312c3dc656e4529569a32e25bbab66f6f7ff6.jpg: score=0;square_without_chart_hint,edge:0.36,large
Skip non-chart visual asset 65218ccbebfc7cb6b8be60b6b0f84f4b1fc1d896fdc2e3764e657bffd75fc47e.jpg: score=0;square_without_chart_hint,edge:0.35,large
Skip non-chart visual asset aea99c0bfb9f1d7d12954e726c4e4e5af7a2cb468e5c758c1c4a40fd4f1fb412.jpg: score=1;chart_ratio
Skip non-chart visual asset fceaadbf879a515dad7e325b5c6c1c5cb7d19d2e7e1673d08e811f145c1a6610.jpg: score=2;chart_ratio,square_without_chart_hint,edge:0.24,contrast,large
Skip non-chart visual asset cd6dbb07b96105fd214fb89851a21799c7a0b0054d6fc10bf2d6715b351e3b26.jpg: score=0;square_without_chart_hint,edge:0.33,large
Skip non-chart visual asset 7ceadd94d9362e227b53fff6089a6da3f6eb74349f2253de0f3925d4cdfce3d0.jpg: score=-100;too_small:426x223
Skip non-chart visual asset da83a72517071ba2ed8d44fa736a399a30832a11cacca83127c5c6ba8adb102a.jpg: score=-100;too_small:664x79
Skip non-chart visual asset aac944a64f62e7ab2ca1f6a9ff8bee4a1ca5dec8a2c9d9c41258c7cb817b180a.jpg: score=1;chart_ratio,square_without_chart_hint,edge:0.26,large
Skip non-chart visual asset 8882f3081de54a96aa82cea9e3b8ebd2fe9f1a0b97088dc8e92399bf7226654c.jpg: score=0;square_without_chart_hint,edge:0.33,large
Skip non-chart visual asset bfbc0ff5c4351b2f6c53ce8d6d838ade22dcf154a9c28e7be3480627a64f52fc.jpg: score=-100;too_small:1459x171
Skip non-chart visual asset e904b0006292050a057810ce369c8c3c2aee440a36b519a1ad46e68cb81592e5.jpg: score=0;odd_ratio:6.26,edge:0.50,contrast
Skip non-chart visual asset 2fc8fc50fe89234d9b34e52bb8050b1e08f0aac92615323d105a606e7f336361.jpg: score=2;chart_ratio,contrast
Skip non-chart visual asset 62e3a350f24b464ca22b4baffc50afe8fc1f760ec3eca973e1b86e68d2dc7bba.jpg: score=0;odd_ratio:5.36,edge:0.30,contrast
Skip non-chart visual asset 5080f465941f03154d335fec12f232145eae08c3a15739e5041fe360e6f2a4c5.jpg: score=1;chart_ratio
Skip non-chart visual asset 55f0da5427d23dee5c93cca9885779e54bfede2f8bbdf40acc59380d30ff6934.jpg: score=1;chart_ratio
Skip non-chart visual asset c45522b928c77f134fd04028c557285d369cda8322c05d698a3a2dc0c3f662f0.jpg: score=-100;too_small:1459x167
Skip non-chart visual asset 8e115d4eff8da71998f7302655165e83cfd45d8fe57b7ad37cc067ae527bc125.jpg: score=1;chart_ratio,square_without_chart_hint,edge:0.42,large
Skip non-chart visual asset 521b654a38c29ea388c74ef11d4183d049072ba12420b90be85a1c1051bcde10.jpg: score=-100;too_small:1456x171
Skip non-chart visual asset 69bac32bd88770540a2effb0c14a1a22e6fa74c201daeb4e589dca94badc781a.jpg: score=-100;too_small:1459x167
Skip non-chart visual asset c11c57590995665a1f4eeae73448498f622b72a7f7dd7392c58b37b5dc7a2679.jpg: score=0;square_without_chart_hint,edge:0.22,large
Skip non-chart visual asset 4d535b1bc0ae68c1e4b3803a78748648fc8726b2984df0415c3bf1f33bf00f19.jpg: score=0;odd_ratio:7.44,edge:0.32,contrast
Skip non-chart visual asset 93f17ea8e490ab5ce2041a9f9153392a5db3889df1c2cfc7a531a4186c57c21b.jpg: score=2;chart_ratio,square_without_chart_hint,edge:0.36,contrast,large
Done. Results written to /home/runner/work/rpt_edit/rpt_edit/xhs_notes/dropbox/260715/shard_8; successful_reports=5; mineru_timed_out=False; mineru_attempts=1
All batches completed successfully. Generated 5 report directories.
