Found 78 total PDFs; shard 2/40 has 5 PDFs, skips 0 already converted, will process 5 PDFs with batch_size=5.
Running batch 1: 5 PDFs
Found 5 PDFs. MinerU token slots available=2.
MinerU attempt 1/4 using MINER_U_2: submitting 5 PDF(s).
Uploading PDF to MinerU: /tmp/pdf_batch_001_zj7kxc5z/pdfs/0001-11-CITI-Gotion High Tech -002074- Key Takeaways from China ESS and Battery Chain Tour-260720.pdf
Uploading PDF to MinerU: /tmp/pdf_batch_001_zj7kxc5z/pdfs/0002-12-CITI-Siemens -SIEGn.DE- EDA software in focus following Kimi K3-260720.pdf
Uploading PDF to MinerU: /tmp/pdf_batch_001_zj7kxc5z/pdfs/0003-13-Deutsche Bank-Asia Chart Alert-The RMB flow story still has legs-260720.pdf
Uploading PDF to MinerU: /tmp/pdf_batch_001_zj7kxc5z/pdfs/0004-14-Deutsche Bank-Yum China-9987.HK-Pre-2Q-in line with guidance-Expect more color on debt financing and weather impact-260720.pdf
Uploading PDF to MinerU: /tmp/pdf_batch_001_zj7kxc5z/pdfs/0005-15-Goldman Sachs-Americas Technology-Software-Revisiting Moats VI- The lag between AI spend and Security AI spend- and when to look for an inflection-260721.pdf
MinerU attempt 1 using MINER_U_2 batch_id=f7658046-a1f8-4aaa-b7e5-70bb102807a6
MinerU states: running, running, pending, pending, waiting-file
MinerU states: done, done, running, running, running
MinerU states: done, done, done, done, done
Skip non-chart visual asset 85f4300fce26b0eae875be3b196c30140dbe6f6d9a49476e87e8bba01ec30180.jpg: score=-100;too_small:1431x151
/home/runner/work/rpt_edit/rpt_edit/scripts/pdf_to_xhs_batch.py:293: DeprecationWarning: Image.Image.getdata is deprecated and will be removed in Pillow 14 (2027-10-15). Use get_flattened_data instead.
  pixels = list(gray.getdata())
Skip non-chart visual asset 666b70396bc5d8ec2b7d2031338e1cc32246cbeb8795cb2bd4202a772858aae3.jpg: score=-100;too_small:1431x95
Skip non-chart visual asset fc00aa16bea04de3ab98bd57102697b22b20ec3bc616740c0e112a17cdd2cb7e.jpg: score=-100;too_small:1431x145
Skip non-chart visual asset 129d181dbb2eaccfb1947de3ac4d459e7c703e18e237d168854a60543fb115fc.jpg: score=-100;too_small:1307x101
Skip non-chart visual asset 2ae4b4cedb370c35884bf9338f9fecfafaa26bb37493a858ab3174f24a34b725.jpg: score=-100;too_small:370x129
Skip non-chart visual asset c4e8dfcb58546668b6a99ef0c5904d1464c8d01a2d423e9d584ad15420909e51.jpg: score=-100;too_small:365x129
Neutralized WeChat title while keeping the report: 花旗：西门子EDA软件受KimiK3影响有限 -> 花旗：软件行业数据与主题变化观察
Skip non-chart visual asset 1e74a884f82f59a20ed2672d58fdf21e84d374c5315530c1366f29b6f82ef412.jpg: score=0;odd_ratio:4.94,edge:0.27,large
Skip non-chart visual asset 4cdd2b57af64330b53b07738ea9463218e9f1c26f778db647ccda88cf4d2eaa0.jpg: score=2;edge:0.28
Neutralized WeChat title while keeping the report: 德意志银行：亚洲图表提示-人民币结汇动能延续 -> 德意志银行：货币市场与相关指标观察
Skip non-chart visual asset 786b377b5cdbb87432032de2e3e24ce0715f948cd362b38e329cff95eabd9f0e.jpg: score=-100;too_small:351x154
Skip non-chart visual asset 017ff895337d36a763e7cb91843d7ce804a81acee8ab85445077a06d6f495baf.jpg: score=-100;too_small:357x198
Skip non-chart visual asset 139f614f64349858764e4b6931336b812fecedd9e7963bf886d3021af21366c3.jpg: score=-100;too_small:1396x79
Skip non-chart visual asset 1875028ab8d1f69129164301c3657b7db39de67ab70723526bb065ccea11c3cc.jpg: score=-100;too_small:343x206
Skip non-chart visual asset edab4cc5a1b40aa199d31e14ca5abad1cd7a7a4a530c595d7b1e32e5afda9f15.jpg: score=-100;too_small:346x212
Skip non-chart visual asset 6324090cead727421ad9f8aefb69e5b09b6caa72874c5be6d5002e4c9c1c5c8e.jpg: score=-100;too_small:360x201
Skip non-chart visual asset 5bc2d7ccb337e785bea9c0a1d1fb54497df6d977d983b75c0f22510ac7e422de.jpg: score=2;edge:0.26
Skip non-chart visual asset 09e7915a895fceb944ed8e3967217d5654ea6640795a175c5bae92dd56db3dd0.jpg: score=-100;too_small:399x126
Skip non-chart visual asset 80fd46fcdfb3c7b0ec7c8cb8959f9aef20ba78e2bf4dbbb1d1411c47b3ba5ace.jpg: score=-100;too_small:773x159
Skip non-chart visual asset bfcb6dfa47edde1cc932ce6dfea5a0c43d1e3b7032150cef5a070021f21cdf71.jpg: score=-100;too_small:773x159
Skip non-chart visual asset 8a93a0d71a8aff512d9370bb48cd6271fe7d59ffc85edd31b9b6c0fbb755480d.jpg: score=0;odd_ratio:4.94,edge:0.27,large
Skip non-chart visual asset 5419691fba41f84a1997062fc7c1065b2be48c4a5a82143d8bc6a14365a5f462.jpg: score=-100;too_small:348x251
Neutralized WeChat title while keeping the report: 德意志银行：百胜中国二季度业绩前关注债务融资与天气影响 -> 德意志银行：资金结构与相关数据观察
Skip non-chart visual asset 42cc4f9d5cacfa349740670817c23963dcb2371d26b8c70f7e9d3bcacef3c775.jpg: score=2;chart_ratio,square_without_chart_hint,edge:0.31,contrast,large
Skip non-chart visual asset 931882702dc4f40f157733a29145190f54019bad4125319673eda0000a7d74fe.jpg: score=-100;too_small:1159x109
Skip non-chart visual asset 43fe144c71fdaa27e2bfc5ec1fe2482e0bda71e4cd416bb0ee675cda7f6564b0.jpg: score=1;chart_ratio
Skip non-chart visual asset a529b93a5c5574532105cf9f8b231cadb6659b6e994fa8454e148841ba31594f.jpg: score=1;chart_ratio
Skip non-chart visual asset 8d3a9a9c3b5785d57cb6a9f272dde57a32dbf0ad0485949a8172e8ea60c4b0be.jpg: score=2;chart_ratio,square_without_chart_hint,edge:0.31,contrast,large
Done. Results written to /home/runner/work/rpt_edit/rpt_edit/xhs_notes/dropbox/260722/shard_2; successful_reports=5; mineru_timed_out=False; mineru_attempts=1
All batches completed successfully. Generated 5 report directories.
