Found 59 total PDFs; shard 3/40 has 5 PDFs, skips 0 already converted, will process 5 PDFs with batch_size=5.
Running batch 1: 5 PDFs
Found 5 PDFs. MinerU token slots available=2.
MinerU attempt 1/4 using MINER_U_2: submitting 5 PDF(s).
Uploading PDF to MinerU: /tmp/pdf_batch_001_x1pov5hl/pdfs/0001-16-Deutsche Bank-Thematic Research-DB CoTD- Is EM a huge tech play--260708.pdf
Uploading PDF to MinerU: /tmp/pdf_batch_001_x1pov5hl/pdfs/0002-17-Goldman Sachs-AMERICAS TECHNOLOGY- IT SERVICES-2Q Earnings Preview- Expect guidance to move toward midpoints given increased macro uncertainty-260709.pdf
Uploading PDF to MinerU: /tmp/pdf_batch_001_x1pov5hl/pdfs/0003-18-Deutsche Bank-Xiaomi-1810.HK-Entry into Family Car and Outdoor Travel Segments with New -SkyNomad- PHEVs-260708.pdf
Uploading PDF to MinerU: /tmp/pdf_batch_001_x1pov5hl/pdfs/0004-19-Goldman Sachs-China Data Centers-NDRC approved two C-REIT projects- Implications for Range GDS-260708.pdf
Uploading PDF to MinerU: /tmp/pdf_batch_001_x1pov5hl/pdfs/0005-20-Goldman Sachs-Asia Pacific Banks- New measures announced to deepen financial connectivity- Structural positive for HK banks-260708.pdf
MinerU attempt 1 using MINER_U_2 batch_id=4353d4a4-0706-4ee7-a4b4-30fe5cccd464
MinerU states: running, running, running, pending, waiting-file
MinerU states: done, done, done, done, done
/home/runner/work/rpt_edit/rpt_edit/scripts/pdf_to_xhs_batch.py:285: DeprecationWarning: Image.Image.getdata is deprecated and will be removed in Pillow 14 (2027-10-15). Use get_flattened_data instead.
  pixels = list(gray.getdata())
Skip non-chart visual asset 1be006dd87a18e39128b27c230f7ef6b0b993b79ef67eeda80c706680dee1b62.jpg: score=-1;odd_ratio:5.45,edge:0.21
Skip non-chart visual asset 8f16e7b2396d1f83eb80f512ce9d77d48726a88c7ea97970bd9a83023b7003e4.jpg: score=-100;too_small:801x151
Skip non-chart visual asset 90b71ae4b6b318e51a684381e2c4b1c857f6e54a045394fbb44090a4b5706b3e.jpg: score=-100;too_small:642x109
Skip non-chart visual asset 79c209c63f7d9517a1f958f6f0b83fed2201ff27cbc2fb46ee097bb45de9db47.jpg: score=-1;square_without_chart_hint,edge:0.28
Skip non-chart visual asset 08ef97ab59e6a5e48bc6577286605f10455300f51bde415c6bc81d2fa30e5843.jpg: score=-100;too_small:481x106
Skip non-chart visual asset 1790e6e30b9b9832bebde96e6ae70582de5dc139f707d782508a6c91af16126f.jpg: score=0;chart_ratio,square_without_chart_hint,edge:0.26
Skip non-chart visual asset 78d2011fe17c5e4e413d927d344845d5637c9ea098b42b448540185f604226b9.jpg: score=0;chart_ratio,square_without_chart_hint,edge:0.23
Skip non-chart visual asset c042db4c7371bb662bbee57625d45fac1c5a2e22eff166b11781fb3b37fc38c1.jpg: score=-100;too_small:401x128
Skip non-chart visual asset 3fbf24df3e43b536f83747f3dd1dd1036aa70097da7b33ac810a3de627dbac6a.jpg: score=0;odd_ratio:4.92,edge:0.28,large
Skip non-chart visual asset 2499e9ca53ce5829414cc5f35d827208587a2a41902206126cc67009c03e4d6d.jpg: score=-100;too_small:1393x76
Skip non-chart visual asset 05183162546889b4f8db8ffc4627080c0525f1edf9e2b7dde0667402b2fcd80d.jpg: score=-100;too_small:776x160
Skip non-chart visual asset 311ea6826c1e91065890884a9e196f4ce8de0e6ee91c6ffe192c9dd978eafe35.jpg: score=-100;too_small:771x162
Skip non-chart visual asset 5aa89e17ad4a4a07d8c57242ee4dd4da440fd372cb4f8929ef822b2aa2923e40.jpg: score=-100;too_small:1159x110
MinerU images did not look like charts; keeping only the title card and letting downstream AI fill body images.
Skip non-chart visual asset 13045856d94f50316bcabd7c14c6747bc4bc0d5af6630c4014b3d668a685185a.jpg: score=-100;too_small:451x112
Skip non-chart visual asset abd12414d5764e32ef2db56997e1c1f024531318ff5ddbe20015aeed0ac15535.jpg: score=-100;too_small:1159x109
Done. Results written to /home/runner/work/rpt_edit/rpt_edit/xhs_notes/dropbox/260710/shard_3; successful_reports=5; mineru_timed_out=False; mineru_attempts=1
All batches completed successfully. Generated 5 report directories.
