Found 99 total PDFs; shard 15/40 has 5 PDFs, skips 0 already converted, will process 5 PDFs with batch_size=5.
Running batch 1: 5 PDFs
Found 5 PDFs. MinerU token slots available=2.
MinerU attempt 1/4 using MINER_U_2: submitting 5 PDF(s).
Uploading PDF to MinerU: /tmp/pdf_batch_001_qfyr5gxm/pdfs/0001-76-Morgan Stanley-Microsoft-MSFT.US-2Q26 CIO Survey Takeaways - GenAI Leadership Position Remains Clear-260716.pdf
Uploading PDF to MinerU: /tmp/pdf_batch_001_qfyr5gxm/pdfs/0002-77-Morgan Stanley-Power Struggle- AI- Data Centers - Local Backlash-260714.pdf
Uploading PDF to MinerU: /tmp/pdf_batch_001_qfyr5gxm/pdfs/0003-78-Morgan Stanley-Q2-26 Preview-Following 2H Volumes into 2027-260715.pdf
Uploading PDF to MinerU: /tmp/pdf_batch_001_qfyr5gxm/pdfs/0004-79-Morgan Stanley-TSMC - Asia Pacific 2026 revenue and capex guidance raised again- OW-260716.pdf
Uploading PDF to MinerU: /tmp/pdf_batch_001_qfyr5gxm/pdfs/0005-80-Morgan Stanley-Shenzhen Capchem Technology Co Ltd-300037-Riding on the Semiconductor Materials Upcycle- Upgrade to OW-260714.pdf
MinerU attempt 1 using MINER_U_2 batch_id=5fd4866e-9bc2-4a29-916b-d768b60d6dd9
MinerU states: running, running, running, waiting-file, waiting-file
MinerU states: done, done, running, done, running
MinerU states: done, done, running, done, done
MinerU states: done, done, done, done, done
/home/runner/work/rpt_edit/rpt_edit/scripts/pdf_to_xhs_batch.py:290: DeprecationWarning: Image.Image.getdata is deprecated and will be removed in Pillow 14 (2027-10-15). Use get_flattened_data instead.
  pixels = list(gray.getdata())
Skip non-chart visual asset d1345b0d23131dd5951ecd993fbee16fcc1e052d0c5edfc540ce3d26cf9a5bf6.jpg: score=1;large
Skip non-chart visual asset 97e6dfbc45523b614592bc47f3688a24a8249904d432ac6aeeb63c1867cb3957.jpg: score=-100;too_small:393x184
Skip non-chart visual asset 49743503ba217ff25aeb99f287c2109ae417d16c08e2d021c89dc00a667952c2.jpg: score=-100;too_small:890x165
Skip non-chart visual asset 18a2b5fb17290a5c11b9dae8f7c41821f283fd23bdc2c27d5cc6dfdb91b1d7ac.jpg: score=0;square_without_chart_hint,edge:0.18,large
Skip non-chart visual asset 15ab37bb0eec2f29ee34e3a35da9ec2b153ecf0d90c625267ecbe3d20cf030d4.jpg: score=-100;too_small:304x82
Skip non-chart visual asset 257132863129ee74cdd63030aa8070d25c7d9176bd432d7a6c261f9f3b8bd6b6.jpg: score=-100;too_small:404x209
Skip non-chart visual asset 1345ba22cef10c50332ae4c6e1fd35791688a00d757192a4e05f85962b946ebe.jpg: score=-100;too_small:531x84
Skip non-chart visual asset 56aa97cd2486c6311ffd75b5075f62e7ff3c0ab74944d33f79b5cfcef2119f69.jpg: score=-100;too_small:456x73
Skip non-chart visual asset 0dc39c7f4ab882f8cb43250823a9f226f1a977e7c0efeb0e50f7485868415b4f.jpg: score=0;square_without_chart_hint,edge:0.19,large
Skip non-chart visual asset 18efd4d1bc345bb99e42d72c74cf1be410d15b5bfd0acdaef09e901afcc010ce.jpg: score=0;square_without_chart_hint,edge:0.13,large
Skip non-chart visual asset 61af94e47b5b26f7b0d585304091e8c157170eae7928926ca99b9a2c46e5a401.jpg: score=1;large
Skip non-chart visual asset 02afdb659fdcf1de2da1b9081071858ecd9383a8009367cbe3cd2051246be660.jpg: score=-100;too_small:437x109
Skip non-chart visual asset ad0e94c33d1b9db1a250826d87de0f3921516aaf4935c1c9d2a269803e6b504d.jpg: score=-100;too_small:531x157
Skip non-chart visual asset 5e71d6265ff0adf25e0d85f426f57c6ca6dbd1c550a187d0035dcd31f4db882d.jpg: score=-100;too_small:449x162
Skip non-chart visual asset f6b680725c68c99286ad2ef7adce2cd77a00cf3e2dc53950c4fa619741fdaedb.jpg: score=0;square_without_chart_hint,edge:0.19,large
Skip non-chart visual asset 7702bb85bcd696d531332080067ba4500989af93ad3e9b61562a8def0346057e.jpg: score=0;square_without_chart_hint,edge:0.25,large
Skip non-chart visual asset 48650f3e3c7ea01adbdeccfe91d35a3410502d3c290c952326176c4a35ff5fe1.jpg: score=-100;too_small:531x87
Skip non-chart visual asset 94ac80b4027486f1b8940c1aa93f819f5d68251d72459a31b4f63791e2b41bbf.jpg: score=-100;too_small:529x170
Skip non-chart visual asset 45a59007ccae20a395b3483edfe2b4c19dc5767f1a4b7598753e1f17d9362d83.jpg: score=0;square_without_chart_hint,edge:0.16,large
Skip non-chart visual asset 3aae3b090e6695d88285aa811af61daddcf9a7b0023b7c8a20d39f7733325f73.jpg: score=-1;square_without_chart_hint,edge:0.12
Skip non-chart visual asset eebbc745a11faba48a8a8a0c2213f19f36525d46825184310361e5f40528d205.jpg: score=2;chart_ratio,large
Skip non-chart visual asset 8a77081495107390c33adb4fac7f3eeb46696e9ee467aff2ce681c95c78d10fb.jpg: score=2;chart_ratio,large
Skip non-chart visual asset 067f429915d762dd6bccba8a17e47bd0bf90e6d1af877a4986c7c9346dc1dd5c.jpg: score=0;square_without_chart_hint,edge:0.17,large
Skip non-chart visual asset 9a81a3612ec0c9fc5d5712088694915516d7a74458dcc55ec3ce6c4a0a3039c0.jpg: score=-100;too_small:529x157
Skip non-chart visual asset a4af97e37c8403e11a5cba3782067c6f3174f2cc164d09ccc8fafc38aed5300a.jpg: score=-100;too_small:1287x137
Skip non-chart visual asset a101b755852a1dfc5fef230204708efc6e47a9af82cd5e74212007e4334ceafc.jpg: score=0;odd_ratio:4.87,edge:0.28,contrast
Skip non-chart visual asset 1831f76be13b5d33fb186af4508d675bbfb416a3175196dffd6706d1c6ca2bb4.jpg: score=-100;too_small:510x114
Skip non-chart visual asset 5a4e7f3a8b6e8cd4234d91b3d5a2159203581079c7a30f9b835f1dc05172454a.jpg: score=0;square_without_chart_hint,edge:0.25,large
Skip non-chart visual asset 8bc20bc587186794f6e2202d7dad7f1748953cc157c939678f07e71526cddb43.jpg: score=-100;too_small:48x40
Skip non-chart visual asset 9bf97e33f3eb786182f697bad0e17d342eff52180487c3e103fff288a08ddc2b.jpg: score=-100;too_small:43x53
Skip non-chart visual asset b0f246cc38831590bebfce356c3358c06a41f286f7fd23761b5d3f170b1cae27.jpg: score=-100;too_small:45x45
Skip non-chart visual asset 59df0c57282f0450b2a8ed71ef6f36364b46a3c85ddb5df9141e78421646cc7b.jpg: score=-100;too_small:68x50
Skip non-chart visual asset 120e5be8bef17848d6979826f42864a335a1e0a0f7f29f0c8be513fed431e885.jpg: score=-100;too_small:76x60
Skip non-chart visual asset 3d12abca522e1927bd0c806555da075f6b56349f91a4010aec35841656e1e1e9.jpg: score=-100;too_small:76x76
Skip non-chart visual asset b8bd06e58d170ab32733b2d76586e93fd5c9d0ebf18a369dda5709ed0ed0c803.jpg: score=-100;too_small:245x140
Skip non-chart visual asset 0ce920a8ea09b67e33e2c45916dc25e88ac8ca84a7b41eadf62d0b1146c5eb1f.jpg: score=-100;too_small:54x53
Skip non-chart visual asset 9b36f80ab46c5d4254736aa30a43a18b8a16670c6838b36ebcf299d3bd29d813.jpg: score=1;chart_ratio,square_without_chart_hint,edge:0.12,large
Skip non-chart visual asset 43c8676e8d054fe75a3a00262274762a9ab58d6da3e8d52cfc902ab3540e096d.jpg: score=-100;too_small:42x46
Skip non-chart visual asset 207328c6db65d17a68bb5daf7f1678b478410d89bc50114d4363c0e091036530.jpg: score=1;chart_ratio,square_without_chart_hint,edge:0.18,contrast
Skip non-chart visual asset 251465a8d2a0a47e870dd51ad11c2f5afe21df96dd40b107ce6c04033e0df626.jpg: score=-100;too_small:62x54
Skip non-chart visual asset 6c6ff91bd4acce7e0ca48f9c514701f6313591c6355f36d3d02eed2ce06da7c0.jpg: score=-100;too_small:37x39
Skip non-chart visual asset 964cf5c8a32f61a5887d4bbf2361a06e97d71af3af24a5a309189f879986ce0a.jpg: score=-2;odd_ratio:5.78,large
Skip non-chart visual asset 568a4d4a691f225bdb727c7ced5d8259d20a3546c9cae288fa9de9f766a58bcf.jpg: score=-100;too_small:37x40
Skip non-chart visual asset ccc878022cbe159285bdd9bf1e6c46c65128ef83e06903756cd9437f6fa6a3b1.jpg: score=-100;too_small:107x98
Skip non-chart visual asset 9be709431d422de03609364759fcb815c8f52c38d8bd3fa26e3abb163a83607a.jpg: score=2;chart_ratio,large
Skip non-chart visual asset 66710f0d2ab7f3954c6e0bc0080e0bd6dc0366cfc002b6e19df79226541175cb.jpg: score=1;chart_ratio,square_without_chart_hint,edge:0.22,large
Skip non-chart visual asset d69ca8269fc5563478a5c99b752d5314674dd05d3f3cb3c48c3bdcc018387fa7.jpg: score=2;chart_ratio,large
Skip non-chart visual asset 470bddf0762165cfcc812b52e0a90bfc011447b05383add19e57dc00dcb17e71.jpg: score=-100;too_small:93x90
Skip non-chart visual asset 2936bfda089e2739137f771c2a4d73eff445fc4494fd62be2abfdebcf128399c.jpg: score=-100;too_small:71x51
Skip non-chart visual asset df7d095a98274fb76bca257867fff1b0198a918fe3fd44b4f85db069f69873fc.jpg: score=-100;too_small:37x40
Skip non-chart visual asset 089ce1142b96fd833b46c6be3599de1ab8eff284d7c5f6d5f3e6160f6c0d306b.jpg: score=2;chart_ratio,square_without_chart_hint,edge:0.28,contrast,large
Skip non-chart visual asset 467cebc7f96713a8f0a6193a8c1e14fcd01a4904fff77ab10a2ad4c8c5784695.jpg: score=0;chart_ratio,square_without_chart_hint,edge:0.15
Skip non-chart visual asset 5eac6e747271d512490b67a3ecc277367f2bb1eb3696ecafb4a68404e995d74a.jpg: score=-100;too_small:62x76
Skip non-chart visual asset 4bbc97d1541da83ef6d8d3f381194316efce0fb0a76ff90eeaa5e31be071d509.jpg: score=-100;too_small:56x48
Skip non-chart visual asset 54d1ae7dee4c352086fa6845b376a8605dab0aa3aa3ef227eb83f8e0b8716791.jpg: score=-100;too_small:232x131
Skip non-chart visual asset 6d69a4be061984d5d5d32ed73afb160a1f89cf588b1242fe6b6a9674524a78d4.jpg: score=0;chart_ratio,square_without_chart_hint,edge:0.19
Skip non-chart visual asset 69090b2e7929e5be22b8c78ec6382580c81af013e4a583ab64ea79a8ef6095c5.jpg: score=-100;too_small:70x51
Skip non-chart visual asset 1c9b730f12ed555b55149ebe7cdacb3761890d592f9d0b113379ba19d99ef5fd.jpg: score=1;chart_ratio,square_without_chart_hint,edge:0.21,large
Skip non-chart visual asset 5dd6fdeebbd99f74c04bf2b135cf0bcf7ac916793c31e7509f006b0788cfee1e.jpg: score=1;chart_ratio
Skip non-chart visual asset d797c0ac0b62fbad5e24f0bb120f20a8ae0998055c2c129d42e1234970304d2a.jpg: score=-100;too_small:95x93
Skip non-chart visual asset 3085ba257b545da1da855019f1a153c704d4ac978a3e553f7d42eec865a8b413.jpg: score=-100;too_small:45x68
Skip non-chart visual asset 46951d7fdba979077b97d84ab8999878b95cd868b1660436afc7b67a2d5b0372.jpg: score=-100;too_small:115x43
Skip non-chart visual asset 824d3c6735a8c0819f91f5f975f838a5d6b77209e887f2998c1fc88919090ea9.jpg: score=-100;too_small:96x90
Skip non-chart visual asset 5bfeb3a11261b4ef63a3326ec0b4e74e6b245850569369b84b1727459050a450.jpg: score=2;chart_ratio,square_without_chart_hint,edge:0.24,contrast,large
Skip non-chart visual asset 0edd1ae245be32b56bb86a0b7cf799d429b6d64fe6740f83092cf2937735904f.jpg: score=1;large
Skip non-chart visual asset 71ed4f3f2a3a6acc7a198e96f270de32251f20670e1b501272a0342d1e1b3811.jpg: score=-100;too_small:67x59
Skip non-chart visual asset 36552abd9706cf8bc0f57bc01b18b82a59cd16bbf80bf8f0dabaf80fba7565c8.jpg: score=-100;too_small:57x51
Skip non-chart visual asset 28384b7cd824bad7d0868fa5ade55e4fa51ae8685aa56627dee8b96604589bf9.jpg: score=0;odd_ratio:5.16,edge:0.15,contrast
Skip non-chart visual asset c0c07bc943a7e1dc76faa24c126fd12a221a3ffb79a1b917b80ffe5f1259eba0.jpg: score=1;square_without_chart_hint,edge:0.25,contrast,large
Skip non-chart visual asset 1f73f5242dee8bbf851955fdf8bd772f6bd9fe906b1ec3cc8d0c3c62a20fda4b.jpg: score=-100;too_small:92x87
Skip non-chart visual asset b116c7624b8d3f6f53c67aa70bde744d71ed75404105870b430fbdafd3e3b932.jpg: score=-100;too_small:93x87
Skip non-chart visual asset fc4192b5c9739ea6e873f2ec045b89570863fc2a0573349493af393a5c0b5c38.jpg: score=0;chart_ratio,low_edge:0.04,large
Skip non-chart visual asset 1a5430d9a72472340bd58c636151933ee5fbb56a1bb2e77ab3607aca9becd756.jpg: score=-100;too_small:965x71
Skip non-chart visual asset db0e4f083ab794686a598e9704899f0c199fd3d9a286962141000e95637bf2b0.jpg: score=-100;too_small:965x71
Skip non-chart visual asset 3925caa30416dd3b79663d77f62683ef85018856bdba686b548cfe4ac007aa04.jpg: score=-100;too_small:965x67
Skip non-chart visual asset b875abc71fb74b3b5777e2fa59b32e5dc3b9df421293eaf69484e120bbeb47db.jpg: score=-100;too_small:965x59
Skip non-chart visual asset 8a1e9f0c708d35c9f48adc31a6e2c860d31cdcbb78d5ba3fba9bddc27557f7f8.jpg: score=-100;too_small:965x71
Skip non-chart visual asset d4323d336f473172dd9956c9bbd4f171834edcc04057eceeb6a8d3f770d53a43.jpg: score=2;chart_ratio,large
Skip non-chart visual asset f81247949721f5cc32cf42ce487005ef297d1b571fa6991c9790f1ba1b6957f4.jpg: score=2;chart_ratio,large
Skip non-chart visual asset 410b674ac30694098f4d6796ead9838ad57d3df1fab6201aadc3481dbbce7b63.jpg: score=0;square_without_chart_hint,edge:0.26,large
Skip non-chart visual asset c47c868ce6e6d3752965c90e049c23bc76666cfc66d668b2abdf1166aeed3be2.jpg: score=2;chart_ratio,large
Skip non-chart visual asset e673b8c42ac2a7c061ff4cc03de6f9ca6400cb0450b8d11a3aafcf59e1af43e0.jpg: score=2;chart_ratio,large
Skip non-chart visual asset 9b75600f50a7403d9b1002d420fb5e780f44aee64de248eaa6aa6c77dbf70100.jpg: score=-1;odd_ratio:4.97,edge:0.16
Skip non-chart visual asset 938b1254ce1ae96f33eec7075bd3ba8666e3d0c19ab55e3c0f958eafea4ed8b7.jpg: score=-100;too_small:965x71
Skip non-chart visual asset ed17ff8be2b0a1d931e52024f8c17efc8769f97479d7ea5ac617fb5ef8fc7812.jpg: score=2;chart_ratio,large
Skip non-chart visual asset 35d17463fdbadb9785d273587697e4e5e02f0b6bb201c49775a347f9a73aebb7.jpg: score=-100;too_small:965x71
Skip non-chart visual asset e0daa1c03500c7f5b68fe82684c9b65be7125e4edce6bf773e7c83dd7b8e9bc1.jpg: score=-100;too_small:965x71
Skip non-chart visual asset b5baba79e1850d8b4061fde0e3880a05fb20cd9b2a663b7192de0d0319362e6b.jpg: score=-100;too_small:965x71
Skip non-chart visual asset 5d81662dd1b1965edab3eb77566abd4efd297df60483f954084eeaf8a98921d2.jpg: score=2;chart_ratio,large
Skip non-chart visual asset 48285aae6da15fa0e671d8a24671431a5da8013557d72afafa153fc0f0436e18.jpg: score=-100;too_small:965x71
Skip non-chart visual asset 8a8033e49ccd8b92b7b36f6b15862e378c23520519783a25f970dad84662d344.jpg: score=-100;too_small:965x73
Skip non-chart visual asset c20038d2c6f4ab6ee306180718f5cbf3c0d8b414170b196aa8afc0e267cc09a8.jpg: score=-100;too_small:965x71
Skip non-chart visual asset f15f821097c4918d3709d74c33ecc3f0d25e29fcb3b4726ac0deb31f1ac3c9fc.jpg: score=-100;too_small:965x71
Skip non-chart visual asset bbe878b11e55cf05ac60936a99985889d9a55196d92e5a5c86f33a9aabd9c4bf.jpg: score=2;chart_ratio,large
Skip non-chart visual asset 5a110cc8dac788088bc1d5979eee9b4fe09442937abaeb528dc7d573c39c6052.jpg: score=2;chart_ratio,large
Skip non-chart visual asset dcc1ac9882815f2abdc73acf8174c6a39d82829845499878e3439df2dc4357e8.jpg: score=2;chart_ratio,large
Skip non-chart visual asset 39bbdf9f7ae6b606527761f388139ef7ef2e9903a85493f15588a3a14e27e2cc.jpg: score=1;large
Skip non-chart visual asset 2802d489014422dbfa64ae57e64f500ab26119dc3ab9920d42a9fd94e012d59f.jpg: score=2;chart_ratio,large
Skip non-chart visual asset b0a62544f9f76df1e7db37fd6002d2def337c89427886aedebf7f859038638b1.jpg: score=2;chart_ratio,large
Skip non-chart visual asset 9ae336108366235ae6a1e7bbc0cf29ae7bf92252516d1ac53582144c79ab7288.jpg: score=-100;too_small:965x71
Skip non-chart visual asset e703c5147d104c7aa0a11b6327042e8af787a254165a17cc2ae10f5710721126.jpg: score=-100;too_small:965x84
Skip non-chart visual asset 96ae80d62e14d94e2c84f3a1835cb54b96dbd57f4ccded76cb0f918fcedc1452.jpg: score=2;chart_ratio,large
Skip non-chart visual asset 3ec4b6ab37496123f30f766aa9c3bca2e867552eba33a1479a862f2b7fabcec9.jpg: score=2;chart_ratio,large
Skip non-chart visual asset 665bc816cec39ae4ad09976d2242418c34ec598506136bcbc9650bf9cdc1a38c.jpg: score=-100;too_small:965x71
Skip non-chart visual asset 49297f845df3313bbc6462c2261154b8a4a6f1f884e6a3be8c1eca20a69a2a7e.jpg: score=2;chart_ratio,large
Skip non-chart visual asset f6a8c9fd79c93743da75bbecd417bc2722dcde4d14e3bc3c7d0defc06d32aeff.jpg: score=2;chart_ratio,large
Skip non-chart visual asset 690b16b04d9a3ab2b334ef592bf81b943aab92bf1d88652cc4d6c4ca774b54f0.jpg: score=2;chart_ratio,large
Skip non-chart visual asset ef3773e57337d6ed971b3c66a8dd3127aa9c132bc6f36627c4f16bf36c088e5f.jpg: score=2;chart_ratio,large
Skip non-chart visual asset 3e0e602c7bbc09ddf53633a207cc5094928f8d9adf988ab47689b7461211588f.jpg: score=-100;too_small:962x71
Skip non-chart visual asset c394127b5b21eb8b6403b9715d6f44218a9b77b5e29c94290cc52a2d644ffb79.jpg: score=-100;too_small:965x71
Skip non-chart visual asset c430b564c8a5f4702e51543b29e72740242cff4cf86119f39b0f42ad957b4005.jpg: score=-100;too_small:965x68
Skip non-chart visual asset 3e2e4d26e98e1b2f0918f4177986947c8c0cd6f982912a936d5ce5507e2bbfb5.jpg: score=-100;too_small:965x71
Skip non-chart visual asset 1be0fa26a2de3b7dc3ce11be6b80a617af9e17b94e4e928c99b95a6b57c29d9f.jpg: score=-100;too_small:965x71
Skip non-chart visual asset 6cfa1fd7aef442bfe7b769295d54cdcf6fea3bc610d12f842968cac87462c7a7.jpg: score=2;chart_ratio,large
Skip non-chart visual asset 08d14e8716c5c567ae4519df7dc57b538b4db9aeec96f97b59660ae58b65a41e.jpg: score=-100;too_small:965x71
Skip non-chart visual asset 455cf771d30e1d70ef2cefa2ecf3178852c6dcb6b3ee4afee43467afcf99b54e.jpg: score=-100;too_small:965x71
Skip non-chart visual asset 5bca5f5664027fe17161f4636031635e5f83e27588d83f4ac6b5684a33c12258.jpg: score=-100;too_small:965x62
Skip non-chart visual asset 4b8f560d41aceec281b65b3e2bdde485d8fe23b5fe3e4e91fdae08106e0374d1.jpg: score=-100;too_small:965x71
Skip non-chart visual asset 6344a5a5ec9abfbdf7f8b960186f162802f670a61847adaf217dc3f5f6a2fc8d.jpg: score=2;chart_ratio,large
Skip non-chart visual asset 74f623ab2a75b3a3bc37bcc7c79ee995a9d1546229facd8b3cb033045e25974e.jpg: score=-100;too_small:965x59
Skip non-chart visual asset 528a5d97d9f8d5779a467281d841eb6b25670b8be84fbc63c9f0a370a8cf5f0d.jpg: score=-100;too_small:531x87
Skip non-chart visual asset cb5012c4d982223ca0a604ee4d3ad3b6c7368e687c4ac671d4abaf1b02bca208.jpg: score=-100;too_small:515x132
Skip non-chart visual asset 669f7d07cdc6ca78199caad4846e827b7ac4a0cba8523448787442244f7852bb.jpg: score=-100;too_small:526x84
Skip non-chart visual asset 218fbe656467cf98b112ac92a3d1304b2050039d551dce4e9cf23924c3e6596f.jpg: score=-100;too_small:531x87
Skip non-chart visual asset 051669f5f74355cd77e438e494739c169805621aee3c8e47b4bdeda9ada2168e.jpg: score=-100;too_small:531x87
Skip non-chart visual asset 935ae1124dba030e1ee47e52f20e1be52f043b4b1635b4e05b07cc1a38f7abc9.jpg: score=1;large
Skip non-chart visual asset abbc95e3a6bbed55e777f435b8aaa50b9e766e9a7569ce28ce629a254d5431b7.jpg: score=0;square_without_chart_hint,edge:0.26,large
Skip non-chart visual asset bc35ca67922b9c5dbbbf9c969dcb2207395a901dfa674f0385e6d599d75baa03.jpg: score=-100;too_small:529x182
Skip non-chart visual asset 4a6ddc680c40ecdc733b57173af913f951776f2b28acb01b174f6d03cd592eeb.jpg: score=-100;too_small:531x87
Skip non-chart visual asset e4880de61fd245959317affbd94bfc426655e08efaac9d03179abcb98599957d.jpg: score=2;chart_ratio,large
Skip non-chart visual asset 43f00251d5717d7fcb1ea17cabd63f1777655542d39491a4e36c9b5474be8982.jpg: score=1;chart_ratio
Skip non-chart visual asset ee9c82c0e389097c837c6cbb2e9abd55ede1e2fe9c1c94775d6eeb076a0dfba1.jpg: score=1;chart_ratio,square_without_chart_hint,edge:0.23,contrast
Skip non-chart visual asset 9bf0af5fd82ec9fb8babec22333bac990bb57c7d8f26873f580f1db31cdf2f9d.jpg: score=0;chart_ratio,square_without_chart_hint,edge:0.39
Skip non-chart visual asset c9fe693342b57febbff0095991f993d16435d7c5089fbfb7bba72e8d0a835bfd.jpg: score=-100;too_small:465x98
Skip non-chart visual asset 9090896f3800f6add34db1bb6ac2efd91d7ad7fdf33fbb11f950f9d7885ac2c7.jpg: score=-100;too_small:440x42
Skip non-chart visual asset 3e86ca39fd2927e3f5ec2bce1d0c5c7903995c683165a40f3163f3ddd538f7d9.jpg: score=-100;too_small:449x204
Skip non-chart visual asset e6c07927244b8ab940c188cca976474370698fd5ab4106d213aef2b73313032b.jpg: score=1;large
Skip non-chart visual asset 87b05391d53adc7dd1c4930b443e2e3bf6a793d8d23d0cefca25b9a8e47f86e1.jpg: score=-100;too_small:959x93
Skip non-chart visual asset d670bcc8633b36149d2c04b6d50fedc93066178c9f81f94237efa8f4ffbfb8ae.jpg: score=0;square_without_chart_hint,edge:0.37,large
Skip non-chart visual asset e81c7efa1b3f18eb04ad5f80feff93302fd14829c77008abf19dcf6940aa1d8a.jpg: score=-100;too_small:457x104
Skip non-chart visual asset 3d9a82a8e163a193cfa3053ef81bb65df54030157e1e7effff07059275c79ef8.jpg: score=-100;too_small:521x112
Skip non-chart visual asset 14fb5f510d88643e9a70b929550424c98629783b58d8ec9fd08dfe11fd9e1706.jpg: score=1;chart_ratio,square_without_chart_hint,edge:0.29,large
Skip non-chart visual asset e6e75e744159d202c061eb87b5c340bdf88cf9131c9d1b178ae1036e0cbc1977.jpg: score=-100;too_small:901x143
Skip non-chart visual asset 48022d717c53ebfe983a8457bc8bb80169456aac957ae83c520c0afbd837446f.jpg: score=-100;too_small:521x137
Skip non-chart visual asset 6d9b989e52f1f98a195472788aabbccc182d6b53aed925ee51c14d3d73b1a569.jpg: score=-100;too_small:465x164
Skip non-chart visual asset b7c699a93f6b60d5b704c2b216fddd21648a5a3806cf9116e8d4c7b3284a89c8.jpg: score=-100;too_small:959x121
Skip non-chart visual asset 5c8c428700774d83f96a5a2e9ed74d122cbc522b5ed03766d546c7ddc8e257f0.jpg: score=0;square_without_chart_hint,edge:0.45,large
Skip non-chart visual asset efaff2ee81574ffe501b31b4d990c69d89c9f41522b4e4ad44a48fdf3c1cb209.jpg: score=1;chart_ratio,square_without_chart_hint,edge:0.29,large
Done. Results written to /home/runner/work/rpt_edit/rpt_edit/xhs_notes/dropbox/260716/shard_15; successful_reports=5; mineru_timed_out=False; mineru_attempts=1
All batches completed successfully. Generated 5 report directories.
