Found 55 total PDFs; shard 6/40 has 5 PDFs, skips 0 already converted, will process 5 PDFs with batch_size=5.
Running batch 1: 5 PDFs
Found 5 PDFs. MinerU token slots available=2.
MinerU attempt 1/4 using MINER_U_2: submitting 5 PDF(s).
Uploading PDF to MinerU: /tmp/pdf_batch_001_tdsajczj/pdfs/0001-31-Goldman Sachs-Europe Branded Consumer Goods- Luxury Goods- Watches round-up June 2026- Swiss Watch Exports -11- y y- latest industry news wrap-260721.pdf
Uploading PDF to MinerU: /tmp/pdf_batch_001_tdsajczj/pdfs/0002-32-Goldman Sachs-GE Aerospace-GE.US-More upward estimate revisions-while market position remains strong-Buy-260719.pdf
Uploading PDF to MinerU: /tmp/pdf_batch_001_tdsajczj/pdfs/0003-33-Goldman Sachs-Global Markets Daily- Can Japanese Savings Boost JGBs--260720.pdf
Uploading PDF to MinerU: /tmp/pdf_batch_001_tdsajczj/pdfs/0004-34-Goldman Sachs-Japan Automobiles-Asia Investor Feedback-Interest is Returning-260721.pdf
Uploading PDF to MinerU: /tmp/pdf_batch_001_tdsajczj/pdfs/0005-35-Goldman Sachs-LONGFOR GROUP -0960.HK- 1H26 Preview- DP margin weakness persists despite IP growth and on-track deleveraging- Neutral-260720.pdf
MinerU attempt 1 using MINER_U_2 batch_id=f05c84a4-3d05-4524-ae27-dd27ac15c5fc
MinerU states: running, pending, pending, pending, pending
MinerU states: done, running, running, running, running
MinerU states: done, done, done, done, done
Skip non-chart visual asset 846ac65380266574f77115036020e9e5c373915f9fca6bc06d667f58ef1c91d4.jpg: score=-100;too_small:1159x106
MinerU images did not look like charts; keeping only the title card and letting downstream AI fill body images.
Skip non-chart visual asset 4b53967dff4e02884a460536dd08b4fcd505627ea990b4ffe951c21f44ad2fed.jpg: score=-100;too_small:1159x112
/home/runner/work/rpt_edit/rpt_edit/scripts/pdf_to_xhs_batch.py:293: DeprecationWarning: Image.Image.getdata is deprecated and will be removed in Pillow 14 (2027-10-15). Use get_flattened_data instead.
  pixels = list(gray.getdata())
Skip non-chart visual asset 9319a9c4f8d3e4ece59181411c4dc8e7af2383c0741546083278e3f55c078364.jpg: score=0;square_without_chart_hint,edge:0.36,large
Skip non-chart visual asset dbc4a1625235c6921cab8450e63316a343c2bce2ec02cd5f3e7c3fd9aa828e9e.jpg: score=1;chart_ratio,square_without_chart_hint,edge:0.30,large
Skip non-chart visual asset e99d2ecb98cc099c17a7d60941deb011a192cdd92b1636f7f6265f31ab2884a1.jpg: score=1;chart_ratio,square_without_chart_hint,edge:0.35,large
Neutralized WeChat title while keeping the report: 高盛：收入126亿美元，同比增长24% -> 高盛：研究主题与行业变化观察
Skip non-chart visual asset 816250d0d86575c395b1cf4dd6263283bfcef320a45c5accac5fdd3f5d746843.jpg: score=-100;too_small:437x104
Neutralized WeChat title while keeping the report: 高盛：日本储蓄回流能否支撑国债市场 -> 高盛：研究主题与行业变化观察
Skip non-chart visual asset 5f842f5b9dfe7d99d8a7b8e324954b0a7ab7f8f3fa146e978d3fc85a50898f3d.jpg: score=-100;too_small:1156x110
MinerU images did not look like charts; keeping only the title card and letting downstream AI fill body images.
Neutralized WeChat title while keeping the report: 高盛：日本汽车-亚洲参与者反馈-兴趣回升 -> 高盛：汽车行业数据与主题变化观察
Skip non-chart visual asset 3d2049b77002949cb33ca1b6b4d6f4827ceb677d04e6ba089d542c828dd63cc6.jpg: score=-100;too_small:1153x106
Skip non-chart visual asset 4fce914f9c0d2171fc5c749b8a88504aff128adde83eb0cd3a9d203c26ff21db.jpg: score=-1;square_without_chart_hint,edge:0.26
Done. Results written to /home/runner/work/rpt_edit/rpt_edit/xhs_notes/dropbox/260721/shard_6; successful_reports=5; mineru_timed_out=False; mineru_attempts=1
All batches completed successfully. Generated 5 report directories.
