Found 20 total PDFs; shard 3/40 has 5 PDFs, skips 0 already converted, will process 5 PDFs with batch_size=5.
Running batch 1: 5 PDFs
Found 5 PDFs.
Uploading PDF to MinerU: /tmp/pdf_batch_001_6whccmb5/pdfs/0001-18-Goldman Sachs-EUROPE WEEKLY KICKSTART-1Q26 Earnings Tracker- Late season update-260515.pdf
Uploading PDF to MinerU: /tmp/pdf_batch_001_6whccmb5/pdfs/0002-19-Goldman Sachs-Energy- Utilities - Mining Pulse- Investors Asking- What Stocks Led and Lagged During Earnings Season - And Now What--260515.pdf
Uploading PDF to MinerU: /tmp/pdf_batch_001_6whccmb5/pdfs/0003-20-Goldman Sachs-JAPAN WEEKLY KICKSTART-Critical thinking- 4Q 3 26 results summary -as of May 14--260515.pdf
Uploading PDF to MinerU: /tmp/pdf_batch_001_6whccmb5/pdfs/0004-21-Goldman Sachs-KOREA WEEKLY KICKSTART-KOSPI tumbled by 6- on Friday- erasing weekly gains amid the Summit and strong foreign outflows-260515.pdf
Uploading PDF to MinerU: /tmp/pdf_batch_001_6whccmb5/pdfs/0005-22-JPM-Hardware - Networking C1Q26 Optical Market Update-Datacom Market Outlook Revised Higher- Positive for COHR- FN- and LITE-260515.pdf
MinerU batch_id=9b8ab867-df3f-45cd-aa25-10d5e4d447ee
MinerU states: pending, pending, pending, pending, pending
MinerU states: running, running, running, running, running
MinerU states: running, running, running, running, running
MinerU states: running, running, done, running, running
MinerU states: running, running, done, running, running
MinerU states: running, done, done, running, running
MinerU states: running, done, done, done, running
MinerU states: running, done, done, done, running
MinerU states: running, done, done, done, running
MinerU states: running, done, done, done, done
MinerU states: done, done, done, done, done
Done. Results written to /home/runner/work/rpt_edit/rpt_edit/xhs_notes/dropbox/260517/shard_3
All batches completed successfully.
