Found 12 total PDFs; shard 1/40 has 5 PDFs, skips 0 already converted, will process 5 PDFs with batch_size=5.
Running batch 1: 5 PDFs
Found 5 PDFs.
Uploading PDF to MinerU: /tmp/pdf_batch_001_k33po4fs/pdfs/0001-06-Goldman Sachs-GLOBAL RATES TRADER Relaxed- Not Relieved-260522.pdf
Uploading PDF to MinerU: /tmp/pdf_batch_001_k33po4fs/pdfs/0002-07-Goldman Sachs-Global FX Trader-Divergence Dialed Up-260522.pdf
Uploading PDF to MinerU: /tmp/pdf_batch_001_k33po4fs/pdfs/0003-08-Goldman Sachs-WEEKLY FUND FLOWS-Europe Buys US Again-260522.pdf
Uploading PDF to MinerU: /tmp/pdf_batch_001_k33po4fs/pdfs/0004-09-Nomura-Asia Chart Alert-China- Sustained decline in domestic auto sales volume in May-260522.pdf
Uploading PDF to MinerU: /tmp/pdf_batch_001_k33po4fs/pdfs/0005-10-Nomura-US Economic Weekly-Hawkward Pause-260522.pdf
MinerU batch_id=3dc6b8a5-e262-458b-ad7b-2e1554ee68d6
MinerU states: pending, pending, pending, pending, waiting-file
MinerU states: pending, pending, pending, done, pending
MinerU states: pending, pending, pending, done, pending
MinerU states: running, running, running, done, running
MinerU states: running, running, running, done, running
MinerU states: done, done, running, done, running
MinerU states: done, done, running, done, running
MinerU states: done, done, running, done, running
MinerU states: done, done, running, done, running
MinerU states: done, done, done, done, done
Done. Results written to /home/runner/work/rpt_edit/rpt_edit/xhs_notes/dropbox/260524/shard_1
All batches completed successfully.
