Found 62 total PDFs; shard 10/40 has 5 PDFs, skips 0 already converted, will process 5 PDFs with batch_size=5.
Running batch 1: 5 PDFs
Found 5 PDFs. MinerU token slots available=2.
MinerU attempt 1/4 using MINER_U_2: submitting 5 PDF(s).
Uploading PDF to MinerU: /tmp/pdf_batch_001_ok8m7k8s/pdfs/0001-51-Morgan Stanley-Greater China Semiconductors-2026 Shanghai WAIC takeaways- SuperPods enabled by China-s scale-up technology-260721.pdf
Uploading PDF to MinerU: /tmp/pdf_batch_001_ok8m7k8s/pdfs/0002-52-Morgan Stanley-NIO Inc.-9866.HK-Evolving from captive silicon to an AI chip platform-260721.pdf
Uploading PDF to MinerU: /tmp/pdf_batch_001_ok8m7k8s/pdfs/0003-53-Morgan Stanley-Lululemon Athletica Inc.-LULU.US-Underweight Unpacked- Why -Shrink to Grow- Is the Next Chapter for LULU-260722.pdf
Uploading PDF to MinerU: /tmp/pdf_batch_001_ok8m7k8s/pdfs/0004-54-Morgan Stanley-Salesforce- Inc.-CRM.US-When Does a Willingness to Disrupt Itself Pay Off- Downgrade to Equal-weight-260721.pdf
Uploading PDF to MinerU: /tmp/pdf_batch_001_ok8m7k8s/pdfs/0005-55-Morgan Stanley-Tesla Inc - North America The Road to ROI-Patience Required-260723.pdf
MinerU attempt 1 using MINER_U_2 batch_id=8bc5d1bf-cec0-4af9-8134-60f299123d79
MinerU states: pending, pending, pending, pending, pending
MinerU states: pending, pending, pending, pending, pending
MinerU states: pending, pending, pending, pending, pending
MinerU states: pending, pending, pending, pending, pending
MinerU states: pending, pending, pending, pending, pending
MinerU states: pending, pending, pending, pending, pending
MinerU states: pending, pending, pending, pending, pending
MinerU states: pending, pending, pending, pending, pending
MinerU states: pending, pending, pending, pending, pending
MinerU states: pending, pending, pending, pending, pending
MinerU states: pending, pending, pending, pending, pending
MinerU states: pending, pending, pending, pending, pending
MinerU states: pending, pending, pending, pending, pending
MinerU states: pending, pending, pending, pending, pending
MinerU states: pending, pending, pending, pending, pending
MinerU states: pending, pending, pending, pending, pending
MinerU states: pending, pending, pending, pending, pending
MinerU states: pending, pending, pending, pending, pending
MinerU states: pending, pending, pending, pending, pending
MinerU states: pending, pending, pending, pending, pending
MinerU states: pending, pending, pending, pending, pending
MinerU batch 8bc5d1bf-cec0-4af9-8134-60f299123d79 had no parsing progress after 300s; switching token/retry path.
5 PDF(s) remain incomplete after attempt 1.
MinerU attempt 2/4 using MINER_U: submitting 5 PDF(s).
Uploading PDF to MinerU: /tmp/pdf_batch_001_ok8m7k8s/pdfs/0001-51-Morgan Stanley-Greater China Semiconductors-2026 Shanghai WAIC takeaways- SuperPods enabled by China-s scale-up technology-260721.pdf
Uploading PDF to MinerU: /tmp/pdf_batch_001_ok8m7k8s/pdfs/0002-52-Morgan Stanley-NIO Inc.-9866.HK-Evolving from captive silicon to an AI chip platform-260721.pdf
Uploading PDF to MinerU: /tmp/pdf_batch_001_ok8m7k8s/pdfs/0003-53-Morgan Stanley-Lululemon Athletica Inc.-LULU.US-Underweight Unpacked- Why -Shrink to Grow- Is the Next Chapter for LULU-260722.pdf
Uploading PDF to MinerU: /tmp/pdf_batch_001_ok8m7k8s/pdfs/0004-54-Morgan Stanley-Salesforce- Inc.-CRM.US-When Does a Willingness to Disrupt Itself Pay Off- Downgrade to Equal-weight-260721.pdf
Uploading PDF to MinerU: /tmp/pdf_batch_001_ok8m7k8s/pdfs/0005-55-Morgan Stanley-Tesla Inc - North America The Road to ROI-Patience Required-260723.pdf
MinerU attempt 2 using MINER_U batch_id=c9853a1a-136a-446e-b9d1-03a63499b0c5
MinerU states: running, running, running, pending, waiting-file
MinerU states: running, running, done, running, running
MinerU states: done, done, done, running, done
MinerU states: done, done, done, running, done
MinerU states: done, done, done, done, done
/home/runner/work/rpt_edit/rpt_edit/scripts/pdf_to_xhs_batch.py:293: DeprecationWarning: Image.Image.getdata is deprecated and will be removed in Pillow 14 (2027-10-15). Use get_flattened_data instead.
  pixels = list(gray.getdata())
Skip non-chart visual asset 0e4eb0ce22ccfba6776cc82ed629b97d97cf2dabd6559da0045679c58d2e71b4.jpg: score=1;square_without_chart_hint,edge:0.42,contrast,large
Skip non-chart visual asset 83004de0832990080643f5fca6ddaa621d9686d2f2b77909a69f9473a9149670.jpg: score=1;chart_ratio
Skip non-chart visual asset b7ae0bd7809c046a28967c1d2199016ee2816b046e3079ae9a911c4a45f9a984.jpg: score=2;chart_ratio,square_without_chart_hint,edge:0.13,contrast,large
Skip non-chart visual asset 7ad1e459a4513a7b3985904424f2c8d285eb0b3dbf25acb53f15ec5d0cf4674d.jpg: score=-100;too_small:518x134
Skip non-chart visual asset 297274f83572aee4d8f4ddadc26ddbb161835cacd851d7b9f08524d25e90cf37.jpg: score=2;chart_ratio,contrast
Skip non-chart visual asset e26d9de7e9756f384fb667ca0e431c16809c713c27f7227a8d78cee27ba01e3d.jpg: score=1;square_without_chart_hint,edge:0.44,contrast,large
Skip non-chart visual asset ed8048a81b10d22098bf07d489d1068f888b2e76699b2a081c5c283330e66cb9.jpg: score=1;large
Skip non-chart visual asset b3954184bb5aaaeb5e944b72fdcac0982288efd9860f9af8bb7f170d61b350d3.jpg: score=1;chart_ratio
Skip non-chart visual asset 01cf8560b14c8df78d635ec97db041eb8278ed4b3b3366981a51631ca0f13b87.jpg: score=2;chart_ratio,square_without_chart_hint,edge:0.24,contrast,large
Skip non-chart visual asset b834e21fb641ff2aa530035748c701e50d2dad5b29ac7892d2234f8cd2b64a67.jpg: score=2;chart_ratio,square_without_chart_hint,edge:0.51,contrast,large
Skip non-chart visual asset 254abc66d3854a4110bd6541c7ede42026a97d624d45c15701318aaef73ded5d.jpg: score=1;chart_ratio
Skip non-chart visual asset 1da50925ef35c63732110707c16e35bf197888f7677547eb210608ae2fd1a1e1.jpg: score=-100;too_small:449x148
Skip non-chart visual asset 3291fa4675295c80f2487322d75ce6dbe23e82f6b6dd63482f4c15902c3b1a71.jpg: score=1;large
Skip non-chart visual asset fb08b86e6aee7089ad39c9b89a8f35034749d40307de150745e84b33994c0dd6.jpg: score=-100;too_small:437x37
Skip non-chart visual asset a1bd9ceb9035ac4d7d17b4904145b5aef2ff2d622596bb30a6d9bd2783e6f6f0.jpg: score=2;chart_ratio,large
Skip non-chart visual asset fc31429b2be4e188d199e8c2297ae073e61e5612cefbec7d22c1cb887248e9b2.jpg: score=-100;too_small:518x135
Skip non-chart visual asset 8bcbefbba3bc0d8e94371426b9a8aefa4ec5bbe603d2b560f50ce9b4a194b904.jpg: score=-100;too_small:929x112
Skip non-chart visual asset fccce23683cfe33740c0b4ee0e1ca337c6e7e3ac28b30692522d68c13ea28b6b.jpg: score=-100;too_small:504x114
Skip non-chart visual asset a7897c135573a669a9234c13e67babf575216fc955e6b519be7753139c1e6eea.jpg: score=-100;too_small:512x114
Skip non-chart visual asset 7b379040160fcf918fbdb3f3c1d26d3f6c6bd2796092ca97b71dffff02ef59b1.jpg: score=-100;too_small:437x109
Skip non-chart visual asset 1af9293c7880d171cb650767b3e4aa4ad730ecf662276903d3ec6980b1a8dcd1.jpg: score=0;chart_ratio,square_without_chart_hint,edge:0.40
Skip non-chart visual asset 9cd833bbf6304942df19f4ce5e0c70bdbe436ad36727a8e206ba64de9410a9b7.jpg: score=-1;square_without_chart_hint,edge:0.13
Skip non-chart visual asset d643ad303723b8f1be82fd1ffa53d327958b2122c35a829c10d4522d063b7d86.jpg: score=-100;too_small:348x129
Skip non-chart visual asset 7789d5bf711c30d2242755a42309ee884785ca9e14a529cd74a2a5ea1b6e9b13.jpg: score=-100;too_small:342x126
Skip non-chart visual asset 2eff755c84981b2a7732c7026eb917f980d6dc9c65e328551fc8339217e7ee5f.jpg: score=0;square_without_chart_hint,edge:0.18,large
Skip non-chart visual asset 0951b3908e9d9a7352d15c594c6c8e017cd881922dc13a9e513f0b206fc16588.jpg: score=-100;too_small:449x151
Skip non-chart visual asset f9848ae632a0ae7f45e56c5ca4d3f93f21966144fbf650b97970a9af2df1c29a.jpg: score=2;chart_ratio,large
Skip non-chart visual asset 2dcca4029899bb0311d1ae678b5da47f7a48621c567e192fd517559a0492f1f6.jpg: score=-100;too_small:417x204
Skip non-chart visual asset f4b9e8bd48d142bd716bd7362ac9c8b98ede70d6588bacef85da4b0b5ea04ac8.jpg: score=-100;too_small:529x184
Skip non-chart visual asset 5d627322d68984355c52a342d7ce0cf6b384c42ea498e4fc6c2c348963232124.jpg: score=1;large
Skip non-chart visual asset 446c32f96c1bd5ccdcf84d6f24bbf9a0583ea77061c6cbe54e31ef2ec219d89b.jpg: score=-1;square_without_chart_hint,edge:0.11
Skip non-chart visual asset 0727ea10d90b6cd5572e7920986d4a573ede8aa0419a45b5f2cf7ee48543ad9f.jpg: score=-100;too_small:501x112
Skip non-chart visual asset c973329ad66634deef6f1431d567a601ce33ed6c9fc96e9fedcc4de5bb71fdfb.jpg: score=-100;too_small:437x110
Skip non-chart visual asset 4088445e9b7d062c61d116185be02d1f9a086a237e4c7ac6fb90a43755e6f8b7.jpg: score=-100;too_small:529x156
Skip non-chart visual asset 2c25c85d97c7727615b112b4f90f6b01f5d95a1a8b59572b4e8e73e20e1cbedb.jpg: score=-100;too_small:449x201
Skip non-chart visual asset add14c36eeeeaf3305f16db761f22de40fc146fcefaefbea2808795f5d65aad1.jpg: score=-100;too_small:435x70
Skip non-chart visual asset 28b1d373620e70fcf350832fd088303fd1eaad15b5919862c08622f67d9bf40f.jpg: score=-100;too_small:645x84
Skip non-chart visual asset 9ad3d812ff1d566c801f8dbfbcf3dd33b64633aef211f72e5f04e0ae1dbf29f8.jpg: score=-100;too_small:417x232
Skip non-chart visual asset a7b482e0c353443c4248177b0adb8176b0669ede7ffe6c08ef4081d151b156a5.jpg: score=-100;too_small:312x82
Skip non-chart visual asset 4be898d158618c2e3043ee9b84472c93d4c0d60de39205b6f9c924b184375545.jpg: score=1;large
Skip non-chart visual asset af558ddd75e72e74c92e36b44106ff908f9b9a867da523d4b428ff60a2000416.jpg: score=2;chart_ratio,large
Skip non-chart visual asset fb7351be54de9a8137b43af1ed91c74dca5e540b4f844f2b569b0508ef2b35b8.jpg: score=1;chart_ratio,square_without_chart_hint,edge:0.21,large
Skip non-chart visual asset 831b8909905565b4be691ed883a17be94e49a7a1c531972e9abb6464f5186d48.jpg: score=-100;too_small:529x173
Skip non-chart visual asset e28593c5f6379696b3132a455304061c0a99be97d1ac3bfcbcdaf7a51815ab5f.jpg: score=1;chart_ratio,square_without_chart_hint,edge:0.16,large
Skip non-chart visual asset 6c9fbda907c96bb2c9101a3f51c1a2a209f4089403530c11a0084337f0a3b3c2.jpg: score=0;square_without_chart_hint,edge:0.44,large
Skip non-chart visual asset 7a7f7cd111f311c4820992d773c83d560e0059e39a460b5f896d8d8a6b497c6e.jpg: score=-100;too_small:529x154
Skip non-chart visual asset dfdf261c712302b0d216b4987cb0c1156e10421721a97a1ec2860a08e8d80781.jpg: score=-100;too_small:451x70
Skip non-chart visual asset e1780815a5df7eba3dd256541cce52aad196f2828ee3b6408f6b551fe1051b75.jpg: score=-100;too_small:1292x68
Skip non-chart visual asset 797c6e0762c17eefe675e223419e32641b97d89f55457adb7957ca3b130a46c0.jpg: score=0;chart_ratio,square_without_chart_hint,edge:0.10
Skip non-chart visual asset aefd593fc907d64fa071018b53319f01e87e49f9933a7c9a41cddddb4ddb1bf6.jpg: score=-100;too_small:437x109
Skip non-chart visual asset 4b4aba72a2558581ebfaf5dcb0b75f6423409e650a7c889e7305c573384166f3.jpg: score=1;large
Skip non-chart visual asset b1368e8b930052950555ba98c62eb823de8ccd237e9d12d111c0e7ae439777bc.jpg: score=-100;too_small:899x107
Skip non-chart visual asset c1e286dd3eb186337656733043636c2b06a3a45f029c1661733cd7a03cb09973.jpg: score=2;chart_ratio,large
Skip non-chart visual asset aba2e50b5816111abd37f7ca89fb546832d1960c5e6bff8225a5aa932d3ac7d9.jpg: score=2;chart_ratio,large
Skip non-chart visual asset 2858bcff5777b9d5275cd28065c5614957c7b64c67bdc1ba7fae382f0556d63e.jpg: score=2;chart_ratio,square_without_chart_hint,edge:0.53,contrast,large
Skip non-chart visual asset f091ccfc9d8b2b018beddcd036261c69a29a7f2385faa9daf4f9f99ff1b46783.jpg: score=-100;too_small:529x151
Skip non-chart visual asset eebbaf9e1a234e144087da7a920bc04ca688e69940b505bd2dbc22be364679fa.jpg: score=2;chart_ratio,large
Skip non-chart visual asset 60cab5c91b9fa9c0ec1910719bbbbb7f88264133d96c2061449b255451e328ff.jpg: score=-100;too_small:504x112
Skip non-chart visual asset d71cca72f9635e9f61303b7748198a34839a4367ede1a9b32d13873b6af881c1.jpg: score=-100;too_small:449x162
Skip non-chart visual asset c2b1d96376752b562b591688f8f4ffe63fe94a0eb75b2d84f7d64dff3b7f9c14.jpg: score=0;square_without_chart_hint,edge:0.16,large
Neutralized WeChat title while keeping the report: 摩根士丹利：核心变化是估值倍数从15倍FCF降至10倍FCF -> 摩根士丹利：核心变化是业务与近期数据观察
Skip non-chart visual asset a5570e92d9d4b1a7da80a9003516c4c9c1d1e618e2f1d763583714de57b9f276.jpg: score=1;square_without_chart_hint,edge:0.34,contrast,large
Skip non-chart visual asset 0ad820b13150fec78399b54fba6e7a64fd41c70a73ff847f535469de29e54438.jpg: score=-100;too_small:453x67
Skip non-chart visual asset c5c097fe074c3d2b8a790d721ba330a483e5f9afaa8ea7032767c69ca5c02970.jpg: score=1;square_without_chart_hint,edge:0.35,contrast,large
Skip non-chart visual asset eb5f945e84db8ac5ba097502756815bb11b33eb98a1a40c37a5f305caa3e7d54.jpg: score=-100;too_small:529x154
Skip non-chart visual asset c17ddc7402a709acdd02ca1a00954a9b754687572e97696e214fbad4fc57bde1.jpg: score=-100;too_small:501x109
Skip non-chart visual asset ff15f1281561dfdaccf1bfbfa379f8b66886a5502746e21aa1a61f1050df602f.jpg: score=2;chart_ratio,large
Skip non-chart visual asset 1b00d9d8e265399f6bb75921cf9a0fd2b5cc78603d2b32dd3e00f28e6b2231de.jpg: score=-100;too_small:307x84
Skip non-chart visual asset 452065bee47b2f0e69c57123078cab8d1974af2e97d4f61037bfd3c834acbcfd.jpg: score=2;chart_ratio,square_without_chart_hint,edge:0.25,contrast,large
Skip non-chart visual asset aedb9a35fad09789ab6bde9c6c58d14509af548e243234af09ede3665070fe2e.jpg: score=-100;too_small:903x112
Skip non-chart visual asset 3d1b48c3b0df47491429af8e5cf0e775948fd43f42e9a17297aba5c12c7cde04.jpg: score=-100;too_small:446x164
Skip non-chart visual asset 001f372a8a23c7cc8263517e55852cccbd653902bdc547205f45d92fad4a2783.jpg: score=1;chart_ratio,square_without_chart_hint,edge:0.22,large
Skip non-chart visual asset c89453d33062c42353bbdb5c1908051dd494eb4b511ada27ebf59723173f2f58.jpg: score=-100;too_small:334x157
Skip non-chart visual asset e51256a9e0b60c329e4148cad5a1db5a12382d519ab7e4b4e899d0dd54fbd866.jpg: score=1;large
Skip non-chart visual asset 3e2ed9e1f3c06020c8459ca6b542afcd13c9a3b48caff808d386471280b1c01a.jpg: score=-100;too_small:529x123
Skip non-chart visual asset 8baab8d6f3894024cda371c17c5672e23199d0598c51d90d06982feb34125235.jpg: score=2;chart_ratio,large
Skip non-chart visual asset 221cc8f75e06922720c6dffb3f18e38da988e0ff3304c60054a274428a6506b2.jpg: score=-100;too_small:437x109
Skip non-chart visual asset d8cc5d139e9feacb84c2aec516f1724339b3005fc52d00da874811b636674299.jpg: score=-2;chart_ratio,square_without_chart_hint
Done. Results written to /home/runner/work/rpt_edit/rpt_edit/xhs_notes/dropbox/260723/shard_10; successful_reports=5; mineru_timed_out=True; mineru_attempts=2
All batches completed successfully. Generated 5 report directories.
