Found 91 total PDFs; shard 16/40 has 5 PDFs, skips 0 already converted, will process 5 PDFs with batch_size=5.
Running batch 1: 5 PDFs
Found 5 PDFs. MinerU token slots available=4.
MinerU attempt 1/4 using MINER_U: submitting 5 PDF(s).
Uploading PDF to MinerU: /tmp/pdf_batch_001_700crre6/pdfs/0001-81-Morgan Stanley-TSMC preview and CoWoS update - CPU- GPU- ASIC- Optical- China AI Compute-260724.pdf
Uploading PDF to MinerU: /tmp/pdf_batch_001_700crre6/pdfs/0002-82-Nomura-AI Semi-TSMC shares react negatively despite guidance beat-260724.pdf
Uploading PDF to MinerU: /tmp/pdf_batch_001_700crre6/pdfs/0003-83-Morgan Stanley-VNET Group Inc-VNET.US-2Q26 preview and our thoughts on recent performance-260723.pdf
Uploading PDF to MinerU: /tmp/pdf_batch_001_700crre6/pdfs/0004-84-Morgan Stanley-Yageo Corp.-2327.TW-2Q preview - tightening MLCC narrative is unchanged-260722.pdf
Uploading PDF to MinerU: /tmp/pdf_batch_001_700crre6/pdfs/0005-85-Nomura-Asia AI Server-Upsides from neoclouds in the late GB300 cycle-260724.pdf
MinerU attempt 1 using MINER_U batch_id=4f7649d1-875c-4f80-a278-9957febaa148
MinerU states: done, done, done, waiting-file, waiting-file
MinerU states: done, done, done, done, done
/home/runner/work/rpt_edit/rpt_edit/scripts/pdf_to_xhs_batch.py:307: DeprecationWarning: Image.Image.getdata is deprecated and will be removed in Pillow 14 (2027-10-15). Use get_flattened_data instead.
  pixels = list(gray.getdata())
Skip non-chart visual asset f85196e4bd27f798be494de64cb95353f74398fb2fac93733be2de8cb1d6aea4.jpg: score=0;square_without_chart_hint,edge:0.12,contrast
Skip non-chart visual asset 9249a621ff3436a9ba672fdb4b504237997c462f290f770e0112f077176c1b5b.jpg: score=-100;too_small:237x129
Skip non-chart visual asset 7a6a372fa6e36f04dc3d30d833bc3de21aa4f178871993ee4d1f6701f7f42224.jpg: score=0;square_without_chart_hint,edge:0.42,contrast
Skip non-chart visual asset acca320369d52334b1c4c3b0519f7bd466cff086c4a7a932858cf247263117a4.jpg: score=-100;too_small:893x165
Skip non-chart visual asset 0b0b2c471d351e70da6fab178c31e66124e0d125a62953ed9982594b9cbf5a5f.jpg: score=1;chart_ratio
Skip non-chart visual asset 2c7deaed100aab47454d2baf2502af758f3db02b35eb69b49939e9f00505a06e.jpg: score=2;chart_ratio,square_without_chart_hint,edge:0.24,contrast,large
Skip non-chart visual asset 56a37ff25f75e1f0b3c8004283678943bb4ff02bd21bb714f15ac55ade492e06.jpg: score=-100;too_small:116x66
Skip non-chart visual asset a2283bf63c488a8e475be2f2e3bc88b370e5e7389f6a2755a473b79ebcc3442b.jpg: score=-100;too_small:231x131
Skip non-chart visual asset 949d5680b758b57cc4137f04b1a353dbddcf3e034b7a8014a3bca4d77ce06733.jpg: score=2;chart_ratio,square_without_chart_hint,edge:0.29,contrast,large
Skip non-chart visual asset 23cd01b5d42ec60ff432962f71a4d144bc5bbaed6bfbddb23d92a0be17ca287d.jpg: score=1;chart_ratio,square_without_chart_hint,edge:0.18,contrast
Skip non-chart visual asset aa76c3ff8807df15091325fdf4416e3207120d2df6c5dac829a14483141aa87f.jpg: score=-2;odd_ratio:6.74,large
Skip non-chart visual asset af9efc1c949ad4b32c41df4505ac9f98f9c2e8e2a209f0ed3a59c9cd5600a8ef.jpg: score=2;chart_ratio,square_without_chart_hint,edge:0.13,contrast,large
Skip non-chart visual asset 5a6e3dcb4d6b0e18774c72045756f9b115f2db27c16135fe68c9423a2d926cd3.jpg: score=1;chart_ratio,square_without_chart_hint,edge:0.12,contrast
Skip non-chart visual asset aa29c1174a16da16bc00524a0c9811daf66aed88f60bed8ffd3b1a2110a969ab.jpg: score=-100;too_small:237x126
Skip non-chart visual asset 92a957632953d379707733a5720fc2bb72fda6c4d31c86f90c8cdd067efac434.jpg: score=-100;too_small:512x137
Skip non-chart visual asset e4846e705937d25f4ecb64188a9b8204cf9dda3810d247fe9ea9268f43d4f677.jpg: score=1;chart_ratio,square_without_chart_hint,edge:0.11,contrast
Skip non-chart visual asset 80634b86165199a27acbb5562254bad7edbeab06da4b8898a805c550ed6d0ca7.jpg: score=1;chart_ratio
Skip non-chart visual asset ddb55c6505ae596b0696f134f8cf96ff3fc6a9faab54f9c81cca4338f22f81d1.jpg: score=-100;too_small:171x146
Skip non-chart visual asset a12996a8cdc36e4a5d7a0e034009749d5c74c7f6b2ea739fbadf43c3db6a0d69.jpg: score=-100;too_small:222x88
Skip non-chart visual asset 9b9ffa564e5be6691406bec085de669478f06c4acab47234018cddee75dd0b37.jpg: score=-100;too_small:476x84
Skip non-chart visual asset c6668ed916709021be79d4bedd42816e4b0e75e765aa56a1bc1a2f5622ac77e1.jpg: score=-100;too_small:287x101
Skip non-chart visual asset bb4bf763da62f42c60bd0a3c6917427eb291d9c283304f39ac10574bc8883915.jpg: score=-1;chart_ratio,square_without_chart_hint,contrast
Skip non-chart visual asset 19f4314388a8311e1c57abe68f8aff7a9fe6865c1a1ed011f93a2acf845758b1.jpg: score=-100;too_small:232x146
Skip non-chart visual asset cd5508740c4256b1a67a172a64171b8a66854e47ae8cf3395074f64756ac73d0.jpg: score=-100;too_small:259x153
Skip non-chart visual asset e6ac0560e955e3fb0a8ed37f115c54ffc69aaadcc029af89cc7db4fdab842641.jpg: score=-100;too_small:92x87
Skip non-chart visual asset 90fadb82542e8926af43c1f0f1a4b7291083820bc4b3daab8c4a452adaa096c3.jpg: score=1;chart_ratio,square_without_chart_hint,edge:0.11,contrast
Skip non-chart visual asset 53aa3d1888ee29c38e62c96580d9b7502f4de8f12f0c169b17960c0a769ae32c.jpg: score=-100;too_small:723x140
Skip non-chart visual asset 70f75ad59ff9a47df2c120c5cdb89b1ba1649d610be6582d4141bffe32ccb694.jpg: score=-100;too_small:101x163
Skip non-chart visual asset d2ffb55a5dd88cb8c67ca99876b27ec41e086ffda8ecb549dbc070d021e6b511.jpg: score=1;chart_ratio
Skip non-chart visual asset a6baf02b4409bdaf93c6711fd52a2a858c8f26de53a6af1246473f325c49b3e6.jpg: score=-100;too_small:1804x170
Skip non-chart visual asset a7506d57af6c6ce2db01b69be47061473cb9fd81ddb7d03e86c9eaada05c6856.jpg: score=0;odd_ratio:5.18,edge:0.48,contrast
Skip non-chart visual asset 9b0147922c42f89a8d3444eae9a6c5ade75526d8df1ddd66090718ad0464e54b.jpg: score=1;chart_ratio
Skip non-chart visual asset 07e2c0140006f17feb1ba387cbb6a870c5765087a7fea13e0ba661d1d71f0dc6.jpg: score=0;square_without_chart_hint,edge:0.11,contrast
Skip non-chart visual asset 4b4c69b6cef085be7adb0f1e419b0db5b29a5d72ec718f6f20a840f32c707eac.jpg: score=2;chart_ratio,contrast
Skip non-chart visual asset 23b3cce671f82db96f5ca57dc3818418c29a111820c8a916ab1cf404f7bed4d8.jpg: score=2;chart_ratio,contrast
Skip non-chart visual asset 28c0841cb786bceeb1ef26cda5c5b50ad6c12d9cc2a5c815b5a2af925ec642eb.jpg: score=0;square_without_chart_hint,edge:0.14,contrast
Skip non-chart visual asset 6c0184fd6717d50d6013e7c03acdd77cb67282908b798d0b70a0870861630747.jpg: score=0;square_without_chart_hint,edge:0.44,contrast
Skip non-chart visual asset 1d2f07fc3f52d596b4afb651c2b7e43b7c7eaaff6e870f138a625f27381f8a21.jpg: score=0;odd_ratio:5.74,edge:0.21,contrast
Skip non-chart visual asset a5b574d474d506ee7023391645b5166b6c90cefa0f6373c82421c4a00b0ea664.jpg: score=-100;too_small:798x134
Skip non-chart visual asset b16a8a34dc9ced90aa0ac24a1efde57a3a4c58eb532bc0bafc046bca49e82d18.jpg: score=-100;too_small:1409x98
Neutralized WeChat title while keeping the report: 野村：AI半导体台积电业绩超预期后报价下跌 -> 野村：AI半导体台积电与AI及近期数据观察
Skip non-chart visual asset 2ceefa6a8e4c1d50af6c4e6cdba556b48eb31bc5d923d3974fb6a393b17567bc.jpg: score=1;chart_ratio
Skip non-chart visual asset b4517f122b6d7bd79ca324f6fd3a3d43e4d6a2fcb2f65ea0b3b55ad449ad8a46.jpg: score=1;large
Skip non-chart visual asset 057518ae8542de94736715a832db2d1a4018bf74b2f4aed630999779efc490e6.jpg: score=-100;too_small:945x121
Skip non-chart visual asset f611b371d08d0bb1d4f2ee48c710be8708ac0b6facd2ad6e9a40e39bd5c90ff2.jpg: score=-100;too_small:518x132
Skip non-chart visual asset 20b23b707e81fb18a5870df7c413e44acbf236186c76e45ca8c8c0b31953f515.jpg: score=-100;too_small:521x134
Skip non-chart visual asset 7f8afdcd088e7607d3515e06342b3560d8422807680aabbb962a778e501d01c9.jpg: score=-1;square_without_chart_hint,edge:0.13
Skip non-chart visual asset f55ebb8e56e7b2ae57c55e9bc0e0c9ac0db7d4dce30b7b9168c79b9192b1b489.jpg: score=-100;too_small:420x154
Skip non-chart visual asset 1a93cb22ab791aa067bcc5c776739c3de50ab931850e18dc9133b4413aa74855.jpg: score=1;chart_ratio,square_without_chart_hint,edge:0.34,large
Skip non-chart visual asset d6f5342622724e5cf9b2f4f663a77f0374a5ca3a3f397d7527d90909a542749c.jpg: score=1;chart_ratio,square_without_chart_hint,edge:0.30,large
Skip non-chart visual asset d4ff4dd29adc847a3d3826c349ffb3732217c2a78c4bfaf07e703cb3e2fe8418.jpg: score=0;chart_ratio,square_without_chart_hint,edge:0.40
Skip non-chart visual asset 1dcb2a97ecb86fb737ede64c8cff603d634008f50b4684226ea7b7e872bf3faa.jpg: score=-100;too_small:449x134
Skip non-chart visual asset ba4e746d57403b0cd9e154fb2dd6c0025ad53915ca79ffeb435794af922f3c1e.jpg: score=-100;too_small:437x43
Skip non-chart visual asset c0b9dfa70d9fb9b1d60548bdf78715c8c16885f70f150c57d65fa0f1a843c4a6.jpg: score=1;chart_ratio
Skip non-chart visual asset a1ff99ba1be7dc4b800aac87a6b4d4ff3e9ac878803d1cd4ab1cc92de9d9bb09.jpg: score=-100;too_small:376x117
Skip non-chart visual asset cb6fad81e3d7c7bfb6245b1f1b3ea413911b52e6d84c66c69c19eb8d6c8d8869.jpg: score=0;chart_ratio,square_without_chart_hint,edge:0.13
Skip non-chart visual asset d9b6e1f0ed8a9775db4706d96f2fa1b643b34ef92ad019d6677d2cfcc543088e.jpg: score=-100;too_small:532x117
Skip non-chart visual asset ece80033018220232431ee5794d046310a87ef95e8ddbc45a7f44c7d1306537d.jpg: score=-100;too_small:901x109
Skip non-chart visual asset 9bf43ea247c961dd189da9c898e1786dc0c9fa2f042f1f64358641a4795455f4.jpg: score=2;chart_ratio,square_without_chart_hint,edge:0.36,contrast,large
Skip non-chart visual asset 9aee0a06301a2c6407aa9b99e698f646fa0aede9af4ab794c879f2a2df41f69f.jpg: score=1;large
Skip non-chart visual asset a05cb3b491ad8cd491b22f1f64d2bf999efefa00267ef625698e1cb5f400d9ee.jpg: score=2;chart_ratio,large
Skip non-chart visual asset 8251035716df6387330eb9119ef211ea270921fb9d9fd1b6a896ec5521c24b49.jpg: score=-100;too_small:962x176
Skip non-chart visual asset 8f49f81497b817b3b1a967a6687c677921a7d9c741d368c82f0743eb9430cece.jpg: score=-100;too_small:929x112
Skip non-chart visual asset b648b164a6435f215d50d004500f80f2d2c370c5abb1e759fd147554ef0a7f43.jpg: score=2;chart_ratio,square_without_chart_hint,edge:0.40,contrast,large
Neutralized WeChat title while keeping the report: 摩根士丹利：国巨二季度预览-MLCC供给紧张格局未变 -> 摩根士丹利：国巨与MLCC及季度数据观察
Skip non-chart visual asset b7a3ab7e597287bfcc43d1a55ab908f8968941d7bc834755571ad7eb8a83f2f7.jpg: score=0;odd_ratio:6.66,edge:0.23,contrast
Skip non-chart visual asset ba422de074998325993a3bddf5308d9d847516945ceb387245a9375352ee988c.jpg: score=0;odd_ratio:5.01,edge:0.23,contrast
Neutralized WeChat title while keeping the report: 野村：亚洲AI服务器-Neocloud在GB300周期末的上行空间 -> 野村：AI技术与行业应用观察
Done. Results written to /home/runner/work/rpt_edit/rpt_edit/xhs_notes/dropbox/260724/shard_16; successful_reports=5; mineru_timed_out=False; mineru_attempts=1
All batches completed successfully. Generated 5 report directories.
