Found 55 total PDFs; shard 4/40 has 5 PDFs, skips 0 already converted, will process 5 PDFs with batch_size=5.
Running batch 1: 5 PDFs
Found 5 PDFs. MinerU token slots available=2.
MinerU attempt 1/4 using MINER_U_2: submitting 5 PDF(s).
Uploading PDF to MinerU: /tmp/pdf_batch_001_umqdhcgd/pdfs/0001-21-CITI-China Materials-Glass Fiber - E-Fabric-Weekly Snapshot-20260716-260719.pdf
Uploading PDF to MinerU: /tmp/pdf_batch_001_umqdhcgd/pdfs/0002-22-Deutsche Bank-FX Blog-The dollar is getting riskier in the global race for capital-260720.pdf
Uploading PDF to MinerU: /tmp/pdf_batch_001_umqdhcgd/pdfs/0003-23-Deutsche Bank-Focus Germany-The scramble toward 2029-260720.pdf
Uploading PDF to MinerU: /tmp/pdf_batch_001_umqdhcgd/pdfs/0004-24-Deutsche Bank-APAC Industrials- Foreign shareholding quarterly watch-2Q26-Sequential improvements led by Hengli and Shuanghuan-260720.pdf
Uploading PDF to MinerU: /tmp/pdf_batch_001_umqdhcgd/pdfs/0005-25-Goldman Sachs-CHINA MATTERS-Time to Ease-260720.pdf
MinerU attempt 1 using MINER_U_2 batch_id=345ca2be-8259-4ce2-a801-0ee2ffb15851
MinerU states: running, running, running, running, waiting-file
MinerU states: done, done, done, done, running
MinerU states: done, done, done, done, done
/home/runner/work/rpt_edit/rpt_edit/scripts/pdf_to_xhs_batch.py:293: DeprecationWarning: Image.Image.getdata is deprecated and will be removed in Pillow 14 (2027-10-15). Use get_flattened_data instead.
  pixels = list(gray.getdata())
Skip non-chart visual asset 95d265b2f0572be09ed2fb35bb0f764f47ed1b3a57cd5765940be44e5a5db70f.jpg: score=1;chart_ratio
Skip non-chart visual asset 37b2e74439e3af47f46ac7a20e34736484c7c7e25c3d0cbf28bd7244c8c76b5b.jpg: score=-100;too_small:1390x156
Skip non-chart visual asset fe833273dd96ded97c95790627c26bb4537367bd66ceb4d8c22b99624cc666fd.jpg: score=-1;odd_ratio:5.55,edge:0.23
Neutralized WeChat title while keeping the report: 德意志银行：美元在全球资本竞争中的不确定性结构变化 -> 德意志银行：研究主题与行业变化观察
Skip non-chart visual asset 6fc960416fe85fb9d4bcfabd011f2c8ab0b99686ac12e0b3ecd87769c68932a7.jpg: score=0;odd_ratio:4.93,edge:0.27,large
Skip non-chart visual asset 688e04eeebb5faff60b74f5702e9e158324b48e726296a000039cc554c24e8ae.jpg: score=2;chart_ratio,square_without_chart_hint,edge:0.18,contrast,large
Skip non-chart visual asset 8595a47125c4a3c66fbfa701065adcacdcbe6fbbf6e3ce642fa1971c2b5f551b.jpg: score=2;edge:0.28
Skip non-chart visual asset 764079bb3a8c4a1a9e26f8be6a64a82c69477f59c670d9cc219b8c9b77e0f47f.jpg: score=1;odd_ratio:5.18,edge:0.24,contrast,large
Skip non-chart visual asset 8700b2816f7845bc30e92efeeed78a7e889b638c86ad5fe8c28fb80e7d656951.jpg: score=0;odd_ratio:4.98,edge:0.15,large
Neutralized WeChat title while keeping the report: 高盛：中国宏观环境与政策宽松窗口 -> 高盛：行业规则与主题变化观察
Done. Results written to /home/runner/work/rpt_edit/rpt_edit/xhs_notes/dropbox/260721/shard_4; successful_reports=5; mineru_timed_out=False; mineru_attempts=1
All batches completed successfully. Generated 5 report directories.
