Found 59 total PDFs; shard 1/40 has 5 PDFs, skips 0 already converted, will process 5 PDFs with batch_size=5.
Running batch 1: 5 PDFs
Found 5 PDFs. MinerU token slots available=2.
MinerU attempt 1/4 using MINER_U_2: submitting 5 PDF(s).
Uploading PDF to MinerU: /tmp/pdf_batch_001_nr1p3zo5/pdfs/0001-06-Bernstein-Netflix Inc-NFLX.US-NFLX- Key takeaways from 2Q26 streaming webinar-Q2 had some challenges - 2H unlikely an easy one- all eyes on advertising-260709.pdf
Uploading PDF to MinerU: /tmp/pdf_batch_001_nr1p3zo5/pdfs/0002-07-CITI-Hengli Hydraulic -601100- 2Q26E Preview- Strong Core Business but Sizable FX Loss Again- Humanoid Robot in Progress-260708.pdf
Uploading PDF to MinerU: /tmp/pdf_batch_001_nr1p3zo5/pdfs/0003-08-CITI-Leader Drive -688017- Shifting Focus to Humanoid Robot from Industrial Robot- Buy-260708.pdf
Uploading PDF to MinerU: /tmp/pdf_batch_001_nr1p3zo5/pdfs/0004-09-CITI-Artificial Intelligence-Bottlenecks Remain for Scaling Physical AI- But Commercialization Progressing-260708.pdf
Uploading PDF to MinerU: /tmp/pdf_batch_001_nr1p3zo5/pdfs/0005-10-Citi-NVIDIA Corp (NVDA.O) What Are Investors Asking--260708.pdf
MinerU attempt 1 using MINER_U_2 batch_id=1d619d4a-46fe-4b40-be57-c137fa246e05
MinerU states: running, running, running, pending, waiting-file
MinerU states: done, done, done, done, done
Skip non-chart visual asset 48839ace8998527a2b6632375f01251aa1de2179670d2753757c0ee9ce510462.jpg: score=-100;too_small:565x151
Skip non-chart visual asset 4539e995c89429f0556f8e236eb11133f27a604143ce4712a299589dcc830582.jpg: score=-100;too_small:1331x168
/home/runner/work/rpt_edit/rpt_edit/scripts/pdf_to_xhs_batch.py:285: DeprecationWarning: Image.Image.getdata is deprecated and will be removed in Pillow 14 (2027-10-15). Use get_flattened_data instead.
  pixels = list(gray.getdata())
Skip non-chart visual asset 2514b049dc1af113800b31c9ac184051f7ac4cd06ff76d98fe1adeb8169fb84b.jpg: score=1;chart_ratio,square_without_chart_hint,edge:0.33,contrast
Skip non-chart visual asset fc302806be116ac1685a5193dfe4cb1f2ab04a9dc0509ab49f6cc6a2735075f9.jpg: score=-100;too_small:401x156
Skip non-chart visual asset c112a53131ccaaef53dc55df32749fe161ab4d22068dd4c231484912a0f24d18.jpg: score=1;chart_ratio
Skip non-chart visual asset e1bb1c1113f5c0cd5e48bf9064efb83c5c7e01439c6fdbf92b03650907f82561.jpg: score=0;chart_ratio,square_without_chart_hint,edge:0.12
Skip non-chart visual asset 3ad39b0c321dcaeb7994243dff5cf79d94dcda5be8b98f7482e74fd765ca6df0.jpg: score=-1;square_without_chart_hint,edge:0.19
Skip non-chart visual asset aa13e4817d4ef1d5cddd3e2ab7aa4170f59cdd91bd54ce33790da7280fca0d0c.jpg: score=-100;too_small:121x62
Skip non-chart visual asset 4904141437fff36d49d9c8de9a27ac5b3911c9b5dac88161cb4ae1aa764c8a2b.jpg: score=0;chart_ratio,low_edge:0.04,large
Skip non-chart visual asset 9e43653a959652e291e5544368a5b5543893853c3ef17393d1d6e9445b930d51.jpg: score=-1;square_without_chart_hint,edge:0.17
Skip non-chart visual asset 4c9396f39221a524bd68c0ff609f614dcc4493b0adefea8ec14feff04758d40b.jpg: score=0;chart_ratio,square_without_chart_hint,edge:0.11
Skip non-chart visual asset aa89b70be53890f8eb054457de9b11fc513f716153b7d8c39dd93d05ae344c05.jpg: score=0;chart_ratio,square_without_chart_hint,edge:0.13
Skip non-chart visual asset 4fbd084f4312422475b49b84fa0a300de1a87998affadce7d6cc787e0929e9d3.jpg: score=-100;too_small:462x164
Skip non-chart visual asset b7694a9ef90b8c1fd82fc119d4c81cf847cc3881e73f476c468f07a1064490d1.jpg: score=-100;too_small:395x248
Skip non-chart visual asset 556bbbec56f03d46540595a9c4559a929433dd5f5aaad474f5a6d3c29a66fff2.jpg: score=1;odd_ratio:4.91,edge:0.21,contrast,large
Skip non-chart visual asset 265a2162d2c2de501fed0ee579aeffc52c163b773e2ec91d824b2cd2e090e657.jpg: score=2;chart_ratio,square_without_chart_hint,edge:0.42,contrast,large
Skip non-chart visual asset de9ca1c7fa5aced43523b20efcab6932379d17080c77847cc95c63d0c9b77231.jpg: score=2;chart_ratio,large
Skip non-chart visual asset 368e7972518caf189f3878725f68cfa54e5e9f9c99f6ab09acedbbeed9cad8fc.jpg: score=-100;too_small:465x153
Skip non-chart visual asset de99c09dcd2688a28056b281f8a044013571313276fcdd27715854c829c3b91d.jpg: score=1;chart_ratio
Skip non-chart visual asset 952b822f7352d2f58b7a3b477790ad6065a3dce974f58264a4174799fdfac5dc.jpg: score=-100;too_small:43x57
Skip non-chart visual asset fc1cffd17296d1f282619ca53cf23b20ec3eeb48f4c7469f42cd8b2921148390.jpg: score=-100;too_small:371x137
Skip non-chart visual asset d55e7de632b936a61a3bc936c97ccb3ed7893e0e7024f1d0d754ca59d8db4c2b.jpg: score=2;chart_ratio,large
Skip non-chart visual asset dc8b774807e68c5543d3e4e1a4280fba0f1e0456cd0252ec8bda9d99c58a325f.jpg: score=2;chart_ratio,contrast
Skip non-chart visual asset 1b8e6ce95c5d5d6ea76ff276dd479599eb3302e879b0bacdc88b910c0dd70561.jpg: score=-100;too_small:368x132
Skip non-chart visual asset a061b3b31d1d423820c2422186ed8610e69e1f6ad3b9c3ef7009c067fb0900c2.jpg: score=-100;too_small:365x132
Skip non-chart visual asset b19c5e5305682e7b24cc4af1d2eaa80a6e2b3b0ff675bbfcde886500518bf6bf.jpg: score=2;chart_ratio,square_without_chart_hint,edge:0.26,contrast,large
Skip non-chart visual asset 21b743a2c6d63b50a201081d69419e2213625597cd08594ddde1321fc9b06249.jpg: score=-100;too_small:48x54
Skip non-chart visual asset 45d6ca81cfaad21985d425c5b8d97d4c9fb1d47e024e464dca6446e3f58288df.jpg: score=-100;too_small:706x157
Skip non-chart visual asset 9d4433c7cf9952fa8be92dd44b96045a132128c625798544292220094848d971.jpg: score=-100;too_small:1429x148
Skip non-chart visual asset a74a923bb99103bbd5fd9805228c3b82a3c69c5c98b4b9c8890944f66ea992d2.jpg: score=-100;too_small:48x48
Skip non-chart visual asset 1c9da8a157e9483673ca7a1ee77a4cd3cb98c5c6cb80476bd3c47b1c1ecb4e9a.jpg: score=2;chart_ratio,square_without_chart_hint,edge:0.29,contrast,large
Skip non-chart visual asset e1a22bc44f0c3a1306bf7b88fab0cf3c690860dcb8df4f347d0a08d75f72ee73.jpg: score=-100;too_small:1304x151
Skip non-chart visual asset ae4de3c3950da2c044acd3b2d39863d47116f540285ffb6b518b2fc099692494.jpg: score=2;chart_ratio,contrast
Skip non-chart visual asset 0d79236162263e4e1570854523c70055150e725915ff30126da0bb7c99dd5471.jpg: score=-100;too_small:45x53
Skip non-chart visual asset 32f14da8e49b331480cdfb07817dbbe4c7b984758a83fceb1c42f7fdcde8456b.jpg: score=-100;too_small:359x129
Skip non-chart visual asset b33679541cfb8712822ba519c0cae84a1e8b54b7194be20de31c96b2ad529101.jpg: score=-100;too_small:43x56
Skip non-chart visual asset c09b97eaa3ea1eb06cbbf67905a859dabaa90bbbcf73fd97afa75eab820a7b03.jpg: score=-100;too_small:428x148
Skip non-chart visual asset 8af51f25ed94d8bad415ae4ce4f9314438c4c0f62f0fc8dec382b3fde7995ad3.jpg: score=-100;too_small:706x160
Skip non-chart visual asset db97734d5f27f3fe8206341a999378b67cc140aae543786354e8b809385cf72c.jpg: score=-100;too_small:432x151
Skip non-chart visual asset 4300a9bf04e70948b703ebc1ff5a161d8c4907e7f3e1a6f9f2266de568d40f6d.jpg: score=-100;too_small:370x106
Skip non-chart visual asset 9fdecd2a45e2bc8547bd16212552f7998ed44115b1f7acb56a0cea11a7c2da53.jpg: score=-100;too_small:426x67
Skip non-chart visual asset 1e838ff8834fa0af74a1dd68f97ee6482e0a90cfab1cff3b49632bb1889578d6.jpg: score=2;chart_ratio,square_without_chart_hint,edge:0.25,contrast,large
Skip non-chart visual asset ef6b95264f3222c6b85cbbbd97c19a5d1c84916c2afaddefec2f4a4a1618e88a.jpg: score=-100;too_small:359x103
Skip non-chart visual asset 20cca12e2ca223918b33e79d2be8e3c9f56bb629e9fed3c7a2707dfaf5172931.jpg: score=2;chart_ratio,square_without_chart_hint,edge:0.23,contrast,large
Skip non-chart visual asset b5cab37e3e350688ef1133291ce371674caae166e0d050e79d54cb88e1a57e3a.jpg: score=-100;too_small:365x103
Skip non-chart visual asset 4782c599a96c28a64e77442b868b4b139d9c4cc8696b41e82bc4878846c0d1c8.jpg: score=-100;too_small:368x106
Skip non-chart visual asset 47dfd832126ab52e9f1d811f7bccb271083cbf9f37e1bf0b7e2fd75e047b1347.jpg: score=-100;too_small:51x57
Skip non-chart visual asset 7d5777b67edcf1ec262f4812a7560edd07903c9fc9f60a903d2d4a7cc21ec5f6.jpg: score=-100;too_small:368x129
Skip non-chart visual asset bb59cb6d9725351731046ad8ba399c82e5204bb42e68ff63a95b7edde78ab517.jpg: score=-100;too_small:371x79
Skip non-chart visual asset a0fa5472d9f6a08de3c3dc2c7f3c4dd8592a06120c03cf714dcd1e02dc3c9b20.jpg: score=-100;too_small:365x76
Skip non-chart visual asset fc05157d678a006eaf9588dfde1077f152743477190871fda5535fba3c0ec272.jpg: score=-100;too_small:371x109
Skip non-chart visual asset f9778098be1c42b2e6ad53db0dd4da69071fde1065d13d966a109ed6049c8b66.jpg: score=-100;too_small:373x134
Skip non-chart visual asset 3146e63553b16bebd91fe726afe7d5d7076ee26bafa536ce05a85066480acb51.jpg: score=-100;too_small:373x82
Skip non-chart visual asset a8e27fabf7de6529de74fdc489af1fb4241cd7913280ad37dccd5e836afc5f97.jpg: score=-100;too_small:1307x98
Skip non-chart visual asset 3cd5b4b66898d9ff4d372331124a594d14910b5b7658f6cfc775eee1db4763de.jpg: score=-100;too_small:370x100
Skip non-chart visual asset e597111902b4cc6eb82a2ead7ca91ca6d34757a9916a02fe1f7f445726522fc0.jpg: score=-100;too_small:1431x148
Skip non-chart visual asset 050edd9660822e69f2b70b0c75e999fae56bdf663f78eb4e87f7d2a0d9b8892f.jpg: score=-100;too_small:1304x101
Skip non-chart visual asset 4585397c6012f64f183fbba6ff05a2604430aa725dfdf783111ddc6ed7060be4.jpg: score=-100;too_small:423x145
Skip non-chart visual asset 8111b296daa2dfa38c9f2285d3151772d6b53fb3d1d050bdaa440701aaf1eed2.jpg: score=2;chart_ratio,large
Skip non-chart visual asset 2a2c843da81ff8d19b7a8f993d3d66f0c7125a09f19c853be0f5caf57e79206e.jpg: score=0;square_without_chart_hint,edge:0.29,large
Skip non-chart visual asset 2496724faa944cdd38f7fb2e86ed22fcf41fcf028c6b9c97de5e8cfe322ce90f.jpg: score=1;chart_ratio,square_without_chart_hint,edge:0.58,large
MinerU images did not look like charts; keeping only the title card and letting downstream AI fill body images.
Skip non-chart visual asset 706d9561f52f4f6c725ead8b9ec235ca84a8f8316de49b419a29639bb78ed06c.jpg: score=-100;too_small:420x146
Skip non-chart visual asset 115cd6c45c2bb9b6c1bccfec7ba0b1735769af738708c19fe0a2afddf548f6c9.jpg: score=-100;too_small:359x206
Skip non-chart visual asset cb17ec06d212d1439218a580020be3975a9e41b9eae7b630808118c5c70d8173.jpg: score=-100;too_small:1431x159
Skip non-chart visual asset cb273ecab2dfd40a0a42a554fc66e4c48367a6d9f2de33d0e910561f9b815a83.jpg: score=1;chart_ratio,square_without_chart_hint,edge:0.59,large
Skip non-chart visual asset 362d945cd73c3146e08c5bcf8dcebd3f81a8e19573e9f1ee43d52714a5e0f7d0.jpg: score=-100;too_small:432x146
Skip non-chart visual asset d692609f32b5196c47467e5d741b43fd78bad7195e04a2f0d320cfbecee4408e.jpg: score=-100;too_small:428x146
Skip non-chart visual asset 66b964574f865b5c8cb1f18c5ef05924b6fbbfbd95a84bf65301865a7bf24e8c.jpg: score=-100;too_small:365x209
Skip non-chart visual asset 150c6699e2a2bbd08dc5018d6a4e1964fd769174202613b8de8981313c432342.jpg: score=-100;too_small:362x209
Done. Results written to /home/runner/work/rpt_edit/rpt_edit/xhs_notes/dropbox/260710/shard_1; successful_reports=5; mineru_timed_out=False; mineru_attempts=1
All batches completed successfully. Generated 5 report directories.
