Found 82 total PDFs; shard 10/40 has 5 PDFs, skips 0 already converted, will process 5 PDFs with batch_size=5.
Running batch 1: 5 PDFs
Found 5 PDFs. MinerU token slots available=2.
MinerU attempt 1/4 using MINER_U_2: submitting 5 PDF(s).
Uploading PDF to MinerU: /tmp/pdf_batch_001__vtk2cop/pdfs/0001-54-J.P. Morgan-Hong Kong Residential Property Chartbook-All the charts you need-260706.pdf
Uploading PDF to MinerU: /tmp/pdf_batch_001__vtk2cop/pdfs/0002-55-J.P. Morgan-Korea Power Equipment 2Q26 Results Preview- LS may beat on 2Q new orders- Hyosung may miss on earnings on ME impact-260706.pdf
Uploading PDF to MinerU: /tmp/pdf_batch_001__vtk2cop/pdfs/0003-56-J.P. Morgan-Soitec-SOIT.PA- Deeper Mobile trough likely to offset any SiPho upside- Stay Neutral-260708.pdf
Uploading PDF to MinerU: /tmp/pdf_batch_001__vtk2cop/pdfs/0004-57-J.P. Morgan-Robotaxi Industry-Key Highlights and Takeaways from Recent Videos- Podcasts and News Developments-260706.pdf
Uploading PDF to MinerU: /tmp/pdf_batch_001__vtk2cop/pdfs/0005-58-J.P. Morgan-Technology -Consumer Electronics Industrial Electronics Precisions-260707.pdf
MinerU attempt 1 using MINER_U_2 batch_id=0725a53a-170f-4dd6-b12f-47bd0453e57d
MinerU states: running, running, running, running, waiting-file
MinerU states: done, done, done, done, running
MinerU states: done, done, done, done, running
MinerU states: done, done, done, done, done
/home/runner/work/rpt_edit/rpt_edit/scripts/pdf_to_xhs_batch.py:285: DeprecationWarning: Image.Image.getdata is deprecated and will be removed in Pillow 14 (2027-10-15). Use get_flattened_data instead.
  pixels = list(gray.getdata())
Skip non-chart visual asset dee1dfa8b87b60b267a16fd4160c74dc7edc58a59f79b2e7db766961aef72b3a.jpg: score=-100;too_small:1259x165
Skip non-chart visual asset ef2bebe66b656d5d3b788e35b2dee111775c971675e644670769570837411d50.jpg: score=1;square_without_chart_hint,edge:0.45,contrast,large
Skip non-chart visual asset 9666c08c3dd9946eed44dd9230eb3450bcd1cd35e5edcb36f84a83797d769daf.jpg: score=1;chart_ratio,square_without_chart_hint,edge:0.27,large
Skip non-chart visual asset 531823a76672cc7018a3831815070e1fed4383a4e18078df9bae1a796943c439.jpg: score=1;chart_ratio,square_without_chart_hint,edge:0.27,large
Skip non-chart visual asset f8752ad566ccfe4948e64caabefaf29830e90194b56347b48a652dfb76f38a50.jpg: score=2;chart_ratio,large
Skip non-chart visual asset a78f288ce5638e5a8c88b1716db8730b4eacf483f5327e9b3e6f98b31e38a077.jpg: score=1;chart_ratio,square_without_chart_hint,edge:0.29,large
Skip non-chart visual asset 2ba6cbbee510bc22daf5feaf61db6afd752167ec05338a0d5f4b21e3852dd5c9.jpg: score=-100;too_small:448x165
Skip non-chart visual asset 82f0850bd9d16e52675ec95c42d5d95c099a0fea68544ed21b7c72a2c0804940.jpg: score=-100;too_small:626x90
Skip non-chart visual asset f82151c456316955790f4537e68a65432f896d9a27e570a4d8347f2997f00138.jpg: score=0;square_without_chart_hint,edge:0.34,large
Skip non-chart visual asset 15f89c65ba386f408cc995225b2c41f81eb081d5647e5a1648aa6a0e8477b9d1.jpg: score=-100;too_small:629x90
Skip non-chart visual asset 99c73f042bf060a4127a2b3c12c9b01c82af32c879cd677239fb36a52665b074.jpg: score=0;chart_ratio,square_without_chart_hint,edge:0.34
Skip non-chart visual asset 5b5657008ac15dee11a3be7c5997f505cfdaef1eaaa9f69b39b1360212409efb.jpg: score=-100;too_small:446x96
Skip non-chart visual asset 2f785b9b073375864c937300c3473ef49310b19922a8cde72a64f012e18a6e1d.jpg: score=0;square_without_chart_hint,edge:0.33,large
Skip non-chart visual asset aa1229c3f39e3ed1200469009706ff3a5ed2d4a67374baf123aeb4736391fb2e.jpg: score=-100;too_small:626x90
Skip non-chart visual asset 412a3c8dee48528bd9b06fd4340fa59bc9e9b6ff4633f600ef9bcf18fa721145.jpg: score=0;square_without_chart_hint,edge:0.34,large
Skip non-chart visual asset 156a614f2d20c07e7a15a2af30e3040f2040c52bc5fc3eda4f8a7a745886d3da.jpg: score=-100;too_small:448x182
Skip non-chart visual asset 7fbe44459c907e7e28f175e2ebb3ed07202113436fb5ca25cfc9960d58e722bd.jpg: score=0;square_without_chart_hint,edge:0.31,large
Skip non-chart visual asset d8ea49a96016e6760a4934dcde9c24a0eba342cff19980550b5409608dc843c2.jpg: score=-1;square_without_chart_hint,edge:0.37
Skip non-chart visual asset 7069271dac0c6160e4e46e0729807c29233f550a08d829d1fa0d636507a96d66.jpg: score=1;chart_ratio
Skip non-chart visual asset c2233ce0a196b94026bb37ccb7b085ec34e1d1ace6e8a4fc3f1f0cbb1ac236fe.jpg: score=0;square_without_chart_hint,edge:0.33,large
Skip non-chart visual asset 85d965e0209e2721af8c2c9b4325fdab7827d903be9d8fea325c22301913a5fb.jpg: score=0;chart_ratio,square_without_chart_hint,edge:0.30
Skip non-chart visual asset 1f178688da5bb89b5d1f537466516f4b87f7a6bfb77602a1c7927950bc25b51c.jpg: score=-100;too_small:1462x159
Skip non-chart visual asset a9795982794680899c1c8ce24e5f8dbb9bd005f9f12d6b89c5e0aa49151f5c62.jpg: score=-100;too_small:1457x167
Skip non-chart visual asset 1a4feb17756bd95a38bf6bb2ca49b60f6b84edebb806cbdfef4bb7081aaf516f.jpg: score=1;chart_ratio
Skip non-chart visual asset 4eeacbdb8f4c4732cb368632d2298792082957e9f512b00b9814fa2e6cc43eca.jpg: score=-100;too_small:448x167
Skip non-chart visual asset daa6dc2350b5eccb33dcf7f10f7dbe1577ecc204ca0e872fbb2d7e9899413130.jpg: score=1;chart_ratio
Skip non-chart visual asset 015b388efda1aae27c43672f6fbd5fcfdbb6b3fb0c66784f64eb9cf842d00072.jpg: score=0;square_without_chart_hint,edge:0.33,large
Skip non-chart visual asset 0664560bb6c182ab9f51b0ab76c3a33c00617bc6e42e9100e024b01d6b128487.jpg: score=-100;too_small:451x190
Skip non-chart visual asset 546f729173a71bcbd10c3d934ef85a47a8ec4ebcbf82914bce0931fe48ddee38.jpg: score=0;odd_ratio:5.09,edge:0.58,contrast
Skip non-chart visual asset ebc9de156d4fe695e0a0ccbcef49dc1ace499a4b452e4303f300b68f43c6c637.jpg: score=0;square_without_chart_hint,edge:0.28,large
Skip non-chart visual asset ef487a00b2f2da7fc0d9a2aa50169b88f688f1c9c2251dc5a72e40a554a00b2c.jpg: score=-100;too_small:626x90
Skip non-chart visual asset 07269b18f9451867b29aef0787861b83f7fda8851bdbfcd3ea02cc498edf03fe.jpg: score=0;chart_ratio,square_without_chart_hint,edge:0.27
Skip non-chart visual asset 2c68f21429f7ff6db89c17a58014b4932136404157e73056bee6c36a1bc02c19.jpg: score=1;chart_ratio
Skip non-chart visual asset 1dfedc4ff3028c4b019ded007a1d25a5b11413b8e18e50c7bdc5a7b33adf3909.jpg: score=-100;too_small:1454x167
Skip non-chart visual asset 2784ff522fb7c98adeb29482264b7fc2968b337aad9f7f652392c4888c7105fc.jpg: score=-100;too_small:73x40
Skip non-chart visual asset ff2f9f5b20427e4ab6aeed049921398de724e41559e313bb0dd5be039feca753.jpg: score=-100;too_small:57x40
Skip non-chart visual asset 24d5b8dff27220664ed5fc94fb21a083a703a42638501b868a1214fc67f83142.jpg: score=-100;too_small:48x40
Skip non-chart visual asset 38afbb71c16655eef05f4b026ae3e97ef43b248a354c7afaa986774e3653e0c5.jpg: score=-100;too_small:67x48
Skip non-chart visual asset 57bb3e0f25375a7f4eb0e2731233cd483c904eb40bad69789901007d381792e2.jpg: score=-100;too_small:54x37
Skip non-chart visual asset 518e03ca8d011d984ad3e39195cf60f4bc874d1286edb2e3fcf3dd9930626468.jpg: score=-100;too_small:54x48
Skip non-chart visual asset ea032970f87111d319eb9fe72c683f2078ea2f95c29743d6aeacc67d4e15fdee.jpg: score=-100;too_small:51x39
Skip non-chart visual asset f600eb630b46aea3f2e105fec805e9ec67aa3ac3d8b3ed928b2ea9ee79c6766d.jpg: score=-100;too_small:68x62
Skip non-chart visual asset 4d13997fb173980ccf1ff390c5a9761875d166de7bb70b87ef095791950c761a.jpg: score=-100;too_small:87x48
Skip non-chart visual asset 3e8ddefa11bdfd9d83579dd178a21671cb66c447de5db486b61227f21afccb1c.jpg: score=-100;too_small:68x48
Skip non-chart visual asset a4bd8abfb3428dc5ec34bbc6e735139a973870b6fc7769882fabba05cd5ff36d.jpg: score=-100;too_small:54x39
Skip non-chart visual asset 5c078748ba8f0d1a760dd8cca5d43def0780f1f02005048c0bfbbd2464a0b5ac.jpg: score=-100;too_small:64x51
Skip non-chart visual asset 37bcd800427b61d0403d1407ebf0cce535f7fc1b9afe160122a4deb5cac2af94.jpg: score=-100;too_small:1459x167
Skip non-chart visual asset 3a962b3ae4a48e1296eaa087d20792d71f52006dfa5e876cba8f125ab0c93890.jpg: score=-100;too_small:70x57
Skip non-chart visual asset 38a67aa827dbc948159b972503e972ae0bd682457124a573e656596e6e3cbe4a.jpg: score=1;chart_ratio,square_without_chart_hint,edge:0.12,large
Skip non-chart visual asset 0ab3679facca490ab6dd0ac504ef34e5002b9612c7eb2ddb6cbf696343aa2723.jpg: score=-100;too_small:70x46
Skip non-chart visual asset 30e865d6a284377d5c299d8fb24494b3d9bdfcf400ef673a837ef751b2a67dd2.jpg: score=-100;too_small:67x56
Skip non-chart visual asset 8bc8e3a3ae2c4d329cfd69255ad1f2b59011c347d212b6990a73359a972a7e40.jpg: score=-100;too_small:67x48
Skip non-chart visual asset cecb9a8940cfd06e4bb985feddbeea5ab786d8a1c8244606d3262b65657c31ec.jpg: score=-100;too_small:76x59
Skip non-chart visual asset 72ca93bc86a1b0597ca5ad6ce191f1d64eedb3118bcc88996dcd8f0cfc5545a1.jpg: score=-100;too_small:206x432
Skip non-chart visual asset 7403853bd7bce1f3c70f7c7cf36d6981c158a0ee535892647f039cbddf9225fe.jpg: score=-100;too_small:39x42
Skip non-chart visual asset f45c9a5940257b70e6a1e4ffb14fd2ad8403829e5178440816eed368fbbe141a.jpg: score=-100;too_small:87x59
Skip non-chart visual asset 10983477c23862128f6b5fc20d4dc9451ba9f8f8efd3cef6add0531dc87728ef.jpg: score=-100;too_small:54x48
Skip non-chart visual asset 74c6f0725bfb3190a3b08e3f572ce68121b7e3934a9969929fbc4608796e5b9c.jpg: score=-100;too_small:45x62
Skip non-chart visual asset f1d00e191ea786c0431c80dcf61656f80056067a5e7beb8f257edad67e41353a.jpg: score=-100;too_small:57x51
Skip non-chart visual asset a6dfe28c9aa4dd9c2b34a1d2978e234b1d07e0d8783bc36dd9aa61c36f1f1b4e.jpg: score=-100;too_small:62x43
Skip non-chart visual asset ca38c37e0d35a30bc77e71d09101437240918bb0756b94ecc57bc96b000babdd.jpg: score=-100;too_small:53x39
Skip non-chart visual asset 33ac54d8b2122cbba6fc55f7d8f3bdd691c905651cd9faf1399b63b9d5573539.jpg: score=-100;too_small:34x35
Skip non-chart visual asset 460f956c2c9f86518058fafb201ad3887ddc7045fe6a135dece75cdfb7569e99.jpg: score=1;square_without_chart_hint,edge:0.33,contrast,large
Skip non-chart visual asset 035c0a322cfad24e6430fd4b387830068137a0760b88eaaf88c8f9989a8ca502.jpg: score=1;odd_ratio:5.70,edge:0.30,contrast,large
Skip non-chart visual asset fbcc4b2aaa24b3eb6419af37839856e040d62c56cf27e2a83cfbed687323213e.jpg: score=1;chart_ratio,square_without_chart_hint,edge:0.12,large
Skip non-chart visual asset 736c4e1e903e3c3f4f366c5bf6eece912463b4a2fa49b0d571c4d8f5f0f5faef.jpg: score=1;chart_ratio,square_without_chart_hint,edge:0.36,large
Skip non-chart visual asset 421af814af92dd0167d3f3a8fadc4bef9b764c3921f7143d12812426273bc015.jpg: score=2;chart_ratio,square_without_chart_hint,edge:0.49,contrast,large
Skip non-chart visual asset 0b547e8c25f9a0812d46f8b99904852fb82f5cdaca45cd994db48dd5acdb9d53.jpg: score=1;odd_ratio:5.58,edge:0.26,contrast,large
Skip non-chart visual asset 69b1dde7a615e9ee287a7f4de5a85a4c5d8cae1fa97832cbd301837bc7aa50f6.jpg: score=0;odd_ratio:5.65,edge:0.34,large
Skip non-chart visual asset 3500f5b2ec3dfc7a650b800539d2dc1a5c962617d60e75182d136d518dba0ba9.jpg: score=0;odd_ratio:5.79,edge:0.32,large
Skip non-chart visual asset e85c47d0f4f1d58f8b15f0b6d4cfbf896084977b6968db64ccc34c9093c6bdcb.jpg: score=0;odd_ratio:5.26,edge:0.33,large
Skip non-chart visual asset e20bcf912666e67c67e58c8b9e4f3620d4caac17fd71d97b5b14ab824d66239d.jpg: score=0;odd_ratio:5.69,edge:0.35,large
Skip non-chart visual asset a1fc3883f363af798773b7a42518be35f0d8241e961ab36131032abee0648151.jpg: score=1;chart_ratio,square_without_chart_hint,edge:0.58,contrast
Skip non-chart visual asset 8a2849f4db091038ec1c3bc6e1ba57cfe0fe244310d101daf7426b7b529b7210.jpg: score=2;chart_ratio,square_without_chart_hint,edge:0.11,contrast,large
Skip non-chart visual asset 057ba594f88ab5d94acaf9fea7203c412a16dd4837fd4acfe1df6d921516e519.jpg: score=0;odd_ratio:5.75,edge:0.31,large
Skip non-chart visual asset 2697b0f7e8510f03e040b560788f57b00451ad55bc519bc5326ed0bed94f4e39.jpg: score=1;chart_ratio,square_without_chart_hint,edge:0.35,contrast
Skip non-chart visual asset 95407976d6cdbad74b6ee2407bf45189dbc485df29c0363724e526a8e030438d.jpg: score=2;chart_ratio,square_without_chart_hint,edge:0.38,contrast,large
Skip non-chart visual asset 77fdcc656e35888621133be98e943398017f9538fb90aea845731cdfe86b0319.jpg: score=1;chart_ratio,square_without_chart_hint,edge:0.36,contrast
Skip non-chart visual asset b3f3ae006665750e033bbc3903ee2bd7b28afb93cde2b1b49d1a8e3beb5b7662.jpg: score=-100;too_small:34x37
Skip non-chart visual asset 1264534c50b89b7bb48024c35bbc3012b82f87ef929c4d5a6e310bd26704a2b7.jpg: score=1;square_without_chart_hint,edge:0.39,contrast,large
Skip non-chart visual asset bb7a23c78341a2ef7ff1c8958a2d93e94bd8f29f74adccf491af9a2c0da50601.jpg: score=2;chart_ratio,square_without_chart_hint,edge:0.35,contrast,large
Skip non-chart visual asset 170892be1f6ba8d83ea88d2446ffede3fb7cdd84e4261cf0846197ecb68661c5.jpg: score=-100;too_small:34x37
Skip non-chart visual asset d34055251ffae5cf316484e204283960c12a2d97d88b8062ba5911eea775fa63.jpg: score=2;chart_ratio,square_without_chart_hint,edge:0.37,contrast,large
Skip non-chart visual asset 25f99432fe00a9860674d8065b93422f2cec3489daa3ff661b503f0218232b71.jpg: score=1;chart_ratio,square_without_chart_hint,edge:0.36,contrast
Skip non-chart visual asset 010605f40f713b7e48c875ca56473442376b8b26b474843c1969e62208facc74.jpg: score=1;chart_ratio,square_without_chart_hint,edge:0.30,large
Skip non-chart visual asset 2c31819904302520c01c2212eecd60d4fcd23583ab4a098f0ab454d45f47d991.jpg: score=0;odd_ratio:6.96,edge:0.15,large
Skip non-chart visual asset 150747935a202ec2a2782863eed1d8d32655bfaa1b4831c80c8c49118fd9661d.jpg: score=2;chart_ratio,square_without_chart_hint,edge:0.35,contrast,large
Skip non-chart visual asset 1e28db196f05eeec72456de3405a2b7c5436f181a3accf4bbcf5d25b3de9989b.jpg: score=0;odd_ratio:7.15,edge:0.14,large
Skip non-chart visual asset f82c1c37511a42c9ef079d9fc3e197a53ba231f3a04c69138ecee907c6345a6b.jpg: score=0;odd_ratio:5.66,edge:0.33,large
Skip non-chart visual asset 0d5bfad4723ad7ba6c54b35beebf56289f58409ff1df9b4de60cf1be676d6911.jpg: score=1;chart_ratio,square_without_chart_hint,edge:0.36,contrast
Skip non-chart visual asset 0ffb5f42b397fcbcf77c8af3150a2ec479420fbaa0df4b047792335de065bce1.jpg: score=0;square_without_chart_hint,edge:0.20,large
Skip non-chart visual asset 2b8982d33fa45a0e42bb1afebe13f1cd68c4a47c0756f0a3f512b38cf0ce22b7.jpg: score=-100;too_small:1309x162
Done. Results written to /home/runner/work/rpt_edit/rpt_edit/xhs_notes/dropbox/260708/shard_10; successful_reports=5; mineru_timed_out=False; mineru_attempts=1
All batches completed successfully. Generated 5 report directories.
