Found 78 total PDFs; shard 10/40 has 5 PDFs, skips 0 already converted, will process 5 PDFs with batch_size=5.
Running batch 1: 5 PDFs
Found 5 PDFs. MinerU token slots available=2.
MinerU attempt 1/4 using MINER_U_2: submitting 5 PDF(s).
Uploading PDF to MinerU: /tmp/pdf_batch_001_0ta9an_1/pdfs/0001-51-Morgan Stanley-After the Rally- What-s Next--260721.pdf
Uploading PDF to MinerU: /tmp/pdf_batch_001_0ta9an_1/pdfs/0002-52-Morgan Stanley-Baidu Inc-BIDU.US-Baidu Files for Dual Primary Listing-260721.pdf
Uploading PDF to MinerU: /tmp/pdf_batch_001_0ta9an_1/pdfs/0003-53-Morgan Stanley-Beijing Capital Int-l Airport-0694.HK-2Q26 Prelims- A Thin Profit- Inline-260721.pdf
Uploading PDF to MinerU: /tmp/pdf_batch_001_0ta9an_1/pdfs/0004-54-Morgan Stanley-China Coal-Weekly Coal Update- Thermal Coal Prices Rebounded on Better Demand Outlook Driven by Summer Heats-260720.pdf
Uploading PDF to MinerU: /tmp/pdf_batch_001_0ta9an_1/pdfs/0005-55-Morgan Stanley-China Industrials-WAIC 2026 Takeaways-More Physical AI-260720.pdf
MinerU attempt 1 using MINER_U_2 batch_id=c0cd36b7-12e2-483e-9c8b-695a168a5f21
MinerU states: running, pending, pending, pending, pending
MinerU states: done, done, running, running, running
MinerU states: done, done, done, done, done
/home/runner/work/rpt_edit/rpt_edit/scripts/pdf_to_xhs_batch.py:293: DeprecationWarning: Image.Image.getdata is deprecated and will be removed in Pillow 14 (2027-10-15). Use get_flattened_data instead.
  pixels = list(gray.getdata())
Skip non-chart visual asset 1a87ac0adef30199396b983e67b4ba433b9123b689766384ac5fe2780d994809.jpg: score=-100;too_small:1473x154
Skip non-chart visual asset 1ce2cf5d0e8735410844978837f2c314a3c60248ec756e64a92a2684f00f41e1.jpg: score=-1;odd_ratio:4.90,edge:0.17
Skip non-chart visual asset a3c064629cb9e71d111cfdee2ce2032f9f018d0358a48d4983b5d8c3432b7b07.jpg: score=2;edge:0.12
Skip non-chart visual asset 6cbc6cc8cb533f27249630b865d2448e74b2429d0db72e10e505704db29c28be.jpg: score=0;chart_ratio,low_edge:0.04,large
Skip non-chart visual asset d0a0011c82cd156565cfdd9705d8b4858e3111faaf5309fc4787565411bfd9a7.jpg: score=0;square_without_chart_hint,edge:0.11,large
Skip non-chart visual asset 00368851da018eb79bdd4494da6957e0e9d992e1d47a33864f7d5706b7e757c6.jpg: score=-100;too_small:417x206
Skip non-chart visual asset 9368e73de57e043a16926933f97b5e7d367d0f7541b5549adcd3d2213fc132bc.jpg: score=1;large
Skip non-chart visual asset e4410f63a52740111e49cd6be672d981fe29ec10ad86341b8c00062809ae6eaa.jpg: score=2;chart_ratio,large
Skip non-chart visual asset d5774a87c48278f3532c482eced867837ccdaf30fe76e9d54c1840afa529b819.jpg: score=-1;square_without_chart_hint,edge:0.11
Skip non-chart visual asset 1bde821acbcbcccdc93cba32298e182bc7c283b93d28d97c7910293c1c5fe08f.jpg: score=-100;too_small:437x109
Skip non-chart visual asset aa9913e36b9056cda0e7675e83b7f5a745bfaf180f6e2f3a465ea3daecb7f7d2.jpg: score=-100;too_small:449x201
Skip non-chart visual asset f6b7336c4df83d281fbb8a399ffb90b76e8408c314cf4cfc3ecf0faead8b5613.jpg: score=0;odd_ratio:7.05,edge:0.30,contrast
Neutralized WeChat title while keeping the report: 摩根士丹利：亚洲LNG价格七月以来上涨35%-供应缺口支撑高位 -> 摩根士丹利：价格数据与市场变化观察
Skip non-chart visual asset ecfdacf8c54c11c9b474a5647b8c4e8f60dd54cc396651add6a12df0e997cb95.jpg: score=1;large
Skip non-chart visual asset 6fa7461d9b143f87530b7b65618df8a9e5c5a85aa6971f07042b4e4c9a1e47a6.jpg: score=1;chart_ratio
Skip non-chart visual asset d05c5aa9bca46efed005a6a2d9c7449157069ee1761fff4088e764b531a549b0.jpg: score=0;odd_ratio:5.01,edge:0.22,contrast
Skip non-chart visual asset f42b977ad8c30ddf37fafc3eeb5be3b5d69604e6b3508521500f92fc57af25db.jpg: score=-100;too_small:518x137
Skip non-chart visual asset 65b13239ad5f907deda81735f895970b46140ae3ff3703ad04e9b39261fc9e35.jpg: score=-100;too_small:965x170
Skip non-chart visual asset 0611f19b42caf15b3c7ce25631bc6b71857f03b0128455fb700a95d7f766c29c.jpg: score=1;chart_ratio,square_without_chart_hint,edge:0.26,large
Skip non-chart visual asset f3b5303e8fa0fc4978239de498a7ba9f455686bf9c506baf564c45d878cc7e2e.jpg: score=-100;too_small:1289x137
Skip non-chart visual asset 6490243b26fedb8e91d1723a22caaff88e49b35bb6c640a22a6585036a3975e7.jpg: score=-100;too_small:518x131
Skip non-chart visual asset cd82d71c7c300edd05ddcecf16994ae51d35777b2f8e6ea8676c8f4d00db4015.jpg: score=1;large
Skip non-chart visual asset 1db021cc2fe5488a8019c067bde56327f196451222e35f8bd94b6d157f5c404b.jpg: score=1;large
Skip non-chart visual asset e091c9391c182a874ef105671b665c7d62fdd747b81aef3cd3ec6e7996282c4f.jpg: score=-100;too_small:518x134
Skip non-chart visual asset 384eedf7e29f7ac9821645f234fb954cfe6c98aeac2b77ffd6f21cb4bab60699.jpg: score=-100;too_small:524x173
Skip non-chart visual asset 82011dc800c909dc08064df3613e4785f6d9b4494a14602e7e64e73e687b7519.jpg: score=-100;too_small:518x135
Skip non-chart visual asset c559e2b102c86b77ed044d0929ae929fc4a10a7575fcec5891dd2d9da21b4b98.jpg: score=1;large
Done. Results written to /home/runner/work/rpt_edit/rpt_edit/xhs_notes/dropbox/260722/shard_10; successful_reports=5; mineru_timed_out=False; mineru_attempts=1
All batches completed successfully. Generated 5 report directories.
